2026-09-11 15:40:27 [info] Log-Datei: C:\Lager\lager-barcode-generator\log\barcode_20260911_154027_491.log
2026-09-11 15:40:27 [info] 77 Eintraege gefunden.
2026-09-11 15:40:27 [info] Vorlage: C:\Lager\lager-barcode-generator\Templates\MV-ABC.png
2026-09-11 15:40:27 [info] Ausgabe: C:\Lager\lager-barcode-generator\output
2026-09-11 15:40:27 [info] Erstellt: lagerplatz_06A01.png {"dauerMs":150}
2026-09-11 15:40:27 [info] Erstellt: lagerplatz_06A02.png {"dauerMs":140}
2026-09-11 15:40:27 [info] Erstellt: lagerplatz_06A03.png {"dauerMs":133}
2026-09-11 15:40:28 [info] Erstellt: lagerplatz_06A04.png {"dauerMs":129}
2026-09-11 15:40:28 [info] Erstellt: lagerplatz_06A05.png {"dauerMs":129}
2026-09-11 15:40:28 [info] Erstellt: lagerplatz_06A06.png {"dauerMs":128}
2026-09-11 15:40:28 [info] Erstellt: lagerplatz_06A07.png {"dauerMs":126}
2026-09-11 15:40:28 [info] Erstellt: lagerplatz_06A08.png {"dauerMs":134}
2026-09-11 15:40:28 [info] Erstellt: lagerplatz_06A09.png {"dauerMs":139}
2026-09-11 15:40:28 [info] Erstellt: lagerplatz_06A10.png {"dauerMs":120}
2026-09-11 15:40:28 [info] Erstellt: lagerplatz_06A11.png {"dauerMs":109}
2026-09-11 15:40:29 [info] Erstellt: lagerplatz_06A12.png {"dauerMs":109}
2026-09-11 15:40:29 [info] Erstellt: lagerplatz_06A13.png {"dauerMs":112}
2026-09-11 15:40:29 [info] Erstellt: lagerplatz_06A14.png {"dauerMs":145}
2026-09-11 15:40:29 [info] Erstellt: lagerplatz_06A15.png {"dauerMs":120}
2026-09-11 15:40:29 [info] Erstellt: lagerplatz_06A16.png {"dauerMs":130}
2026-09-11 15:40:29 [info] Erstellt: lagerplatz_06A17.png {"dauerMs":109}
2026-09-11 15:40:29 [info] Erstellt: lagerplatz_06A18.png {"dauerMs":110}
2026-09-11 15:40:29 [info] Erstellt: lagerplatz_06A19.png {"dauerMs":115}
2026-09-11 15:40:30 [info] Erstellt: lagerplatz_06A20.png {"dauerMs":104}
2026-09-11 15:40:30 [info] Erstellt: lagerplatz_06A21.png {"dauerMs":109}
2026-09-11 15:40:30 [info] Erstellt: lagerplatz_06A22.png {"dauerMs":105}
2026-09-11 15:40:30 [info] Erstellt: lagerplatz_06B01.png {"dauerMs":110}
2026-09-11 15:40:30 [info] Erstellt: lagerplatz_06B02.png {"dauerMs":104}
2026-09-11 15:40:30 [info] Erstellt: lagerplatz_06B03.png {"dauerMs":104}
2026-09-11 15:40:30 [info] Erstellt: lagerplatz_06B04.png {"dauerMs":114}
2026-09-11 15:40:30 [info] Erstellt: lagerplatz_06B05.png {"dauerMs":114}
2026-09-11 15:40:30 [info] Erstellt: lagerplatz_06B06.png {"dauerMs":105}
2026-09-11 15:40:30 [info] Erstellt: lagerplatz_06B07.png {"dauerMs":104}
2026-09-11 15:40:31 [info] Erstellt: lagerplatz_06B08.png {"dauerMs":103}
2026-09-11 15:40:31 [info] Erstellt: lagerplatz_06B09.png {"dauerMs":101}
2026-09-11 15:40:31 [info] Erstellt: lagerplatz_06B10.png {"dauerMs":116}
2026-09-11 15:40:31 [info] Erstellt: lagerplatz_06B11.png {"dauerMs":98}
2026-09-11 15:40:31 [info] Erstellt: lagerplatz_06B12.png {"dauerMs":104}
2026-09-11 15:40:31 [info] Erstellt: lagerplatz_06B13.png {"dauerMs":102}
2026-09-11 15:40:31 [info] Erstellt: lagerplatz_06B14.png {"dauerMs":132}
2026-09-11 15:40:31 [info] Erstellt: lagerplatz_06B15.png {"dauerMs":193}
2026-09-11 15:40:32 [info] Erstellt: lagerplatz_06B16.png {"dauerMs":141}
2026-09-11 15:40:32 [info] Erstellt: lagerplatz_06B17.png {"dauerMs":136}
2026-09-11 15:40:32 [info] Erstellt: lagerplatz_06B18.png {"dauerMs":109}
2026-09-11 15:40:32 [info] Erstellt: lagerplatz_06B19.png {"dauerMs":110}
2026-09-11 15:40:32 [info] Erstellt: lagerplatz_06B20.png {"dauerMs":103}
2026-09-11 15:40:32 [info] Erstellt: lagerplatz_06B21.png {"dauerMs":150}
2026-09-11 15:40:32 [info] Erstellt: lagerplatz_06B22.png {"dauerMs":130}
2026-09-11 15:40:32 [info] Erstellt: lagerplatz_06C01.png {"dauerMs":116}
2026-09-11 15:40:33 [info] Erstellt: lagerplatz_06C02.png {"dauerMs":119}
2026-09-11 15:40:33 [info] Erstellt: lagerplatz_06C03.png {"dauerMs":120}
2026-09-11 15:40:33 [info] Erstellt: lagerplatz_06C04.png {"dauerMs":122}
2026-09-11 15:40:33 [info] Erstellt: lagerplatz_06C05.png {"dauerMs":103}
2026-09-11 15:40:33 [info] Erstellt: lagerplatz_06C06.png {"dauerMs":118}
2026-09-11 15:40:33 [info] Erstellt: lagerplatz_06C07.png {"dauerMs":102}
2026-09-11 15:40:33 [info] Erstellt: lagerplatz_06C08.png {"dauerMs":107}
2026-09-11 15:40:33 [info] Erstellt: lagerplatz_06C09.png {"dauerMs":104}
2026-09-11 15:40:33 [info] Erstellt: lagerplatz_06C10.png {"dauerMs":108}
2026-09-11 15:40:34 [info] Erstellt: lagerplatz_06C11.png {"dauerMs":101}
2026-09-11 15:40:34 [info] Erstellt: lagerplatz_06C12.png {"dauerMs":100}
2026-09-11 15:40:34 [info] Erstellt: lagerplatz_06C13.png {"dauerMs":105}
2026-09-11 15:40:34 [info] Erstellt: lagerplatz_06C14.png {"dauerMs":101}
2026-09-11 15:40:34 [info] Erstellt: lagerplatz_06C15.png {"dauerMs":99}
2026-09-11 15:40:34 [info] Erstellt: lagerplatz_06C16.png {"dauerMs":109}
2026-09-11 15:40:34 [info] Erstellt: lagerplatz_06C17.png {"dauerMs":112}
2026-09-11 15:40:34 [info] Erstellt: lagerplatz_06C18.png {"dauerMs":159}
2026-09-11 15:40:35 [info] Erstellt: lagerplatz_06C19.png {"dauerMs":214}
2026-09-11 15:40:35 [info] Erstellt: lagerplatz_06C20.png {"dauerMs":170}
2026-09-11 15:40:35 [info] Erstellt: lagerplatz_06C21.png {"dauerMs":114}
2026-09-11 15:40:35 [info] Erstellt: lagerplatz_06C22.png {"dauerMs":143}
2026-09-11 15:40:35 [info] Erstellt: lagerplatz_06C23.png {"dauerMs":99}
2026-09-11 15:40:35 [info] Erstellt: lagerplatz_06C24.png {"dauerMs":131}
2026-09-11 15:40:35 [info] Erstellt: lagerplatz_06C25.png {"dauerMs":131}
2026-09-11 15:40:36 [info] Erstellt: lagerplatz_06C26.png {"dauerMs":130}
2026-09-11 15:40:36 [info] Erstellt: lagerplatz_06C27.png {"dauerMs":139}
2026-09-11 15:40:36 [info] Erstellt: lagerplatz_06C28.png {"dauerMs":138}
2026-09-11 15:40:36 [info] Erstellt: lagerplatz_06C29.png {"dauerMs":109}
2026-09-11 15:40:36 [info] Erstellt: lagerplatz_06C30.png {"dauerMs":105}
2026-09-11 15:40:36 [info] Erstellt: lagerplatz_06C31.png {"dauerMs":106}
2026-09-11 15:40:36 [info] Erstellt: lagerplatz_06C32.png {"dauerMs":103}
2026-09-11 15:40:36 [info] Erstellt: lagerplatz_06C33.png {"dauerMs":103}
2026-09-11 15:40:36 [info] Fertig. 77 erstellt, 0 uebersprungen. {"gesamtDauerMs":9307}
