2026-09-11 15:33:42 [info] Log-Datei: C:\Lager\lager-barcode-generator\log\barcode_20260911_153342_085.log
2026-09-11 15:33:42 [info] 77 Eintraege gefunden.
2026-09-11 15:33:42 [info] Vorlage: C:\Lager\lager-barcode-generator\Templates\MV-ABC.png
2026-09-11 15:33:42 [info] Ausgabe: C:\Lager\lager-barcode-generator\output
2026-09-11 15:33:42 [info] Erstellt: lagerplatz_04A01.png {"dauerMs":145}
2026-09-11 15:33:42 [info] Erstellt: lagerplatz_04A02.png {"dauerMs":128}
2026-09-11 15:33:42 [info] Erstellt: lagerplatz_04A03.png {"dauerMs":143}
2026-09-11 15:33:42 [info] Erstellt: lagerplatz_04A04.png {"dauerMs":137}
2026-09-11 15:33:42 [info] Erstellt: lagerplatz_04A05.png {"dauerMs":137}
2026-09-11 15:33:42 [info] Erstellt: lagerplatz_04A06.png {"dauerMs":142}
2026-09-11 15:33:43 [info] Erstellt: lagerplatz_04A07.png {"dauerMs":139}
2026-09-11 15:33:43 [info] Erstellt: lagerplatz_04A08.png {"dauerMs":128}
2026-09-11 15:33:43 [info] Erstellt: lagerplatz_04A09.png {"dauerMs":130}
2026-09-11 15:33:43 [info] Erstellt: lagerplatz_04A10.png {"dauerMs":138}
2026-09-11 15:33:43 [info] Erstellt: lagerplatz_04A11.png {"dauerMs":133}
2026-09-11 15:33:43 [info] Erstellt: lagerplatz_04A12.png {"dauerMs":110}
2026-09-11 15:33:43 [info] Erstellt: lagerplatz_04A13.png {"dauerMs":132}
2026-09-11 15:33:43 [info] Erstellt: lagerplatz_04A14.png {"dauerMs":138}
2026-09-11 15:33:44 [info] Erstellt: lagerplatz_04A15.png {"dauerMs":126}
2026-09-11 15:33:44 [info] Erstellt: lagerplatz_04A16.png {"dauerMs":117}
2026-09-11 15:33:44 [info] Erstellt: lagerplatz_04A17.png {"dauerMs":115}
2026-09-11 15:33:44 [info] Erstellt: lagerplatz_04A18.png {"dauerMs":113}
2026-09-11 15:33:44 [info] Erstellt: lagerplatz_04A19.png {"dauerMs":112}
2026-09-11 15:33:44 [info] Erstellt: lagerplatz_04A20.png {"dauerMs":112}
2026-09-11 15:33:44 [info] Erstellt: lagerplatz_04A21.png {"dauerMs":110}
2026-09-11 15:33:44 [info] Erstellt: lagerplatz_04A22.png {"dauerMs":104}
2026-09-11 15:33:45 [info] Erstellt: lagerplatz_04B01.png {"dauerMs":104}
2026-09-11 15:33:45 [info] Erstellt: lagerplatz_04B02.png {"dauerMs":112}
2026-09-11 15:33:45 [info] Erstellt: lagerplatz_04B03.png {"dauerMs":107}
2026-09-11 15:33:45 [info] Erstellt: lagerplatz_04B04.png {"dauerMs":116}
2026-09-11 15:33:45 [info] Erstellt: lagerplatz_04B05.png {"dauerMs":110}
2026-09-11 15:33:45 [info] Erstellt: lagerplatz_04B06.png {"dauerMs":109}
2026-09-11 15:33:45 [info] Erstellt: lagerplatz_04B07.png {"dauerMs":119}
2026-09-11 15:33:45 [info] Erstellt: lagerplatz_04B08.png {"dauerMs":107}
2026-09-11 15:33:45 [info] Erstellt: lagerplatz_04B09.png {"dauerMs":117}
2026-09-11 15:33:46 [info] Erstellt: lagerplatz_04B10.png {"dauerMs":121}
2026-09-11 15:33:46 [info] Erstellt: lagerplatz_04B11.png {"dauerMs":107}
2026-09-11 15:33:46 [info] Erstellt: lagerplatz_04B12.png {"dauerMs":108}
2026-09-11 15:33:46 [info] Erstellt: lagerplatz_04B13.png {"dauerMs":144}
2026-09-11 15:33:46 [info] Erstellt: lagerplatz_04B14.png {"dauerMs":177}
2026-09-11 15:33:46 [info] Erstellt: lagerplatz_04B15.png {"dauerMs":149}
2026-09-11 15:33:46 [info] Erstellt: lagerplatz_04B16.png {"dauerMs":145}
2026-09-11 15:33:46 [info] Erstellt: lagerplatz_04B17.png {"dauerMs":110}
2026-09-11 15:33:47 [info] Erstellt: lagerplatz_04B18.png {"dauerMs":105}
2026-09-11 15:33:47 [info] Erstellt: lagerplatz_04B19.png {"dauerMs":133}
2026-09-11 15:33:47 [info] Erstellt: lagerplatz_04B20.png {"dauerMs":132}
2026-09-11 15:33:47 [info] Erstellt: lagerplatz_04B21.png {"dauerMs":136}
2026-09-11 15:33:47 [info] Erstellt: lagerplatz_04B22.png {"dauerMs":124}
2026-09-11 15:33:47 [info] Erstellt: lagerplatz_04C01.png {"dauerMs":130}
2026-09-11 15:33:47 [info] Erstellt: lagerplatz_04C02.png {"dauerMs":133}
2026-09-11 15:33:47 [info] Erstellt: lagerplatz_04C03.png {"dauerMs":111}
2026-09-11 15:33:48 [info] Erstellt: lagerplatz_04C04.png {"dauerMs":103}
2026-09-11 15:33:48 [info] Erstellt: lagerplatz_04C05.png {"dauerMs":117}
2026-09-11 15:33:48 [info] Erstellt: lagerplatz_04C06.png {"dauerMs":112}
2026-09-11 15:33:48 [info] Erstellt: lagerplatz_04C07.png {"dauerMs":113}
2026-09-11 15:33:48 [info] Erstellt: lagerplatz_04C08.png {"dauerMs":116}
2026-09-11 15:33:48 [info] Erstellt: lagerplatz_04C09.png {"dauerMs":107}
2026-09-11 15:33:48 [info] Erstellt: lagerplatz_04C10.png {"dauerMs":113}
2026-09-11 15:33:48 [info] Erstellt: lagerplatz_04C11.png {"dauerMs":123}
2026-09-11 15:33:48 [info] Erstellt: lagerplatz_04C12.png {"dauerMs":102}
2026-09-11 15:33:49 [info] Erstellt: lagerplatz_04C13.png {"dauerMs":112}
2026-09-11 15:33:49 [info] Erstellt: lagerplatz_04C14.png {"dauerMs":104}
2026-09-11 15:33:49 [info] Erstellt: lagerplatz_04C15.png {"dauerMs":121}
2026-09-11 15:33:49 [info] Erstellt: lagerplatz_04C16.png {"dauerMs":183}
2026-09-11 15:33:49 [info] Erstellt: lagerplatz_04C17.png {"dauerMs":163}
2026-09-11 15:33:49 [info] Erstellt: lagerplatz_04C18.png {"dauerMs":142}
2026-09-11 15:33:49 [info] Erstellt: lagerplatz_04C19.png {"dauerMs":161}
2026-09-11 15:33:50 [info] Erstellt: lagerplatz_04C20.png {"dauerMs":143}
2026-09-11 15:33:50 [info] Erstellt: lagerplatz_04C21.png {"dauerMs":151}
2026-09-11 15:33:50 [info] Erstellt: lagerplatz_04C22.png {"dauerMs":131}
2026-09-11 15:33:50 [info] Erstellt: lagerplatz_04C23.png {"dauerMs":125}
2026-09-11 15:33:50 [info] Erstellt: lagerplatz_04C24.png {"dauerMs":101}
2026-09-11 15:33:50 [info] Erstellt: lagerplatz_04C25.png {"dauerMs":105}
2026-09-11 15:33:50 [info] Erstellt: lagerplatz_04C26.png {"dauerMs":107}
2026-09-11 15:33:50 [info] Erstellt: lagerplatz_04C27.png {"dauerMs":114}
2026-09-11 15:33:51 [info] Erstellt: lagerplatz_04C28.png {"dauerMs":113}
2026-09-11 15:33:51 [info] Erstellt: lagerplatz_04C29.png {"dauerMs":106}
2026-09-11 15:33:51 [info] Erstellt: lagerplatz_04C30.png {"dauerMs":108}
2026-09-11 15:33:51 [info] Erstellt: lagerplatz_04C31.png {"dauerMs":106}
2026-09-11 15:33:51 [info] Erstellt: lagerplatz_04C32.png {"dauerMs":105}
2026-09-11 15:33:51 [info] Erstellt: lagerplatz_04C33.png {"dauerMs":105}
2026-09-11 15:33:51 [info] Fertig. 77 erstellt, 0 uebersprungen. {"gesamtDauerMs":9518}
