2026-09-11 13:49:58 [info] Log-Datei: C:\Lager\lager-barcode-generator\log\barcode_20260911_134958_569.log
2026-09-11 13:49:58 [info] 77 Eintraege gefunden.
2026-09-11 13:49:58 [info] Vorlage: C:\Lager\lager-barcode-generator\Templates\MV-ABC.png
2026-09-11 13:49:58 [info] Ausgabe: C:\Lager\lager-barcode-generator\output
2026-09-11 13:49:58 [info] Erstellt: lagerplatz_01A01.png {"dauerMs":140}
2026-09-11 13:49:58 [info] Erstellt: lagerplatz_01A02.png {"dauerMs":133}
2026-09-11 13:49:58 [info] Erstellt: lagerplatz_01A03.png {"dauerMs":126}
2026-09-11 13:49:59 [info] Erstellt: lagerplatz_01A04.png {"dauerMs":124}
2026-09-11 13:49:59 [info] Erstellt: lagerplatz_01A05.png {"dauerMs":129}
2026-09-11 13:49:59 [info] Erstellt: lagerplatz_01A06.png {"dauerMs":127}
2026-09-11 13:49:59 [info] Erstellt: lagerplatz_01A07.png {"dauerMs":128}
2026-09-11 13:49:59 [info] Erstellt: lagerplatz_01A08.png {"dauerMs":156}
2026-09-11 13:49:59 [info] Erstellt: lagerplatz_01A09.png {"dauerMs":132}
2026-09-11 13:49:59 [info] Erstellt: lagerplatz_01A10.png {"dauerMs":124}
2026-09-11 13:50:00 [info] Erstellt: lagerplatz_01A11.png {"dauerMs":125}
2026-09-11 13:50:00 [info] Erstellt: lagerplatz_01A12.png {"dauerMs":116}
2026-09-11 13:50:00 [info] Erstellt: lagerplatz_01A13.png {"dauerMs":104}
2026-09-11 13:50:00 [info] Erstellt: lagerplatz_01A14.png {"dauerMs":118}
2026-09-11 13:50:00 [info] Erstellt: lagerplatz_01A15.png {"dauerMs":100}
2026-09-11 13:50:00 [info] Erstellt: lagerplatz_01A16.png {"dauerMs":107}
2026-09-11 13:50:00 [info] Erstellt: lagerplatz_01A17.png {"dauerMs":110}
2026-09-11 13:50:00 [info] Erstellt: lagerplatz_01A18.png {"dauerMs":109}
2026-09-11 13:50:00 [info] Erstellt: lagerplatz_01A19.png {"dauerMs":103}
2026-09-11 13:50:01 [info] Erstellt: lagerplatz_01A20.png {"dauerMs":99}
2026-09-11 13:50:01 [info] Erstellt: lagerplatz_01A21.png {"dauerMs":117}
2026-09-11 13:50:01 [info] Erstellt: lagerplatz_01A22.png {"dauerMs":113}
2026-09-11 13:50:01 [info] Erstellt: lagerplatz_01B01.png {"dauerMs":109}
2026-09-11 13:50:01 [info] Erstellt: lagerplatz_01B02.png {"dauerMs":105}
2026-09-11 13:50:01 [info] Erstellt: lagerplatz_01B03.png {"dauerMs":98}
2026-09-11 13:50:01 [info] Erstellt: lagerplatz_01B04.png {"dauerMs":107}
2026-09-11 13:50:01 [info] Erstellt: lagerplatz_01B05.png {"dauerMs":115}
2026-09-11 13:50:01 [info] Erstellt: lagerplatz_01B06.png {"dauerMs":107}
2026-09-11 13:50:01 [info] Erstellt: lagerplatz_01B07.png {"dauerMs":97}
2026-09-11 13:50:02 [info] Erstellt: lagerplatz_01B08.png {"dauerMs":101}
2026-09-11 13:50:02 [info] Erstellt: lagerplatz_01B09.png {"dauerMs":111}
2026-09-11 13:50:02 [info] Erstellt: lagerplatz_01B10.png {"dauerMs":103}
2026-09-11 13:50:02 [info] Erstellt: lagerplatz_01B11.png {"dauerMs":102}
2026-09-11 13:50:02 [info] Erstellt: lagerplatz_01B12.png {"dauerMs":104}
2026-09-11 13:50:02 [info] Erstellt: lagerplatz_01B13.png {"dauerMs":96}
2026-09-11 13:50:02 [info] Erstellt: lagerplatz_01B14.png {"dauerMs":113}
2026-09-11 13:50:02 [info] Erstellt: lagerplatz_01B15.png {"dauerMs":97}
2026-09-11 13:50:02 [info] Erstellt: lagerplatz_01B16.png {"dauerMs":102}
2026-09-11 13:50:03 [info] Erstellt: lagerplatz_01B17.png {"dauerMs":92}
2026-09-11 13:50:03 [info] Erstellt: lagerplatz_01B18.png {"dauerMs":103}
2026-09-11 13:50:03 [info] Erstellt: lagerplatz_01B19.png {"dauerMs":107}
2026-09-11 13:50:03 [info] Erstellt: lagerplatz_01B20.png {"dauerMs":106}
2026-09-11 13:50:03 [info] Erstellt: lagerplatz_01B21.png {"dauerMs":109}
2026-09-11 13:50:03 [info] Erstellt: lagerplatz_01B22.png {"dauerMs":107}
2026-09-11 13:50:03 [info] Erstellt: lagerplatz_01C01.png {"dauerMs":126}
2026-09-11 13:50:03 [info] Erstellt: lagerplatz_01C02.png {"dauerMs":105}
2026-09-11 13:50:03 [info] Erstellt: lagerplatz_01C03.png {"dauerMs":108}
2026-09-11 13:50:04 [info] Erstellt: lagerplatz_01C04.png {"dauerMs":110}
2026-09-11 13:50:04 [info] Erstellt: lagerplatz_01C05.png {"dauerMs":127}
2026-09-11 13:50:04 [info] Erstellt: lagerplatz_01C06.png {"dauerMs":122}
2026-09-11 13:50:04 [info] Erstellt: lagerplatz_01C07.png {"dauerMs":100}
2026-09-11 13:50:04 [info] Erstellt: lagerplatz_01C08.png {"dauerMs":115}
2026-09-11 13:50:04 [info] Erstellt: lagerplatz_01C09.png {"dauerMs":98}
2026-09-11 13:50:04 [info] Erstellt: lagerplatz_01C10.png {"dauerMs":104}
2026-09-11 13:50:04 [info] Erstellt: lagerplatz_01C11.png {"dauerMs":101}
2026-09-11 13:50:04 [info] Erstellt: lagerplatz_01C12.png {"dauerMs":100}
2026-09-11 13:50:04 [info] Erstellt: lagerplatz_01C13.png {"dauerMs":109}
2026-09-11 13:50:05 [info] Erstellt: lagerplatz_01C14.png {"dauerMs":93}
2026-09-11 13:50:05 [info] Erstellt: lagerplatz_01C15.png {"dauerMs":108}
2026-09-11 13:50:05 [info] Erstellt: lagerplatz_01C16.png {"dauerMs":108}
2026-09-11 13:50:05 [info] Erstellt: lagerplatz_01C17.png {"dauerMs":102}
2026-09-11 13:50:05 [info] Erstellt: lagerplatz_01C18.png {"dauerMs":110}
2026-09-11 13:50:05 [info] Erstellt: lagerplatz_01C19.png {"dauerMs":112}
2026-09-11 13:50:05 [info] Erstellt: lagerplatz_01C20.png {"dauerMs":108}
2026-09-11 13:50:05 [info] Erstellt: lagerplatz_01C21.png {"dauerMs":111}
2026-09-11 13:50:05 [info] Erstellt: lagerplatz_01C22.png {"dauerMs":101}
2026-09-11 13:50:06 [info] Erstellt: lagerplatz_01C23.png {"dauerMs":100}
2026-09-11 13:50:06 [info] Erstellt: lagerplatz_01C24.png {"dauerMs":104}
2026-09-11 13:50:06 [info] Erstellt: lagerplatz_01C25.png {"dauerMs":108}
2026-09-11 13:50:06 [info] Erstellt: lagerplatz_01C26.png {"dauerMs":116}
2026-09-11 13:50:06 [info] Erstellt: lagerplatz_01C27.png {"dauerMs":103}
2026-09-11 13:50:06 [info] Erstellt: lagerplatz_01C28.png {"dauerMs":102}
2026-09-11 13:50:06 [info] Erstellt: lagerplatz_01C29.png {"dauerMs":103}
2026-09-11 13:50:06 [info] Erstellt: lagerplatz_01C30.png {"dauerMs":110}
2026-09-11 13:50:06 [info] Erstellt: lagerplatz_01C31.png {"dauerMs":96}
2026-09-11 13:50:06 [info] Erstellt: lagerplatz_01C32.png {"dauerMs":97}
2026-09-11 13:50:07 [info] Erstellt: lagerplatz_01C33.png {"dauerMs":97}
2026-09-11 13:50:07 [info] Fertig. 77 erstellt, 0 uebersprungen. {"gesamtDauerMs":8494}
