2026-09-11 15:15:52 [info] Log-Datei: C:\Lager\lager-barcode-generator\log\pruefen_20260911_151552_172.log
2026-09-11 15:15:52 [info] 77 Datei(en) im Ordner C:\Lager\lager-barcode-generator\output werden geprüft.
2026-09-11 15:15:59 [info] lagerplatz_01A01.png: OK (dekodiert "01A01")
2026-09-11 15:15:59 [info] lagerplatz_01A02.png: OK (dekodiert "01A02")
2026-09-11 15:15:59 [info] lagerplatz_01A03.png: OK (dekodiert "01A03")
2026-09-11 15:15:59 [info] lagerplatz_01A04.png: OK (dekodiert "01A04")
2026-09-11 15:15:59 [info] lagerplatz_01A05.png: OK (dekodiert "01A05")
2026-09-11 15:15:59 [info] lagerplatz_01A06.png: OK (dekodiert "01A06")
2026-09-11 15:15:59 [info] lagerplatz_01A07.png: OK (dekodiert "01A07")
2026-09-11 15:15:59 [info] lagerplatz_01A08.png: OK (dekodiert "01A08")
2026-09-11 15:15:59 [info] lagerplatz_01A09.png: OK (dekodiert "01A09")
2026-09-11 15:15:59 [info] lagerplatz_01A10.png: OK (dekodiert "01A10")
2026-09-11 15:15:59 [info] lagerplatz_01A11.png: OK (dekodiert "01A11")
2026-09-11 15:15:59 [info] lagerplatz_01A12.png: OK (dekodiert "01A12")
2026-09-11 15:15:59 [info] lagerplatz_01A13.png: OK (dekodiert "01A13")
2026-09-11 15:15:59 [info] lagerplatz_01A14.png: OK (dekodiert "01A14")
2026-09-11 15:15:59 [info] lagerplatz_01A15.png: OK (dekodiert "01A15")
2026-09-11 15:15:59 [info] lagerplatz_01A16.png: OK (dekodiert "01A16")
2026-09-11 15:15:59 [info] lagerplatz_01A17.png: OK (dekodiert "01A17")
2026-09-11 15:15:59 [info] lagerplatz_01A18.png: OK (dekodiert "01A18")
2026-09-11 15:15:59 [info] lagerplatz_01A19.png: OK (dekodiert "01A19")
2026-09-11 15:15:59 [info] lagerplatz_01A20.png: OK (dekodiert "01A20")
2026-09-11 15:15:59 [info] lagerplatz_01A21.png: OK (dekodiert "01A21")
2026-09-11 15:15:59 [info] lagerplatz_01A22.png: OK (dekodiert "01A22")
2026-09-11 15:15:59 [info] lagerplatz_01B01.png: OK (dekodiert "01B01")
2026-09-11 15:15:59 [info] lagerplatz_01B02.png: OK (dekodiert "01B02")
2026-09-11 15:15:59 [info] lagerplatz_01B03.png: OK (dekodiert "01B03")
2026-09-11 15:15:59 [info] lagerplatz_01B04.png: OK (dekodiert "01B04")
2026-09-11 15:15:59 [info] lagerplatz_01B05.png: OK (dekodiert "01B05")
2026-09-11 15:15:59 [info] lagerplatz_01B06.png: OK (dekodiert "01B06")
2026-09-11 15:15:59 [info] lagerplatz_01B07.png: OK (dekodiert "01B07")
2026-09-11 15:15:59 [info] lagerplatz_01B08.png: OK (dekodiert "01B08")
2026-09-11 15:15:59 [info] lagerplatz_01B09.png: OK (dekodiert "01B09")
2026-09-11 15:15:59 [info] lagerplatz_01B10.png: OK (dekodiert "01B10")
2026-09-11 15:15:59 [info] lagerplatz_01B11.png: OK (dekodiert "01B11")
2026-09-11 15:15:59 [info] lagerplatz_01B12.png: OK (dekodiert "01B12")
2026-09-11 15:15:59 [info] lagerplatz_01B13.png: OK (dekodiert "01B13")
2026-09-11 15:15:59 [info] lagerplatz_01B14.png: OK (dekodiert "01B14")
2026-09-11 15:15:59 [info] lagerplatz_01B15.png: OK (dekodiert "01B15")
2026-09-11 15:15:59 [info] lagerplatz_01B16.png: OK (dekodiert "01B16")
2026-09-11 15:15:59 [info] lagerplatz_01B17.png: OK (dekodiert "01B17")
2026-09-11 15:15:59 [info] lagerplatz_01B18.png: OK (dekodiert "01B18")
2026-09-11 15:15:59 [info] lagerplatz_01B19.png: OK (dekodiert "01B19")
2026-09-11 15:15:59 [info] lagerplatz_01B20.png: OK (dekodiert "01B20")
2026-09-11 15:15:59 [info] lagerplatz_01B21.png: OK (dekodiert "01B21")
2026-09-11 15:15:59 [info] lagerplatz_01B22.png: OK (dekodiert "01B22")
2026-09-11 15:15:59 [info] lagerplatz_01C01.png: OK (dekodiert "01C01")
2026-09-11 15:15:59 [info] lagerplatz_01C02.png: OK (dekodiert "01C02")
2026-09-11 15:15:59 [info] lagerplatz_01C03.png: OK (dekodiert "01C03")
2026-09-11 15:15:59 [info] lagerplatz_01C04.png: OK (dekodiert "01C04")
2026-09-11 15:15:59 [info] lagerplatz_01C05.png: OK (dekodiert "01C05")
2026-09-11 15:15:59 [info] lagerplatz_01C06.png: OK (dekodiert "01C06")
2026-09-11 15:15:59 [info] lagerplatz_01C07.png: OK (dekodiert "01C07")
2026-09-11 15:15:59 [info] lagerplatz_01C08.png: OK (dekodiert "01C08")
2026-09-11 15:15:59 [info] lagerplatz_01C09.png: OK (dekodiert "01C09")
2026-09-11 15:15:59 [info] lagerplatz_01C10.png: OK (dekodiert "01C10")
2026-09-11 15:15:59 [info] lagerplatz_01C11.png: OK (dekodiert "01C11")
2026-09-11 15:15:59 [info] lagerplatz_01C12.png: OK (dekodiert "01C12")
2026-09-11 15:15:59 [info] lagerplatz_01C13.png: OK (dekodiert "01C13")
2026-09-11 15:15:59 [info] lagerplatz_01C14.png: OK (dekodiert "01C14")
2026-09-11 15:15:59 [info] lagerplatz_01C15.png: OK (dekodiert "01C15")
2026-09-11 15:15:59 [info] lagerplatz_01C16.png: OK (dekodiert "01C16")
2026-09-11 15:15:59 [info] lagerplatz_01C17.png: OK (dekodiert "01C17")
2026-09-11 15:15:59 [info] lagerplatz_01C18.png: OK (dekodiert "01C18")
2026-09-11 15:15:59 [info] lagerplatz_01C19.png: OK (dekodiert "01C19")
2026-09-11 15:15:59 [info] lagerplatz_01C20.png: OK (dekodiert "01C20")
2026-09-11 15:15:59 [info] lagerplatz_01C21.png: OK (dekodiert "01C21")
2026-09-11 15:15:59 [info] lagerplatz_01C22.png: OK (dekodiert "01C22")
2026-09-11 15:15:59 [info] lagerplatz_01C23.png: OK (dekodiert "01C23")
2026-09-11 15:15:59 [info] lagerplatz_01C24.png: OK (dekodiert "01C24")
2026-09-11 15:15:59 [info] lagerplatz_01C25.png: OK (dekodiert "01C25")
2026-09-11 15:15:59 [info] lagerplatz_01C26.png: OK (dekodiert "01C26")
2026-09-11 15:15:59 [info] lagerplatz_01C27.png: OK (dekodiert "01C27")
2026-09-11 15:15:59 [info] lagerplatz_01C28.png: OK (dekodiert "01C28")
2026-09-11 15:15:59 [info] lagerplatz_01C29.png: OK (dekodiert "01C29")
2026-09-11 15:15:59 [info] lagerplatz_01C30.png: OK (dekodiert "01C30")
2026-09-11 15:15:59 [info] lagerplatz_01C31.png: OK (dekodiert "01C31")
2026-09-11 15:15:59 [info] lagerplatz_01C32.png: OK (dekodiert "01C32")
2026-09-11 15:15:59 [info] lagerplatz_01C33.png: OK (dekodiert "01C33")
2026-09-11 15:15:59 [info] Vollständigkeitsprüfung: alle 77 Einträge korrekt lesbar vorhanden.
2026-09-11 15:15:59 [info] Fertig. 77 von 77 Schildern korrekt geprüft. {"gesamtDauerMs":6901}
