2026-09-11 15:32:20 [info] Log-Datei: C:\Lager\lager-barcode-generator\log\skalieren_20260911_153220_574.log
2026-09-11 15:32:20 [info] Zielhöhe: 30 mm @ 300 DPI = 354 px
2026-09-11 15:32:20 [info] 77 Datei(en) werden verarbeitet.
2026-09-11 15:32:20 [info] Skaliert: lagerplatz_03A01.png  2362x856 -> 977x354 px (41.4% der Originalgröße)
2026-09-11 15:32:20 [warn] "lagerplatz_03A01.png" wird auf unter 50% der Originalgröße verkleinert. Die Barcode-Balken werden entsprechend dünner — vor dem vollständigen Lauf unbedingt mit einem echten Scanner testen (siehe README, Abschnitt "Produktionsprüfung").
2026-09-11 15:32:20 [info] Skaliert: lagerplatz_03A02.png  2362x856 -> 977x354 px (41.4% der Originalgröße)
2026-09-11 15:32:20 [warn] "lagerplatz_03A02.png" wird auf unter 50% der Originalgröße verkleinert. Die Barcode-Balken werden entsprechend dünner — vor dem vollständigen Lauf unbedingt mit einem echten Scanner testen (siehe README, Abschnitt "Produktionsprüfung").
2026-09-11 15:32:20 [info] Skaliert: lagerplatz_03A03.png  2362x856 -> 977x354 px (41.4% der Originalgröße)
2026-09-11 15:32:20 [warn] "lagerplatz_03A03.png" wird auf unter 50% der Originalgröße verkleinert. Die Barcode-Balken werden entsprechend dünner — vor dem vollständigen Lauf unbedingt mit einem echten Scanner testen (siehe README, Abschnitt "Produktionsprüfung").
2026-09-11 15:32:20 [info] Skaliert: lagerplatz_03A04.png  2362x856 -> 977x354 px (41.4% der Originalgröße)
2026-09-11 15:32:20 [warn] "lagerplatz_03A04.png" wird auf unter 50% der Originalgröße verkleinert. Die Barcode-Balken werden entsprechend dünner — vor dem vollständigen Lauf unbedingt mit einem echten Scanner testen (siehe README, Abschnitt "Produktionsprüfung").
2026-09-11 15:32:20 [info] Skaliert: lagerplatz_03A05.png  2362x856 -> 977x354 px (41.4% der Originalgröße)
2026-09-11 15:32:20 [warn] "lagerplatz_03A05.png" wird auf unter 50% der Originalgröße verkleinert. Die Barcode-Balken werden entsprechend dünner — vor dem vollständigen Lauf unbedingt mit einem echten Scanner testen (siehe README, Abschnitt "Produktionsprüfung").
2026-09-11 15:32:20 [info] Skaliert: lagerplatz_03A06.png  2362x856 -> 977x354 px (41.4% der Originalgröße)
2026-09-11 15:32:20 [warn] "lagerplatz_03A06.png" wird auf unter 50% der Originalgröße verkleinert. Die Barcode-Balken werden entsprechend dünner — vor dem vollständigen Lauf unbedingt mit einem echten Scanner testen (siehe README, Abschnitt "Produktionsprüfung").
2026-09-11 15:32:21 [info] Skaliert: lagerplatz_03A07.png  2362x856 -> 977x354 px (41.4% der Originalgröße)
2026-09-11 15:32:21 [warn] "lagerplatz_03A07.png" wird auf unter 50% der Originalgröße verkleinert. Die Barcode-Balken werden entsprechend dünner — vor dem vollständigen Lauf unbedingt mit einem echten Scanner testen (siehe README, Abschnitt "Produktionsprüfung").
2026-09-11 15:32:21 [info] Skaliert: lagerplatz_03A08.png  2362x856 -> 977x354 px (41.4% der Originalgröße)
2026-09-11 15:32:21 [warn] "lagerplatz_03A08.png" wird auf unter 50% der Originalgröße verkleinert. Die Barcode-Balken werden entsprechend dünner — vor dem vollständigen Lauf unbedingt mit einem echten Scanner testen (siehe README, Abschnitt "Produktionsprüfung").
2026-09-11 15:32:21 [info] Skaliert: lagerplatz_03A09.png  2362x856 -> 977x354 px (41.4% der Originalgröße)
2026-09-11 15:32:21 [warn] "lagerplatz_03A09.png" wird auf unter 50% der Originalgröße verkleinert. Die Barcode-Balken werden entsprechend dünner — vor dem vollständigen Lauf unbedingt mit einem echten Scanner testen (siehe README, Abschnitt "Produktionsprüfung").
2026-09-11 15:32:21 [info] Skaliert: lagerplatz_03A10.png  2362x856 -> 977x354 px (41.4% der Originalgröße)
2026-09-11 15:32:21 [warn] "lagerplatz_03A10.png" wird auf unter 50% der Originalgröße verkleinert. Die Barcode-Balken werden entsprechend dünner — vor dem vollständigen Lauf unbedingt mit einem echten Scanner testen (siehe README, Abschnitt "Produktionsprüfung").
2026-09-11 15:32:21 [info] Skaliert: lagerplatz_03A11.png  2362x856 -> 977x354 px (41.4% der Originalgröße)
2026-09-11 15:32:21 [warn] "lagerplatz_03A11.png" wird auf unter 50% der Originalgröße verkleinert. Die Barcode-Balken werden entsprechend dünner — vor dem vollständigen Lauf unbedingt mit einem echten Scanner testen (siehe README, Abschnitt "Produktionsprüfung").
2026-09-11 15:32:21 [info] Skaliert: lagerplatz_03A12.png  2362x856 -> 977x354 px (41.4% der Originalgröße)
2026-09-11 15:32:21 [warn] "lagerplatz_03A12.png" wird auf unter 50% der Originalgröße verkleinert. Die Barcode-Balken werden entsprechend dünner — vor dem vollständigen Lauf unbedingt mit einem echten Scanner testen (siehe README, Abschnitt "Produktionsprüfung").
2026-09-11 15:32:21 [info] Skaliert: lagerplatz_03A13.png  2362x856 -> 977x354 px (41.4% der Originalgröße)
2026-09-11 15:32:21 [warn] "lagerplatz_03A13.png" wird auf unter 50% der Originalgröße verkleinert. Die Barcode-Balken werden entsprechend dünner — vor dem vollständigen Lauf unbedingt mit einem echten Scanner testen (siehe README, Abschnitt "Produktionsprüfung").
2026-09-11 15:32:21 [info] Skaliert: lagerplatz_03A14.png  2362x856 -> 977x354 px (41.4% der Originalgröße)
2026-09-11 15:32:21 [warn] "lagerplatz_03A14.png" wird auf unter 50% der Originalgröße verkleinert. Die Barcode-Balken werden entsprechend dünner — vor dem vollständigen Lauf unbedingt mit einem echten Scanner testen (siehe README, Abschnitt "Produktionsprüfung").
2026-09-11 15:32:21 [info] Skaliert: lagerplatz_03A15.png  2362x856 -> 977x354 px (41.4% der Originalgröße)
2026-09-11 15:32:21 [warn] "lagerplatz_03A15.png" wird auf unter 50% der Originalgröße verkleinert. Die Barcode-Balken werden entsprechend dünner — vor dem vollständigen Lauf unbedingt mit einem echten Scanner testen (siehe README, Abschnitt "Produktionsprüfung").
2026-09-11 15:32:21 [info] Skaliert: lagerplatz_03A16.png  2362x856 -> 977x354 px (41.4% der Originalgröße)
2026-09-11 15:32:21 [warn] "lagerplatz_03A16.png" wird auf unter 50% der Originalgröße verkleinert. Die Barcode-Balken werden entsprechend dünner — vor dem vollständigen Lauf unbedingt mit einem echten Scanner testen (siehe README, Abschnitt "Produktionsprüfung").
2026-09-11 15:32:21 [info] Skaliert: lagerplatz_03A17.png  2362x856 -> 977x354 px (41.4% der Originalgröße)
2026-09-11 15:32:21 [warn] "lagerplatz_03A17.png" wird auf unter 50% der Originalgröße verkleinert. Die Barcode-Balken werden entsprechend dünner — vor dem vollständigen Lauf unbedingt mit einem echten Scanner testen (siehe README, Abschnitt "Produktionsprüfung").
2026-09-11 15:32:21 [info] Skaliert: lagerplatz_03A18.png  2362x856 -> 977x354 px (41.4% der Originalgröße)
2026-09-11 15:32:21 [warn] "lagerplatz_03A18.png" wird auf unter 50% der Originalgröße verkleinert. Die Barcode-Balken werden entsprechend dünner — vor dem vollständigen Lauf unbedingt mit einem echten Scanner testen (siehe README, Abschnitt "Produktionsprüfung").
2026-09-11 15:32:21 [info] Skaliert: lagerplatz_03A19.png  2362x856 -> 977x354 px (41.4% der Originalgröße)
2026-09-11 15:32:21 [warn] "lagerplatz_03A19.png" wird auf unter 50% der Originalgröße verkleinert. Die Barcode-Balken werden entsprechend dünner — vor dem vollständigen Lauf unbedingt mit einem echten Scanner testen (siehe README, Abschnitt "Produktionsprüfung").
2026-09-11 15:32:21 [info] Skaliert: lagerplatz_03A20.png  2362x856 -> 977x354 px (41.4% der Originalgröße)
2026-09-11 15:32:21 [warn] "lagerplatz_03A20.png" wird auf unter 50% der Originalgröße verkleinert. Die Barcode-Balken werden entsprechend dünner — vor dem vollständigen Lauf unbedingt mit einem echten Scanner testen (siehe README, Abschnitt "Produktionsprüfung").
2026-09-11 15:32:22 [info] Skaliert: lagerplatz_03A21.png  2362x856 -> 977x354 px (41.4% der Originalgröße)
2026-09-11 15:32:22 [warn] "lagerplatz_03A21.png" wird auf unter 50% der Originalgröße verkleinert. Die Barcode-Balken werden entsprechend dünner — vor dem vollständigen Lauf unbedingt mit einem echten Scanner testen (siehe README, Abschnitt "Produktionsprüfung").
2026-09-11 15:32:22 [info] Skaliert: lagerplatz_03A22.png  2362x856 -> 977x354 px (41.4% der Originalgröße)
2026-09-11 15:32:22 [warn] "lagerplatz_03A22.png" wird auf unter 50% der Originalgröße verkleinert. Die Barcode-Balken werden entsprechend dünner — vor dem vollständigen Lauf unbedingt mit einem echten Scanner testen (siehe README, Abschnitt "Produktionsprüfung").
2026-09-11 15:32:22 [info] Skaliert: lagerplatz_03B01.png  2362x856 -> 977x354 px (41.4% der Originalgröße)
2026-09-11 15:32:22 [warn] "lagerplatz_03B01.png" wird auf unter 50% der Originalgröße verkleinert. Die Barcode-Balken werden entsprechend dünner — vor dem vollständigen Lauf unbedingt mit einem echten Scanner testen (siehe README, Abschnitt "Produktionsprüfung").
2026-09-11 15:32:22 [info] Skaliert: lagerplatz_03B02.png  2362x856 -> 977x354 px (41.4% der Originalgröße)
2026-09-11 15:32:22 [warn] "lagerplatz_03B02.png" wird auf unter 50% der Originalgröße verkleinert. Die Barcode-Balken werden entsprechend dünner — vor dem vollständigen Lauf unbedingt mit einem echten Scanner testen (siehe README, Abschnitt "Produktionsprüfung").
2026-09-11 15:32:22 [info] Skaliert: lagerplatz_03B03.png  2362x856 -> 977x354 px (41.4% der Originalgröße)
2026-09-11 15:32:22 [warn] "lagerplatz_03B03.png" wird auf unter 50% der Originalgröße verkleinert. Die Barcode-Balken werden entsprechend dünner — vor dem vollständigen Lauf unbedingt mit einem echten Scanner testen (siehe README, Abschnitt "Produktionsprüfung").
2026-09-11 15:32:22 [info] Skaliert: lagerplatz_03B04.png  2362x856 -> 977x354 px (41.4% der Originalgröße)
2026-09-11 15:32:22 [warn] "lagerplatz_03B04.png" wird auf unter 50% der Originalgröße verkleinert. Die Barcode-Balken werden entsprechend dünner — vor dem vollständigen Lauf unbedingt mit einem echten Scanner testen (siehe README, Abschnitt "Produktionsprüfung").
2026-09-11 15:32:22 [info] Skaliert: lagerplatz_03B05.png  2362x856 -> 977x354 px (41.4% der Originalgröße)
2026-09-11 15:32:22 [warn] "lagerplatz_03B05.png" wird auf unter 50% der Originalgröße verkleinert. Die Barcode-Balken werden entsprechend dünner — vor dem vollständigen Lauf unbedingt mit einem echten Scanner testen (siehe README, Abschnitt "Produktionsprüfung").
2026-09-11 15:32:22 [info] Skaliert: lagerplatz_03B06.png  2362x856 -> 977x354 px (41.4% der Originalgröße)
2026-09-11 15:32:22 [warn] "lagerplatz_03B06.png" wird auf unter 50% der Originalgröße verkleinert. Die Barcode-Balken werden entsprechend dünner — vor dem vollständigen Lauf unbedingt mit einem echten Scanner testen (siehe README, Abschnitt "Produktionsprüfung").
2026-09-11 15:32:22 [info] Skaliert: lagerplatz_03B07.png  2362x856 -> 977x354 px (41.4% der Originalgröße)
2026-09-11 15:32:22 [warn] "lagerplatz_03B07.png" wird auf unter 50% der Originalgröße verkleinert. Die Barcode-Balken werden entsprechend dünner — vor dem vollständigen Lauf unbedingt mit einem echten Scanner testen (siehe README, Abschnitt "Produktionsprüfung").
2026-09-11 15:32:22 [info] Skaliert: lagerplatz_03B08.png  2362x856 -> 977x354 px (41.4% der Originalgröße)
2026-09-11 15:32:22 [warn] "lagerplatz_03B08.png" wird auf unter 50% der Originalgröße verkleinert. Die Barcode-Balken werden entsprechend dünner — vor dem vollständigen Lauf unbedingt mit einem echten Scanner testen (siehe README, Abschnitt "Produktionsprüfung").
2026-09-11 15:32:22 [info] Skaliert: lagerplatz_03B09.png  2362x856 -> 977x354 px (41.4% der Originalgröße)
2026-09-11 15:32:22 [warn] "lagerplatz_03B09.png" wird auf unter 50% der Originalgröße verkleinert. Die Barcode-Balken werden entsprechend dünner — vor dem vollständigen Lauf unbedingt mit einem echten Scanner testen (siehe README, Abschnitt "Produktionsprüfung").
2026-09-11 15:32:22 [info] Skaliert: lagerplatz_03B10.png  2362x856 -> 977x354 px (41.4% der Originalgröße)
2026-09-11 15:32:22 [warn] "lagerplatz_03B10.png" wird auf unter 50% der Originalgröße verkleinert. Die Barcode-Balken werden entsprechend dünner — vor dem vollständigen Lauf unbedingt mit einem echten Scanner testen (siehe README, Abschnitt "Produktionsprüfung").
2026-09-11 15:32:22 [info] Skaliert: lagerplatz_03B11.png  2362x856 -> 977x354 px (41.4% der Originalgröße)
2026-09-11 15:32:22 [warn] "lagerplatz_03B11.png" wird auf unter 50% der Originalgröße verkleinert. Die Barcode-Balken werden entsprechend dünner — vor dem vollständigen Lauf unbedingt mit einem echten Scanner testen (siehe README, Abschnitt "Produktionsprüfung").
2026-09-11 15:32:22 [info] Skaliert: lagerplatz_03B12.png  2362x856 -> 977x354 px (41.4% der Originalgröße)
2026-09-11 15:32:22 [warn] "lagerplatz_03B12.png" wird auf unter 50% der Originalgröße verkleinert. Die Barcode-Balken werden entsprechend dünner — vor dem vollständigen Lauf unbedingt mit einem echten Scanner testen (siehe README, Abschnitt "Produktionsprüfung").
2026-09-11 15:32:22 [info] Skaliert: lagerplatz_03B13.png  2362x856 -> 977x354 px (41.4% der Originalgröße)
2026-09-11 15:32:22 [warn] "lagerplatz_03B13.png" wird auf unter 50% der Originalgröße verkleinert. Die Barcode-Balken werden entsprechend dünner — vor dem vollständigen Lauf unbedingt mit einem echten Scanner testen (siehe README, Abschnitt "Produktionsprüfung").
2026-09-11 15:32:22 [info] Skaliert: lagerplatz_03B14.png  2362x856 -> 977x354 px (41.4% der Originalgröße)
2026-09-11 15:32:22 [warn] "lagerplatz_03B14.png" wird auf unter 50% der Originalgröße verkleinert. Die Barcode-Balken werden entsprechend dünner — vor dem vollständigen Lauf unbedingt mit einem echten Scanner testen (siehe README, Abschnitt "Produktionsprüfung").
2026-09-11 15:32:23 [info] Skaliert: lagerplatz_03B15.png  2362x856 -> 977x354 px (41.4% der Originalgröße)
2026-09-11 15:32:23 [warn] "lagerplatz_03B15.png" wird auf unter 50% der Originalgröße verkleinert. Die Barcode-Balken werden entsprechend dünner — vor dem vollständigen Lauf unbedingt mit einem echten Scanner testen (siehe README, Abschnitt "Produktionsprüfung").
2026-09-11 15:32:23 [info] Skaliert: lagerplatz_03B16.png  2362x856 -> 977x354 px (41.4% der Originalgröße)
2026-09-11 15:32:23 [warn] "lagerplatz_03B16.png" wird auf unter 50% der Originalgröße verkleinert. Die Barcode-Balken werden entsprechend dünner — vor dem vollständigen Lauf unbedingt mit einem echten Scanner testen (siehe README, Abschnitt "Produktionsprüfung").
2026-09-11 15:32:23 [info] Skaliert: lagerplatz_03B17.png  2362x856 -> 977x354 px (41.4% der Originalgröße)
2026-09-11 15:32:23 [warn] "lagerplatz_03B17.png" wird auf unter 50% der Originalgröße verkleinert. Die Barcode-Balken werden entsprechend dünner — vor dem vollständigen Lauf unbedingt mit einem echten Scanner testen (siehe README, Abschnitt "Produktionsprüfung").
2026-09-11 15:32:23 [info] Skaliert: lagerplatz_03B18.png  2362x856 -> 977x354 px (41.4% der Originalgröße)
2026-09-11 15:32:23 [warn] "lagerplatz_03B18.png" wird auf unter 50% der Originalgröße verkleinert. Die Barcode-Balken werden entsprechend dünner — vor dem vollständigen Lauf unbedingt mit einem echten Scanner testen (siehe README, Abschnitt "Produktionsprüfung").
2026-09-11 15:32:23 [info] Skaliert: lagerplatz_03B19.png  2362x856 -> 977x354 px (41.4% der Originalgröße)
2026-09-11 15:32:23 [warn] "lagerplatz_03B19.png" wird auf unter 50% der Originalgröße verkleinert. Die Barcode-Balken werden entsprechend dünner — vor dem vollständigen Lauf unbedingt mit einem echten Scanner testen (siehe README, Abschnitt "Produktionsprüfung").
2026-09-11 15:32:23 [info] Skaliert: lagerplatz_03B20.png  2362x856 -> 977x354 px (41.4% der Originalgröße)
2026-09-11 15:32:23 [warn] "lagerplatz_03B20.png" wird auf unter 50% der Originalgröße verkleinert. Die Barcode-Balken werden entsprechend dünner — vor dem vollständigen Lauf unbedingt mit einem echten Scanner testen (siehe README, Abschnitt "Produktionsprüfung").
2026-09-11 15:32:23 [info] Skaliert: lagerplatz_03B21.png  2362x856 -> 977x354 px (41.4% der Originalgröße)
2026-09-11 15:32:23 [warn] "lagerplatz_03B21.png" wird auf unter 50% der Originalgröße verkleinert. Die Barcode-Balken werden entsprechend dünner — vor dem vollständigen Lauf unbedingt mit einem echten Scanner testen (siehe README, Abschnitt "Produktionsprüfung").
2026-09-11 15:32:23 [info] Skaliert: lagerplatz_03B22.png  2362x856 -> 977x354 px (41.4% der Originalgröße)
2026-09-11 15:32:23 [warn] "lagerplatz_03B22.png" wird auf unter 50% der Originalgröße verkleinert. Die Barcode-Balken werden entsprechend dünner — vor dem vollständigen Lauf unbedingt mit einem echten Scanner testen (siehe README, Abschnitt "Produktionsprüfung").
2026-09-11 15:32:23 [info] Skaliert: lagerplatz_03C01.png  2362x856 -> 977x354 px (41.4% der Originalgröße)
2026-09-11 15:32:23 [warn] "lagerplatz_03C01.png" wird auf unter 50% der Originalgröße verkleinert. Die Barcode-Balken werden entsprechend dünner — vor dem vollständigen Lauf unbedingt mit einem echten Scanner testen (siehe README, Abschnitt "Produktionsprüfung").
2026-09-11 15:32:23 [info] Skaliert: lagerplatz_03C02.png  2362x856 -> 977x354 px (41.4% der Originalgröße)
2026-09-11 15:32:23 [warn] "lagerplatz_03C02.png" wird auf unter 50% der Originalgröße verkleinert. Die Barcode-Balken werden entsprechend dünner — vor dem vollständigen Lauf unbedingt mit einem echten Scanner testen (siehe README, Abschnitt "Produktionsprüfung").
2026-09-11 15:32:23 [info] Skaliert: lagerplatz_03C03.png  2362x856 -> 977x354 px (41.4% der Originalgröße)
2026-09-11 15:32:23 [warn] "lagerplatz_03C03.png" wird auf unter 50% der Originalgröße verkleinert. Die Barcode-Balken werden entsprechend dünner — vor dem vollständigen Lauf unbedingt mit einem echten Scanner testen (siehe README, Abschnitt "Produktionsprüfung").
2026-09-11 15:32:23 [info] Skaliert: lagerplatz_03C04.png  2362x856 -> 977x354 px (41.4% der Originalgröße)
2026-09-11 15:32:23 [warn] "lagerplatz_03C04.png" wird auf unter 50% der Originalgröße verkleinert. Die Barcode-Balken werden entsprechend dünner — vor dem vollständigen Lauf unbedingt mit einem echten Scanner testen (siehe README, Abschnitt "Produktionsprüfung").
2026-09-11 15:32:23 [info] Skaliert: lagerplatz_03C05.png  2362x856 -> 977x354 px (41.4% der Originalgröße)
2026-09-11 15:32:23 [warn] "lagerplatz_03C05.png" wird auf unter 50% der Originalgröße verkleinert. Die Barcode-Balken werden entsprechend dünner — vor dem vollständigen Lauf unbedingt mit einem echten Scanner testen (siehe README, Abschnitt "Produktionsprüfung").
2026-09-11 15:32:23 [info] Skaliert: lagerplatz_03C06.png  2362x856 -> 977x354 px (41.4% der Originalgröße)
2026-09-11 15:32:23 [warn] "lagerplatz_03C06.png" wird auf unter 50% der Originalgröße verkleinert. Die Barcode-Balken werden entsprechend dünner — vor dem vollständigen Lauf unbedingt mit einem echten Scanner testen (siehe README, Abschnitt "Produktionsprüfung").
2026-09-11 15:32:23 [info] Skaliert: lagerplatz_03C07.png  2362x856 -> 977x354 px (41.4% der Originalgröße)
2026-09-11 15:32:23 [warn] "lagerplatz_03C07.png" wird auf unter 50% der Originalgröße verkleinert. Die Barcode-Balken werden entsprechend dünner — vor dem vollständigen Lauf unbedingt mit einem echten Scanner testen (siehe README, Abschnitt "Produktionsprüfung").
2026-09-11 15:32:23 [info] Skaliert: lagerplatz_03C08.png  2362x856 -> 977x354 px (41.4% der Originalgröße)
2026-09-11 15:32:23 [warn] "lagerplatz_03C08.png" wird auf unter 50% der Originalgröße verkleinert. Die Barcode-Balken werden entsprechend dünner — vor dem vollständigen Lauf unbedingt mit einem echten Scanner testen (siehe README, Abschnitt "Produktionsprüfung").
2026-09-11 15:32:23 [info] Skaliert: lagerplatz_03C09.png  2362x856 -> 977x354 px (41.4% der Originalgröße)
2026-09-11 15:32:23 [warn] "lagerplatz_03C09.png" wird auf unter 50% der Originalgröße verkleinert. Die Barcode-Balken werden entsprechend dünner — vor dem vollständigen Lauf unbedingt mit einem echten Scanner testen (siehe README, Abschnitt "Produktionsprüfung").
2026-09-11 15:32:23 [info] Skaliert: lagerplatz_03C10.png  2362x856 -> 977x354 px (41.4% der Originalgröße)
2026-09-11 15:32:23 [warn] "lagerplatz_03C10.png" wird auf unter 50% der Originalgröße verkleinert. Die Barcode-Balken werden entsprechend dünner — vor dem vollständigen Lauf unbedingt mit einem echten Scanner testen (siehe README, Abschnitt "Produktionsprüfung").
2026-09-11 15:32:23 [info] Skaliert: lagerplatz_03C11.png  2362x856 -> 977x354 px (41.4% der Originalgröße)
2026-09-11 15:32:23 [warn] "lagerplatz_03C11.png" wird auf unter 50% der Originalgröße verkleinert. Die Barcode-Balken werden entsprechend dünner — vor dem vollständigen Lauf unbedingt mit einem echten Scanner testen (siehe README, Abschnitt "Produktionsprüfung").
2026-09-11 15:32:23 [info] Skaliert: lagerplatz_03C12.png  2362x856 -> 977x354 px (41.4% der Originalgröße)
2026-09-11 15:32:23 [warn] "lagerplatz_03C12.png" wird auf unter 50% der Originalgröße verkleinert. Die Barcode-Balken werden entsprechend dünner — vor dem vollständigen Lauf unbedingt mit einem echten Scanner testen (siehe README, Abschnitt "Produktionsprüfung").
2026-09-11 15:32:24 [info] Skaliert: lagerplatz_03C13.png  2362x856 -> 977x354 px (41.4% der Originalgröße)
2026-09-11 15:32:24 [warn] "lagerplatz_03C13.png" wird auf unter 50% der Originalgröße verkleinert. Die Barcode-Balken werden entsprechend dünner — vor dem vollständigen Lauf unbedingt mit einem echten Scanner testen (siehe README, Abschnitt "Produktionsprüfung").
2026-09-11 15:32:24 [info] Skaliert: lagerplatz_03C14.png  2362x856 -> 977x354 px (41.4% der Originalgröße)
2026-09-11 15:32:24 [warn] "lagerplatz_03C14.png" wird auf unter 50% der Originalgröße verkleinert. Die Barcode-Balken werden entsprechend dünner — vor dem vollständigen Lauf unbedingt mit einem echten Scanner testen (siehe README, Abschnitt "Produktionsprüfung").
2026-09-11 15:32:24 [info] Skaliert: lagerplatz_03C15.png  2362x856 -> 977x354 px (41.4% der Originalgröße)
2026-09-11 15:32:24 [warn] "lagerplatz_03C15.png" wird auf unter 50% der Originalgröße verkleinert. Die Barcode-Balken werden entsprechend dünner — vor dem vollständigen Lauf unbedingt mit einem echten Scanner testen (siehe README, Abschnitt "Produktionsprüfung").
2026-09-11 15:32:24 [info] Skaliert: lagerplatz_03C16.png  2362x856 -> 977x354 px (41.4% der Originalgröße)
2026-09-11 15:32:24 [warn] "lagerplatz_03C16.png" wird auf unter 50% der Originalgröße verkleinert. Die Barcode-Balken werden entsprechend dünner — vor dem vollständigen Lauf unbedingt mit einem echten Scanner testen (siehe README, Abschnitt "Produktionsprüfung").
2026-09-11 15:32:24 [info] Skaliert: lagerplatz_03C17.png  2362x856 -> 977x354 px (41.4% der Originalgröße)
2026-09-11 15:32:24 [warn] "lagerplatz_03C17.png" wird auf unter 50% der Originalgröße verkleinert. Die Barcode-Balken werden entsprechend dünner — vor dem vollständigen Lauf unbedingt mit einem echten Scanner testen (siehe README, Abschnitt "Produktionsprüfung").
2026-09-11 15:32:24 [info] Skaliert: lagerplatz_03C18.png  2362x856 -> 977x354 px (41.4% der Originalgröße)
2026-09-11 15:32:24 [warn] "lagerplatz_03C18.png" wird auf unter 50% der Originalgröße verkleinert. Die Barcode-Balken werden entsprechend dünner — vor dem vollständigen Lauf unbedingt mit einem echten Scanner testen (siehe README, Abschnitt "Produktionsprüfung").
2026-09-11 15:32:24 [info] Skaliert: lagerplatz_03C19.png  2362x856 -> 977x354 px (41.4% der Originalgröße)
2026-09-11 15:32:24 [warn] "lagerplatz_03C19.png" wird auf unter 50% der Originalgröße verkleinert. Die Barcode-Balken werden entsprechend dünner — vor dem vollständigen Lauf unbedingt mit einem echten Scanner testen (siehe README, Abschnitt "Produktionsprüfung").
2026-09-11 15:32:24 [info] Skaliert: lagerplatz_03C20.png  2362x856 -> 977x354 px (41.4% der Originalgröße)
2026-09-11 15:32:24 [warn] "lagerplatz_03C20.png" wird auf unter 50% der Originalgröße verkleinert. Die Barcode-Balken werden entsprechend dünner — vor dem vollständigen Lauf unbedingt mit einem echten Scanner testen (siehe README, Abschnitt "Produktionsprüfung").
2026-09-11 15:32:24 [info] Skaliert: lagerplatz_03C21.png  2362x856 -> 977x354 px (41.4% der Originalgröße)
2026-09-11 15:32:24 [warn] "lagerplatz_03C21.png" wird auf unter 50% der Originalgröße verkleinert. Die Barcode-Balken werden entsprechend dünner — vor dem vollständigen Lauf unbedingt mit einem echten Scanner testen (siehe README, Abschnitt "Produktionsprüfung").
2026-09-11 15:32:24 [info] Skaliert: lagerplatz_03C22.png  2362x856 -> 977x354 px (41.4% der Originalgröße)
2026-09-11 15:32:24 [warn] "lagerplatz_03C22.png" wird auf unter 50% der Originalgröße verkleinert. Die Barcode-Balken werden entsprechend dünner — vor dem vollständigen Lauf unbedingt mit einem echten Scanner testen (siehe README, Abschnitt "Produktionsprüfung").
2026-09-11 15:32:24 [info] Skaliert: lagerplatz_03C23.png  2362x856 -> 977x354 px (41.4% der Originalgröße)
2026-09-11 15:32:24 [warn] "lagerplatz_03C23.png" wird auf unter 50% der Originalgröße verkleinert. Die Barcode-Balken werden entsprechend dünner — vor dem vollständigen Lauf unbedingt mit einem echten Scanner testen (siehe README, Abschnitt "Produktionsprüfung").
2026-09-11 15:32:24 [info] Skaliert: lagerplatz_03C24.png  2362x856 -> 977x354 px (41.4% der Originalgröße)
2026-09-11 15:32:24 [warn] "lagerplatz_03C24.png" wird auf unter 50% der Originalgröße verkleinert. Die Barcode-Balken werden entsprechend dünner — vor dem vollständigen Lauf unbedingt mit einem echten Scanner testen (siehe README, Abschnitt "Produktionsprüfung").
2026-09-11 15:32:24 [info] Skaliert: lagerplatz_03C25.png  2362x856 -> 977x354 px (41.4% der Originalgröße)
2026-09-11 15:32:24 [warn] "lagerplatz_03C25.png" wird auf unter 50% der Originalgröße verkleinert. Die Barcode-Balken werden entsprechend dünner — vor dem vollständigen Lauf unbedingt mit einem echten Scanner testen (siehe README, Abschnitt "Produktionsprüfung").
2026-09-11 15:32:24 [info] Skaliert: lagerplatz_03C26.png  2362x856 -> 977x354 px (41.4% der Originalgröße)
2026-09-11 15:32:24 [warn] "lagerplatz_03C26.png" wird auf unter 50% der Originalgröße verkleinert. Die Barcode-Balken werden entsprechend dünner — vor dem vollständigen Lauf unbedingt mit einem echten Scanner testen (siehe README, Abschnitt "Produktionsprüfung").
2026-09-11 15:32:24 [info] Skaliert: lagerplatz_03C27.png  2362x856 -> 977x354 px (41.4% der Originalgröße)
2026-09-11 15:32:24 [warn] "lagerplatz_03C27.png" wird auf unter 50% der Originalgröße verkleinert. Die Barcode-Balken werden entsprechend dünner — vor dem vollständigen Lauf unbedingt mit einem echten Scanner testen (siehe README, Abschnitt "Produktionsprüfung").
2026-09-11 15:32:24 [info] Skaliert: lagerplatz_03C28.png  2362x856 -> 977x354 px (41.4% der Originalgröße)
2026-09-11 15:32:24 [warn] "lagerplatz_03C28.png" wird auf unter 50% der Originalgröße verkleinert. Die Barcode-Balken werden entsprechend dünner — vor dem vollständigen Lauf unbedingt mit einem echten Scanner testen (siehe README, Abschnitt "Produktionsprüfung").
2026-09-11 15:32:24 [info] Skaliert: lagerplatz_03C29.png  2362x856 -> 977x354 px (41.4% der Originalgröße)
2026-09-11 15:32:24 [warn] "lagerplatz_03C29.png" wird auf unter 50% der Originalgröße verkleinert. Die Barcode-Balken werden entsprechend dünner — vor dem vollständigen Lauf unbedingt mit einem echten Scanner testen (siehe README, Abschnitt "Produktionsprüfung").
2026-09-11 15:32:24 [info] Skaliert: lagerplatz_03C30.png  2362x856 -> 977x354 px (41.4% der Originalgröße)
2026-09-11 15:32:24 [warn] "lagerplatz_03C30.png" wird auf unter 50% der Originalgröße verkleinert. Die Barcode-Balken werden entsprechend dünner — vor dem vollständigen Lauf unbedingt mit einem echten Scanner testen (siehe README, Abschnitt "Produktionsprüfung").
2026-09-11 15:32:24 [info] Skaliert: lagerplatz_03C31.png  2362x856 -> 977x354 px (41.4% der Originalgröße)
2026-09-11 15:32:24 [warn] "lagerplatz_03C31.png" wird auf unter 50% der Originalgröße verkleinert. Die Barcode-Balken werden entsprechend dünner — vor dem vollständigen Lauf unbedingt mit einem echten Scanner testen (siehe README, Abschnitt "Produktionsprüfung").
2026-09-11 15:32:24 [info] Skaliert: lagerplatz_03C32.png  2362x856 -> 977x354 px (41.4% der Originalgröße)
2026-09-11 15:32:24 [warn] "lagerplatz_03C32.png" wird auf unter 50% der Originalgröße verkleinert. Die Barcode-Balken werden entsprechend dünner — vor dem vollständigen Lauf unbedingt mit einem echten Scanner testen (siehe README, Abschnitt "Produktionsprüfung").
2026-09-11 15:32:25 [info] Skaliert: lagerplatz_03C33.png  2362x856 -> 977x354 px (41.4% der Originalgröße)
2026-09-11 15:32:25 [warn] "lagerplatz_03C33.png" wird auf unter 50% der Originalgröße verkleinert. Die Barcode-Balken werden entsprechend dünner — vor dem vollständigen Lauf unbedingt mit einem echten Scanner testen (siehe README, Abschnitt "Produktionsprüfung").
2026-09-11 15:32:25 [info] Fertig. 77 skaliert, 0 übersprungen, 77 mit Größenwarnung. {"gesamtDauerMs":4461}
