2026-09-11 15:34:08 [info] Log-Datei: C:\Lager\lager-barcode-generator\log\skalieren_20260911_153408_304.log
2026-09-11 15:34:08 [info] Zielhöhe: 30 mm @ 300 DPI = 354 px
2026-09-11 15:34:08 [info] 77 Datei(en) werden verarbeitet.
2026-09-11 15:34:08 [info] Skaliert: lagerplatz_04A01.png  2362x856 -> 977x354 px (41.4% der Originalgröße)
2026-09-11 15:34:08 [warn] "lagerplatz_04A01.png" wird auf unter 50% der Originalgröße verkleinert. Die Barcode-Balken werden entsprechend dünner — vor dem vollständigen Lauf unbedingt mit einem echten Scanner testen (siehe README, Abschnitt "Produktionsprüfung").
2026-09-11 15:34:08 [info] Skaliert: lagerplatz_04A02.png  2362x856 -> 977x354 px (41.4% der Originalgröße)
2026-09-11 15:34:08 [warn] "lagerplatz_04A02.png" wird auf unter 50% der Originalgröße verkleinert. Die Barcode-Balken werden entsprechend dünner — vor dem vollständigen Lauf unbedingt mit einem echten Scanner testen (siehe README, Abschnitt "Produktionsprüfung").
2026-09-11 15:34:08 [info] Skaliert: lagerplatz_04A03.png  2362x856 -> 977x354 px (41.4% der Originalgröße)
2026-09-11 15:34:08 [warn] "lagerplatz_04A03.png" wird auf unter 50% der Originalgröße verkleinert. Die Barcode-Balken werden entsprechend dünner — vor dem vollständigen Lauf unbedingt mit einem echten Scanner testen (siehe README, Abschnitt "Produktionsprüfung").
2026-09-11 15:34:08 [info] Skaliert: lagerplatz_04A04.png  2362x856 -> 977x354 px (41.4% der Originalgröße)
2026-09-11 15:34:08 [warn] "lagerplatz_04A04.png" wird auf unter 50% der Originalgröße verkleinert. Die Barcode-Balken werden entsprechend dünner — vor dem vollständigen Lauf unbedingt mit einem echten Scanner testen (siehe README, Abschnitt "Produktionsprüfung").
2026-09-11 15:34:08 [info] Skaliert: lagerplatz_04A05.png  2362x856 -> 977x354 px (41.4% der Originalgröße)
2026-09-11 15:34:08 [warn] "lagerplatz_04A05.png" wird auf unter 50% der Originalgröße verkleinert. Die Barcode-Balken werden entsprechend dünner — vor dem vollständigen Lauf unbedingt mit einem echten Scanner testen (siehe README, Abschnitt "Produktionsprüfung").
2026-09-11 15:34:08 [info] Skaliert: lagerplatz_04A06.png  2362x856 -> 977x354 px (41.4% der Originalgröße)
2026-09-11 15:34:08 [warn] "lagerplatz_04A06.png" wird auf unter 50% der Originalgröße verkleinert. Die Barcode-Balken werden entsprechend dünner — vor dem vollständigen Lauf unbedingt mit einem echten Scanner testen (siehe README, Abschnitt "Produktionsprüfung").
2026-09-11 15:34:08 [info] Skaliert: lagerplatz_04A07.png  2362x856 -> 977x354 px (41.4% der Originalgröße)
2026-09-11 15:34:08 [warn] "lagerplatz_04A07.png" wird auf unter 50% der Originalgröße verkleinert. Die Barcode-Balken werden entsprechend dünner — vor dem vollständigen Lauf unbedingt mit einem echten Scanner testen (siehe README, Abschnitt "Produktionsprüfung").
2026-09-11 15:34:08 [info] Skaliert: lagerplatz_04A08.png  2362x856 -> 977x354 px (41.4% der Originalgröße)
2026-09-11 15:34:08 [warn] "lagerplatz_04A08.png" wird auf unter 50% der Originalgröße verkleinert. Die Barcode-Balken werden entsprechend dünner — vor dem vollständigen Lauf unbedingt mit einem echten Scanner testen (siehe README, Abschnitt "Produktionsprüfung").
2026-09-11 15:34:08 [info] Skaliert: lagerplatz_04A09.png  2362x856 -> 977x354 px (41.4% der Originalgröße)
2026-09-11 15:34:08 [warn] "lagerplatz_04A09.png" wird auf unter 50% der Originalgröße verkleinert. Die Barcode-Balken werden entsprechend dünner — vor dem vollständigen Lauf unbedingt mit einem echten Scanner testen (siehe README, Abschnitt "Produktionsprüfung").
2026-09-11 15:34:08 [info] Skaliert: lagerplatz_04A10.png  2362x856 -> 977x354 px (41.4% der Originalgröße)
2026-09-11 15:34:08 [warn] "lagerplatz_04A10.png" wird auf unter 50% der Originalgröße verkleinert. Die Barcode-Balken werden entsprechend dünner — vor dem vollständigen Lauf unbedingt mit einem echten Scanner testen (siehe README, Abschnitt "Produktionsprüfung").
2026-09-11 15:34:09 [info] Skaliert: lagerplatz_04A11.png  2362x856 -> 977x354 px (41.4% der Originalgröße)
2026-09-11 15:34:09 [warn] "lagerplatz_04A11.png" wird auf unter 50% der Originalgröße verkleinert. Die Barcode-Balken werden entsprechend dünner — vor dem vollständigen Lauf unbedingt mit einem echten Scanner testen (siehe README, Abschnitt "Produktionsprüfung").
2026-09-11 15:34:09 [info] Skaliert: lagerplatz_04A12.png  2362x856 -> 977x354 px (41.4% der Originalgröße)
2026-09-11 15:34:09 [warn] "lagerplatz_04A12.png" wird auf unter 50% der Originalgröße verkleinert. Die Barcode-Balken werden entsprechend dünner — vor dem vollständigen Lauf unbedingt mit einem echten Scanner testen (siehe README, Abschnitt "Produktionsprüfung").
2026-09-11 15:34:09 [info] Skaliert: lagerplatz_04A13.png  2362x856 -> 977x354 px (41.4% der Originalgröße)
2026-09-11 15:34:09 [warn] "lagerplatz_04A13.png" wird auf unter 50% der Originalgröße verkleinert. Die Barcode-Balken werden entsprechend dünner — vor dem vollständigen Lauf unbedingt mit einem echten Scanner testen (siehe README, Abschnitt "Produktionsprüfung").
2026-09-11 15:34:09 [info] Skaliert: lagerplatz_04A14.png  2362x856 -> 977x354 px (41.4% der Originalgröße)
2026-09-11 15:34:09 [warn] "lagerplatz_04A14.png" wird auf unter 50% der Originalgröße verkleinert. Die Barcode-Balken werden entsprechend dünner — vor dem vollständigen Lauf unbedingt mit einem echten Scanner testen (siehe README, Abschnitt "Produktionsprüfung").
2026-09-11 15:34:09 [info] Skaliert: lagerplatz_04A15.png  2362x856 -> 977x354 px (41.4% der Originalgröße)
2026-09-11 15:34:09 [warn] "lagerplatz_04A15.png" wird auf unter 50% der Originalgröße verkleinert. Die Barcode-Balken werden entsprechend dünner — vor dem vollständigen Lauf unbedingt mit einem echten Scanner testen (siehe README, Abschnitt "Produktionsprüfung").
2026-09-11 15:34:09 [info] Skaliert: lagerplatz_04A16.png  2362x856 -> 977x354 px (41.4% der Originalgröße)
2026-09-11 15:34:09 [warn] "lagerplatz_04A16.png" wird auf unter 50% der Originalgröße verkleinert. Die Barcode-Balken werden entsprechend dünner — vor dem vollständigen Lauf unbedingt mit einem echten Scanner testen (siehe README, Abschnitt "Produktionsprüfung").
2026-09-11 15:34:09 [info] Skaliert: lagerplatz_04A17.png  2362x856 -> 977x354 px (41.4% der Originalgröße)
2026-09-11 15:34:09 [warn] "lagerplatz_04A17.png" wird auf unter 50% der Originalgröße verkleinert. Die Barcode-Balken werden entsprechend dünner — vor dem vollständigen Lauf unbedingt mit einem echten Scanner testen (siehe README, Abschnitt "Produktionsprüfung").
2026-09-11 15:34:09 [info] Skaliert: lagerplatz_04A18.png  2362x856 -> 977x354 px (41.4% der Originalgröße)
2026-09-11 15:34:09 [warn] "lagerplatz_04A18.png" wird auf unter 50% der Originalgröße verkleinert. Die Barcode-Balken werden entsprechend dünner — vor dem vollständigen Lauf unbedingt mit einem echten Scanner testen (siehe README, Abschnitt "Produktionsprüfung").
2026-09-11 15:34:09 [info] Skaliert: lagerplatz_04A19.png  2362x856 -> 977x354 px (41.4% der Originalgröße)
2026-09-11 15:34:09 [warn] "lagerplatz_04A19.png" wird auf unter 50% der Originalgröße verkleinert. Die Barcode-Balken werden entsprechend dünner — vor dem vollständigen Lauf unbedingt mit einem echten Scanner testen (siehe README, Abschnitt "Produktionsprüfung").
2026-09-11 15:34:09 [info] Skaliert: lagerplatz_04A20.png  2362x856 -> 977x354 px (41.4% der Originalgröße)
2026-09-11 15:34:09 [warn] "lagerplatz_04A20.png" wird auf unter 50% der Originalgröße verkleinert. Die Barcode-Balken werden entsprechend dünner — vor dem vollständigen Lauf unbedingt mit einem echten Scanner testen (siehe README, Abschnitt "Produktionsprüfung").
2026-09-11 15:34:09 [info] Skaliert: lagerplatz_04A21.png  2362x856 -> 977x354 px (41.4% der Originalgröße)
2026-09-11 15:34:09 [warn] "lagerplatz_04A21.png" wird auf unter 50% der Originalgröße verkleinert. Die Barcode-Balken werden entsprechend dünner — vor dem vollständigen Lauf unbedingt mit einem echten Scanner testen (siehe README, Abschnitt "Produktionsprüfung").
2026-09-11 15:34:09 [info] Skaliert: lagerplatz_04A22.png  2362x856 -> 977x354 px (41.4% der Originalgröße)
2026-09-11 15:34:09 [warn] "lagerplatz_04A22.png" wird auf unter 50% der Originalgröße verkleinert. Die Barcode-Balken werden entsprechend dünner — vor dem vollständigen Lauf unbedingt mit einem echten Scanner testen (siehe README, Abschnitt "Produktionsprüfung").
2026-09-11 15:34:09 [info] Skaliert: lagerplatz_04B01.png  2362x856 -> 977x354 px (41.4% der Originalgröße)
2026-09-11 15:34:09 [warn] "lagerplatz_04B01.png" wird auf unter 50% der Originalgröße verkleinert. Die Barcode-Balken werden entsprechend dünner — vor dem vollständigen Lauf unbedingt mit einem echten Scanner testen (siehe README, Abschnitt "Produktionsprüfung").
2026-09-11 15:34:09 [info] Skaliert: lagerplatz_04B02.png  2362x856 -> 977x354 px (41.4% der Originalgröße)
2026-09-11 15:34:09 [warn] "lagerplatz_04B02.png" wird auf unter 50% der Originalgröße verkleinert. Die Barcode-Balken werden entsprechend dünner — vor dem vollständigen Lauf unbedingt mit einem echten Scanner testen (siehe README, Abschnitt "Produktionsprüfung").
2026-09-11 15:34:09 [info] Skaliert: lagerplatz_04B03.png  2362x856 -> 977x354 px (41.4% der Originalgröße)
2026-09-11 15:34:09 [warn] "lagerplatz_04B03.png" wird auf unter 50% der Originalgröße verkleinert. Die Barcode-Balken werden entsprechend dünner — vor dem vollständigen Lauf unbedingt mit einem echten Scanner testen (siehe README, Abschnitt "Produktionsprüfung").
2026-09-11 15:34:10 [info] Skaliert: lagerplatz_04B04.png  2362x856 -> 977x354 px (41.4% der Originalgröße)
2026-09-11 15:34:10 [warn] "lagerplatz_04B04.png" wird auf unter 50% der Originalgröße verkleinert. Die Barcode-Balken werden entsprechend dünner — vor dem vollständigen Lauf unbedingt mit einem echten Scanner testen (siehe README, Abschnitt "Produktionsprüfung").
2026-09-11 15:34:10 [info] Skaliert: lagerplatz_04B05.png  2362x856 -> 977x354 px (41.4% der Originalgröße)
2026-09-11 15:34:10 [warn] "lagerplatz_04B05.png" wird auf unter 50% der Originalgröße verkleinert. Die Barcode-Balken werden entsprechend dünner — vor dem vollständigen Lauf unbedingt mit einem echten Scanner testen (siehe README, Abschnitt "Produktionsprüfung").
2026-09-11 15:34:10 [info] Skaliert: lagerplatz_04B06.png  2362x856 -> 977x354 px (41.4% der Originalgröße)
2026-09-11 15:34:10 [warn] "lagerplatz_04B06.png" wird auf unter 50% der Originalgröße verkleinert. Die Barcode-Balken werden entsprechend dünner — vor dem vollständigen Lauf unbedingt mit einem echten Scanner testen (siehe README, Abschnitt "Produktionsprüfung").
2026-09-11 15:34:10 [info] Skaliert: lagerplatz_04B07.png  2362x856 -> 977x354 px (41.4% der Originalgröße)
2026-09-11 15:34:10 [warn] "lagerplatz_04B07.png" wird auf unter 50% der Originalgröße verkleinert. Die Barcode-Balken werden entsprechend dünner — vor dem vollständigen Lauf unbedingt mit einem echten Scanner testen (siehe README, Abschnitt "Produktionsprüfung").
2026-09-11 15:34:10 [info] Skaliert: lagerplatz_04B08.png  2362x856 -> 977x354 px (41.4% der Originalgröße)
2026-09-11 15:34:10 [warn] "lagerplatz_04B08.png" wird auf unter 50% der Originalgröße verkleinert. Die Barcode-Balken werden entsprechend dünner — vor dem vollständigen Lauf unbedingt mit einem echten Scanner testen (siehe README, Abschnitt "Produktionsprüfung").
2026-09-11 15:34:10 [info] Skaliert: lagerplatz_04B09.png  2362x856 -> 977x354 px (41.4% der Originalgröße)
2026-09-11 15:34:10 [warn] "lagerplatz_04B09.png" wird auf unter 50% der Originalgröße verkleinert. Die Barcode-Balken werden entsprechend dünner — vor dem vollständigen Lauf unbedingt mit einem echten Scanner testen (siehe README, Abschnitt "Produktionsprüfung").
2026-09-11 15:34:10 [info] Skaliert: lagerplatz_04B10.png  2362x856 -> 977x354 px (41.4% der Originalgröße)
2026-09-11 15:34:10 [warn] "lagerplatz_04B10.png" wird auf unter 50% der Originalgröße verkleinert. Die Barcode-Balken werden entsprechend dünner — vor dem vollständigen Lauf unbedingt mit einem echten Scanner testen (siehe README, Abschnitt "Produktionsprüfung").
2026-09-11 15:34:10 [info] Skaliert: lagerplatz_04B11.png  2362x856 -> 977x354 px (41.4% der Originalgröße)
2026-09-11 15:34:10 [warn] "lagerplatz_04B11.png" wird auf unter 50% der Originalgröße verkleinert. Die Barcode-Balken werden entsprechend dünner — vor dem vollständigen Lauf unbedingt mit einem echten Scanner testen (siehe README, Abschnitt "Produktionsprüfung").
2026-09-11 15:34:10 [info] Skaliert: lagerplatz_04B12.png  2362x856 -> 977x354 px (41.4% der Originalgröße)
2026-09-11 15:34:10 [warn] "lagerplatz_04B12.png" wird auf unter 50% der Originalgröße verkleinert. Die Barcode-Balken werden entsprechend dünner — vor dem vollständigen Lauf unbedingt mit einem echten Scanner testen (siehe README, Abschnitt "Produktionsprüfung").
2026-09-11 15:34:10 [info] Skaliert: lagerplatz_04B13.png  2362x856 -> 977x354 px (41.4% der Originalgröße)
2026-09-11 15:34:10 [warn] "lagerplatz_04B13.png" wird auf unter 50% der Originalgröße verkleinert. Die Barcode-Balken werden entsprechend dünner — vor dem vollständigen Lauf unbedingt mit einem echten Scanner testen (siehe README, Abschnitt "Produktionsprüfung").
2026-09-11 15:34:10 [info] Skaliert: lagerplatz_04B14.png  2362x856 -> 977x354 px (41.4% der Originalgröße)
2026-09-11 15:34:10 [warn] "lagerplatz_04B14.png" wird auf unter 50% der Originalgröße verkleinert. Die Barcode-Balken werden entsprechend dünner — vor dem vollständigen Lauf unbedingt mit einem echten Scanner testen (siehe README, Abschnitt "Produktionsprüfung").
2026-09-11 15:34:10 [info] Skaliert: lagerplatz_04B15.png  2362x856 -> 977x354 px (41.4% der Originalgröße)
2026-09-11 15:34:10 [warn] "lagerplatz_04B15.png" wird auf unter 50% der Originalgröße verkleinert. Die Barcode-Balken werden entsprechend dünner — vor dem vollständigen Lauf unbedingt mit einem echten Scanner testen (siehe README, Abschnitt "Produktionsprüfung").
2026-09-11 15:34:10 [info] Skaliert: lagerplatz_04B16.png  2362x856 -> 977x354 px (41.4% der Originalgröße)
2026-09-11 15:34:10 [warn] "lagerplatz_04B16.png" wird auf unter 50% der Originalgröße verkleinert. Die Barcode-Balken werden entsprechend dünner — vor dem vollständigen Lauf unbedingt mit einem echten Scanner testen (siehe README, Abschnitt "Produktionsprüfung").
2026-09-11 15:34:10 [info] Skaliert: lagerplatz_04B17.png  2362x856 -> 977x354 px (41.4% der Originalgröße)
2026-09-11 15:34:10 [warn] "lagerplatz_04B17.png" wird auf unter 50% der Originalgröße verkleinert. Die Barcode-Balken werden entsprechend dünner — vor dem vollständigen Lauf unbedingt mit einem echten Scanner testen (siehe README, Abschnitt "Produktionsprüfung").
2026-09-11 15:34:10 [info] Skaliert: lagerplatz_04B18.png  2362x856 -> 977x354 px (41.4% der Originalgröße)
2026-09-11 15:34:10 [warn] "lagerplatz_04B18.png" wird auf unter 50% der Originalgröße verkleinert. Die Barcode-Balken werden entsprechend dünner — vor dem vollständigen Lauf unbedingt mit einem echten Scanner testen (siehe README, Abschnitt "Produktionsprüfung").
2026-09-11 15:34:10 [info] Skaliert: lagerplatz_04B19.png  2362x856 -> 977x354 px (41.4% der Originalgröße)
2026-09-11 15:34:10 [warn] "lagerplatz_04B19.png" wird auf unter 50% der Originalgröße verkleinert. Die Barcode-Balken werden entsprechend dünner — vor dem vollständigen Lauf unbedingt mit einem echten Scanner testen (siehe README, Abschnitt "Produktionsprüfung").
2026-09-11 15:34:10 [info] Skaliert: lagerplatz_04B20.png  2362x856 -> 977x354 px (41.4% der Originalgröße)
2026-09-11 15:34:10 [warn] "lagerplatz_04B20.png" wird auf unter 50% der Originalgröße verkleinert. Die Barcode-Balken werden entsprechend dünner — vor dem vollständigen Lauf unbedingt mit einem echten Scanner testen (siehe README, Abschnitt "Produktionsprüfung").
2026-09-11 15:34:10 [info] Skaliert: lagerplatz_04B21.png  2362x856 -> 977x354 px (41.4% der Originalgröße)
2026-09-11 15:34:10 [warn] "lagerplatz_04B21.png" wird auf unter 50% der Originalgröße verkleinert. Die Barcode-Balken werden entsprechend dünner — vor dem vollständigen Lauf unbedingt mit einem echten Scanner testen (siehe README, Abschnitt "Produktionsprüfung").
2026-09-11 15:34:11 [info] Skaliert: lagerplatz_04B22.png  2362x856 -> 977x354 px (41.4% der Originalgröße)
2026-09-11 15:34:11 [warn] "lagerplatz_04B22.png" wird auf unter 50% der Originalgröße verkleinert. Die Barcode-Balken werden entsprechend dünner — vor dem vollständigen Lauf unbedingt mit einem echten Scanner testen (siehe README, Abschnitt "Produktionsprüfung").
2026-09-11 15:34:11 [info] Skaliert: lagerplatz_04C01.png  2362x856 -> 977x354 px (41.4% der Originalgröße)
2026-09-11 15:34:11 [warn] "lagerplatz_04C01.png" wird auf unter 50% der Originalgröße verkleinert. Die Barcode-Balken werden entsprechend dünner — vor dem vollständigen Lauf unbedingt mit einem echten Scanner testen (siehe README, Abschnitt "Produktionsprüfung").
2026-09-11 15:34:11 [info] Skaliert: lagerplatz_04C02.png  2362x856 -> 977x354 px (41.4% der Originalgröße)
2026-09-11 15:34:11 [warn] "lagerplatz_04C02.png" wird auf unter 50% der Originalgröße verkleinert. Die Barcode-Balken werden entsprechend dünner — vor dem vollständigen Lauf unbedingt mit einem echten Scanner testen (siehe README, Abschnitt "Produktionsprüfung").
2026-09-11 15:34:11 [info] Skaliert: lagerplatz_04C03.png  2362x856 -> 977x354 px (41.4% der Originalgröße)
2026-09-11 15:34:11 [warn] "lagerplatz_04C03.png" wird auf unter 50% der Originalgröße verkleinert. Die Barcode-Balken werden entsprechend dünner — vor dem vollständigen Lauf unbedingt mit einem echten Scanner testen (siehe README, Abschnitt "Produktionsprüfung").
2026-09-11 15:34:11 [info] Skaliert: lagerplatz_04C04.png  2362x856 -> 977x354 px (41.4% der Originalgröße)
2026-09-11 15:34:11 [warn] "lagerplatz_04C04.png" wird auf unter 50% der Originalgröße verkleinert. Die Barcode-Balken werden entsprechend dünner — vor dem vollständigen Lauf unbedingt mit einem echten Scanner testen (siehe README, Abschnitt "Produktionsprüfung").
2026-09-11 15:34:11 [info] Skaliert: lagerplatz_04C05.png  2362x856 -> 977x354 px (41.4% der Originalgröße)
2026-09-11 15:34:11 [warn] "lagerplatz_04C05.png" wird auf unter 50% der Originalgröße verkleinert. Die Barcode-Balken werden entsprechend dünner — vor dem vollständigen Lauf unbedingt mit einem echten Scanner testen (siehe README, Abschnitt "Produktionsprüfung").
2026-09-11 15:34:11 [info] Skaliert: lagerplatz_04C06.png  2362x856 -> 977x354 px (41.4% der Originalgröße)
2026-09-11 15:34:11 [warn] "lagerplatz_04C06.png" wird auf unter 50% der Originalgröße verkleinert. Die Barcode-Balken werden entsprechend dünner — vor dem vollständigen Lauf unbedingt mit einem echten Scanner testen (siehe README, Abschnitt "Produktionsprüfung").
2026-09-11 15:34:11 [info] Skaliert: lagerplatz_04C07.png  2362x856 -> 977x354 px (41.4% der Originalgröße)
2026-09-11 15:34:11 [warn] "lagerplatz_04C07.png" wird auf unter 50% der Originalgröße verkleinert. Die Barcode-Balken werden entsprechend dünner — vor dem vollständigen Lauf unbedingt mit einem echten Scanner testen (siehe README, Abschnitt "Produktionsprüfung").
2026-09-11 15:34:11 [info] Skaliert: lagerplatz_04C08.png  2362x856 -> 977x354 px (41.4% der Originalgröße)
2026-09-11 15:34:11 [warn] "lagerplatz_04C08.png" wird auf unter 50% der Originalgröße verkleinert. Die Barcode-Balken werden entsprechend dünner — vor dem vollständigen Lauf unbedingt mit einem echten Scanner testen (siehe README, Abschnitt "Produktionsprüfung").
2026-09-11 15:34:11 [info] Skaliert: lagerplatz_04C09.png  2362x856 -> 977x354 px (41.4% der Originalgröße)
2026-09-11 15:34:11 [warn] "lagerplatz_04C09.png" wird auf unter 50% der Originalgröße verkleinert. Die Barcode-Balken werden entsprechend dünner — vor dem vollständigen Lauf unbedingt mit einem echten Scanner testen (siehe README, Abschnitt "Produktionsprüfung").
2026-09-11 15:34:11 [info] Skaliert: lagerplatz_04C10.png  2362x856 -> 977x354 px (41.4% der Originalgröße)
2026-09-11 15:34:11 [warn] "lagerplatz_04C10.png" wird auf unter 50% der Originalgröße verkleinert. Die Barcode-Balken werden entsprechend dünner — vor dem vollständigen Lauf unbedingt mit einem echten Scanner testen (siehe README, Abschnitt "Produktionsprüfung").
2026-09-11 15:34:11 [info] Skaliert: lagerplatz_04C11.png  2362x856 -> 977x354 px (41.4% der Originalgröße)
2026-09-11 15:34:11 [warn] "lagerplatz_04C11.png" wird auf unter 50% der Originalgröße verkleinert. Die Barcode-Balken werden entsprechend dünner — vor dem vollständigen Lauf unbedingt mit einem echten Scanner testen (siehe README, Abschnitt "Produktionsprüfung").
2026-09-11 15:34:11 [info] Skaliert: lagerplatz_04C12.png  2362x856 -> 977x354 px (41.4% der Originalgröße)
2026-09-11 15:34:11 [warn] "lagerplatz_04C12.png" wird auf unter 50% der Originalgröße verkleinert. Die Barcode-Balken werden entsprechend dünner — vor dem vollständigen Lauf unbedingt mit einem echten Scanner testen (siehe README, Abschnitt "Produktionsprüfung").
2026-09-11 15:34:11 [info] Skaliert: lagerplatz_04C13.png  2362x856 -> 977x354 px (41.4% der Originalgröße)
2026-09-11 15:34:11 [warn] "lagerplatz_04C13.png" wird auf unter 50% der Originalgröße verkleinert. Die Barcode-Balken werden entsprechend dünner — vor dem vollständigen Lauf unbedingt mit einem echten Scanner testen (siehe README, Abschnitt "Produktionsprüfung").
2026-09-11 15:34:11 [info] Skaliert: lagerplatz_04C14.png  2362x856 -> 977x354 px (41.4% der Originalgröße)
2026-09-11 15:34:11 [warn] "lagerplatz_04C14.png" wird auf unter 50% der Originalgröße verkleinert. Die Barcode-Balken werden entsprechend dünner — vor dem vollständigen Lauf unbedingt mit einem echten Scanner testen (siehe README, Abschnitt "Produktionsprüfung").
2026-09-11 15:34:11 [info] Skaliert: lagerplatz_04C15.png  2362x856 -> 977x354 px (41.4% der Originalgröße)
2026-09-11 15:34:11 [warn] "lagerplatz_04C15.png" wird auf unter 50% der Originalgröße verkleinert. Die Barcode-Balken werden entsprechend dünner — vor dem vollständigen Lauf unbedingt mit einem echten Scanner testen (siehe README, Abschnitt "Produktionsprüfung").
2026-09-11 15:34:11 [info] Skaliert: lagerplatz_04C16.png  2362x856 -> 977x354 px (41.4% der Originalgröße)
2026-09-11 15:34:11 [warn] "lagerplatz_04C16.png" wird auf unter 50% der Originalgröße verkleinert. Die Barcode-Balken werden entsprechend dünner — vor dem vollständigen Lauf unbedingt mit einem echten Scanner testen (siehe README, Abschnitt "Produktionsprüfung").
2026-09-11 15:34:11 [info] Skaliert: lagerplatz_04C17.png  2362x856 -> 977x354 px (41.4% der Originalgröße)
2026-09-11 15:34:11 [warn] "lagerplatz_04C17.png" wird auf unter 50% der Originalgröße verkleinert. Die Barcode-Balken werden entsprechend dünner — vor dem vollständigen Lauf unbedingt mit einem echten Scanner testen (siehe README, Abschnitt "Produktionsprüfung").
2026-09-11 15:34:11 [info] Skaliert: lagerplatz_04C18.png  2362x856 -> 977x354 px (41.4% der Originalgröße)
2026-09-11 15:34:11 [warn] "lagerplatz_04C18.png" wird auf unter 50% der Originalgröße verkleinert. Die Barcode-Balken werden entsprechend dünner — vor dem vollständigen Lauf unbedingt mit einem echten Scanner testen (siehe README, Abschnitt "Produktionsprüfung").
2026-09-11 15:34:12 [info] Skaliert: lagerplatz_04C19.png  2362x856 -> 977x354 px (41.4% der Originalgröße)
2026-09-11 15:34:12 [warn] "lagerplatz_04C19.png" wird auf unter 50% der Originalgröße verkleinert. Die Barcode-Balken werden entsprechend dünner — vor dem vollständigen Lauf unbedingt mit einem echten Scanner testen (siehe README, Abschnitt "Produktionsprüfung").
2026-09-11 15:34:12 [info] Skaliert: lagerplatz_04C20.png  2362x856 -> 977x354 px (41.4% der Originalgröße)
2026-09-11 15:34:12 [warn] "lagerplatz_04C20.png" wird auf unter 50% der Originalgröße verkleinert. Die Barcode-Balken werden entsprechend dünner — vor dem vollständigen Lauf unbedingt mit einem echten Scanner testen (siehe README, Abschnitt "Produktionsprüfung").
2026-09-11 15:34:12 [info] Skaliert: lagerplatz_04C21.png  2362x856 -> 977x354 px (41.4% der Originalgröße)
2026-09-11 15:34:12 [warn] "lagerplatz_04C21.png" wird auf unter 50% der Originalgröße verkleinert. Die Barcode-Balken werden entsprechend dünner — vor dem vollständigen Lauf unbedingt mit einem echten Scanner testen (siehe README, Abschnitt "Produktionsprüfung").
2026-09-11 15:34:12 [info] Skaliert: lagerplatz_04C22.png  2362x856 -> 977x354 px (41.4% der Originalgröße)
2026-09-11 15:34:12 [warn] "lagerplatz_04C22.png" wird auf unter 50% der Originalgröße verkleinert. Die Barcode-Balken werden entsprechend dünner — vor dem vollständigen Lauf unbedingt mit einem echten Scanner testen (siehe README, Abschnitt "Produktionsprüfung").
2026-09-11 15:34:12 [info] Skaliert: lagerplatz_04C23.png  2362x856 -> 977x354 px (41.4% der Originalgröße)
2026-09-11 15:34:12 [warn] "lagerplatz_04C23.png" wird auf unter 50% der Originalgröße verkleinert. Die Barcode-Balken werden entsprechend dünner — vor dem vollständigen Lauf unbedingt mit einem echten Scanner testen (siehe README, Abschnitt "Produktionsprüfung").
2026-09-11 15:34:12 [info] Skaliert: lagerplatz_04C24.png  2362x856 -> 977x354 px (41.4% der Originalgröße)
2026-09-11 15:34:12 [warn] "lagerplatz_04C24.png" wird auf unter 50% der Originalgröße verkleinert. Die Barcode-Balken werden entsprechend dünner — vor dem vollständigen Lauf unbedingt mit einem echten Scanner testen (siehe README, Abschnitt "Produktionsprüfung").
2026-09-11 15:34:12 [info] Skaliert: lagerplatz_04C25.png  2362x856 -> 977x354 px (41.4% der Originalgröße)
2026-09-11 15:34:12 [warn] "lagerplatz_04C25.png" wird auf unter 50% der Originalgröße verkleinert. Die Barcode-Balken werden entsprechend dünner — vor dem vollständigen Lauf unbedingt mit einem echten Scanner testen (siehe README, Abschnitt "Produktionsprüfung").
2026-09-11 15:34:12 [info] Skaliert: lagerplatz_04C26.png  2362x856 -> 977x354 px (41.4% der Originalgröße)
2026-09-11 15:34:12 [warn] "lagerplatz_04C26.png" wird auf unter 50% der Originalgröße verkleinert. Die Barcode-Balken werden entsprechend dünner — vor dem vollständigen Lauf unbedingt mit einem echten Scanner testen (siehe README, Abschnitt "Produktionsprüfung").
2026-09-11 15:34:12 [info] Skaliert: lagerplatz_04C27.png  2362x856 -> 977x354 px (41.4% der Originalgröße)
2026-09-11 15:34:12 [warn] "lagerplatz_04C27.png" wird auf unter 50% der Originalgröße verkleinert. Die Barcode-Balken werden entsprechend dünner — vor dem vollständigen Lauf unbedingt mit einem echten Scanner testen (siehe README, Abschnitt "Produktionsprüfung").
2026-09-11 15:34:12 [info] Skaliert: lagerplatz_04C28.png  2362x856 -> 977x354 px (41.4% der Originalgröße)
2026-09-11 15:34:12 [warn] "lagerplatz_04C28.png" wird auf unter 50% der Originalgröße verkleinert. Die Barcode-Balken werden entsprechend dünner — vor dem vollständigen Lauf unbedingt mit einem echten Scanner testen (siehe README, Abschnitt "Produktionsprüfung").
2026-09-11 15:34:12 [info] Skaliert: lagerplatz_04C29.png  2362x856 -> 977x354 px (41.4% der Originalgröße)
2026-09-11 15:34:12 [warn] "lagerplatz_04C29.png" wird auf unter 50% der Originalgröße verkleinert. Die Barcode-Balken werden entsprechend dünner — vor dem vollständigen Lauf unbedingt mit einem echten Scanner testen (siehe README, Abschnitt "Produktionsprüfung").
2026-09-11 15:34:12 [info] Skaliert: lagerplatz_04C30.png  2362x856 -> 977x354 px (41.4% der Originalgröße)
2026-09-11 15:34:12 [warn] "lagerplatz_04C30.png" wird auf unter 50% der Originalgröße verkleinert. Die Barcode-Balken werden entsprechend dünner — vor dem vollständigen Lauf unbedingt mit einem echten Scanner testen (siehe README, Abschnitt "Produktionsprüfung").
2026-09-11 15:34:12 [info] Skaliert: lagerplatz_04C31.png  2362x856 -> 977x354 px (41.4% der Originalgröße)
2026-09-11 15:34:12 [warn] "lagerplatz_04C31.png" wird auf unter 50% der Originalgröße verkleinert. Die Barcode-Balken werden entsprechend dünner — vor dem vollständigen Lauf unbedingt mit einem echten Scanner testen (siehe README, Abschnitt "Produktionsprüfung").
2026-09-11 15:34:12 [info] Skaliert: lagerplatz_04C32.png  2362x856 -> 977x354 px (41.4% der Originalgröße)
2026-09-11 15:34:12 [warn] "lagerplatz_04C32.png" wird auf unter 50% der Originalgröße verkleinert. Die Barcode-Balken werden entsprechend dünner — vor dem vollständigen Lauf unbedingt mit einem echten Scanner testen (siehe README, Abschnitt "Produktionsprüfung").
2026-09-11 15:34:12 [info] Skaliert: lagerplatz_04C33.png  2362x856 -> 977x354 px (41.4% der Originalgröße)
2026-09-11 15:34:12 [warn] "lagerplatz_04C33.png" wird auf unter 50% der Originalgröße verkleinert. Die Barcode-Balken werden entsprechend dünner — vor dem vollständigen Lauf unbedingt mit einem echten Scanner testen (siehe README, Abschnitt "Produktionsprüfung").
2026-09-11 15:34:12 [info] Fertig. 77 skaliert, 0 übersprungen, 77 mit Größenwarnung. {"gesamtDauerMs":4444}
