2026-09-11 15:15:28 [info] Log-Datei: C:\Lager\lager-barcode-generator\log\skalieren_20260911_151528_023.log
2026-09-11 15:15:28 [info] Zielhöhe: 30 mm @ 300 DPI = 354 px
2026-09-11 15:15:28 [info] 77 Datei(en) werden verarbeitet.
2026-09-11 15:15:28 [error] Fehler bei lagerplatz_01A01.png: UNKNOWN: unknown error, open 'C:\Lager\lager-barcode-generator\output\skaliert\lagerplatz_01A01.png'
2026-09-11 15:15:28 [info] Skaliert: lagerplatz_01A02.png  2362x856 -> 977x354 px (41.4% der Originalgröße)
2026-09-11 15:15:28 [warn] "lagerplatz_01A02.png" wird auf unter 50% der Originalgröße verkleinert. Die Barcode-Balken werden entsprechend dünner — vor dem vollständigen Lauf unbedingt mit einem echten Scanner testen (siehe README, Abschnitt "Produktionsprüfung").
2026-09-11 15:15:28 [info] Skaliert: lagerplatz_01A03.png  2362x856 -> 977x354 px (41.4% der Originalgröße)
2026-09-11 15:15:28 [warn] "lagerplatz_01A03.png" wird auf unter 50% der Originalgröße verkleinert. Die Barcode-Balken werden entsprechend dünner — vor dem vollständigen Lauf unbedingt mit einem echten Scanner testen (siehe README, Abschnitt "Produktionsprüfung").
2026-09-11 15:15:28 [info] Skaliert: lagerplatz_01A04.png  2362x856 -> 977x354 px (41.4% der Originalgröße)
2026-09-11 15:15:28 [warn] "lagerplatz_01A04.png" wird auf unter 50% der Originalgröße verkleinert. Die Barcode-Balken werden entsprechend dünner — vor dem vollständigen Lauf unbedingt mit einem echten Scanner testen (siehe README, Abschnitt "Produktionsprüfung").
2026-09-11 15:15:28 [info] Skaliert: lagerplatz_01A05.png  2362x856 -> 977x354 px (41.4% der Originalgröße)
2026-09-11 15:15:28 [warn] "lagerplatz_01A05.png" wird auf unter 50% der Originalgröße verkleinert. Die Barcode-Balken werden entsprechend dünner — vor dem vollständigen Lauf unbedingt mit einem echten Scanner testen (siehe README, Abschnitt "Produktionsprüfung").
2026-09-11 15:15:28 [info] Skaliert: lagerplatz_01A06.png  2362x856 -> 977x354 px (41.4% der Originalgröße)
2026-09-11 15:15:28 [warn] "lagerplatz_01A06.png" wird auf unter 50% der Originalgröße verkleinert. Die Barcode-Balken werden entsprechend dünner — vor dem vollständigen Lauf unbedingt mit einem echten Scanner testen (siehe README, Abschnitt "Produktionsprüfung").
2026-09-11 15:15:28 [info] Skaliert: lagerplatz_01A07.png  2362x856 -> 977x354 px (41.4% der Originalgröße)
2026-09-11 15:15:28 [warn] "lagerplatz_01A07.png" wird auf unter 50% der Originalgröße verkleinert. Die Barcode-Balken werden entsprechend dünner — vor dem vollständigen Lauf unbedingt mit einem echten Scanner testen (siehe README, Abschnitt "Produktionsprüfung").
2026-09-11 15:15:28 [info] Skaliert: lagerplatz_01A08.png  2362x856 -> 977x354 px (41.4% der Originalgröße)
2026-09-11 15:15:28 [warn] "lagerplatz_01A08.png" wird auf unter 50% der Originalgröße verkleinert. Die Barcode-Balken werden entsprechend dünner — vor dem vollständigen Lauf unbedingt mit einem echten Scanner testen (siehe README, Abschnitt "Produktionsprüfung").
2026-09-11 15:15:28 [info] Skaliert: lagerplatz_01A09.png  2362x856 -> 977x354 px (41.4% der Originalgröße)
2026-09-11 15:15:28 [warn] "lagerplatz_01A09.png" wird auf unter 50% der Originalgröße verkleinert. Die Barcode-Balken werden entsprechend dünner — vor dem vollständigen Lauf unbedingt mit einem echten Scanner testen (siehe README, Abschnitt "Produktionsprüfung").
2026-09-11 15:15:28 [info] Skaliert: lagerplatz_01A10.png  2362x856 -> 977x354 px (41.4% der Originalgröße)
2026-09-11 15:15:28 [warn] "lagerplatz_01A10.png" wird auf unter 50% der Originalgröße verkleinert. Die Barcode-Balken werden entsprechend dünner — vor dem vollständigen Lauf unbedingt mit einem echten Scanner testen (siehe README, Abschnitt "Produktionsprüfung").
2026-09-11 15:15:28 [info] Skaliert: lagerplatz_01A11.png  2362x856 -> 977x354 px (41.4% der Originalgröße)
2026-09-11 15:15:28 [warn] "lagerplatz_01A11.png" wird auf unter 50% der Originalgröße verkleinert. Die Barcode-Balken werden entsprechend dünner — vor dem vollständigen Lauf unbedingt mit einem echten Scanner testen (siehe README, Abschnitt "Produktionsprüfung").
2026-09-11 15:15:29 [info] Skaliert: lagerplatz_01A12.png  2362x856 -> 977x354 px (41.4% der Originalgröße)
2026-09-11 15:15:29 [warn] "lagerplatz_01A12.png" wird auf unter 50% der Originalgröße verkleinert. Die Barcode-Balken werden entsprechend dünner — vor dem vollständigen Lauf unbedingt mit einem echten Scanner testen (siehe README, Abschnitt "Produktionsprüfung").
2026-09-11 15:15:29 [info] Skaliert: lagerplatz_01A13.png  2362x856 -> 977x354 px (41.4% der Originalgröße)
2026-09-11 15:15:29 [warn] "lagerplatz_01A13.png" wird auf unter 50% der Originalgröße verkleinert. Die Barcode-Balken werden entsprechend dünner — vor dem vollständigen Lauf unbedingt mit einem echten Scanner testen (siehe README, Abschnitt "Produktionsprüfung").
2026-09-11 15:15:29 [info] Skaliert: lagerplatz_01A14.png  2362x856 -> 977x354 px (41.4% der Originalgröße)
2026-09-11 15:15:29 [warn] "lagerplatz_01A14.png" wird auf unter 50% der Originalgröße verkleinert. Die Barcode-Balken werden entsprechend dünner — vor dem vollständigen Lauf unbedingt mit einem echten Scanner testen (siehe README, Abschnitt "Produktionsprüfung").
2026-09-11 15:15:29 [info] Skaliert: lagerplatz_01A15.png  2362x856 -> 977x354 px (41.4% der Originalgröße)
2026-09-11 15:15:29 [warn] "lagerplatz_01A15.png" wird auf unter 50% der Originalgröße verkleinert. Die Barcode-Balken werden entsprechend dünner — vor dem vollständigen Lauf unbedingt mit einem echten Scanner testen (siehe README, Abschnitt "Produktionsprüfung").
2026-09-11 15:15:29 [info] Skaliert: lagerplatz_01A16.png  2362x856 -> 977x354 px (41.4% der Originalgröße)
2026-09-11 15:15:29 [warn] "lagerplatz_01A16.png" wird auf unter 50% der Originalgröße verkleinert. Die Barcode-Balken werden entsprechend dünner — vor dem vollständigen Lauf unbedingt mit einem echten Scanner testen (siehe README, Abschnitt "Produktionsprüfung").
2026-09-11 15:15:29 [info] Skaliert: lagerplatz_01A17.png  2362x856 -> 977x354 px (41.4% der Originalgröße)
2026-09-11 15:15:29 [warn] "lagerplatz_01A17.png" wird auf unter 50% der Originalgröße verkleinert. Die Barcode-Balken werden entsprechend dünner — vor dem vollständigen Lauf unbedingt mit einem echten Scanner testen (siehe README, Abschnitt "Produktionsprüfung").
2026-09-11 15:15:29 [info] Skaliert: lagerplatz_01A18.png  2362x856 -> 977x354 px (41.4% der Originalgröße)
2026-09-11 15:15:29 [warn] "lagerplatz_01A18.png" wird auf unter 50% der Originalgröße verkleinert. Die Barcode-Balken werden entsprechend dünner — vor dem vollständigen Lauf unbedingt mit einem echten Scanner testen (siehe README, Abschnitt "Produktionsprüfung").
2026-09-11 15:15:29 [info] Skaliert: lagerplatz_01A19.png  2362x856 -> 977x354 px (41.4% der Originalgröße)
2026-09-11 15:15:29 [warn] "lagerplatz_01A19.png" wird auf unter 50% der Originalgröße verkleinert. Die Barcode-Balken werden entsprechend dünner — vor dem vollständigen Lauf unbedingt mit einem echten Scanner testen (siehe README, Abschnitt "Produktionsprüfung").
2026-09-11 15:15:29 [info] Skaliert: lagerplatz_01A20.png  2362x856 -> 977x354 px (41.4% der Originalgröße)
2026-09-11 15:15:29 [warn] "lagerplatz_01A20.png" wird auf unter 50% der Originalgröße verkleinert. Die Barcode-Balken werden entsprechend dünner — vor dem vollständigen Lauf unbedingt mit einem echten Scanner testen (siehe README, Abschnitt "Produktionsprüfung").
2026-09-11 15:15:29 [info] Skaliert: lagerplatz_01A21.png  2362x856 -> 977x354 px (41.4% der Originalgröße)
2026-09-11 15:15:29 [warn] "lagerplatz_01A21.png" wird auf unter 50% der Originalgröße verkleinert. Die Barcode-Balken werden entsprechend dünner — vor dem vollständigen Lauf unbedingt mit einem echten Scanner testen (siehe README, Abschnitt "Produktionsprüfung").
2026-09-11 15:15:30 [info] Skaliert: lagerplatz_01A22.png  2362x856 -> 977x354 px (41.4% der Originalgröße)
2026-09-11 15:15:30 [warn] "lagerplatz_01A22.png" wird auf unter 50% der Originalgröße verkleinert. Die Barcode-Balken werden entsprechend dünner — vor dem vollständigen Lauf unbedingt mit einem echten Scanner testen (siehe README, Abschnitt "Produktionsprüfung").
2026-09-11 15:15:30 [info] Skaliert: lagerplatz_01B01.png  2362x856 -> 977x354 px (41.4% der Originalgröße)
2026-09-11 15:15:30 [warn] "lagerplatz_01B01.png" wird auf unter 50% der Originalgröße verkleinert. Die Barcode-Balken werden entsprechend dünner — vor dem vollständigen Lauf unbedingt mit einem echten Scanner testen (siehe README, Abschnitt "Produktionsprüfung").
2026-09-11 15:15:30 [info] Skaliert: lagerplatz_01B02.png  2362x856 -> 977x354 px (41.4% der Originalgröße)
2026-09-11 15:15:30 [warn] "lagerplatz_01B02.png" wird auf unter 50% der Originalgröße verkleinert. Die Barcode-Balken werden entsprechend dünner — vor dem vollständigen Lauf unbedingt mit einem echten Scanner testen (siehe README, Abschnitt "Produktionsprüfung").
2026-09-11 15:15:30 [info] Skaliert: lagerplatz_01B03.png  2362x856 -> 977x354 px (41.4% der Originalgröße)
2026-09-11 15:15:30 [warn] "lagerplatz_01B03.png" wird auf unter 50% der Originalgröße verkleinert. Die Barcode-Balken werden entsprechend dünner — vor dem vollständigen Lauf unbedingt mit einem echten Scanner testen (siehe README, Abschnitt "Produktionsprüfung").
2026-09-11 15:15:30 [info] Skaliert: lagerplatz_01B04.png  2362x856 -> 977x354 px (41.4% der Originalgröße)
2026-09-11 15:15:30 [warn] "lagerplatz_01B04.png" wird auf unter 50% der Originalgröße verkleinert. Die Barcode-Balken werden entsprechend dünner — vor dem vollständigen Lauf unbedingt mit einem echten Scanner testen (siehe README, Abschnitt "Produktionsprüfung").
2026-09-11 15:15:30 [info] Skaliert: lagerplatz_01B05.png  2362x856 -> 977x354 px (41.4% der Originalgröße)
2026-09-11 15:15:30 [warn] "lagerplatz_01B05.png" wird auf unter 50% der Originalgröße verkleinert. Die Barcode-Balken werden entsprechend dünner — vor dem vollständigen Lauf unbedingt mit einem echten Scanner testen (siehe README, Abschnitt "Produktionsprüfung").
2026-09-11 15:15:30 [info] Skaliert: lagerplatz_01B06.png  2362x856 -> 977x354 px (41.4% der Originalgröße)
2026-09-11 15:15:30 [warn] "lagerplatz_01B06.png" wird auf unter 50% der Originalgröße verkleinert. Die Barcode-Balken werden entsprechend dünner — vor dem vollständigen Lauf unbedingt mit einem echten Scanner testen (siehe README, Abschnitt "Produktionsprüfung").
2026-09-11 15:15:30 [info] Skaliert: lagerplatz_01B07.png  2362x856 -> 977x354 px (41.4% der Originalgröße)
2026-09-11 15:15:30 [warn] "lagerplatz_01B07.png" wird auf unter 50% der Originalgröße verkleinert. Die Barcode-Balken werden entsprechend dünner — vor dem vollständigen Lauf unbedingt mit einem echten Scanner testen (siehe README, Abschnitt "Produktionsprüfung").
2026-09-11 15:15:30 [info] Skaliert: lagerplatz_01B08.png  2362x856 -> 977x354 px (41.4% der Originalgröße)
2026-09-11 15:15:30 [warn] "lagerplatz_01B08.png" wird auf unter 50% der Originalgröße verkleinert. Die Barcode-Balken werden entsprechend dünner — vor dem vollständigen Lauf unbedingt mit einem echten Scanner testen (siehe README, Abschnitt "Produktionsprüfung").
2026-09-11 15:15:30 [info] Skaliert: lagerplatz_01B09.png  2362x856 -> 977x354 px (41.4% der Originalgröße)
2026-09-11 15:15:30 [warn] "lagerplatz_01B09.png" wird auf unter 50% der Originalgröße verkleinert. Die Barcode-Balken werden entsprechend dünner — vor dem vollständigen Lauf unbedingt mit einem echten Scanner testen (siehe README, Abschnitt "Produktionsprüfung").
2026-09-11 15:15:30 [info] Skaliert: lagerplatz_01B10.png  2362x856 -> 977x354 px (41.4% der Originalgröße)
2026-09-11 15:15:30 [warn] "lagerplatz_01B10.png" wird auf unter 50% der Originalgröße verkleinert. Die Barcode-Balken werden entsprechend dünner — vor dem vollständigen Lauf unbedingt mit einem echten Scanner testen (siehe README, Abschnitt "Produktionsprüfung").
2026-09-11 15:15:31 [info] Skaliert: lagerplatz_01B11.png  2362x856 -> 977x354 px (41.4% der Originalgröße)
2026-09-11 15:15:31 [warn] "lagerplatz_01B11.png" wird auf unter 50% der Originalgröße verkleinert. Die Barcode-Balken werden entsprechend dünner — vor dem vollständigen Lauf unbedingt mit einem echten Scanner testen (siehe README, Abschnitt "Produktionsprüfung").
2026-09-11 15:15:31 [info] Skaliert: lagerplatz_01B12.png  2362x856 -> 977x354 px (41.4% der Originalgröße)
2026-09-11 15:15:31 [warn] "lagerplatz_01B12.png" wird auf unter 50% der Originalgröße verkleinert. Die Barcode-Balken werden entsprechend dünner — vor dem vollständigen Lauf unbedingt mit einem echten Scanner testen (siehe README, Abschnitt "Produktionsprüfung").
2026-09-11 15:15:31 [info] Skaliert: lagerplatz_01B13.png  2362x856 -> 977x354 px (41.4% der Originalgröße)
2026-09-11 15:15:31 [warn] "lagerplatz_01B13.png" wird auf unter 50% der Originalgröße verkleinert. Die Barcode-Balken werden entsprechend dünner — vor dem vollständigen Lauf unbedingt mit einem echten Scanner testen (siehe README, Abschnitt "Produktionsprüfung").
2026-09-11 15:15:31 [info] Skaliert: lagerplatz_01B14.png  2362x856 -> 977x354 px (41.4% der Originalgröße)
2026-09-11 15:15:31 [warn] "lagerplatz_01B14.png" wird auf unter 50% der Originalgröße verkleinert. Die Barcode-Balken werden entsprechend dünner — vor dem vollständigen Lauf unbedingt mit einem echten Scanner testen (siehe README, Abschnitt "Produktionsprüfung").
2026-09-11 15:15:31 [info] Skaliert: lagerplatz_01B15.png  2362x856 -> 977x354 px (41.4% der Originalgröße)
2026-09-11 15:15:31 [warn] "lagerplatz_01B15.png" wird auf unter 50% der Originalgröße verkleinert. Die Barcode-Balken werden entsprechend dünner — vor dem vollständigen Lauf unbedingt mit einem echten Scanner testen (siehe README, Abschnitt "Produktionsprüfung").
2026-09-11 15:15:31 [info] Skaliert: lagerplatz_01B16.png  2362x856 -> 977x354 px (41.4% der Originalgröße)
2026-09-11 15:15:31 [warn] "lagerplatz_01B16.png" wird auf unter 50% der Originalgröße verkleinert. Die Barcode-Balken werden entsprechend dünner — vor dem vollständigen Lauf unbedingt mit einem echten Scanner testen (siehe README, Abschnitt "Produktionsprüfung").
2026-09-11 15:15:31 [info] Skaliert: lagerplatz_01B17.png  2362x856 -> 977x354 px (41.4% der Originalgröße)
2026-09-11 15:15:31 [warn] "lagerplatz_01B17.png" wird auf unter 50% der Originalgröße verkleinert. Die Barcode-Balken werden entsprechend dünner — vor dem vollständigen Lauf unbedingt mit einem echten Scanner testen (siehe README, Abschnitt "Produktionsprüfung").
2026-09-11 15:15:31 [info] Skaliert: lagerplatz_01B18.png  2362x856 -> 977x354 px (41.4% der Originalgröße)
2026-09-11 15:15:31 [warn] "lagerplatz_01B18.png" wird auf unter 50% der Originalgröße verkleinert. Die Barcode-Balken werden entsprechend dünner — vor dem vollständigen Lauf unbedingt mit einem echten Scanner testen (siehe README, Abschnitt "Produktionsprüfung").
2026-09-11 15:15:31 [info] Skaliert: lagerplatz_01B19.png  2362x856 -> 977x354 px (41.4% der Originalgröße)
2026-09-11 15:15:31 [warn] "lagerplatz_01B19.png" wird auf unter 50% der Originalgröße verkleinert. Die Barcode-Balken werden entsprechend dünner — vor dem vollständigen Lauf unbedingt mit einem echten Scanner testen (siehe README, Abschnitt "Produktionsprüfung").
2026-09-11 15:15:31 [info] Skaliert: lagerplatz_01B20.png  2362x856 -> 977x354 px (41.4% der Originalgröße)
2026-09-11 15:15:31 [warn] "lagerplatz_01B20.png" wird auf unter 50% der Originalgröße verkleinert. Die Barcode-Balken werden entsprechend dünner — vor dem vollständigen Lauf unbedingt mit einem echten Scanner testen (siehe README, Abschnitt "Produktionsprüfung").
2026-09-11 15:15:31 [info] Skaliert: lagerplatz_01B21.png  2362x856 -> 977x354 px (41.4% der Originalgröße)
2026-09-11 15:15:31 [warn] "lagerplatz_01B21.png" wird auf unter 50% der Originalgröße verkleinert. Die Barcode-Balken werden entsprechend dünner — vor dem vollständigen Lauf unbedingt mit einem echten Scanner testen (siehe README, Abschnitt "Produktionsprüfung").
2026-09-11 15:15:31 [info] Skaliert: lagerplatz_01B22.png  2362x856 -> 977x354 px (41.4% der Originalgröße)
2026-09-11 15:15:31 [warn] "lagerplatz_01B22.png" wird auf unter 50% der Originalgröße verkleinert. Die Barcode-Balken werden entsprechend dünner — vor dem vollständigen Lauf unbedingt mit einem echten Scanner testen (siehe README, Abschnitt "Produktionsprüfung").
2026-09-11 15:15:31 [info] Skaliert: lagerplatz_01C01.png  2362x856 -> 977x354 px (41.4% der Originalgröße)
2026-09-11 15:15:31 [warn] "lagerplatz_01C01.png" wird auf unter 50% der Originalgröße verkleinert. Die Barcode-Balken werden entsprechend dünner — vor dem vollständigen Lauf unbedingt mit einem echten Scanner testen (siehe README, Abschnitt "Produktionsprüfung").
2026-09-11 15:15:31 [info] Skaliert: lagerplatz_01C02.png  2362x856 -> 977x354 px (41.4% der Originalgröße)
2026-09-11 15:15:31 [warn] "lagerplatz_01C02.png" wird auf unter 50% der Originalgröße verkleinert. Die Barcode-Balken werden entsprechend dünner — vor dem vollständigen Lauf unbedingt mit einem echten Scanner testen (siehe README, Abschnitt "Produktionsprüfung").
2026-09-11 15:15:31 [info] Skaliert: lagerplatz_01C03.png  2362x856 -> 977x354 px (41.4% der Originalgröße)
2026-09-11 15:15:31 [warn] "lagerplatz_01C03.png" wird auf unter 50% der Originalgröße verkleinert. Die Barcode-Balken werden entsprechend dünner — vor dem vollständigen Lauf unbedingt mit einem echten Scanner testen (siehe README, Abschnitt "Produktionsprüfung").
2026-09-11 15:15:31 [info] Skaliert: lagerplatz_01C04.png  2362x856 -> 977x354 px (41.4% der Originalgröße)
2026-09-11 15:15:31 [warn] "lagerplatz_01C04.png" wird auf unter 50% der Originalgröße verkleinert. Die Barcode-Balken werden entsprechend dünner — vor dem vollständigen Lauf unbedingt mit einem echten Scanner testen (siehe README, Abschnitt "Produktionsprüfung").
2026-09-11 15:15:32 [info] Skaliert: lagerplatz_01C05.png  2362x856 -> 977x354 px (41.4% der Originalgröße)
2026-09-11 15:15:32 [warn] "lagerplatz_01C05.png" wird auf unter 50% der Originalgröße verkleinert. Die Barcode-Balken werden entsprechend dünner — vor dem vollständigen Lauf unbedingt mit einem echten Scanner testen (siehe README, Abschnitt "Produktionsprüfung").
2026-09-11 15:15:32 [info] Skaliert: lagerplatz_01C06.png  2362x856 -> 977x354 px (41.4% der Originalgröße)
2026-09-11 15:15:32 [warn] "lagerplatz_01C06.png" wird auf unter 50% der Originalgröße verkleinert. Die Barcode-Balken werden entsprechend dünner — vor dem vollständigen Lauf unbedingt mit einem echten Scanner testen (siehe README, Abschnitt "Produktionsprüfung").
2026-09-11 15:15:32 [info] Skaliert: lagerplatz_01C07.png  2362x856 -> 977x354 px (41.4% der Originalgröße)
2026-09-11 15:15:32 [warn] "lagerplatz_01C07.png" wird auf unter 50% der Originalgröße verkleinert. Die Barcode-Balken werden entsprechend dünner — vor dem vollständigen Lauf unbedingt mit einem echten Scanner testen (siehe README, Abschnitt "Produktionsprüfung").
2026-09-11 15:15:32 [info] Skaliert: lagerplatz_01C08.png  2362x856 -> 977x354 px (41.4% der Originalgröße)
2026-09-11 15:15:32 [warn] "lagerplatz_01C08.png" wird auf unter 50% der Originalgröße verkleinert. Die Barcode-Balken werden entsprechend dünner — vor dem vollständigen Lauf unbedingt mit einem echten Scanner testen (siehe README, Abschnitt "Produktionsprüfung").
2026-09-11 15:15:32 [info] Skaliert: lagerplatz_01C09.png  2362x856 -> 977x354 px (41.4% der Originalgröße)
2026-09-11 15:15:32 [warn] "lagerplatz_01C09.png" wird auf unter 50% der Originalgröße verkleinert. Die Barcode-Balken werden entsprechend dünner — vor dem vollständigen Lauf unbedingt mit einem echten Scanner testen (siehe README, Abschnitt "Produktionsprüfung").
2026-09-11 15:15:32 [info] Skaliert: lagerplatz_01C10.png  2362x856 -> 977x354 px (41.4% der Originalgröße)
2026-09-11 15:15:32 [warn] "lagerplatz_01C10.png" wird auf unter 50% der Originalgröße verkleinert. Die Barcode-Balken werden entsprechend dünner — vor dem vollständigen Lauf unbedingt mit einem echten Scanner testen (siehe README, Abschnitt "Produktionsprüfung").
2026-09-11 15:15:32 [info] Skaliert: lagerplatz_01C11.png  2362x856 -> 977x354 px (41.4% der Originalgröße)
2026-09-11 15:15:32 [warn] "lagerplatz_01C11.png" wird auf unter 50% der Originalgröße verkleinert. Die Barcode-Balken werden entsprechend dünner — vor dem vollständigen Lauf unbedingt mit einem echten Scanner testen (siehe README, Abschnitt "Produktionsprüfung").
2026-09-11 15:15:32 [info] Skaliert: lagerplatz_01C12.png  2362x856 -> 977x354 px (41.4% der Originalgröße)
2026-09-11 15:15:32 [warn] "lagerplatz_01C12.png" wird auf unter 50% der Originalgröße verkleinert. Die Barcode-Balken werden entsprechend dünner — vor dem vollständigen Lauf unbedingt mit einem echten Scanner testen (siehe README, Abschnitt "Produktionsprüfung").
2026-09-11 15:15:32 [info] Skaliert: lagerplatz_01C13.png  2362x856 -> 977x354 px (41.4% der Originalgröße)
2026-09-11 15:15:32 [warn] "lagerplatz_01C13.png" wird auf unter 50% der Originalgröße verkleinert. Die Barcode-Balken werden entsprechend dünner — vor dem vollständigen Lauf unbedingt mit einem echten Scanner testen (siehe README, Abschnitt "Produktionsprüfung").
2026-09-11 15:15:32 [info] Skaliert: lagerplatz_01C14.png  2362x856 -> 977x354 px (41.4% der Originalgröße)
2026-09-11 15:15:32 [warn] "lagerplatz_01C14.png" wird auf unter 50% der Originalgröße verkleinert. Die Barcode-Balken werden entsprechend dünner — vor dem vollständigen Lauf unbedingt mit einem echten Scanner testen (siehe README, Abschnitt "Produktionsprüfung").
2026-09-11 15:15:32 [info] Skaliert: lagerplatz_01C15.png  2362x856 -> 977x354 px (41.4% der Originalgröße)
2026-09-11 15:15:32 [warn] "lagerplatz_01C15.png" wird auf unter 50% der Originalgröße verkleinert. Die Barcode-Balken werden entsprechend dünner — vor dem vollständigen Lauf unbedingt mit einem echten Scanner testen (siehe README, Abschnitt "Produktionsprüfung").
2026-09-11 15:15:32 [info] Skaliert: lagerplatz_01C16.png  2362x856 -> 977x354 px (41.4% der Originalgröße)
2026-09-11 15:15:32 [warn] "lagerplatz_01C16.png" wird auf unter 50% der Originalgröße verkleinert. Die Barcode-Balken werden entsprechend dünner — vor dem vollständigen Lauf unbedingt mit einem echten Scanner testen (siehe README, Abschnitt "Produktionsprüfung").
2026-09-11 15:15:32 [info] Skaliert: lagerplatz_01C17.png  2362x856 -> 977x354 px (41.4% der Originalgröße)
2026-09-11 15:15:32 [warn] "lagerplatz_01C17.png" wird auf unter 50% der Originalgröße verkleinert. Die Barcode-Balken werden entsprechend dünner — vor dem vollständigen Lauf unbedingt mit einem echten Scanner testen (siehe README, Abschnitt "Produktionsprüfung").
2026-09-11 15:15:32 [info] Skaliert: lagerplatz_01C18.png  2362x856 -> 977x354 px (41.4% der Originalgröße)
2026-09-11 15:15:32 [warn] "lagerplatz_01C18.png" wird auf unter 50% der Originalgröße verkleinert. Die Barcode-Balken werden entsprechend dünner — vor dem vollständigen Lauf unbedingt mit einem echten Scanner testen (siehe README, Abschnitt "Produktionsprüfung").
2026-09-11 15:15:33 [info] Skaliert: lagerplatz_01C19.png  2362x856 -> 977x354 px (41.4% der Originalgröße)
2026-09-11 15:15:33 [warn] "lagerplatz_01C19.png" wird auf unter 50% der Originalgröße verkleinert. Die Barcode-Balken werden entsprechend dünner — vor dem vollständigen Lauf unbedingt mit einem echten Scanner testen (siehe README, Abschnitt "Produktionsprüfung").
2026-09-11 15:15:33 [info] Skaliert: lagerplatz_01C20.png  2362x856 -> 977x354 px (41.4% der Originalgröße)
2026-09-11 15:15:33 [warn] "lagerplatz_01C20.png" wird auf unter 50% der Originalgröße verkleinert. Die Barcode-Balken werden entsprechend dünner — vor dem vollständigen Lauf unbedingt mit einem echten Scanner testen (siehe README, Abschnitt "Produktionsprüfung").
2026-09-11 15:15:33 [info] Skaliert: lagerplatz_01C21.png  2362x856 -> 977x354 px (41.4% der Originalgröße)
2026-09-11 15:15:33 [warn] "lagerplatz_01C21.png" wird auf unter 50% der Originalgröße verkleinert. Die Barcode-Balken werden entsprechend dünner — vor dem vollständigen Lauf unbedingt mit einem echten Scanner testen (siehe README, Abschnitt "Produktionsprüfung").
2026-09-11 15:15:33 [info] Skaliert: lagerplatz_01C22.png  2362x856 -> 977x354 px (41.4% der Originalgröße)
2026-09-11 15:15:33 [warn] "lagerplatz_01C22.png" wird auf unter 50% der Originalgröße verkleinert. Die Barcode-Balken werden entsprechend dünner — vor dem vollständigen Lauf unbedingt mit einem echten Scanner testen (siehe README, Abschnitt "Produktionsprüfung").
2026-09-11 15:15:33 [info] Skaliert: lagerplatz_01C23.png  2362x856 -> 977x354 px (41.4% der Originalgröße)
2026-09-11 15:15:33 [warn] "lagerplatz_01C23.png" wird auf unter 50% der Originalgröße verkleinert. Die Barcode-Balken werden entsprechend dünner — vor dem vollständigen Lauf unbedingt mit einem echten Scanner testen (siehe README, Abschnitt "Produktionsprüfung").
2026-09-11 15:15:33 [info] Skaliert: lagerplatz_01C24.png  2362x856 -> 977x354 px (41.4% der Originalgröße)
2026-09-11 15:15:33 [warn] "lagerplatz_01C24.png" wird auf unter 50% der Originalgröße verkleinert. Die Barcode-Balken werden entsprechend dünner — vor dem vollständigen Lauf unbedingt mit einem echten Scanner testen (siehe README, Abschnitt "Produktionsprüfung").
2026-09-11 15:15:33 [info] Skaliert: lagerplatz_01C25.png  2362x856 -> 977x354 px (41.4% der Originalgröße)
2026-09-11 15:15:33 [warn] "lagerplatz_01C25.png" wird auf unter 50% der Originalgröße verkleinert. Die Barcode-Balken werden entsprechend dünner — vor dem vollständigen Lauf unbedingt mit einem echten Scanner testen (siehe README, Abschnitt "Produktionsprüfung").
2026-09-11 15:15:33 [info] Skaliert: lagerplatz_01C26.png  2362x856 -> 977x354 px (41.4% der Originalgröße)
2026-09-11 15:15:33 [warn] "lagerplatz_01C26.png" wird auf unter 50% der Originalgröße verkleinert. Die Barcode-Balken werden entsprechend dünner — vor dem vollständigen Lauf unbedingt mit einem echten Scanner testen (siehe README, Abschnitt "Produktionsprüfung").
2026-09-11 15:15:33 [info] Skaliert: lagerplatz_01C27.png  2362x856 -> 977x354 px (41.4% der Originalgröße)
2026-09-11 15:15:33 [warn] "lagerplatz_01C27.png" wird auf unter 50% der Originalgröße verkleinert. Die Barcode-Balken werden entsprechend dünner — vor dem vollständigen Lauf unbedingt mit einem echten Scanner testen (siehe README, Abschnitt "Produktionsprüfung").
2026-09-11 15:15:33 [info] Skaliert: lagerplatz_01C28.png  2362x856 -> 977x354 px (41.4% der Originalgröße)
2026-09-11 15:15:33 [warn] "lagerplatz_01C28.png" wird auf unter 50% der Originalgröße verkleinert. Die Barcode-Balken werden entsprechend dünner — vor dem vollständigen Lauf unbedingt mit einem echten Scanner testen (siehe README, Abschnitt "Produktionsprüfung").
2026-09-11 15:15:33 [info] Skaliert: lagerplatz_01C29.png  2362x856 -> 977x354 px (41.4% der Originalgröße)
2026-09-11 15:15:33 [warn] "lagerplatz_01C29.png" wird auf unter 50% der Originalgröße verkleinert. Die Barcode-Balken werden entsprechend dünner — vor dem vollständigen Lauf unbedingt mit einem echten Scanner testen (siehe README, Abschnitt "Produktionsprüfung").
2026-09-11 15:15:33 [info] Skaliert: lagerplatz_01C30.png  2362x856 -> 977x354 px (41.4% der Originalgröße)
2026-09-11 15:15:33 [warn] "lagerplatz_01C30.png" wird auf unter 50% der Originalgröße verkleinert. Die Barcode-Balken werden entsprechend dünner — vor dem vollständigen Lauf unbedingt mit einem echten Scanner testen (siehe README, Abschnitt "Produktionsprüfung").
2026-09-11 15:15:33 [info] Skaliert: lagerplatz_01C31.png  2362x856 -> 977x354 px (41.4% der Originalgröße)
2026-09-11 15:15:33 [warn] "lagerplatz_01C31.png" wird auf unter 50% der Originalgröße verkleinert. Die Barcode-Balken werden entsprechend dünner — vor dem vollständigen Lauf unbedingt mit einem echten Scanner testen (siehe README, Abschnitt "Produktionsprüfung").
2026-09-11 15:15:33 [info] Skaliert: lagerplatz_01C32.png  2362x856 -> 977x354 px (41.4% der Originalgröße)
2026-09-11 15:15:33 [warn] "lagerplatz_01C32.png" wird auf unter 50% der Originalgröße verkleinert. Die Barcode-Balken werden entsprechend dünner — vor dem vollständigen Lauf unbedingt mit einem echten Scanner testen (siehe README, Abschnitt "Produktionsprüfung").
2026-09-11 15:15:33 [info] Skaliert: lagerplatz_01C33.png  2362x856 -> 977x354 px (41.4% der Originalgröße)
2026-09-11 15:15:33 [warn] "lagerplatz_01C33.png" wird auf unter 50% der Originalgröße verkleinert. Die Barcode-Balken werden entsprechend dünner — vor dem vollständigen Lauf unbedingt mit einem echten Scanner testen (siehe README, Abschnitt "Produktionsprüfung").
2026-09-11 15:15:33 [info] Fertig. 76 skaliert, 0 übersprungen, 76 mit Größenwarnung. {"gesamtDauerMs":5938}
