2026-09-11 15:35:51 [info] Log-Datei: C:\Lager\lager-barcode-generator\log\skalieren_20260911_153551_732.log
2026-09-11 15:35:51 [info] Zielhöhe: 30 mm @ 300 DPI = 354 px
2026-09-11 15:35:51 [info] 77 Datei(en) werden verarbeitet.
2026-09-11 15:35:51 [info] Skaliert: lagerplatz_05A01.png  2362x856 -> 977x354 px (41.4% der Originalgröße)
2026-09-11 15:35:51 [warn] "lagerplatz_05A01.png" wird auf unter 50% der Originalgröße verkleinert. Die Barcode-Balken werden entsprechend dünner — vor dem vollständigen Lauf unbedingt mit einem echten Scanner testen (siehe README, Abschnitt "Produktionsprüfung").
2026-09-11 15:35:51 [info] Skaliert: lagerplatz_05A02.png  2362x856 -> 977x354 px (41.4% der Originalgröße)
2026-09-11 15:35:51 [warn] "lagerplatz_05A02.png" wird auf unter 50% der Originalgröße verkleinert. Die Barcode-Balken werden entsprechend dünner — vor dem vollständigen Lauf unbedingt mit einem echten Scanner testen (siehe README, Abschnitt "Produktionsprüfung").
2026-09-11 15:35:51 [info] Skaliert: lagerplatz_05A03.png  2362x856 -> 977x354 px (41.4% der Originalgröße)
2026-09-11 15:35:51 [warn] "lagerplatz_05A03.png" wird auf unter 50% der Originalgröße verkleinert. Die Barcode-Balken werden entsprechend dünner — vor dem vollständigen Lauf unbedingt mit einem echten Scanner testen (siehe README, Abschnitt "Produktionsprüfung").
2026-09-11 15:35:52 [info] Skaliert: lagerplatz_05A04.png  2362x856 -> 977x354 px (41.4% der Originalgröße)
2026-09-11 15:35:52 [warn] "lagerplatz_05A04.png" wird auf unter 50% der Originalgröße verkleinert. Die Barcode-Balken werden entsprechend dünner — vor dem vollständigen Lauf unbedingt mit einem echten Scanner testen (siehe README, Abschnitt "Produktionsprüfung").
2026-09-11 15:35:52 [info] Skaliert: lagerplatz_05A05.png  2362x856 -> 977x354 px (41.4% der Originalgröße)
2026-09-11 15:35:52 [warn] "lagerplatz_05A05.png" wird auf unter 50% der Originalgröße verkleinert. Die Barcode-Balken werden entsprechend dünner — vor dem vollständigen Lauf unbedingt mit einem echten Scanner testen (siehe README, Abschnitt "Produktionsprüfung").
2026-09-11 15:35:52 [info] Skaliert: lagerplatz_05A06.png  2362x856 -> 977x354 px (41.4% der Originalgröße)
2026-09-11 15:35:52 [warn] "lagerplatz_05A06.png" wird auf unter 50% der Originalgröße verkleinert. Die Barcode-Balken werden entsprechend dünner — vor dem vollständigen Lauf unbedingt mit einem echten Scanner testen (siehe README, Abschnitt "Produktionsprüfung").
2026-09-11 15:35:52 [info] Skaliert: lagerplatz_05A07.png  2362x856 -> 977x354 px (41.4% der Originalgröße)
2026-09-11 15:35:52 [warn] "lagerplatz_05A07.png" wird auf unter 50% der Originalgröße verkleinert. Die Barcode-Balken werden entsprechend dünner — vor dem vollständigen Lauf unbedingt mit einem echten Scanner testen (siehe README, Abschnitt "Produktionsprüfung").
2026-09-11 15:35:52 [info] Skaliert: lagerplatz_05A08.png  2362x856 -> 977x354 px (41.4% der Originalgröße)
2026-09-11 15:35:52 [warn] "lagerplatz_05A08.png" wird auf unter 50% der Originalgröße verkleinert. Die Barcode-Balken werden entsprechend dünner — vor dem vollständigen Lauf unbedingt mit einem echten Scanner testen (siehe README, Abschnitt "Produktionsprüfung").
2026-09-11 15:35:52 [info] Skaliert: lagerplatz_05A09.png  2362x856 -> 977x354 px (41.4% der Originalgröße)
2026-09-11 15:35:52 [warn] "lagerplatz_05A09.png" wird auf unter 50% der Originalgröße verkleinert. Die Barcode-Balken werden entsprechend dünner — vor dem vollständigen Lauf unbedingt mit einem echten Scanner testen (siehe README, Abschnitt "Produktionsprüfung").
2026-09-11 15:35:52 [info] Skaliert: lagerplatz_05A10.png  2362x856 -> 977x354 px (41.4% der Originalgröße)
2026-09-11 15:35:52 [warn] "lagerplatz_05A10.png" wird auf unter 50% der Originalgröße verkleinert. Die Barcode-Balken werden entsprechend dünner — vor dem vollständigen Lauf unbedingt mit einem echten Scanner testen (siehe README, Abschnitt "Produktionsprüfung").
2026-09-11 15:35:52 [info] Skaliert: lagerplatz_05A11.png  2362x856 -> 977x354 px (41.4% der Originalgröße)
2026-09-11 15:35:52 [warn] "lagerplatz_05A11.png" wird auf unter 50% der Originalgröße verkleinert. Die Barcode-Balken werden entsprechend dünner — vor dem vollständigen Lauf unbedingt mit einem echten Scanner testen (siehe README, Abschnitt "Produktionsprüfung").
2026-09-11 15:35:52 [info] Skaliert: lagerplatz_05A12.png  2362x856 -> 977x354 px (41.4% der Originalgröße)
2026-09-11 15:35:52 [warn] "lagerplatz_05A12.png" wird auf unter 50% der Originalgröße verkleinert. Die Barcode-Balken werden entsprechend dünner — vor dem vollständigen Lauf unbedingt mit einem echten Scanner testen (siehe README, Abschnitt "Produktionsprüfung").
2026-09-11 15:35:52 [info] Skaliert: lagerplatz_05A13.png  2362x856 -> 977x354 px (41.4% der Originalgröße)
2026-09-11 15:35:52 [warn] "lagerplatz_05A13.png" wird auf unter 50% der Originalgröße verkleinert. Die Barcode-Balken werden entsprechend dünner — vor dem vollständigen Lauf unbedingt mit einem echten Scanner testen (siehe README, Abschnitt "Produktionsprüfung").
2026-09-11 15:35:52 [info] Skaliert: lagerplatz_05A14.png  2362x856 -> 977x354 px (41.4% der Originalgröße)
2026-09-11 15:35:52 [warn] "lagerplatz_05A14.png" wird auf unter 50% der Originalgröße verkleinert. Die Barcode-Balken werden entsprechend dünner — vor dem vollständigen Lauf unbedingt mit einem echten Scanner testen (siehe README, Abschnitt "Produktionsprüfung").
2026-09-11 15:35:52 [info] Skaliert: lagerplatz_05A15.png  2362x856 -> 977x354 px (41.4% der Originalgröße)
2026-09-11 15:35:52 [warn] "lagerplatz_05A15.png" wird auf unter 50% der Originalgröße verkleinert. Die Barcode-Balken werden entsprechend dünner — vor dem vollständigen Lauf unbedingt mit einem echten Scanner testen (siehe README, Abschnitt "Produktionsprüfung").
2026-09-11 15:35:52 [info] Skaliert: lagerplatz_05A16.png  2362x856 -> 977x354 px (41.4% der Originalgröße)
2026-09-11 15:35:52 [warn] "lagerplatz_05A16.png" wird auf unter 50% der Originalgröße verkleinert. Die Barcode-Balken werden entsprechend dünner — vor dem vollständigen Lauf unbedingt mit einem echten Scanner testen (siehe README, Abschnitt "Produktionsprüfung").
2026-09-11 15:35:52 [info] Skaliert: lagerplatz_05A17.png  2362x856 -> 977x354 px (41.4% der Originalgröße)
2026-09-11 15:35:52 [warn] "lagerplatz_05A17.png" wird auf unter 50% der Originalgröße verkleinert. Die Barcode-Balken werden entsprechend dünner — vor dem vollständigen Lauf unbedingt mit einem echten Scanner testen (siehe README, Abschnitt "Produktionsprüfung").
2026-09-11 15:35:53 [info] Skaliert: lagerplatz_05A18.png  2362x856 -> 977x354 px (41.4% der Originalgröße)
2026-09-11 15:35:53 [warn] "lagerplatz_05A18.png" wird auf unter 50% der Originalgröße verkleinert. Die Barcode-Balken werden entsprechend dünner — vor dem vollständigen Lauf unbedingt mit einem echten Scanner testen (siehe README, Abschnitt "Produktionsprüfung").
2026-09-11 15:35:53 [info] Skaliert: lagerplatz_05A19.png  2362x856 -> 977x354 px (41.4% der Originalgröße)
2026-09-11 15:35:53 [warn] "lagerplatz_05A19.png" wird auf unter 50% der Originalgröße verkleinert. Die Barcode-Balken werden entsprechend dünner — vor dem vollständigen Lauf unbedingt mit einem echten Scanner testen (siehe README, Abschnitt "Produktionsprüfung").
2026-09-11 15:35:53 [info] Skaliert: lagerplatz_05A20.png  2362x856 -> 977x354 px (41.4% der Originalgröße)
2026-09-11 15:35:53 [warn] "lagerplatz_05A20.png" wird auf unter 50% der Originalgröße verkleinert. Die Barcode-Balken werden entsprechend dünner — vor dem vollständigen Lauf unbedingt mit einem echten Scanner testen (siehe README, Abschnitt "Produktionsprüfung").
2026-09-11 15:35:53 [info] Skaliert: lagerplatz_05A21.png  2362x856 -> 977x354 px (41.4% der Originalgröße)
2026-09-11 15:35:53 [warn] "lagerplatz_05A21.png" wird auf unter 50% der Originalgröße verkleinert. Die Barcode-Balken werden entsprechend dünner — vor dem vollständigen Lauf unbedingt mit einem echten Scanner testen (siehe README, Abschnitt "Produktionsprüfung").
2026-09-11 15:35:53 [info] Skaliert: lagerplatz_05A22.png  2362x856 -> 977x354 px (41.4% der Originalgröße)
2026-09-11 15:35:53 [warn] "lagerplatz_05A22.png" wird auf unter 50% der Originalgröße verkleinert. Die Barcode-Balken werden entsprechend dünner — vor dem vollständigen Lauf unbedingt mit einem echten Scanner testen (siehe README, Abschnitt "Produktionsprüfung").
2026-09-11 15:35:53 [info] Skaliert: lagerplatz_05B01.png  2362x856 -> 977x354 px (41.4% der Originalgröße)
2026-09-11 15:35:53 [warn] "lagerplatz_05B01.png" wird auf unter 50% der Originalgröße verkleinert. Die Barcode-Balken werden entsprechend dünner — vor dem vollständigen Lauf unbedingt mit einem echten Scanner testen (siehe README, Abschnitt "Produktionsprüfung").
2026-09-11 15:35:53 [info] Skaliert: lagerplatz_05B02.png  2362x856 -> 977x354 px (41.4% der Originalgröße)
2026-09-11 15:35:53 [warn] "lagerplatz_05B02.png" wird auf unter 50% der Originalgröße verkleinert. Die Barcode-Balken werden entsprechend dünner — vor dem vollständigen Lauf unbedingt mit einem echten Scanner testen (siehe README, Abschnitt "Produktionsprüfung").
2026-09-11 15:35:53 [info] Skaliert: lagerplatz_05B03.png  2362x856 -> 977x354 px (41.4% der Originalgröße)
2026-09-11 15:35:53 [warn] "lagerplatz_05B03.png" wird auf unter 50% der Originalgröße verkleinert. Die Barcode-Balken werden entsprechend dünner — vor dem vollständigen Lauf unbedingt mit einem echten Scanner testen (siehe README, Abschnitt "Produktionsprüfung").
2026-09-11 15:35:53 [info] Skaliert: lagerplatz_05B04.png  2362x856 -> 977x354 px (41.4% der Originalgröße)
2026-09-11 15:35:53 [warn] "lagerplatz_05B04.png" wird auf unter 50% der Originalgröße verkleinert. Die Barcode-Balken werden entsprechend dünner — vor dem vollständigen Lauf unbedingt mit einem echten Scanner testen (siehe README, Abschnitt "Produktionsprüfung").
2026-09-11 15:35:53 [info] Skaliert: lagerplatz_05B05.png  2362x856 -> 977x354 px (41.4% der Originalgröße)
2026-09-11 15:35:53 [warn] "lagerplatz_05B05.png" wird auf unter 50% der Originalgröße verkleinert. Die Barcode-Balken werden entsprechend dünner — vor dem vollständigen Lauf unbedingt mit einem echten Scanner testen (siehe README, Abschnitt "Produktionsprüfung").
2026-09-11 15:35:53 [info] Skaliert: lagerplatz_05B06.png  2362x856 -> 977x354 px (41.4% der Originalgröße)
2026-09-11 15:35:53 [warn] "lagerplatz_05B06.png" wird auf unter 50% der Originalgröße verkleinert. Die Barcode-Balken werden entsprechend dünner — vor dem vollständigen Lauf unbedingt mit einem echten Scanner testen (siehe README, Abschnitt "Produktionsprüfung").
2026-09-11 15:35:53 [info] Skaliert: lagerplatz_05B07.png  2362x856 -> 977x354 px (41.4% der Originalgröße)
2026-09-11 15:35:53 [warn] "lagerplatz_05B07.png" wird auf unter 50% der Originalgröße verkleinert. Die Barcode-Balken werden entsprechend dünner — vor dem vollständigen Lauf unbedingt mit einem echten Scanner testen (siehe README, Abschnitt "Produktionsprüfung").
2026-09-11 15:35:53 [info] Skaliert: lagerplatz_05B08.png  2362x856 -> 977x354 px (41.4% der Originalgröße)
2026-09-11 15:35:53 [warn] "lagerplatz_05B08.png" wird auf unter 50% der Originalgröße verkleinert. Die Barcode-Balken werden entsprechend dünner — vor dem vollständigen Lauf unbedingt mit einem echten Scanner testen (siehe README, Abschnitt "Produktionsprüfung").
2026-09-11 15:35:53 [info] Skaliert: lagerplatz_05B09.png  2362x856 -> 977x354 px (41.4% der Originalgröße)
2026-09-11 15:35:53 [warn] "lagerplatz_05B09.png" wird auf unter 50% der Originalgröße verkleinert. Die Barcode-Balken werden entsprechend dünner — vor dem vollständigen Lauf unbedingt mit einem echten Scanner testen (siehe README, Abschnitt "Produktionsprüfung").
2026-09-11 15:35:53 [info] Skaliert: lagerplatz_05B10.png  2362x856 -> 977x354 px (41.4% der Originalgröße)
2026-09-11 15:35:53 [warn] "lagerplatz_05B10.png" wird auf unter 50% der Originalgröße verkleinert. Die Barcode-Balken werden entsprechend dünner — vor dem vollständigen Lauf unbedingt mit einem echten Scanner testen (siehe README, Abschnitt "Produktionsprüfung").
2026-09-11 15:35:53 [info] Skaliert: lagerplatz_05B11.png  2362x856 -> 977x354 px (41.4% der Originalgröße)
2026-09-11 15:35:53 [warn] "lagerplatz_05B11.png" wird auf unter 50% der Originalgröße verkleinert. Die Barcode-Balken werden entsprechend dünner — vor dem vollständigen Lauf unbedingt mit einem echten Scanner testen (siehe README, Abschnitt "Produktionsprüfung").
2026-09-11 15:35:53 [info] Skaliert: lagerplatz_05B12.png  2362x856 -> 977x354 px (41.4% der Originalgröße)
2026-09-11 15:35:53 [warn] "lagerplatz_05B12.png" wird auf unter 50% der Originalgröße verkleinert. Die Barcode-Balken werden entsprechend dünner — vor dem vollständigen Lauf unbedingt mit einem echten Scanner testen (siehe README, Abschnitt "Produktionsprüfung").
2026-09-11 15:35:54 [info] Skaliert: lagerplatz_05B13.png  2362x856 -> 977x354 px (41.4% der Originalgröße)
2026-09-11 15:35:54 [warn] "lagerplatz_05B13.png" wird auf unter 50% der Originalgröße verkleinert. Die Barcode-Balken werden entsprechend dünner — vor dem vollständigen Lauf unbedingt mit einem echten Scanner testen (siehe README, Abschnitt "Produktionsprüfung").
2026-09-11 15:35:54 [info] Skaliert: lagerplatz_05B14.png  2362x856 -> 977x354 px (41.4% der Originalgröße)
2026-09-11 15:35:54 [warn] "lagerplatz_05B14.png" wird auf unter 50% der Originalgröße verkleinert. Die Barcode-Balken werden entsprechend dünner — vor dem vollständigen Lauf unbedingt mit einem echten Scanner testen (siehe README, Abschnitt "Produktionsprüfung").
2026-09-11 15:35:54 [info] Skaliert: lagerplatz_05B15.png  2362x856 -> 977x354 px (41.4% der Originalgröße)
2026-09-11 15:35:54 [warn] "lagerplatz_05B15.png" wird auf unter 50% der Originalgröße verkleinert. Die Barcode-Balken werden entsprechend dünner — vor dem vollständigen Lauf unbedingt mit einem echten Scanner testen (siehe README, Abschnitt "Produktionsprüfung").
2026-09-11 15:35:54 [info] Skaliert: lagerplatz_05B16.png  2362x856 -> 977x354 px (41.4% der Originalgröße)
2026-09-11 15:35:54 [warn] "lagerplatz_05B16.png" wird auf unter 50% der Originalgröße verkleinert. Die Barcode-Balken werden entsprechend dünner — vor dem vollständigen Lauf unbedingt mit einem echten Scanner testen (siehe README, Abschnitt "Produktionsprüfung").
2026-09-11 15:35:54 [info] Skaliert: lagerplatz_05B17.png  2362x856 -> 977x354 px (41.4% der Originalgröße)
2026-09-11 15:35:54 [warn] "lagerplatz_05B17.png" wird auf unter 50% der Originalgröße verkleinert. Die Barcode-Balken werden entsprechend dünner — vor dem vollständigen Lauf unbedingt mit einem echten Scanner testen (siehe README, Abschnitt "Produktionsprüfung").
2026-09-11 15:35:54 [info] Skaliert: lagerplatz_05B18.png  2362x856 -> 977x354 px (41.4% der Originalgröße)
2026-09-11 15:35:54 [warn] "lagerplatz_05B18.png" wird auf unter 50% der Originalgröße verkleinert. Die Barcode-Balken werden entsprechend dünner — vor dem vollständigen Lauf unbedingt mit einem echten Scanner testen (siehe README, Abschnitt "Produktionsprüfung").
2026-09-11 15:35:54 [info] Skaliert: lagerplatz_05B19.png  2362x856 -> 977x354 px (41.4% der Originalgröße)
2026-09-11 15:35:54 [warn] "lagerplatz_05B19.png" wird auf unter 50% der Originalgröße verkleinert. Die Barcode-Balken werden entsprechend dünner — vor dem vollständigen Lauf unbedingt mit einem echten Scanner testen (siehe README, Abschnitt "Produktionsprüfung").
2026-09-11 15:35:54 [info] Skaliert: lagerplatz_05B20.png  2362x856 -> 977x354 px (41.4% der Originalgröße)
2026-09-11 15:35:54 [warn] "lagerplatz_05B20.png" wird auf unter 50% der Originalgröße verkleinert. Die Barcode-Balken werden entsprechend dünner — vor dem vollständigen Lauf unbedingt mit einem echten Scanner testen (siehe README, Abschnitt "Produktionsprüfung").
2026-09-11 15:35:54 [info] Skaliert: lagerplatz_05B21.png  2362x856 -> 977x354 px (41.4% der Originalgröße)
2026-09-11 15:35:54 [warn] "lagerplatz_05B21.png" wird auf unter 50% der Originalgröße verkleinert. Die Barcode-Balken werden entsprechend dünner — vor dem vollständigen Lauf unbedingt mit einem echten Scanner testen (siehe README, Abschnitt "Produktionsprüfung").
2026-09-11 15:35:54 [info] Skaliert: lagerplatz_05B22.png  2362x856 -> 977x354 px (41.4% der Originalgröße)
2026-09-11 15:35:54 [warn] "lagerplatz_05B22.png" wird auf unter 50% der Originalgröße verkleinert. Die Barcode-Balken werden entsprechend dünner — vor dem vollständigen Lauf unbedingt mit einem echten Scanner testen (siehe README, Abschnitt "Produktionsprüfung").
2026-09-11 15:35:54 [info] Skaliert: lagerplatz_05C01.png  2362x856 -> 977x354 px (41.4% der Originalgröße)
2026-09-11 15:35:54 [warn] "lagerplatz_05C01.png" wird auf unter 50% der Originalgröße verkleinert. Die Barcode-Balken werden entsprechend dünner — vor dem vollständigen Lauf unbedingt mit einem echten Scanner testen (siehe README, Abschnitt "Produktionsprüfung").
2026-09-11 15:35:54 [info] Skaliert: lagerplatz_05C02.png  2362x856 -> 977x354 px (41.4% der Originalgröße)
2026-09-11 15:35:54 [warn] "lagerplatz_05C02.png" wird auf unter 50% der Originalgröße verkleinert. Die Barcode-Balken werden entsprechend dünner — vor dem vollständigen Lauf unbedingt mit einem echten Scanner testen (siehe README, Abschnitt "Produktionsprüfung").
2026-09-11 15:35:54 [info] Skaliert: lagerplatz_05C03.png  2362x856 -> 977x354 px (41.4% der Originalgröße)
2026-09-11 15:35:54 [warn] "lagerplatz_05C03.png" wird auf unter 50% der Originalgröße verkleinert. Die Barcode-Balken werden entsprechend dünner — vor dem vollständigen Lauf unbedingt mit einem echten Scanner testen (siehe README, Abschnitt "Produktionsprüfung").
2026-09-11 15:35:54 [info] Skaliert: lagerplatz_05C04.png  2362x856 -> 977x354 px (41.4% der Originalgröße)
2026-09-11 15:35:54 [warn] "lagerplatz_05C04.png" wird auf unter 50% der Originalgröße verkleinert. Die Barcode-Balken werden entsprechend dünner — vor dem vollständigen Lauf unbedingt mit einem echten Scanner testen (siehe README, Abschnitt "Produktionsprüfung").
2026-09-11 15:35:54 [info] Skaliert: lagerplatz_05C05.png  2362x856 -> 977x354 px (41.4% der Originalgröße)
2026-09-11 15:35:54 [warn] "lagerplatz_05C05.png" wird auf unter 50% der Originalgröße verkleinert. Die Barcode-Balken werden entsprechend dünner — vor dem vollständigen Lauf unbedingt mit einem echten Scanner testen (siehe README, Abschnitt "Produktionsprüfung").
2026-09-11 15:35:54 [info] Skaliert: lagerplatz_05C06.png  2362x856 -> 977x354 px (41.4% der Originalgröße)
2026-09-11 15:35:54 [warn] "lagerplatz_05C06.png" wird auf unter 50% der Originalgröße verkleinert. Die Barcode-Balken werden entsprechend dünner — vor dem vollständigen Lauf unbedingt mit einem echten Scanner testen (siehe README, Abschnitt "Produktionsprüfung").
2026-09-11 15:35:54 [info] Skaliert: lagerplatz_05C07.png  2362x856 -> 977x354 px (41.4% der Originalgröße)
2026-09-11 15:35:54 [warn] "lagerplatz_05C07.png" wird auf unter 50% der Originalgröße verkleinert. Die Barcode-Balken werden entsprechend dünner — vor dem vollständigen Lauf unbedingt mit einem echten Scanner testen (siehe README, Abschnitt "Produktionsprüfung").
2026-09-11 15:35:54 [info] Skaliert: lagerplatz_05C08.png  2362x856 -> 977x354 px (41.4% der Originalgröße)
2026-09-11 15:35:54 [warn] "lagerplatz_05C08.png" wird auf unter 50% der Originalgröße verkleinert. Die Barcode-Balken werden entsprechend dünner — vor dem vollständigen Lauf unbedingt mit einem echten Scanner testen (siehe README, Abschnitt "Produktionsprüfung").
2026-09-11 15:35:55 [info] Skaliert: lagerplatz_05C09.png  2362x856 -> 977x354 px (41.4% der Originalgröße)
2026-09-11 15:35:55 [warn] "lagerplatz_05C09.png" wird auf unter 50% der Originalgröße verkleinert. Die Barcode-Balken werden entsprechend dünner — vor dem vollständigen Lauf unbedingt mit einem echten Scanner testen (siehe README, Abschnitt "Produktionsprüfung").
2026-09-11 15:35:55 [info] Skaliert: lagerplatz_05C10.png  2362x856 -> 977x354 px (41.4% der Originalgröße)
2026-09-11 15:35:55 [warn] "lagerplatz_05C10.png" wird auf unter 50% der Originalgröße verkleinert. Die Barcode-Balken werden entsprechend dünner — vor dem vollständigen Lauf unbedingt mit einem echten Scanner testen (siehe README, Abschnitt "Produktionsprüfung").
2026-09-11 15:35:55 [info] Skaliert: lagerplatz_05C11.png  2362x856 -> 977x354 px (41.4% der Originalgröße)
2026-09-11 15:35:55 [warn] "lagerplatz_05C11.png" wird auf unter 50% der Originalgröße verkleinert. Die Barcode-Balken werden entsprechend dünner — vor dem vollständigen Lauf unbedingt mit einem echten Scanner testen (siehe README, Abschnitt "Produktionsprüfung").
2026-09-11 15:35:55 [info] Skaliert: lagerplatz_05C12.png  2362x856 -> 977x354 px (41.4% der Originalgröße)
2026-09-11 15:35:55 [warn] "lagerplatz_05C12.png" wird auf unter 50% der Originalgröße verkleinert. Die Barcode-Balken werden entsprechend dünner — vor dem vollständigen Lauf unbedingt mit einem echten Scanner testen (siehe README, Abschnitt "Produktionsprüfung").
2026-09-11 15:35:55 [info] Skaliert: lagerplatz_05C13.png  2362x856 -> 977x354 px (41.4% der Originalgröße)
2026-09-11 15:35:55 [warn] "lagerplatz_05C13.png" wird auf unter 50% der Originalgröße verkleinert. Die Barcode-Balken werden entsprechend dünner — vor dem vollständigen Lauf unbedingt mit einem echten Scanner testen (siehe README, Abschnitt "Produktionsprüfung").
2026-09-11 15:35:55 [info] Skaliert: lagerplatz_05C14.png  2362x856 -> 977x354 px (41.4% der Originalgröße)
2026-09-11 15:35:55 [warn] "lagerplatz_05C14.png" wird auf unter 50% der Originalgröße verkleinert. Die Barcode-Balken werden entsprechend dünner — vor dem vollständigen Lauf unbedingt mit einem echten Scanner testen (siehe README, Abschnitt "Produktionsprüfung").
2026-09-11 15:35:55 [info] Skaliert: lagerplatz_05C15.png  2362x856 -> 977x354 px (41.4% der Originalgröße)
2026-09-11 15:35:55 [warn] "lagerplatz_05C15.png" wird auf unter 50% der Originalgröße verkleinert. Die Barcode-Balken werden entsprechend dünner — vor dem vollständigen Lauf unbedingt mit einem echten Scanner testen (siehe README, Abschnitt "Produktionsprüfung").
2026-09-11 15:35:55 [info] Skaliert: lagerplatz_05C16.png  2362x856 -> 977x354 px (41.4% der Originalgröße)
2026-09-11 15:35:55 [warn] "lagerplatz_05C16.png" wird auf unter 50% der Originalgröße verkleinert. Die Barcode-Balken werden entsprechend dünner — vor dem vollständigen Lauf unbedingt mit einem echten Scanner testen (siehe README, Abschnitt "Produktionsprüfung").
2026-09-11 15:35:55 [info] Skaliert: lagerplatz_05C17.png  2362x856 -> 977x354 px (41.4% der Originalgröße)
2026-09-11 15:35:55 [warn] "lagerplatz_05C17.png" wird auf unter 50% der Originalgröße verkleinert. Die Barcode-Balken werden entsprechend dünner — vor dem vollständigen Lauf unbedingt mit einem echten Scanner testen (siehe README, Abschnitt "Produktionsprüfung").
2026-09-11 15:35:55 [info] Skaliert: lagerplatz_05C18.png  2362x856 -> 977x354 px (41.4% der Originalgröße)
2026-09-11 15:35:55 [warn] "lagerplatz_05C18.png" wird auf unter 50% der Originalgröße verkleinert. Die Barcode-Balken werden entsprechend dünner — vor dem vollständigen Lauf unbedingt mit einem echten Scanner testen (siehe README, Abschnitt "Produktionsprüfung").
2026-09-11 15:35:55 [info] Skaliert: lagerplatz_05C19.png  2362x856 -> 977x354 px (41.4% der Originalgröße)
2026-09-11 15:35:55 [warn] "lagerplatz_05C19.png" wird auf unter 50% der Originalgröße verkleinert. Die Barcode-Balken werden entsprechend dünner — vor dem vollständigen Lauf unbedingt mit einem echten Scanner testen (siehe README, Abschnitt "Produktionsprüfung").
2026-09-11 15:35:55 [info] Skaliert: lagerplatz_05C20.png  2362x856 -> 977x354 px (41.4% der Originalgröße)
2026-09-11 15:35:55 [warn] "lagerplatz_05C20.png" wird auf unter 50% der Originalgröße verkleinert. Die Barcode-Balken werden entsprechend dünner — vor dem vollständigen Lauf unbedingt mit einem echten Scanner testen (siehe README, Abschnitt "Produktionsprüfung").
2026-09-11 15:35:55 [info] Skaliert: lagerplatz_05C21.png  2362x856 -> 977x354 px (41.4% der Originalgröße)
2026-09-11 15:35:55 [warn] "lagerplatz_05C21.png" wird auf unter 50% der Originalgröße verkleinert. Die Barcode-Balken werden entsprechend dünner — vor dem vollständigen Lauf unbedingt mit einem echten Scanner testen (siehe README, Abschnitt "Produktionsprüfung").
2026-09-11 15:35:55 [info] Skaliert: lagerplatz_05C22.png  2362x856 -> 977x354 px (41.4% der Originalgröße)
2026-09-11 15:35:55 [warn] "lagerplatz_05C22.png" wird auf unter 50% der Originalgröße verkleinert. Die Barcode-Balken werden entsprechend dünner — vor dem vollständigen Lauf unbedingt mit einem echten Scanner testen (siehe README, Abschnitt "Produktionsprüfung").
2026-09-11 15:35:55 [info] Skaliert: lagerplatz_05C23.png  2362x856 -> 977x354 px (41.4% der Originalgröße)
2026-09-11 15:35:55 [warn] "lagerplatz_05C23.png" wird auf unter 50% der Originalgröße verkleinert. Die Barcode-Balken werden entsprechend dünner — vor dem vollständigen Lauf unbedingt mit einem echten Scanner testen (siehe README, Abschnitt "Produktionsprüfung").
2026-09-11 15:35:55 [info] Skaliert: lagerplatz_05C24.png  2362x856 -> 977x354 px (41.4% der Originalgröße)
2026-09-11 15:35:55 [warn] "lagerplatz_05C24.png" wird auf unter 50% der Originalgröße verkleinert. Die Barcode-Balken werden entsprechend dünner — vor dem vollständigen Lauf unbedingt mit einem echten Scanner testen (siehe README, Abschnitt "Produktionsprüfung").
2026-09-11 15:35:55 [info] Skaliert: lagerplatz_05C25.png  2362x856 -> 977x354 px (41.4% der Originalgröße)
2026-09-11 15:35:55 [warn] "lagerplatz_05C25.png" wird auf unter 50% der Originalgröße verkleinert. Die Barcode-Balken werden entsprechend dünner — vor dem vollständigen Lauf unbedingt mit einem echten Scanner testen (siehe README, Abschnitt "Produktionsprüfung").
2026-09-11 15:35:55 [info] Skaliert: lagerplatz_05C26.png  2362x856 -> 977x354 px (41.4% der Originalgröße)
2026-09-11 15:35:55 [warn] "lagerplatz_05C26.png" wird auf unter 50% der Originalgröße verkleinert. Die Barcode-Balken werden entsprechend dünner — vor dem vollständigen Lauf unbedingt mit einem echten Scanner testen (siehe README, Abschnitt "Produktionsprüfung").
2026-09-11 15:35:55 [info] Skaliert: lagerplatz_05C27.png  2362x856 -> 977x354 px (41.4% der Originalgröße)
2026-09-11 15:35:55 [warn] "lagerplatz_05C27.png" wird auf unter 50% der Originalgröße verkleinert. Die Barcode-Balken werden entsprechend dünner — vor dem vollständigen Lauf unbedingt mit einem echten Scanner testen (siehe README, Abschnitt "Produktionsprüfung").
2026-09-11 15:35:55 [info] Skaliert: lagerplatz_05C28.png  2362x856 -> 977x354 px (41.4% der Originalgröße)
2026-09-11 15:35:55 [warn] "lagerplatz_05C28.png" wird auf unter 50% der Originalgröße verkleinert. Die Barcode-Balken werden entsprechend dünner — vor dem vollständigen Lauf unbedingt mit einem echten Scanner testen (siehe README, Abschnitt "Produktionsprüfung").
2026-09-11 15:35:56 [info] Skaliert: lagerplatz_05C29.png  2362x856 -> 977x354 px (41.4% der Originalgröße)
2026-09-11 15:35:56 [warn] "lagerplatz_05C29.png" wird auf unter 50% der Originalgröße verkleinert. Die Barcode-Balken werden entsprechend dünner — vor dem vollständigen Lauf unbedingt mit einem echten Scanner testen (siehe README, Abschnitt "Produktionsprüfung").
2026-09-11 15:35:56 [info] Skaliert: lagerplatz_05C30.png  2362x856 -> 977x354 px (41.4% der Originalgröße)
2026-09-11 15:35:56 [warn] "lagerplatz_05C30.png" wird auf unter 50% der Originalgröße verkleinert. Die Barcode-Balken werden entsprechend dünner — vor dem vollständigen Lauf unbedingt mit einem echten Scanner testen (siehe README, Abschnitt "Produktionsprüfung").
2026-09-11 15:35:56 [info] Skaliert: lagerplatz_05C31.png  2362x856 -> 977x354 px (41.4% der Originalgröße)
2026-09-11 15:35:56 [warn] "lagerplatz_05C31.png" wird auf unter 50% der Originalgröße verkleinert. Die Barcode-Balken werden entsprechend dünner — vor dem vollständigen Lauf unbedingt mit einem echten Scanner testen (siehe README, Abschnitt "Produktionsprüfung").
2026-09-11 15:35:56 [info] Skaliert: lagerplatz_05C32.png  2362x856 -> 977x354 px (41.4% der Originalgröße)
2026-09-11 15:35:56 [warn] "lagerplatz_05C32.png" wird auf unter 50% der Originalgröße verkleinert. Die Barcode-Balken werden entsprechend dünner — vor dem vollständigen Lauf unbedingt mit einem echten Scanner testen (siehe README, Abschnitt "Produktionsprüfung").
2026-09-11 15:35:56 [info] Skaliert: lagerplatz_05C33.png  2362x856 -> 977x354 px (41.4% der Originalgröße)
2026-09-11 15:35:56 [warn] "lagerplatz_05C33.png" wird auf unter 50% der Originalgröße verkleinert. Die Barcode-Balken werden entsprechend dünner — vor dem vollständigen Lauf unbedingt mit einem echten Scanner testen (siehe README, Abschnitt "Produktionsprüfung").
2026-09-11 15:35:56 [info] Fertig. 77 skaliert, 0 übersprungen, 77 mit Größenwarnung. {"gesamtDauerMs":4498}
