2026-09-11 15:24:32 [info] Log-Datei: C:\Lager\lager-barcode-generator\log\skalieren_20260911_152432_638.log
2026-09-11 15:24:32 [info] Zielhöhe: 30 mm @ 300 DPI = 354 px
2026-09-11 15:24:32 [info] 77 Datei(en) werden verarbeitet.
2026-09-11 15:24:32 [info] Skaliert: lagerplatz_02A01.png  2362x856 -> 977x354 px (41.4% der Originalgröße)
2026-09-11 15:24:32 [warn] "lagerplatz_02A01.png" wird auf unter 50% der Originalgröße verkleinert. Die Barcode-Balken werden entsprechend dünner — vor dem vollständigen Lauf unbedingt mit einem echten Scanner testen (siehe README, Abschnitt "Produktionsprüfung").
2026-09-11 15:24:32 [info] Skaliert: lagerplatz_02A02.png  2362x856 -> 977x354 px (41.4% der Originalgröße)
2026-09-11 15:24:32 [warn] "lagerplatz_02A02.png" wird auf unter 50% der Originalgröße verkleinert. Die Barcode-Balken werden entsprechend dünner — vor dem vollständigen Lauf unbedingt mit einem echten Scanner testen (siehe README, Abschnitt "Produktionsprüfung").
2026-09-11 15:24:32 [info] Skaliert: lagerplatz_02A03.png  2362x856 -> 977x354 px (41.4% der Originalgröße)
2026-09-11 15:24:32 [warn] "lagerplatz_02A03.png" wird auf unter 50% der Originalgröße verkleinert. Die Barcode-Balken werden entsprechend dünner — vor dem vollständigen Lauf unbedingt mit einem echten Scanner testen (siehe README, Abschnitt "Produktionsprüfung").
2026-09-11 15:24:32 [info] Skaliert: lagerplatz_02A04.png  2362x856 -> 977x354 px (41.4% der Originalgröße)
2026-09-11 15:24:32 [warn] "lagerplatz_02A04.png" wird auf unter 50% der Originalgröße verkleinert. Die Barcode-Balken werden entsprechend dünner — vor dem vollständigen Lauf unbedingt mit einem echten Scanner testen (siehe README, Abschnitt "Produktionsprüfung").
2026-09-11 15:24:32 [info] Skaliert: lagerplatz_02A05.png  2362x856 -> 977x354 px (41.4% der Originalgröße)
2026-09-11 15:24:32 [warn] "lagerplatz_02A05.png" wird auf unter 50% der Originalgröße verkleinert. Die Barcode-Balken werden entsprechend dünner — vor dem vollständigen Lauf unbedingt mit einem echten Scanner testen (siehe README, Abschnitt "Produktionsprüfung").
2026-09-11 15:24:33 [info] Skaliert: lagerplatz_02A06.png  2362x856 -> 977x354 px (41.4% der Originalgröße)
2026-09-11 15:24:33 [warn] "lagerplatz_02A06.png" wird auf unter 50% der Originalgröße verkleinert. Die Barcode-Balken werden entsprechend dünner — vor dem vollständigen Lauf unbedingt mit einem echten Scanner testen (siehe README, Abschnitt "Produktionsprüfung").
2026-09-11 15:24:33 [info] Skaliert: lagerplatz_02A07.png  2362x856 -> 977x354 px (41.4% der Originalgröße)
2026-09-11 15:24:33 [warn] "lagerplatz_02A07.png" wird auf unter 50% der Originalgröße verkleinert. Die Barcode-Balken werden entsprechend dünner — vor dem vollständigen Lauf unbedingt mit einem echten Scanner testen (siehe README, Abschnitt "Produktionsprüfung").
2026-09-11 15:24:33 [info] Skaliert: lagerplatz_02A08.png  2362x856 -> 977x354 px (41.4% der Originalgröße)
2026-09-11 15:24:33 [warn] "lagerplatz_02A08.png" wird auf unter 50% der Originalgröße verkleinert. Die Barcode-Balken werden entsprechend dünner — vor dem vollständigen Lauf unbedingt mit einem echten Scanner testen (siehe README, Abschnitt "Produktionsprüfung").
2026-09-11 15:24:33 [info] Skaliert: lagerplatz_02A09.png  2362x856 -> 977x354 px (41.4% der Originalgröße)
2026-09-11 15:24:33 [warn] "lagerplatz_02A09.png" wird auf unter 50% der Originalgröße verkleinert. Die Barcode-Balken werden entsprechend dünner — vor dem vollständigen Lauf unbedingt mit einem echten Scanner testen (siehe README, Abschnitt "Produktionsprüfung").
2026-09-11 15:24:33 [info] Skaliert: lagerplatz_02A10.png  2362x856 -> 977x354 px (41.4% der Originalgröße)
2026-09-11 15:24:33 [warn] "lagerplatz_02A10.png" wird auf unter 50% der Originalgröße verkleinert. Die Barcode-Balken werden entsprechend dünner — vor dem vollständigen Lauf unbedingt mit einem echten Scanner testen (siehe README, Abschnitt "Produktionsprüfung").
2026-09-11 15:24:33 [info] Skaliert: lagerplatz_02A11.png  2362x856 -> 977x354 px (41.4% der Originalgröße)
2026-09-11 15:24:33 [warn] "lagerplatz_02A11.png" wird auf unter 50% der Originalgröße verkleinert. Die Barcode-Balken werden entsprechend dünner — vor dem vollständigen Lauf unbedingt mit einem echten Scanner testen (siehe README, Abschnitt "Produktionsprüfung").
2026-09-11 15:24:33 [info] Skaliert: lagerplatz_02A12.png  2362x856 -> 977x354 px (41.4% der Originalgröße)
2026-09-11 15:24:33 [warn] "lagerplatz_02A12.png" wird auf unter 50% der Originalgröße verkleinert. Die Barcode-Balken werden entsprechend dünner — vor dem vollständigen Lauf unbedingt mit einem echten Scanner testen (siehe README, Abschnitt "Produktionsprüfung").
2026-09-11 15:24:33 [info] Skaliert: lagerplatz_02A13.png  2362x856 -> 977x354 px (41.4% der Originalgröße)
2026-09-11 15:24:33 [warn] "lagerplatz_02A13.png" wird auf unter 50% der Originalgröße verkleinert. Die Barcode-Balken werden entsprechend dünner — vor dem vollständigen Lauf unbedingt mit einem echten Scanner testen (siehe README, Abschnitt "Produktionsprüfung").
2026-09-11 15:24:33 [info] Skaliert: lagerplatz_02A14.png  2362x856 -> 977x354 px (41.4% der Originalgröße)
2026-09-11 15:24:33 [warn] "lagerplatz_02A14.png" wird auf unter 50% der Originalgröße verkleinert. Die Barcode-Balken werden entsprechend dünner — vor dem vollständigen Lauf unbedingt mit einem echten Scanner testen (siehe README, Abschnitt "Produktionsprüfung").
2026-09-11 15:24:33 [info] Skaliert: lagerplatz_02A15.png  2362x856 -> 977x354 px (41.4% der Originalgröße)
2026-09-11 15:24:33 [warn] "lagerplatz_02A15.png" wird auf unter 50% der Originalgröße verkleinert. Die Barcode-Balken werden entsprechend dünner — vor dem vollständigen Lauf unbedingt mit einem echten Scanner testen (siehe README, Abschnitt "Produktionsprüfung").
2026-09-11 15:24:33 [info] Skaliert: lagerplatz_02A16.png  2362x856 -> 977x354 px (41.4% der Originalgröße)
2026-09-11 15:24:33 [warn] "lagerplatz_02A16.png" wird auf unter 50% der Originalgröße verkleinert. Die Barcode-Balken werden entsprechend dünner — vor dem vollständigen Lauf unbedingt mit einem echten Scanner testen (siehe README, Abschnitt "Produktionsprüfung").
2026-09-11 15:24:33 [info] Skaliert: lagerplatz_02A17.png  2362x856 -> 977x354 px (41.4% der Originalgröße)
2026-09-11 15:24:33 [warn] "lagerplatz_02A17.png" wird auf unter 50% der Originalgröße verkleinert. Die Barcode-Balken werden entsprechend dünner — vor dem vollständigen Lauf unbedingt mit einem echten Scanner testen (siehe README, Abschnitt "Produktionsprüfung").
2026-09-11 15:24:33 [info] Skaliert: lagerplatz_02A18.png  2362x856 -> 977x354 px (41.4% der Originalgröße)
2026-09-11 15:24:33 [warn] "lagerplatz_02A18.png" wird auf unter 50% der Originalgröße verkleinert. Die Barcode-Balken werden entsprechend dünner — vor dem vollständigen Lauf unbedingt mit einem echten Scanner testen (siehe README, Abschnitt "Produktionsprüfung").
2026-09-11 15:24:33 [info] Skaliert: lagerplatz_02A19.png  2362x856 -> 977x354 px (41.4% der Originalgröße)
2026-09-11 15:24:33 [warn] "lagerplatz_02A19.png" wird auf unter 50% der Originalgröße verkleinert. Die Barcode-Balken werden entsprechend dünner — vor dem vollständigen Lauf unbedingt mit einem echten Scanner testen (siehe README, Abschnitt "Produktionsprüfung").
2026-09-11 15:24:33 [info] Skaliert: lagerplatz_02A20.png  2362x856 -> 977x354 px (41.4% der Originalgröße)
2026-09-11 15:24:33 [warn] "lagerplatz_02A20.png" wird auf unter 50% der Originalgröße verkleinert. Die Barcode-Balken werden entsprechend dünner — vor dem vollständigen Lauf unbedingt mit einem echten Scanner testen (siehe README, Abschnitt "Produktionsprüfung").
2026-09-11 15:24:34 [info] Skaliert: lagerplatz_02A21.png  2362x856 -> 977x354 px (41.4% der Originalgröße)
2026-09-11 15:24:34 [warn] "lagerplatz_02A21.png" wird auf unter 50% der Originalgröße verkleinert. Die Barcode-Balken werden entsprechend dünner — vor dem vollständigen Lauf unbedingt mit einem echten Scanner testen (siehe README, Abschnitt "Produktionsprüfung").
2026-09-11 15:24:34 [info] Skaliert: lagerplatz_02A22.png  2362x856 -> 977x354 px (41.4% der Originalgröße)
2026-09-11 15:24:34 [warn] "lagerplatz_02A22.png" wird auf unter 50% der Originalgröße verkleinert. Die Barcode-Balken werden entsprechend dünner — vor dem vollständigen Lauf unbedingt mit einem echten Scanner testen (siehe README, Abschnitt "Produktionsprüfung").
2026-09-11 15:24:34 [info] Skaliert: lagerplatz_02B01.png  2362x856 -> 977x354 px (41.4% der Originalgröße)
2026-09-11 15:24:34 [warn] "lagerplatz_02B01.png" wird auf unter 50% der Originalgröße verkleinert. Die Barcode-Balken werden entsprechend dünner — vor dem vollständigen Lauf unbedingt mit einem echten Scanner testen (siehe README, Abschnitt "Produktionsprüfung").
2026-09-11 15:24:34 [info] Skaliert: lagerplatz_02B02.png  2362x856 -> 977x354 px (41.4% der Originalgröße)
2026-09-11 15:24:34 [warn] "lagerplatz_02B02.png" wird auf unter 50% der Originalgröße verkleinert. Die Barcode-Balken werden entsprechend dünner — vor dem vollständigen Lauf unbedingt mit einem echten Scanner testen (siehe README, Abschnitt "Produktionsprüfung").
2026-09-11 15:24:34 [info] Skaliert: lagerplatz_02B03.png  2362x856 -> 977x354 px (41.4% der Originalgröße)
2026-09-11 15:24:34 [warn] "lagerplatz_02B03.png" wird auf unter 50% der Originalgröße verkleinert. Die Barcode-Balken werden entsprechend dünner — vor dem vollständigen Lauf unbedingt mit einem echten Scanner testen (siehe README, Abschnitt "Produktionsprüfung").
2026-09-11 15:24:34 [info] Skaliert: lagerplatz_02B04.png  2362x856 -> 977x354 px (41.4% der Originalgröße)
2026-09-11 15:24:34 [warn] "lagerplatz_02B04.png" wird auf unter 50% der Originalgröße verkleinert. Die Barcode-Balken werden entsprechend dünner — vor dem vollständigen Lauf unbedingt mit einem echten Scanner testen (siehe README, Abschnitt "Produktionsprüfung").
2026-09-11 15:24:34 [info] Skaliert: lagerplatz_02B05.png  2362x856 -> 977x354 px (41.4% der Originalgröße)
2026-09-11 15:24:34 [warn] "lagerplatz_02B05.png" wird auf unter 50% der Originalgröße verkleinert. Die Barcode-Balken werden entsprechend dünner — vor dem vollständigen Lauf unbedingt mit einem echten Scanner testen (siehe README, Abschnitt "Produktionsprüfung").
2026-09-11 15:24:34 [info] Skaliert: lagerplatz_02B06.png  2362x856 -> 977x354 px (41.4% der Originalgröße)
2026-09-11 15:24:34 [warn] "lagerplatz_02B06.png" wird auf unter 50% der Originalgröße verkleinert. Die Barcode-Balken werden entsprechend dünner — vor dem vollständigen Lauf unbedingt mit einem echten Scanner testen (siehe README, Abschnitt "Produktionsprüfung").
2026-09-11 15:24:34 [info] Skaliert: lagerplatz_02B07.png  2362x856 -> 977x354 px (41.4% der Originalgröße)
2026-09-11 15:24:34 [warn] "lagerplatz_02B07.png" wird auf unter 50% der Originalgröße verkleinert. Die Barcode-Balken werden entsprechend dünner — vor dem vollständigen Lauf unbedingt mit einem echten Scanner testen (siehe README, Abschnitt "Produktionsprüfung").
2026-09-11 15:24:34 [info] Skaliert: lagerplatz_02B08.png  2362x856 -> 977x354 px (41.4% der Originalgröße)
2026-09-11 15:24:34 [warn] "lagerplatz_02B08.png" wird auf unter 50% der Originalgröße verkleinert. Die Barcode-Balken werden entsprechend dünner — vor dem vollständigen Lauf unbedingt mit einem echten Scanner testen (siehe README, Abschnitt "Produktionsprüfung").
2026-09-11 15:24:34 [info] Skaliert: lagerplatz_02B09.png  2362x856 -> 977x354 px (41.4% der Originalgröße)
2026-09-11 15:24:34 [warn] "lagerplatz_02B09.png" wird auf unter 50% der Originalgröße verkleinert. Die Barcode-Balken werden entsprechend dünner — vor dem vollständigen Lauf unbedingt mit einem echten Scanner testen (siehe README, Abschnitt "Produktionsprüfung").
2026-09-11 15:24:34 [info] Skaliert: lagerplatz_02B10.png  2362x856 -> 977x354 px (41.4% der Originalgröße)
2026-09-11 15:24:34 [warn] "lagerplatz_02B10.png" wird auf unter 50% der Originalgröße verkleinert. Die Barcode-Balken werden entsprechend dünner — vor dem vollständigen Lauf unbedingt mit einem echten Scanner testen (siehe README, Abschnitt "Produktionsprüfung").
2026-09-11 15:24:34 [info] Skaliert: lagerplatz_02B11.png  2362x856 -> 977x354 px (41.4% der Originalgröße)
2026-09-11 15:24:34 [warn] "lagerplatz_02B11.png" wird auf unter 50% der Originalgröße verkleinert. Die Barcode-Balken werden entsprechend dünner — vor dem vollständigen Lauf unbedingt mit einem echten Scanner testen (siehe README, Abschnitt "Produktionsprüfung").
2026-09-11 15:24:34 [info] Skaliert: lagerplatz_02B12.png  2362x856 -> 977x354 px (41.4% der Originalgröße)
2026-09-11 15:24:34 [warn] "lagerplatz_02B12.png" wird auf unter 50% der Originalgröße verkleinert. Die Barcode-Balken werden entsprechend dünner — vor dem vollständigen Lauf unbedingt mit einem echten Scanner testen (siehe README, Abschnitt "Produktionsprüfung").
2026-09-11 15:24:34 [info] Skaliert: lagerplatz_02B13.png  2362x856 -> 977x354 px (41.4% der Originalgröße)
2026-09-11 15:24:34 [warn] "lagerplatz_02B13.png" wird auf unter 50% der Originalgröße verkleinert. Die Barcode-Balken werden entsprechend dünner — vor dem vollständigen Lauf unbedingt mit einem echten Scanner testen (siehe README, Abschnitt "Produktionsprüfung").
2026-09-11 15:24:34 [info] Skaliert: lagerplatz_02B14.png  2362x856 -> 977x354 px (41.4% der Originalgröße)
2026-09-11 15:24:34 [warn] "lagerplatz_02B14.png" wird auf unter 50% der Originalgröße verkleinert. Die Barcode-Balken werden entsprechend dünner — vor dem vollständigen Lauf unbedingt mit einem echten Scanner testen (siehe README, Abschnitt "Produktionsprüfung").
2026-09-11 15:24:34 [info] Skaliert: lagerplatz_02B15.png  2362x856 -> 977x354 px (41.4% der Originalgröße)
2026-09-11 15:24:34 [warn] "lagerplatz_02B15.png" wird auf unter 50% der Originalgröße verkleinert. Die Barcode-Balken werden entsprechend dünner — vor dem vollständigen Lauf unbedingt mit einem echten Scanner testen (siehe README, Abschnitt "Produktionsprüfung").
2026-09-11 15:24:34 [info] Skaliert: lagerplatz_02B16.png  2362x856 -> 977x354 px (41.4% der Originalgröße)
2026-09-11 15:24:34 [warn] "lagerplatz_02B16.png" wird auf unter 50% der Originalgröße verkleinert. Die Barcode-Balken werden entsprechend dünner — vor dem vollständigen Lauf unbedingt mit einem echten Scanner testen (siehe README, Abschnitt "Produktionsprüfung").
2026-09-11 15:24:35 [info] Skaliert: lagerplatz_02B17.png  2362x856 -> 977x354 px (41.4% der Originalgröße)
2026-09-11 15:24:35 [warn] "lagerplatz_02B17.png" wird auf unter 50% der Originalgröße verkleinert. Die Barcode-Balken werden entsprechend dünner — vor dem vollständigen Lauf unbedingt mit einem echten Scanner testen (siehe README, Abschnitt "Produktionsprüfung").
2026-09-11 15:24:35 [info] Skaliert: lagerplatz_02B18.png  2362x856 -> 977x354 px (41.4% der Originalgröße)
2026-09-11 15:24:35 [warn] "lagerplatz_02B18.png" wird auf unter 50% der Originalgröße verkleinert. Die Barcode-Balken werden entsprechend dünner — vor dem vollständigen Lauf unbedingt mit einem echten Scanner testen (siehe README, Abschnitt "Produktionsprüfung").
2026-09-11 15:24:35 [info] Skaliert: lagerplatz_02B19.png  2362x856 -> 977x354 px (41.4% der Originalgröße)
2026-09-11 15:24:35 [warn] "lagerplatz_02B19.png" wird auf unter 50% der Originalgröße verkleinert. Die Barcode-Balken werden entsprechend dünner — vor dem vollständigen Lauf unbedingt mit einem echten Scanner testen (siehe README, Abschnitt "Produktionsprüfung").
2026-09-11 15:24:35 [info] Skaliert: lagerplatz_02B20.png  2362x856 -> 977x354 px (41.4% der Originalgröße)
2026-09-11 15:24:35 [warn] "lagerplatz_02B20.png" wird auf unter 50% der Originalgröße verkleinert. Die Barcode-Balken werden entsprechend dünner — vor dem vollständigen Lauf unbedingt mit einem echten Scanner testen (siehe README, Abschnitt "Produktionsprüfung").
2026-09-11 15:24:35 [info] Skaliert: lagerplatz_02B21.png  2362x856 -> 977x354 px (41.4% der Originalgröße)
2026-09-11 15:24:35 [warn] "lagerplatz_02B21.png" wird auf unter 50% der Originalgröße verkleinert. Die Barcode-Balken werden entsprechend dünner — vor dem vollständigen Lauf unbedingt mit einem echten Scanner testen (siehe README, Abschnitt "Produktionsprüfung").
2026-09-11 15:24:35 [info] Skaliert: lagerplatz_02B22.png  2362x856 -> 977x354 px (41.4% der Originalgröße)
2026-09-11 15:24:35 [warn] "lagerplatz_02B22.png" wird auf unter 50% der Originalgröße verkleinert. Die Barcode-Balken werden entsprechend dünner — vor dem vollständigen Lauf unbedingt mit einem echten Scanner testen (siehe README, Abschnitt "Produktionsprüfung").
2026-09-11 15:24:35 [info] Skaliert: lagerplatz_02C01.png  2362x856 -> 977x354 px (41.4% der Originalgröße)
2026-09-11 15:24:35 [warn] "lagerplatz_02C01.png" wird auf unter 50% der Originalgröße verkleinert. Die Barcode-Balken werden entsprechend dünner — vor dem vollständigen Lauf unbedingt mit einem echten Scanner testen (siehe README, Abschnitt "Produktionsprüfung").
2026-09-11 15:24:35 [info] Skaliert: lagerplatz_02C02.png  2362x856 -> 977x354 px (41.4% der Originalgröße)
2026-09-11 15:24:35 [warn] "lagerplatz_02C02.png" wird auf unter 50% der Originalgröße verkleinert. Die Barcode-Balken werden entsprechend dünner — vor dem vollständigen Lauf unbedingt mit einem echten Scanner testen (siehe README, Abschnitt "Produktionsprüfung").
2026-09-11 15:24:35 [info] Skaliert: lagerplatz_02C03.png  2362x856 -> 977x354 px (41.4% der Originalgröße)
2026-09-11 15:24:35 [warn] "lagerplatz_02C03.png" wird auf unter 50% der Originalgröße verkleinert. Die Barcode-Balken werden entsprechend dünner — vor dem vollständigen Lauf unbedingt mit einem echten Scanner testen (siehe README, Abschnitt "Produktionsprüfung").
2026-09-11 15:24:35 [info] Skaliert: lagerplatz_02C04.png  2362x856 -> 977x354 px (41.4% der Originalgröße)
2026-09-11 15:24:35 [warn] "lagerplatz_02C04.png" wird auf unter 50% der Originalgröße verkleinert. Die Barcode-Balken werden entsprechend dünner — vor dem vollständigen Lauf unbedingt mit einem echten Scanner testen (siehe README, Abschnitt "Produktionsprüfung").
2026-09-11 15:24:35 [info] Skaliert: lagerplatz_02C05.png  2362x856 -> 977x354 px (41.4% der Originalgröße)
2026-09-11 15:24:35 [warn] "lagerplatz_02C05.png" wird auf unter 50% der Originalgröße verkleinert. Die Barcode-Balken werden entsprechend dünner — vor dem vollständigen Lauf unbedingt mit einem echten Scanner testen (siehe README, Abschnitt "Produktionsprüfung").
2026-09-11 15:24:35 [info] Skaliert: lagerplatz_02C06.png  2362x856 -> 977x354 px (41.4% der Originalgröße)
2026-09-11 15:24:35 [warn] "lagerplatz_02C06.png" wird auf unter 50% der Originalgröße verkleinert. Die Barcode-Balken werden entsprechend dünner — vor dem vollständigen Lauf unbedingt mit einem echten Scanner testen (siehe README, Abschnitt "Produktionsprüfung").
2026-09-11 15:24:35 [info] Skaliert: lagerplatz_02C07.png  2362x856 -> 977x354 px (41.4% der Originalgröße)
2026-09-11 15:24:35 [warn] "lagerplatz_02C07.png" wird auf unter 50% der Originalgröße verkleinert. Die Barcode-Balken werden entsprechend dünner — vor dem vollständigen Lauf unbedingt mit einem echten Scanner testen (siehe README, Abschnitt "Produktionsprüfung").
2026-09-11 15:24:35 [info] Skaliert: lagerplatz_02C08.png  2362x856 -> 977x354 px (41.4% der Originalgröße)
2026-09-11 15:24:35 [warn] "lagerplatz_02C08.png" wird auf unter 50% der Originalgröße verkleinert. Die Barcode-Balken werden entsprechend dünner — vor dem vollständigen Lauf unbedingt mit einem echten Scanner testen (siehe README, Abschnitt "Produktionsprüfung").
2026-09-11 15:24:35 [info] Skaliert: lagerplatz_02C09.png  2362x856 -> 977x354 px (41.4% der Originalgröße)
2026-09-11 15:24:35 [warn] "lagerplatz_02C09.png" wird auf unter 50% der Originalgröße verkleinert. Die Barcode-Balken werden entsprechend dünner — vor dem vollständigen Lauf unbedingt mit einem echten Scanner testen (siehe README, Abschnitt "Produktionsprüfung").
2026-09-11 15:24:35 [info] Skaliert: lagerplatz_02C10.png  2362x856 -> 977x354 px (41.4% der Originalgröße)
2026-09-11 15:24:35 [warn] "lagerplatz_02C10.png" wird auf unter 50% der Originalgröße verkleinert. Die Barcode-Balken werden entsprechend dünner — vor dem vollständigen Lauf unbedingt mit einem echten Scanner testen (siehe README, Abschnitt "Produktionsprüfung").
2026-09-11 15:24:35 [info] Skaliert: lagerplatz_02C11.png  2362x856 -> 977x354 px (41.4% der Originalgröße)
2026-09-11 15:24:35 [warn] "lagerplatz_02C11.png" wird auf unter 50% der Originalgröße verkleinert. Die Barcode-Balken werden entsprechend dünner — vor dem vollständigen Lauf unbedingt mit einem echten Scanner testen (siehe README, Abschnitt "Produktionsprüfung").
2026-09-11 15:24:35 [info] Skaliert: lagerplatz_02C12.png  2362x856 -> 977x354 px (41.4% der Originalgröße)
2026-09-11 15:24:35 [warn] "lagerplatz_02C12.png" wird auf unter 50% der Originalgröße verkleinert. Die Barcode-Balken werden entsprechend dünner — vor dem vollständigen Lauf unbedingt mit einem echten Scanner testen (siehe README, Abschnitt "Produktionsprüfung").
2026-09-11 15:24:35 [info] Skaliert: lagerplatz_02C13.png  2362x856 -> 977x354 px (41.4% der Originalgröße)
2026-09-11 15:24:35 [warn] "lagerplatz_02C13.png" wird auf unter 50% der Originalgröße verkleinert. Die Barcode-Balken werden entsprechend dünner — vor dem vollständigen Lauf unbedingt mit einem echten Scanner testen (siehe README, Abschnitt "Produktionsprüfung").
2026-09-11 15:24:36 [info] Skaliert: lagerplatz_02C14.png  2362x856 -> 977x354 px (41.4% der Originalgröße)
2026-09-11 15:24:36 [warn] "lagerplatz_02C14.png" wird auf unter 50% der Originalgröße verkleinert. Die Barcode-Balken werden entsprechend dünner — vor dem vollständigen Lauf unbedingt mit einem echten Scanner testen (siehe README, Abschnitt "Produktionsprüfung").
2026-09-11 15:24:36 [info] Skaliert: lagerplatz_02C15.png  2362x856 -> 977x354 px (41.4% der Originalgröße)
2026-09-11 15:24:36 [warn] "lagerplatz_02C15.png" wird auf unter 50% der Originalgröße verkleinert. Die Barcode-Balken werden entsprechend dünner — vor dem vollständigen Lauf unbedingt mit einem echten Scanner testen (siehe README, Abschnitt "Produktionsprüfung").
2026-09-11 15:24:36 [info] Skaliert: lagerplatz_02C16.png  2362x856 -> 977x354 px (41.4% der Originalgröße)
2026-09-11 15:24:36 [warn] "lagerplatz_02C16.png" wird auf unter 50% der Originalgröße verkleinert. Die Barcode-Balken werden entsprechend dünner — vor dem vollständigen Lauf unbedingt mit einem echten Scanner testen (siehe README, Abschnitt "Produktionsprüfung").
2026-09-11 15:24:36 [info] Skaliert: lagerplatz_02C17.png  2362x856 -> 977x354 px (41.4% der Originalgröße)
2026-09-11 15:24:36 [warn] "lagerplatz_02C17.png" wird auf unter 50% der Originalgröße verkleinert. Die Barcode-Balken werden entsprechend dünner — vor dem vollständigen Lauf unbedingt mit einem echten Scanner testen (siehe README, Abschnitt "Produktionsprüfung").
2026-09-11 15:24:36 [info] Skaliert: lagerplatz_02C18.png  2362x856 -> 977x354 px (41.4% der Originalgröße)
2026-09-11 15:24:36 [warn] "lagerplatz_02C18.png" wird auf unter 50% der Originalgröße verkleinert. Die Barcode-Balken werden entsprechend dünner — vor dem vollständigen Lauf unbedingt mit einem echten Scanner testen (siehe README, Abschnitt "Produktionsprüfung").
2026-09-11 15:24:36 [info] Skaliert: lagerplatz_02C19.png  2362x856 -> 977x354 px (41.4% der Originalgröße)
2026-09-11 15:24:36 [warn] "lagerplatz_02C19.png" wird auf unter 50% der Originalgröße verkleinert. Die Barcode-Balken werden entsprechend dünner — vor dem vollständigen Lauf unbedingt mit einem echten Scanner testen (siehe README, Abschnitt "Produktionsprüfung").
2026-09-11 15:24:36 [info] Skaliert: lagerplatz_02C20.png  2362x856 -> 977x354 px (41.4% der Originalgröße)
2026-09-11 15:24:36 [warn] "lagerplatz_02C20.png" wird auf unter 50% der Originalgröße verkleinert. Die Barcode-Balken werden entsprechend dünner — vor dem vollständigen Lauf unbedingt mit einem echten Scanner testen (siehe README, Abschnitt "Produktionsprüfung").
2026-09-11 15:24:36 [info] Skaliert: lagerplatz_02C21.png  2362x856 -> 977x354 px (41.4% der Originalgröße)
2026-09-11 15:24:36 [warn] "lagerplatz_02C21.png" wird auf unter 50% der Originalgröße verkleinert. Die Barcode-Balken werden entsprechend dünner — vor dem vollständigen Lauf unbedingt mit einem echten Scanner testen (siehe README, Abschnitt "Produktionsprüfung").
2026-09-11 15:24:36 [info] Skaliert: lagerplatz_02C22.png  2362x856 -> 977x354 px (41.4% der Originalgröße)
2026-09-11 15:24:36 [warn] "lagerplatz_02C22.png" wird auf unter 50% der Originalgröße verkleinert. Die Barcode-Balken werden entsprechend dünner — vor dem vollständigen Lauf unbedingt mit einem echten Scanner testen (siehe README, Abschnitt "Produktionsprüfung").
2026-09-11 15:24:36 [info] Skaliert: lagerplatz_02C23.png  2362x856 -> 977x354 px (41.4% der Originalgröße)
2026-09-11 15:24:36 [warn] "lagerplatz_02C23.png" wird auf unter 50% der Originalgröße verkleinert. Die Barcode-Balken werden entsprechend dünner — vor dem vollständigen Lauf unbedingt mit einem echten Scanner testen (siehe README, Abschnitt "Produktionsprüfung").
2026-09-11 15:24:36 [info] Skaliert: lagerplatz_02C24.png  2362x856 -> 977x354 px (41.4% der Originalgröße)
2026-09-11 15:24:36 [warn] "lagerplatz_02C24.png" wird auf unter 50% der Originalgröße verkleinert. Die Barcode-Balken werden entsprechend dünner — vor dem vollständigen Lauf unbedingt mit einem echten Scanner testen (siehe README, Abschnitt "Produktionsprüfung").
2026-09-11 15:24:36 [info] Skaliert: lagerplatz_02C25.png  2362x856 -> 977x354 px (41.4% der Originalgröße)
2026-09-11 15:24:36 [warn] "lagerplatz_02C25.png" wird auf unter 50% der Originalgröße verkleinert. Die Barcode-Balken werden entsprechend dünner — vor dem vollständigen Lauf unbedingt mit einem echten Scanner testen (siehe README, Abschnitt "Produktionsprüfung").
2026-09-11 15:24:36 [info] Skaliert: lagerplatz_02C26.png  2362x856 -> 977x354 px (41.4% der Originalgröße)
2026-09-11 15:24:36 [warn] "lagerplatz_02C26.png" wird auf unter 50% der Originalgröße verkleinert. Die Barcode-Balken werden entsprechend dünner — vor dem vollständigen Lauf unbedingt mit einem echten Scanner testen (siehe README, Abschnitt "Produktionsprüfung").
2026-09-11 15:24:36 [info] Skaliert: lagerplatz_02C27.png  2362x856 -> 977x354 px (41.4% der Originalgröße)
2026-09-11 15:24:36 [warn] "lagerplatz_02C27.png" wird auf unter 50% der Originalgröße verkleinert. Die Barcode-Balken werden entsprechend dünner — vor dem vollständigen Lauf unbedingt mit einem echten Scanner testen (siehe README, Abschnitt "Produktionsprüfung").
2026-09-11 15:24:36 [info] Skaliert: lagerplatz_02C28.png  2362x856 -> 977x354 px (41.4% der Originalgröße)
2026-09-11 15:24:36 [warn] "lagerplatz_02C28.png" wird auf unter 50% der Originalgröße verkleinert. Die Barcode-Balken werden entsprechend dünner — vor dem vollständigen Lauf unbedingt mit einem echten Scanner testen (siehe README, Abschnitt "Produktionsprüfung").
2026-09-11 15:24:36 [info] Skaliert: lagerplatz_02C29.png  2362x856 -> 977x354 px (41.4% der Originalgröße)
2026-09-11 15:24:36 [warn] "lagerplatz_02C29.png" wird auf unter 50% der Originalgröße verkleinert. Die Barcode-Balken werden entsprechend dünner — vor dem vollständigen Lauf unbedingt mit einem echten Scanner testen (siehe README, Abschnitt "Produktionsprüfung").
2026-09-11 15:24:36 [info] Skaliert: lagerplatz_02C30.png  2362x856 -> 977x354 px (41.4% der Originalgröße)
2026-09-11 15:24:36 [warn] "lagerplatz_02C30.png" wird auf unter 50% der Originalgröße verkleinert. Die Barcode-Balken werden entsprechend dünner — vor dem vollständigen Lauf unbedingt mit einem echten Scanner testen (siehe README, Abschnitt "Produktionsprüfung").
2026-09-11 15:24:36 [info] Skaliert: lagerplatz_02C31.png  2362x856 -> 977x354 px (41.4% der Originalgröße)
2026-09-11 15:24:36 [warn] "lagerplatz_02C31.png" wird auf unter 50% der Originalgröße verkleinert. Die Barcode-Balken werden entsprechend dünner — vor dem vollständigen Lauf unbedingt mit einem echten Scanner testen (siehe README, Abschnitt "Produktionsprüfung").
2026-09-11 15:24:36 [info] Skaliert: lagerplatz_02C32.png  2362x856 -> 977x354 px (41.4% der Originalgröße)
2026-09-11 15:24:36 [warn] "lagerplatz_02C32.png" wird auf unter 50% der Originalgröße verkleinert. Die Barcode-Balken werden entsprechend dünner — vor dem vollständigen Lauf unbedingt mit einem echten Scanner testen (siehe README, Abschnitt "Produktionsprüfung").
2026-09-11 15:24:36 [info] Skaliert: lagerplatz_02C33.png  2362x856 -> 977x354 px (41.4% der Originalgröße)
2026-09-11 15:24:36 [warn] "lagerplatz_02C33.png" wird auf unter 50% der Originalgröße verkleinert. Die Barcode-Balken werden entsprechend dünner — vor dem vollständigen Lauf unbedingt mit einem echten Scanner testen (siehe README, Abschnitt "Produktionsprüfung").
2026-09-11 15:24:36 [info] Fertig. 77 skaliert, 0 übersprungen, 77 mit Größenwarnung. {"gesamtDauerMs":4326}
