2026-09-11 15:40:57 [info] Log-Datei: C:\Lager\lager-barcode-generator\log\skalieren_20260911_154057_474.log
2026-09-11 15:40:57 [info] Zielhöhe: 30 mm @ 300 DPI = 354 px
2026-09-11 15:40:57 [info] 77 Datei(en) werden verarbeitet.
2026-09-11 15:40:57 [info] Skaliert: lagerplatz_06A01.png  2362x856 -> 977x354 px (41.4% der Originalgröße)
2026-09-11 15:40:57 [warn] "lagerplatz_06A01.png" wird auf unter 50% der Originalgröße verkleinert. Die Barcode-Balken werden entsprechend dünner — vor dem vollständigen Lauf unbedingt mit einem echten Scanner testen (siehe README, Abschnitt "Produktionsprüfung").
2026-09-11 15:40:57 [info] Skaliert: lagerplatz_06A02.png  2362x856 -> 977x354 px (41.4% der Originalgröße)
2026-09-11 15:40:57 [warn] "lagerplatz_06A02.png" wird auf unter 50% der Originalgröße verkleinert. Die Barcode-Balken werden entsprechend dünner — vor dem vollständigen Lauf unbedingt mit einem echten Scanner testen (siehe README, Abschnitt "Produktionsprüfung").
2026-09-11 15:40:57 [info] Skaliert: lagerplatz_06A03.png  2362x856 -> 977x354 px (41.4% der Originalgröße)
2026-09-11 15:40:57 [warn] "lagerplatz_06A03.png" wird auf unter 50% der Originalgröße verkleinert. Die Barcode-Balken werden entsprechend dünner — vor dem vollständigen Lauf unbedingt mit einem echten Scanner testen (siehe README, Abschnitt "Produktionsprüfung").
2026-09-11 15:40:57 [info] Skaliert: lagerplatz_06A04.png  2362x856 -> 977x354 px (41.4% der Originalgröße)
2026-09-11 15:40:57 [warn] "lagerplatz_06A04.png" wird auf unter 50% der Originalgröße verkleinert. Die Barcode-Balken werden entsprechend dünner — vor dem vollständigen Lauf unbedingt mit einem echten Scanner testen (siehe README, Abschnitt "Produktionsprüfung").
2026-09-11 15:40:57 [info] Skaliert: lagerplatz_06A05.png  2362x856 -> 977x354 px (41.4% der Originalgröße)
2026-09-11 15:40:57 [warn] "lagerplatz_06A05.png" wird auf unter 50% der Originalgröße verkleinert. Die Barcode-Balken werden entsprechend dünner — vor dem vollständigen Lauf unbedingt mit einem echten Scanner testen (siehe README, Abschnitt "Produktionsprüfung").
2026-09-11 15:40:57 [info] Skaliert: lagerplatz_06A06.png  2362x856 -> 977x354 px (41.4% der Originalgröße)
2026-09-11 15:40:57 [warn] "lagerplatz_06A06.png" wird auf unter 50% der Originalgröße verkleinert. Die Barcode-Balken werden entsprechend dünner — vor dem vollständigen Lauf unbedingt mit einem echten Scanner testen (siehe README, Abschnitt "Produktionsprüfung").
2026-09-11 15:40:57 [info] Skaliert: lagerplatz_06A07.png  2362x856 -> 977x354 px (41.4% der Originalgröße)
2026-09-11 15:40:57 [warn] "lagerplatz_06A07.png" wird auf unter 50% der Originalgröße verkleinert. Die Barcode-Balken werden entsprechend dünner — vor dem vollständigen Lauf unbedingt mit einem echten Scanner testen (siehe README, Abschnitt "Produktionsprüfung").
2026-09-11 15:40:58 [info] Skaliert: lagerplatz_06A08.png  2362x856 -> 977x354 px (41.4% der Originalgröße)
2026-09-11 15:40:58 [warn] "lagerplatz_06A08.png" wird auf unter 50% der Originalgröße verkleinert. Die Barcode-Balken werden entsprechend dünner — vor dem vollständigen Lauf unbedingt mit einem echten Scanner testen (siehe README, Abschnitt "Produktionsprüfung").
2026-09-11 15:40:58 [info] Skaliert: lagerplatz_06A09.png  2362x856 -> 977x354 px (41.4% der Originalgröße)
2026-09-11 15:40:58 [warn] "lagerplatz_06A09.png" wird auf unter 50% der Originalgröße verkleinert. Die Barcode-Balken werden entsprechend dünner — vor dem vollständigen Lauf unbedingt mit einem echten Scanner testen (siehe README, Abschnitt "Produktionsprüfung").
2026-09-11 15:40:58 [info] Skaliert: lagerplatz_06A10.png  2362x856 -> 977x354 px (41.4% der Originalgröße)
2026-09-11 15:40:58 [warn] "lagerplatz_06A10.png" wird auf unter 50% der Originalgröße verkleinert. Die Barcode-Balken werden entsprechend dünner — vor dem vollständigen Lauf unbedingt mit einem echten Scanner testen (siehe README, Abschnitt "Produktionsprüfung").
2026-09-11 15:40:58 [info] Skaliert: lagerplatz_06A11.png  2362x856 -> 977x354 px (41.4% der Originalgröße)
2026-09-11 15:40:58 [warn] "lagerplatz_06A11.png" wird auf unter 50% der Originalgröße verkleinert. Die Barcode-Balken werden entsprechend dünner — vor dem vollständigen Lauf unbedingt mit einem echten Scanner testen (siehe README, Abschnitt "Produktionsprüfung").
2026-09-11 15:40:58 [info] Skaliert: lagerplatz_06A12.png  2362x856 -> 977x354 px (41.4% der Originalgröße)
2026-09-11 15:40:58 [warn] "lagerplatz_06A12.png" wird auf unter 50% der Originalgröße verkleinert. Die Barcode-Balken werden entsprechend dünner — vor dem vollständigen Lauf unbedingt mit einem echten Scanner testen (siehe README, Abschnitt "Produktionsprüfung").
2026-09-11 15:40:58 [info] Skaliert: lagerplatz_06A13.png  2362x856 -> 977x354 px (41.4% der Originalgröße)
2026-09-11 15:40:58 [warn] "lagerplatz_06A13.png" wird auf unter 50% der Originalgröße verkleinert. Die Barcode-Balken werden entsprechend dünner — vor dem vollständigen Lauf unbedingt mit einem echten Scanner testen (siehe README, Abschnitt "Produktionsprüfung").
2026-09-11 15:40:58 [info] Skaliert: lagerplatz_06A14.png  2362x856 -> 977x354 px (41.4% der Originalgröße)
2026-09-11 15:40:58 [warn] "lagerplatz_06A14.png" wird auf unter 50% der Originalgröße verkleinert. Die Barcode-Balken werden entsprechend dünner — vor dem vollständigen Lauf unbedingt mit einem echten Scanner testen (siehe README, Abschnitt "Produktionsprüfung").
2026-09-11 15:40:58 [info] Skaliert: lagerplatz_06A15.png  2362x856 -> 977x354 px (41.4% der Originalgröße)
2026-09-11 15:40:58 [warn] "lagerplatz_06A15.png" wird auf unter 50% der Originalgröße verkleinert. Die Barcode-Balken werden entsprechend dünner — vor dem vollständigen Lauf unbedingt mit einem echten Scanner testen (siehe README, Abschnitt "Produktionsprüfung").
2026-09-11 15:40:58 [info] Skaliert: lagerplatz_06A16.png  2362x856 -> 977x354 px (41.4% der Originalgröße)
2026-09-11 15:40:58 [warn] "lagerplatz_06A16.png" wird auf unter 50% der Originalgröße verkleinert. Die Barcode-Balken werden entsprechend dünner — vor dem vollständigen Lauf unbedingt mit einem echten Scanner testen (siehe README, Abschnitt "Produktionsprüfung").
2026-09-11 15:40:58 [info] Skaliert: lagerplatz_06A17.png  2362x856 -> 977x354 px (41.4% der Originalgröße)
2026-09-11 15:40:58 [warn] "lagerplatz_06A17.png" wird auf unter 50% der Originalgröße verkleinert. Die Barcode-Balken werden entsprechend dünner — vor dem vollständigen Lauf unbedingt mit einem echten Scanner testen (siehe README, Abschnitt "Produktionsprüfung").
2026-09-11 15:40:58 [info] Skaliert: lagerplatz_06A18.png  2362x856 -> 977x354 px (41.4% der Originalgröße)
2026-09-11 15:40:58 [warn] "lagerplatz_06A18.png" wird auf unter 50% der Originalgröße verkleinert. Die Barcode-Balken werden entsprechend dünner — vor dem vollständigen Lauf unbedingt mit einem echten Scanner testen (siehe README, Abschnitt "Produktionsprüfung").
2026-09-11 15:40:58 [info] Skaliert: lagerplatz_06A19.png  2362x856 -> 977x354 px (41.4% der Originalgröße)
2026-09-11 15:40:58 [warn] "lagerplatz_06A19.png" wird auf unter 50% der Originalgröße verkleinert. Die Barcode-Balken werden entsprechend dünner — vor dem vollständigen Lauf unbedingt mit einem echten Scanner testen (siehe README, Abschnitt "Produktionsprüfung").
2026-09-11 15:40:58 [info] Skaliert: lagerplatz_06A20.png  2362x856 -> 977x354 px (41.4% der Originalgröße)
2026-09-11 15:40:58 [warn] "lagerplatz_06A20.png" wird auf unter 50% der Originalgröße verkleinert. Die Barcode-Balken werden entsprechend dünner — vor dem vollständigen Lauf unbedingt mit einem echten Scanner testen (siehe README, Abschnitt "Produktionsprüfung").
2026-09-11 15:40:58 [info] Skaliert: lagerplatz_06A21.png  2362x856 -> 977x354 px (41.4% der Originalgröße)
2026-09-11 15:40:58 [warn] "lagerplatz_06A21.png" wird auf unter 50% der Originalgröße verkleinert. Die Barcode-Balken werden entsprechend dünner — vor dem vollständigen Lauf unbedingt mit einem echten Scanner testen (siehe README, Abschnitt "Produktionsprüfung").
2026-09-11 15:40:58 [info] Skaliert: lagerplatz_06A22.png  2362x856 -> 977x354 px (41.4% der Originalgröße)
2026-09-11 15:40:58 [warn] "lagerplatz_06A22.png" wird auf unter 50% der Originalgröße verkleinert. Die Barcode-Balken werden entsprechend dünner — vor dem vollständigen Lauf unbedingt mit einem echten Scanner testen (siehe README, Abschnitt "Produktionsprüfung").
2026-09-11 15:40:58 [info] Skaliert: lagerplatz_06B01.png  2362x856 -> 977x354 px (41.4% der Originalgröße)
2026-09-11 15:40:58 [warn] "lagerplatz_06B01.png" wird auf unter 50% der Originalgröße verkleinert. Die Barcode-Balken werden entsprechend dünner — vor dem vollständigen Lauf unbedingt mit einem echten Scanner testen (siehe README, Abschnitt "Produktionsprüfung").
2026-09-11 15:40:59 [info] Skaliert: lagerplatz_06B02.png  2362x856 -> 977x354 px (41.4% der Originalgröße)
2026-09-11 15:40:59 [warn] "lagerplatz_06B02.png" wird auf unter 50% der Originalgröße verkleinert. Die Barcode-Balken werden entsprechend dünner — vor dem vollständigen Lauf unbedingt mit einem echten Scanner testen (siehe README, Abschnitt "Produktionsprüfung").
2026-09-11 15:40:59 [info] Skaliert: lagerplatz_06B03.png  2362x856 -> 977x354 px (41.4% der Originalgröße)
2026-09-11 15:40:59 [warn] "lagerplatz_06B03.png" wird auf unter 50% der Originalgröße verkleinert. Die Barcode-Balken werden entsprechend dünner — vor dem vollständigen Lauf unbedingt mit einem echten Scanner testen (siehe README, Abschnitt "Produktionsprüfung").
2026-09-11 15:40:59 [info] Skaliert: lagerplatz_06B04.png  2362x856 -> 977x354 px (41.4% der Originalgröße)
2026-09-11 15:40:59 [warn] "lagerplatz_06B04.png" wird auf unter 50% der Originalgröße verkleinert. Die Barcode-Balken werden entsprechend dünner — vor dem vollständigen Lauf unbedingt mit einem echten Scanner testen (siehe README, Abschnitt "Produktionsprüfung").
2026-09-11 15:40:59 [info] Skaliert: lagerplatz_06B05.png  2362x856 -> 977x354 px (41.4% der Originalgröße)
2026-09-11 15:40:59 [warn] "lagerplatz_06B05.png" wird auf unter 50% der Originalgröße verkleinert. Die Barcode-Balken werden entsprechend dünner — vor dem vollständigen Lauf unbedingt mit einem echten Scanner testen (siehe README, Abschnitt "Produktionsprüfung").
2026-09-11 15:40:59 [info] Skaliert: lagerplatz_06B06.png  2362x856 -> 977x354 px (41.4% der Originalgröße)
2026-09-11 15:40:59 [warn] "lagerplatz_06B06.png" wird auf unter 50% der Originalgröße verkleinert. Die Barcode-Balken werden entsprechend dünner — vor dem vollständigen Lauf unbedingt mit einem echten Scanner testen (siehe README, Abschnitt "Produktionsprüfung").
2026-09-11 15:40:59 [info] Skaliert: lagerplatz_06B07.png  2362x856 -> 977x354 px (41.4% der Originalgröße)
2026-09-11 15:40:59 [warn] "lagerplatz_06B07.png" wird auf unter 50% der Originalgröße verkleinert. Die Barcode-Balken werden entsprechend dünner — vor dem vollständigen Lauf unbedingt mit einem echten Scanner testen (siehe README, Abschnitt "Produktionsprüfung").
2026-09-11 15:40:59 [info] Skaliert: lagerplatz_06B08.png  2362x856 -> 977x354 px (41.4% der Originalgröße)
2026-09-11 15:40:59 [warn] "lagerplatz_06B08.png" wird auf unter 50% der Originalgröße verkleinert. Die Barcode-Balken werden entsprechend dünner — vor dem vollständigen Lauf unbedingt mit einem echten Scanner testen (siehe README, Abschnitt "Produktionsprüfung").
2026-09-11 15:40:59 [info] Skaliert: lagerplatz_06B09.png  2362x856 -> 977x354 px (41.4% der Originalgröße)
2026-09-11 15:40:59 [warn] "lagerplatz_06B09.png" wird auf unter 50% der Originalgröße verkleinert. Die Barcode-Balken werden entsprechend dünner — vor dem vollständigen Lauf unbedingt mit einem echten Scanner testen (siehe README, Abschnitt "Produktionsprüfung").
2026-09-11 15:40:59 [info] Skaliert: lagerplatz_06B10.png  2362x856 -> 977x354 px (41.4% der Originalgröße)
2026-09-11 15:40:59 [warn] "lagerplatz_06B10.png" wird auf unter 50% der Originalgröße verkleinert. Die Barcode-Balken werden entsprechend dünner — vor dem vollständigen Lauf unbedingt mit einem echten Scanner testen (siehe README, Abschnitt "Produktionsprüfung").
2026-09-11 15:40:59 [info] Skaliert: lagerplatz_06B11.png  2362x856 -> 977x354 px (41.4% der Originalgröße)
2026-09-11 15:40:59 [warn] "lagerplatz_06B11.png" wird auf unter 50% der Originalgröße verkleinert. Die Barcode-Balken werden entsprechend dünner — vor dem vollständigen Lauf unbedingt mit einem echten Scanner testen (siehe README, Abschnitt "Produktionsprüfung").
2026-09-11 15:40:59 [info] Skaliert: lagerplatz_06B12.png  2362x856 -> 977x354 px (41.4% der Originalgröße)
2026-09-11 15:40:59 [warn] "lagerplatz_06B12.png" wird auf unter 50% der Originalgröße verkleinert. Die Barcode-Balken werden entsprechend dünner — vor dem vollständigen Lauf unbedingt mit einem echten Scanner testen (siehe README, Abschnitt "Produktionsprüfung").
2026-09-11 15:40:59 [info] Skaliert: lagerplatz_06B13.png  2362x856 -> 977x354 px (41.4% der Originalgröße)
2026-09-11 15:40:59 [warn] "lagerplatz_06B13.png" wird auf unter 50% der Originalgröße verkleinert. Die Barcode-Balken werden entsprechend dünner — vor dem vollständigen Lauf unbedingt mit einem echten Scanner testen (siehe README, Abschnitt "Produktionsprüfung").
2026-09-11 15:40:59 [info] Skaliert: lagerplatz_06B14.png  2362x856 -> 977x354 px (41.4% der Originalgröße)
2026-09-11 15:40:59 [warn] "lagerplatz_06B14.png" wird auf unter 50% der Originalgröße verkleinert. Die Barcode-Balken werden entsprechend dünner — vor dem vollständigen Lauf unbedingt mit einem echten Scanner testen (siehe README, Abschnitt "Produktionsprüfung").
2026-09-11 15:40:59 [info] Skaliert: lagerplatz_06B15.png  2362x856 -> 977x354 px (41.4% der Originalgröße)
2026-09-11 15:40:59 [warn] "lagerplatz_06B15.png" wird auf unter 50% der Originalgröße verkleinert. Die Barcode-Balken werden entsprechend dünner — vor dem vollständigen Lauf unbedingt mit einem echten Scanner testen (siehe README, Abschnitt "Produktionsprüfung").
2026-09-11 15:40:59 [info] Skaliert: lagerplatz_06B16.png  2362x856 -> 977x354 px (41.4% der Originalgröße)
2026-09-11 15:40:59 [warn] "lagerplatz_06B16.png" wird auf unter 50% der Originalgröße verkleinert. Die Barcode-Balken werden entsprechend dünner — vor dem vollständigen Lauf unbedingt mit einem echten Scanner testen (siehe README, Abschnitt "Produktionsprüfung").
2026-09-11 15:40:59 [info] Skaliert: lagerplatz_06B17.png  2362x856 -> 977x354 px (41.4% der Originalgröße)
2026-09-11 15:40:59 [warn] "lagerplatz_06B17.png" wird auf unter 50% der Originalgröße verkleinert. Die Barcode-Balken werden entsprechend dünner — vor dem vollständigen Lauf unbedingt mit einem echten Scanner testen (siehe README, Abschnitt "Produktionsprüfung").
2026-09-11 15:40:59 [info] Skaliert: lagerplatz_06B18.png  2362x856 -> 977x354 px (41.4% der Originalgröße)
2026-09-11 15:40:59 [warn] "lagerplatz_06B18.png" wird auf unter 50% der Originalgröße verkleinert. Die Barcode-Balken werden entsprechend dünner — vor dem vollständigen Lauf unbedingt mit einem echten Scanner testen (siehe README, Abschnitt "Produktionsprüfung").
2026-09-11 15:40:59 [info] Skaliert: lagerplatz_06B19.png  2362x856 -> 977x354 px (41.4% der Originalgröße)
2026-09-11 15:41:00 [warn] "lagerplatz_06B19.png" wird auf unter 50% der Originalgröße verkleinert. Die Barcode-Balken werden entsprechend dünner — vor dem vollständigen Lauf unbedingt mit einem echten Scanner testen (siehe README, Abschnitt "Produktionsprüfung").
2026-09-11 15:41:00 [info] Skaliert: lagerplatz_06B20.png  2362x856 -> 977x354 px (41.4% der Originalgröße)
2026-09-11 15:41:00 [warn] "lagerplatz_06B20.png" wird auf unter 50% der Originalgröße verkleinert. Die Barcode-Balken werden entsprechend dünner — vor dem vollständigen Lauf unbedingt mit einem echten Scanner testen (siehe README, Abschnitt "Produktionsprüfung").
2026-09-11 15:41:00 [info] Skaliert: lagerplatz_06B21.png  2362x856 -> 977x354 px (41.4% der Originalgröße)
2026-09-11 15:41:00 [warn] "lagerplatz_06B21.png" wird auf unter 50% der Originalgröße verkleinert. Die Barcode-Balken werden entsprechend dünner — vor dem vollständigen Lauf unbedingt mit einem echten Scanner testen (siehe README, Abschnitt "Produktionsprüfung").
2026-09-11 15:41:00 [info] Skaliert: lagerplatz_06B22.png  2362x856 -> 977x354 px (41.4% der Originalgröße)
2026-09-11 15:41:00 [warn] "lagerplatz_06B22.png" wird auf unter 50% der Originalgröße verkleinert. Die Barcode-Balken werden entsprechend dünner — vor dem vollständigen Lauf unbedingt mit einem echten Scanner testen (siehe README, Abschnitt "Produktionsprüfung").
2026-09-11 15:41:00 [info] Skaliert: lagerplatz_06C01.png  2362x856 -> 977x354 px (41.4% der Originalgröße)
2026-09-11 15:41:00 [warn] "lagerplatz_06C01.png" wird auf unter 50% der Originalgröße verkleinert. Die Barcode-Balken werden entsprechend dünner — vor dem vollständigen Lauf unbedingt mit einem echten Scanner testen (siehe README, Abschnitt "Produktionsprüfung").
2026-09-11 15:41:00 [info] Skaliert: lagerplatz_06C02.png  2362x856 -> 977x354 px (41.4% der Originalgröße)
2026-09-11 15:41:00 [warn] "lagerplatz_06C02.png" wird auf unter 50% der Originalgröße verkleinert. Die Barcode-Balken werden entsprechend dünner — vor dem vollständigen Lauf unbedingt mit einem echten Scanner testen (siehe README, Abschnitt "Produktionsprüfung").
2026-09-11 15:41:00 [info] Skaliert: lagerplatz_06C03.png  2362x856 -> 977x354 px (41.4% der Originalgröße)
2026-09-11 15:41:00 [warn] "lagerplatz_06C03.png" wird auf unter 50% der Originalgröße verkleinert. Die Barcode-Balken werden entsprechend dünner — vor dem vollständigen Lauf unbedingt mit einem echten Scanner testen (siehe README, Abschnitt "Produktionsprüfung").
2026-09-11 15:41:00 [info] Skaliert: lagerplatz_06C04.png  2362x856 -> 977x354 px (41.4% der Originalgröße)
2026-09-11 15:41:00 [warn] "lagerplatz_06C04.png" wird auf unter 50% der Originalgröße verkleinert. Die Barcode-Balken werden entsprechend dünner — vor dem vollständigen Lauf unbedingt mit einem echten Scanner testen (siehe README, Abschnitt "Produktionsprüfung").
2026-09-11 15:41:00 [info] Skaliert: lagerplatz_06C05.png  2362x856 -> 977x354 px (41.4% der Originalgröße)
2026-09-11 15:41:00 [warn] "lagerplatz_06C05.png" wird auf unter 50% der Originalgröße verkleinert. Die Barcode-Balken werden entsprechend dünner — vor dem vollständigen Lauf unbedingt mit einem echten Scanner testen (siehe README, Abschnitt "Produktionsprüfung").
2026-09-11 15:41:00 [info] Skaliert: lagerplatz_06C06.png  2362x856 -> 977x354 px (41.4% der Originalgröße)
2026-09-11 15:41:00 [warn] "lagerplatz_06C06.png" wird auf unter 50% der Originalgröße verkleinert. Die Barcode-Balken werden entsprechend dünner — vor dem vollständigen Lauf unbedingt mit einem echten Scanner testen (siehe README, Abschnitt "Produktionsprüfung").
2026-09-11 15:41:00 [info] Skaliert: lagerplatz_06C07.png  2362x856 -> 977x354 px (41.4% der Originalgröße)
2026-09-11 15:41:00 [warn] "lagerplatz_06C07.png" wird auf unter 50% der Originalgröße verkleinert. Die Barcode-Balken werden entsprechend dünner — vor dem vollständigen Lauf unbedingt mit einem echten Scanner testen (siehe README, Abschnitt "Produktionsprüfung").
2026-09-11 15:41:00 [info] Skaliert: lagerplatz_06C08.png  2362x856 -> 977x354 px (41.4% der Originalgröße)
2026-09-11 15:41:00 [warn] "lagerplatz_06C08.png" wird auf unter 50% der Originalgröße verkleinert. Die Barcode-Balken werden entsprechend dünner — vor dem vollständigen Lauf unbedingt mit einem echten Scanner testen (siehe README, Abschnitt "Produktionsprüfung").
2026-09-11 15:41:00 [info] Skaliert: lagerplatz_06C09.png  2362x856 -> 977x354 px (41.4% der Originalgröße)
2026-09-11 15:41:00 [warn] "lagerplatz_06C09.png" wird auf unter 50% der Originalgröße verkleinert. Die Barcode-Balken werden entsprechend dünner — vor dem vollständigen Lauf unbedingt mit einem echten Scanner testen (siehe README, Abschnitt "Produktionsprüfung").
2026-09-11 15:41:00 [info] Skaliert: lagerplatz_06C10.png  2362x856 -> 977x354 px (41.4% der Originalgröße)
2026-09-11 15:41:00 [warn] "lagerplatz_06C10.png" wird auf unter 50% der Originalgröße verkleinert. Die Barcode-Balken werden entsprechend dünner — vor dem vollständigen Lauf unbedingt mit einem echten Scanner testen (siehe README, Abschnitt "Produktionsprüfung").
2026-09-11 15:41:00 [info] Skaliert: lagerplatz_06C11.png  2362x856 -> 977x354 px (41.4% der Originalgröße)
2026-09-11 15:41:00 [warn] "lagerplatz_06C11.png" wird auf unter 50% der Originalgröße verkleinert. Die Barcode-Balken werden entsprechend dünner — vor dem vollständigen Lauf unbedingt mit einem echten Scanner testen (siehe README, Abschnitt "Produktionsprüfung").
2026-09-11 15:41:00 [info] Skaliert: lagerplatz_06C12.png  2362x856 -> 977x354 px (41.4% der Originalgröße)
2026-09-11 15:41:00 [warn] "lagerplatz_06C12.png" wird auf unter 50% der Originalgröße verkleinert. Die Barcode-Balken werden entsprechend dünner — vor dem vollständigen Lauf unbedingt mit einem echten Scanner testen (siehe README, Abschnitt "Produktionsprüfung").
2026-09-11 15:41:00 [info] Skaliert: lagerplatz_06C13.png  2362x856 -> 977x354 px (41.4% der Originalgröße)
2026-09-11 15:41:00 [warn] "lagerplatz_06C13.png" wird auf unter 50% der Originalgröße verkleinert. Die Barcode-Balken werden entsprechend dünner — vor dem vollständigen Lauf unbedingt mit einem echten Scanner testen (siehe README, Abschnitt "Produktionsprüfung").
2026-09-11 15:41:00 [info] Skaliert: lagerplatz_06C14.png  2362x856 -> 977x354 px (41.4% der Originalgröße)
2026-09-11 15:41:00 [warn] "lagerplatz_06C14.png" wird auf unter 50% der Originalgröße verkleinert. Die Barcode-Balken werden entsprechend dünner — vor dem vollständigen Lauf unbedingt mit einem echten Scanner testen (siehe README, Abschnitt "Produktionsprüfung").
2026-09-11 15:41:00 [info] Skaliert: lagerplatz_06C15.png  2362x856 -> 977x354 px (41.4% der Originalgröße)
2026-09-11 15:41:00 [warn] "lagerplatz_06C15.png" wird auf unter 50% der Originalgröße verkleinert. Die Barcode-Balken werden entsprechend dünner — vor dem vollständigen Lauf unbedingt mit einem echten Scanner testen (siehe README, Abschnitt "Produktionsprüfung").
2026-09-11 15:41:00 [info] Skaliert: lagerplatz_06C16.png  2362x856 -> 977x354 px (41.4% der Originalgröße)
2026-09-11 15:41:00 [warn] "lagerplatz_06C16.png" wird auf unter 50% der Originalgröße verkleinert. Die Barcode-Balken werden entsprechend dünner — vor dem vollständigen Lauf unbedingt mit einem echten Scanner testen (siehe README, Abschnitt "Produktionsprüfung").
2026-09-11 15:41:01 [info] Skaliert: lagerplatz_06C17.png  2362x856 -> 977x354 px (41.4% der Originalgröße)
2026-09-11 15:41:01 [warn] "lagerplatz_06C17.png" wird auf unter 50% der Originalgröße verkleinert. Die Barcode-Balken werden entsprechend dünner — vor dem vollständigen Lauf unbedingt mit einem echten Scanner testen (siehe README, Abschnitt "Produktionsprüfung").
2026-09-11 15:41:01 [info] Skaliert: lagerplatz_06C18.png  2362x856 -> 977x354 px (41.4% der Originalgröße)
2026-09-11 15:41:01 [warn] "lagerplatz_06C18.png" wird auf unter 50% der Originalgröße verkleinert. Die Barcode-Balken werden entsprechend dünner — vor dem vollständigen Lauf unbedingt mit einem echten Scanner testen (siehe README, Abschnitt "Produktionsprüfung").
2026-09-11 15:41:01 [info] Skaliert: lagerplatz_06C19.png  2362x856 -> 977x354 px (41.4% der Originalgröße)
2026-09-11 15:41:01 [warn] "lagerplatz_06C19.png" wird auf unter 50% der Originalgröße verkleinert. Die Barcode-Balken werden entsprechend dünner — vor dem vollständigen Lauf unbedingt mit einem echten Scanner testen (siehe README, Abschnitt "Produktionsprüfung").
2026-09-11 15:41:01 [info] Skaliert: lagerplatz_06C20.png  2362x856 -> 977x354 px (41.4% der Originalgröße)
2026-09-11 15:41:01 [warn] "lagerplatz_06C20.png" wird auf unter 50% der Originalgröße verkleinert. Die Barcode-Balken werden entsprechend dünner — vor dem vollständigen Lauf unbedingt mit einem echten Scanner testen (siehe README, Abschnitt "Produktionsprüfung").
2026-09-11 15:41:01 [info] Skaliert: lagerplatz_06C21.png  2362x856 -> 977x354 px (41.4% der Originalgröße)
2026-09-11 15:41:01 [warn] "lagerplatz_06C21.png" wird auf unter 50% der Originalgröße verkleinert. Die Barcode-Balken werden entsprechend dünner — vor dem vollständigen Lauf unbedingt mit einem echten Scanner testen (siehe README, Abschnitt "Produktionsprüfung").
2026-09-11 15:41:01 [info] Skaliert: lagerplatz_06C22.png  2362x856 -> 977x354 px (41.4% der Originalgröße)
2026-09-11 15:41:01 [warn] "lagerplatz_06C22.png" wird auf unter 50% der Originalgröße verkleinert. Die Barcode-Balken werden entsprechend dünner — vor dem vollständigen Lauf unbedingt mit einem echten Scanner testen (siehe README, Abschnitt "Produktionsprüfung").
2026-09-11 15:41:01 [info] Skaliert: lagerplatz_06C23.png  2362x856 -> 977x354 px (41.4% der Originalgröße)
2026-09-11 15:41:01 [warn] "lagerplatz_06C23.png" wird auf unter 50% der Originalgröße verkleinert. Die Barcode-Balken werden entsprechend dünner — vor dem vollständigen Lauf unbedingt mit einem echten Scanner testen (siehe README, Abschnitt "Produktionsprüfung").
2026-09-11 15:41:01 [info] Skaliert: lagerplatz_06C24.png  2362x856 -> 977x354 px (41.4% der Originalgröße)
2026-09-11 15:41:01 [warn] "lagerplatz_06C24.png" wird auf unter 50% der Originalgröße verkleinert. Die Barcode-Balken werden entsprechend dünner — vor dem vollständigen Lauf unbedingt mit einem echten Scanner testen (siehe README, Abschnitt "Produktionsprüfung").
2026-09-11 15:41:01 [info] Skaliert: lagerplatz_06C25.png  2362x856 -> 977x354 px (41.4% der Originalgröße)
2026-09-11 15:41:01 [warn] "lagerplatz_06C25.png" wird auf unter 50% der Originalgröße verkleinert. Die Barcode-Balken werden entsprechend dünner — vor dem vollständigen Lauf unbedingt mit einem echten Scanner testen (siehe README, Abschnitt "Produktionsprüfung").
2026-09-11 15:41:01 [info] Skaliert: lagerplatz_06C26.png  2362x856 -> 977x354 px (41.4% der Originalgröße)
2026-09-11 15:41:01 [warn] "lagerplatz_06C26.png" wird auf unter 50% der Originalgröße verkleinert. Die Barcode-Balken werden entsprechend dünner — vor dem vollständigen Lauf unbedingt mit einem echten Scanner testen (siehe README, Abschnitt "Produktionsprüfung").
2026-09-11 15:41:01 [info] Skaliert: lagerplatz_06C27.png  2362x856 -> 977x354 px (41.4% der Originalgröße)
2026-09-11 15:41:01 [warn] "lagerplatz_06C27.png" wird auf unter 50% der Originalgröße verkleinert. Die Barcode-Balken werden entsprechend dünner — vor dem vollständigen Lauf unbedingt mit einem echten Scanner testen (siehe README, Abschnitt "Produktionsprüfung").
2026-09-11 15:41:01 [info] Skaliert: lagerplatz_06C28.png  2362x856 -> 977x354 px (41.4% der Originalgröße)
2026-09-11 15:41:01 [warn] "lagerplatz_06C28.png" wird auf unter 50% der Originalgröße verkleinert. Die Barcode-Balken werden entsprechend dünner — vor dem vollständigen Lauf unbedingt mit einem echten Scanner testen (siehe README, Abschnitt "Produktionsprüfung").
2026-09-11 15:41:01 [info] Skaliert: lagerplatz_06C29.png  2362x856 -> 977x354 px (41.4% der Originalgröße)
2026-09-11 15:41:01 [warn] "lagerplatz_06C29.png" wird auf unter 50% der Originalgröße verkleinert. Die Barcode-Balken werden entsprechend dünner — vor dem vollständigen Lauf unbedingt mit einem echten Scanner testen (siehe README, Abschnitt "Produktionsprüfung").
2026-09-11 15:41:01 [info] Skaliert: lagerplatz_06C30.png  2362x856 -> 977x354 px (41.4% der Originalgröße)
2026-09-11 15:41:01 [warn] "lagerplatz_06C30.png" wird auf unter 50% der Originalgröße verkleinert. Die Barcode-Balken werden entsprechend dünner — vor dem vollständigen Lauf unbedingt mit einem echten Scanner testen (siehe README, Abschnitt "Produktionsprüfung").
2026-09-11 15:41:01 [info] Skaliert: lagerplatz_06C31.png  2362x856 -> 977x354 px (41.4% der Originalgröße)
2026-09-11 15:41:01 [warn] "lagerplatz_06C31.png" wird auf unter 50% der Originalgröße verkleinert. Die Barcode-Balken werden entsprechend dünner — vor dem vollständigen Lauf unbedingt mit einem echten Scanner testen (siehe README, Abschnitt "Produktionsprüfung").
2026-09-11 15:41:01 [info] Skaliert: lagerplatz_06C32.png  2362x856 -> 977x354 px (41.4% der Originalgröße)
2026-09-11 15:41:01 [warn] "lagerplatz_06C32.png" wird auf unter 50% der Originalgröße verkleinert. Die Barcode-Balken werden entsprechend dünner — vor dem vollständigen Lauf unbedingt mit einem echten Scanner testen (siehe README, Abschnitt "Produktionsprüfung").
2026-09-11 15:41:01 [info] Skaliert: lagerplatz_06C33.png  2362x856 -> 977x354 px (41.4% der Originalgröße)
2026-09-11 15:41:01 [warn] "lagerplatz_06C33.png" wird auf unter 50% der Originalgröße verkleinert. Die Barcode-Balken werden entsprechend dünner — vor dem vollständigen Lauf unbedingt mit einem echten Scanner testen (siehe README, Abschnitt "Produktionsprüfung").
2026-09-11 15:41:01 [info] Fertig. 77 skaliert, 0 übersprungen, 77 mit Größenwarnung. {"gesamtDauerMs":4347}
