**********************
Beginn des PowerShell-Transkripts
Startzeit: 20260914053153
Benutzername: MAXHAMBI\Max Hambi
RunAs-Benutzer: MAXHAMBI\Max Hambi
Konfigurationsname: 
Computer: MAXHAMBI (Microsoft Windows NT 10.0.26200.0)
Hostanwendung: C:\Program Files\PowerShell\7\pwsh.dll
Prozess-ID: 8664
PSVersion: 7.6.6
PSEdition: Core
GitCommitId: 7.6.6
OS: Microsoft Windows 10.0.26200
Platform: Win32NT
PSCompatibleVersions: 1.0, 2.0, 3.0, 4.0, 5.0, 5.1, 6.0, 7.0
PSRemotingProtocolVersion: 2.4
SerializationVersion: 1.1.0.1
WSManStackVersion: 3.0
**********************
2026-09-14 05:31:57 [info] Log-Datei: C:\Lager\lager-barcode-generator\log\barcode_20260914_053157_885.log
2026-09-14 05:31:57 [info] 4 Eintraege gefunden.
2026-09-14 05:31:57 [info] Vorlage: .\Templates\MV-A.png
2026-09-14 05:31:57 [info] Ausgabe: .\test\output\
2026-09-14 05:31:58 [info] Erstellt: lagerplatz_01A01.png {"dauerMs":545}
2026-09-14 05:31:58 [info] Erstellt: lagerplatz_01B01.png {"dauerMs":503}
2026-09-14 05:31:59 [info] Erstellt: lagerplatz_01C01.png {"dauerMs":567}
2026-09-14 05:32:00 [info] Erstellt: lagerplatz_0102030405060708.png {"dauerMs":671}
2026-09-14 05:32:00 [info] Fertig. 4 erstellt, 0 uebersprungen. {"gesamtDauerMs":2291}
**********************
Ende des PowerShell-Transkripts
Endzeit: 20260914053200
**********************
