**********************
PowerShell transcript start
Start time: 20260911141341
Username: MAXHAMBI\Max Hambi
RunAs User: MAXHAMBI\Max Hambi
Configuration Name: 
Machine: MAXHAMBI (Microsoft Windows NT 10.0.26200.0)
Host Application: C:\Program Files\PowerShell\7\pwsh.dll
Process ID: 9620
PSVersion: 7.6.5
PSEdition: Core
GitCommitId: 7.6.5
OS: Microsoft Windows 10.0.26200
Platform: Win32NT
PSCompatibleVersions: 1.0, 2.0, 3.0, 4.0, 5.0, 5.1, 6.0, 7.0
PSRemotingProtocolVersion: 2.4
SerializationVersion: 1.1.0.1
WSManStackVersion: 3.0
**********************
   ______          __    ______   ____     ________  _ __        __ 
  / ____/___  ____/ /__ <  /__ \ ( __ )   / ____/ /_(_) /_____  / /_
 / /   / __ \/ __  / _ \/ /__/ // __  |  / __/ / __/ / //_/ _ \/ __/
/ /___/ /_/ / /_/ /  __/ // __// /_/ /  / /___/ /_/ / ,< /  __/ /_  
\____/\____/\__,_/\___/_//____/\____/  /_____/\__/_/_/|_|\___/\__/  
   ______  __  ___              __  __                __    _       
  / ____ \/  |/  /___ __  __   / / / /___ _____ ___  / /_  (_)      
 / / __ `/ /|_/ / __ `/ |/_/  / /_/ / __ `/ __ `__ \/ __ \/ /       
/ / /_/ / /  / / /_/ />  <   / __  / /_/ / / / / / / /_/ / /        
\ \__,_/_/  /_/\__,_/_/|_|  /_/ /_/\__,_/_/ /_/ /_/_.___/_/         
 \____/


Starte Verarbeitung ...
  Eintraege     : C:\Lager\lager-barcode-generator\mv01.txt
  Vorlage       : C:\Lager\lager-barcode-generator\Templates\MV-ABC.png
  Ausgabe       : C:\Lager\lager-barcode-generator\output
  Ueberschreiben: True

2026-09-11 14:14:10 [info] Log-Datei: C:\Lager\lager-barcode-generator\log\barcode_20260911_141410_356.log
2026-09-11 14:14:10 [info] 77 Eintraege gefunden.
2026-09-11 14:14:10 [info] Vorlage: C:\Lager\lager-barcode-generator\Templates\MV-ABC.png
2026-09-11 14:14:10 [info] Ausgabe: C:\Lager\lager-barcode-generator\output
2026-09-11 14:14:10 [info] Erstellt: lagerplatz_01A01.png {"dauerMs":141}
2026-09-11 14:14:10 [info] Erstellt: lagerplatz_01A02.png {"dauerMs":132}
2026-09-11 14:14:10 [info] Erstellt: lagerplatz_01A03.png {"dauerMs":128}
2026-09-11 14:14:10 [info] Erstellt: lagerplatz_01A04.png {"dauerMs":127}
2026-09-11 14:14:11 [info] Erstellt: lagerplatz_01A05.png {"dauerMs":136}
2026-09-11 14:14:11 [info] Erstellt: lagerplatz_01A06.png {"dauerMs":125}
2026-09-11 14:14:11 [info] Erstellt: lagerplatz_01A07.png {"dauerMs":130}
2026-09-11 14:14:11 [info] Erstellt: lagerplatz_01A08.png {"dauerMs":125}
2026-09-11 14:14:11 [info] Erstellt: lagerplatz_01A09.png {"dauerMs":128}
2026-09-11 14:14:11 [info] Erstellt: lagerplatz_01A10.png {"dauerMs":122}
2026-09-11 14:14:11 [info] Erstellt: lagerplatz_01A11.png {"dauerMs":121}
2026-09-11 14:14:11 [info] Erstellt: lagerplatz_01A12.png {"dauerMs":102}
2026-09-11 14:14:12 [info] Erstellt: lagerplatz_01A13.png {"dauerMs":107}
2026-09-11 14:14:12 [info] Erstellt: lagerplatz_01A14.png {"dauerMs":102}
2026-09-11 14:14:12 [info] Erstellt: lagerplatz_01A15.png {"dauerMs":110}
2026-09-11 14:14:12 [info] Erstellt: lagerplatz_01A16.png {"dauerMs":110}
2026-09-11 14:14:12 [info] Erstellt: lagerplatz_01A17.png {"dauerMs":106}
2026-09-11 14:14:12 [info] Erstellt: lagerplatz_01A18.png {"dauerMs":99}
2026-09-11 14:14:12 [info] Erstellt: lagerplatz_01A19.png {"dauerMs":120}
2026-09-11 14:14:12 [info] Erstellt: lagerplatz_01A20.png {"dauerMs":109}
2026-09-11 14:14:12 [info] Erstellt: lagerplatz_01A21.png {"dauerMs":105}
2026-09-11 14:14:13 [info] Erstellt: lagerplatz_01A22.png {"dauerMs":115}
2026-09-11 14:14:13 [info] Erstellt: lagerplatz_01B01.png {"dauerMs":99}
2026-09-11 14:14:13 [info] Erstellt: lagerplatz_01B02.png {"dauerMs":105}
2026-09-11 14:14:13 [info] Erstellt: lagerplatz_01B03.png {"dauerMs":105}
2026-09-11 14:14:13 [info] Erstellt: lagerplatz_01B04.png {"dauerMs":118}
2026-09-11 14:14:13 [info] Erstellt: lagerplatz_01B05.png {"dauerMs":103}
2026-09-11 14:14:13 [info] Erstellt: lagerplatz_01B06.png {"dauerMs":106}
2026-09-11 14:14:13 [info] Erstellt: lagerplatz_01B07.png {"dauerMs":105}
2026-09-11 14:14:13 [info] Erstellt: lagerplatz_01B08.png {"dauerMs":105}
2026-09-11 14:14:13 [info] Erstellt: lagerplatz_01B09.png {"dauerMs":106}
2026-09-11 14:14:14 [info] Erstellt: lagerplatz_01B10.png {"dauerMs":101}
2026-09-11 14:14:14 [info] Erstellt: lagerplatz_01B11.png {"dauerMs":98}
2026-09-11 14:14:14 [info] Erstellt: lagerplatz_01B12.png {"dauerMs":103}
2026-09-11 14:14:14 [info] Erstellt: lagerplatz_01B13.png {"dauerMs":106}
2026-09-11 14:14:14 [info] Erstellt: lagerplatz_01B14.png {"dauerMs":98}
2026-09-11 14:14:14 [info] Erstellt: lagerplatz_01B15.png {"dauerMs":106}
2026-09-11 14:14:14 [info] Erstellt: lagerplatz_01B16.png {"dauerMs":99}
2026-09-11 14:14:14 [info] Erstellt: lagerplatz_01B17.png {"dauerMs":105}
2026-09-11 14:14:14 [info] Erstellt: lagerplatz_01B18.png {"dauerMs":99}
2026-09-11 14:14:15 [info] Erstellt: lagerplatz_01B19.png {"dauerMs":100}
2026-09-11 14:14:15 [info] Erstellt: lagerplatz_01B20.png {"dauerMs":106}
2026-09-11 14:14:15 [info] Erstellt: lagerplatz_01B21.png {"dauerMs":105}
2026-09-11 14:14:15 [info] Erstellt: lagerplatz_01B22.png {"dauerMs":110}
2026-09-11 14:14:15 [info] Erstellt: lagerplatz_01C01.png {"dauerMs":103}
2026-09-11 14:14:15 [info] Erstellt: lagerplatz_01C02.png {"dauerMs":109}
2026-09-11 14:14:15 [info] Erstellt: lagerplatz_01C03.png {"dauerMs":102}
2026-09-11 14:14:15 [info] Erstellt: lagerplatz_01C04.png {"dauerMs":104}
2026-09-11 14:14:15 [info] Erstellt: lagerplatz_01C05.png {"dauerMs":104}
2026-09-11 14:14:15 [info] Erstellt: lagerplatz_01C06.png {"dauerMs":102}
2026-09-11 14:14:16 [info] Erstellt: lagerplatz_01C07.png {"dauerMs":98}
2026-09-11 14:14:16 [info] Erstellt: lagerplatz_01C08.png {"dauerMs":124}
2026-09-11 14:14:16 [info] Erstellt: lagerplatz_01C09.png {"dauerMs":99}
2026-09-11 14:14:16 [info] Erstellt: lagerplatz_01C10.png {"dauerMs":107}
2026-09-11 14:14:16 [info] Erstellt: lagerplatz_01C11.png {"dauerMs":126}
2026-09-11 14:14:16 [info] Erstellt: lagerplatz_01C12.png {"dauerMs":104}
2026-09-11 14:14:16 [info] Erstellt: lagerplatz_01C13.png {"dauerMs":101}
2026-09-11 14:14:16 [info] Erstellt: lagerplatz_01C14.png {"dauerMs":102}
2026-09-11 14:14:16 [info] Erstellt: lagerplatz_01C15.png {"dauerMs":100}
2026-09-11 14:14:17 [info] Erstellt: lagerplatz_01C16.png {"dauerMs":111}
2026-09-11 14:14:17 [info] Erstellt: lagerplatz_01C17.png {"dauerMs":104}
2026-09-11 14:14:17 [info] Erstellt: lagerplatz_01C18.png {"dauerMs":107}
2026-09-11 14:14:17 [info] Erstellt: lagerplatz_01C19.png {"dauerMs":101}
2026-09-11 14:14:17 [info] Erstellt: lagerplatz_01C20.png {"dauerMs":115}
2026-09-11 14:14:17 [info] Erstellt: lagerplatz_01C21.png {"dauerMs":100}
2026-09-11 14:14:17 [info] Erstellt: lagerplatz_01C22.png {"dauerMs":96}
2026-09-11 14:14:17 [info] Erstellt: lagerplatz_01C23.png {"dauerMs":102}
2026-09-11 14:14:17 [info] Erstellt: lagerplatz_01C24.png {"dauerMs":99}
2026-09-11 14:14:17 [info] Erstellt: lagerplatz_01C25.png {"dauerMs":105}
2026-09-11 14:14:18 [info] Erstellt: lagerplatz_01C26.png {"dauerMs":111}
2026-09-11 14:14:18 [info] Erstellt: lagerplatz_01C27.png {"dauerMs":100}
2026-09-11 14:14:18 [info] Erstellt: lagerplatz_01C28.png {"dauerMs":102}
2026-09-11 14:14:18 [info] Erstellt: lagerplatz_01C29.png {"dauerMs":101}
2026-09-11 14:14:18 [info] Erstellt: lagerplatz_01C30.png {"dauerMs":107}
2026-09-11 14:14:18 [info] Erstellt: lagerplatz_01C31.png {"dauerMs":101}
2026-09-11 14:14:18 [info] Erstellt: lagerplatz_01C32.png {"dauerMs":105}
2026-09-11 14:14:18 [info] Erstellt: lagerplatz_01C33.png {"dauerMs":108}
2026-09-11 14:14:18 [info] Fertig. 77 erstellt, 0 uebersprungen. {"gesamtDauerMs":8451}

Fertig. Protokoll gespeichert unter: C:\Lager\lager-barcode-generator\logs\lauf_20260911_141341.log

Was moechtest du als Naechstes tun?
  (1) Skalieren     - Schilder auf eine Zielhoehe (mm) skalieren
  (2) Pruefen       - Barcode scannen und Inhalt verifizieren
  (3) Konvertieren  - Bilder normalisieren (Transparenz entfernen, sRGB, 8-Bit-PNG)
  (0) Keine Auswahl





**********************
PowerShell transcript end
End time: 20260911141459
**********************
