**********************
PowerShell transcript start
Start time: 20260911151347
Username: MAXHAMBI\Max Hambi
RunAs User: MAXHAMBI\Max Hambi
Configuration Name: 
Machine: MAXHAMBI (Microsoft Windows NT 10.0.26200.0)
Host Application: C:\Program Files\PowerShell\7\pwsh.dll
Process ID: 18556
PSVersion: 7.6.5
PSEdition: Core
GitCommitId: 7.6.5
OS: Microsoft Windows 10.0.26200
Platform: Win32NT
PSCompatibleVersions: 1.0, 2.0, 3.0, 4.0, 5.0, 5.1, 6.0, 7.0
PSRemotingProtocolVersion: 2.4
SerializationVersion: 1.1.0.1
WSManStackVersion: 3.0
**********************
   ______          __    ______   ____     ________  _ __        __ 
  / ____/___  ____/ /__ <  /__ \ ( __ )   / ____/ /_(_) /_____  / /_
 / /   / __ \/ __  / _ \/ /__/ // __  |  / __/ / __/ / //_/ _ \/ __/
/ /___/ /_/ / /_/ /  __/ // __// /_/ /  / /___/ /_/ / ,< /  __/ /_  
\____/\____/\__,_/\___/_//____/\____/  /_____/\__/_/_/|_|\___/\__/  
   ______  __  ___              __  __                __    _       
  / ____ \/  |/  /___ __  __   / / / /___ _____ ___  / /_  (_)      
 / / __ `/ /|_/ / __ `/ |/_/  / /_/ / __ `/ __ `__ \/ __ \/ /       
/ / /_/ / /  / / /_/ />  <   / __  / /_/ / / / / / / /_/ / /        
\ \__,_/_/  /_/\__,_/_/|_|  /_/ /_/\__,_/_/ /_/ /_/_.___/_/         
 \____/


Starte Verarbeitung ...
  Eintraege     : C:\Lager\lager-barcode-generator\mv01.txt
  Vorlage       : C:\Lager\lager-barcode-generator\Templates\MV-ABC.png
  Ausgabe       : C:\Lager\lager-barcode-generator\output
  Ueberschreiben: True

2026-09-11 15:14:15 [info] Log-Datei: C:\Lager\lager-barcode-generator\log\barcode_20260911_151415_228.log
2026-09-11 15:14:15 [info] 77 Eintraege gefunden.
2026-09-11 15:14:15 [info] Vorlage: C:\Lager\lager-barcode-generator\Templates\MV-ABC.png
2026-09-11 15:14:15 [info] Ausgabe: C:\Lager\lager-barcode-generator\output
2026-09-11 15:14:15 [info] Erstellt: lagerplatz_01A01.png {"dauerMs":160}
2026-09-11 15:14:15 [info] Erstellt: lagerplatz_01A02.png {"dauerMs":158}
2026-09-11 15:14:15 [info] Erstellt: lagerplatz_01A03.png {"dauerMs":165}
2026-09-11 15:14:15 [info] Erstellt: lagerplatz_01A04.png {"dauerMs":144}
2026-09-11 15:14:16 [info] Erstellt: lagerplatz_01A05.png {"dauerMs":142}
2026-09-11 15:14:16 [info] Erstellt: lagerplatz_01A06.png {"dauerMs":154}
2026-09-11 15:14:16 [info] Erstellt: lagerplatz_01A07.png {"dauerMs":157}
2026-09-11 15:14:16 [info] Erstellt: lagerplatz_01A08.png {"dauerMs":143}
2026-09-11 15:14:16 [info] Erstellt: lagerplatz_01A09.png {"dauerMs":160}
2026-09-11 15:14:16 [info] Erstellt: lagerplatz_01A10.png {"dauerMs":155}
2026-09-11 15:14:16 [info] Erstellt: lagerplatz_01A11.png {"dauerMs":137}
2026-09-11 15:14:17 [info] Erstellt: lagerplatz_01A12.png {"dauerMs":135}
2026-09-11 15:14:17 [info] Erstellt: lagerplatz_01A13.png {"dauerMs":142}
2026-09-11 15:14:17 [info] Erstellt: lagerplatz_01A14.png {"dauerMs":141}
2026-09-11 15:14:17 [info] Erstellt: lagerplatz_01A15.png {"dauerMs":158}
2026-09-11 15:14:17 [info] Erstellt: lagerplatz_01A16.png {"dauerMs":133}
2026-09-11 15:14:17 [info] Erstellt: lagerplatz_01A17.png {"dauerMs":134}
2026-09-11 15:14:17 [info] Erstellt: lagerplatz_01A18.png {"dauerMs":137}
2026-09-11 15:14:18 [info] Erstellt: lagerplatz_01A19.png {"dauerMs":125}
2026-09-11 15:14:18 [info] Erstellt: lagerplatz_01A20.png {"dauerMs":125}
2026-09-11 15:14:18 [info] Erstellt: lagerplatz_01A21.png {"dauerMs":141}
2026-09-11 15:14:18 [info] Erstellt: lagerplatz_01A22.png {"dauerMs":133}
2026-09-11 15:14:18 [info] Erstellt: lagerplatz_01B01.png {"dauerMs":125}
2026-09-11 15:14:18 [info] Erstellt: lagerplatz_01B02.png {"dauerMs":127}
2026-09-11 15:14:18 [info] Erstellt: lagerplatz_01B03.png {"dauerMs":145}
2026-09-11 15:14:18 [info] Erstellt: lagerplatz_01B04.png {"dauerMs":149}
2026-09-11 15:14:19 [info] Erstellt: lagerplatz_01B05.png {"dauerMs":131}
2026-09-11 15:14:19 [info] Erstellt: lagerplatz_01B06.png {"dauerMs":125}
2026-09-11 15:14:19 [info] Erstellt: lagerplatz_01B07.png {"dauerMs":134}
2026-09-11 15:14:19 [info] Erstellt: lagerplatz_01B08.png {"dauerMs":132}
2026-09-11 15:14:19 [info] Erstellt: lagerplatz_01B09.png {"dauerMs":137}
2026-09-11 15:14:19 [info] Erstellt: lagerplatz_01B10.png {"dauerMs":128}
2026-09-11 15:14:19 [info] Erstellt: lagerplatz_01B11.png {"dauerMs":125}
2026-09-11 15:14:20 [info] Erstellt: lagerplatz_01B12.png {"dauerMs":120}
2026-09-11 15:14:20 [info] Erstellt: lagerplatz_01B13.png {"dauerMs":144}
2026-09-11 15:14:20 [info] Erstellt: lagerplatz_01B14.png {"dauerMs":126}
2026-09-11 15:14:20 [info] Erstellt: lagerplatz_01B15.png {"dauerMs":125}
2026-09-11 15:14:20 [info] Erstellt: lagerplatz_01B16.png {"dauerMs":139}
2026-09-11 15:14:20 [info] Erstellt: lagerplatz_01B17.png {"dauerMs":123}
2026-09-11 15:14:20 [info] Erstellt: lagerplatz_01B18.png {"dauerMs":134}
2026-09-11 15:14:20 [info] Erstellt: lagerplatz_01B19.png {"dauerMs":120}
2026-09-11 15:14:21 [info] Erstellt: lagerplatz_01B20.png {"dauerMs":126}
2026-09-11 15:14:21 [info] Erstellt: lagerplatz_01B21.png {"dauerMs":145}
2026-09-11 15:14:21 [info] Erstellt: lagerplatz_01B22.png {"dauerMs":127}
2026-09-11 15:14:21 [info] Erstellt: lagerplatz_01C01.png {"dauerMs":117}
2026-09-11 15:14:21 [info] Erstellt: lagerplatz_01C02.png {"dauerMs":124}
2026-09-11 15:14:21 [info] Erstellt: lagerplatz_01C03.png {"dauerMs":165}
2026-09-11 15:14:21 [info] Erstellt: lagerplatz_01C04.png {"dauerMs":149}
2026-09-11 15:14:22 [info] Erstellt: lagerplatz_01C05.png {"dauerMs":122}
2026-09-11 15:14:22 [info] Erstellt: lagerplatz_01C06.png {"dauerMs":147}
2026-09-11 15:14:22 [info] Erstellt: lagerplatz_01C07.png {"dauerMs":134}
2026-09-11 15:14:22 [info] Erstellt: lagerplatz_01C08.png {"dauerMs":140}
2026-09-11 15:14:22 [info] Erstellt: lagerplatz_01C09.png {"dauerMs":127}
2026-09-11 15:14:22 [info] Erstellt: lagerplatz_01C10.png {"dauerMs":142}
2026-09-11 15:14:22 [info] Erstellt: lagerplatz_01C11.png {"dauerMs":152}
2026-09-11 15:14:22 [info] Erstellt: lagerplatz_01C12.png {"dauerMs":124}
2026-09-11 15:14:23 [info] Erstellt: lagerplatz_01C13.png {"dauerMs":152}
2026-09-11 15:14:23 [info] Erstellt: lagerplatz_01C14.png {"dauerMs":143}
2026-09-11 15:14:23 [info] Erstellt: lagerplatz_01C15.png {"dauerMs":139}
2026-09-11 15:14:23 [info] Erstellt: lagerplatz_01C16.png {"dauerMs":126}
2026-09-11 15:14:23 [info] Erstellt: lagerplatz_01C17.png {"dauerMs":134}
2026-09-11 15:14:23 [info] Erstellt: lagerplatz_01C18.png {"dauerMs":121}
2026-09-11 15:14:23 [info] Erstellt: lagerplatz_01C19.png {"dauerMs":146}
2026-09-11 15:14:24 [info] Erstellt: lagerplatz_01C20.png {"dauerMs":124}
2026-09-11 15:14:24 [info] Erstellt: lagerplatz_01C21.png {"dauerMs":122}
2026-09-11 15:14:24 [info] Erstellt: lagerplatz_01C22.png {"dauerMs":144}
2026-09-11 15:14:24 [info] Erstellt: lagerplatz_01C23.png {"dauerMs":204}
2026-09-11 15:14:24 [info] Erstellt: lagerplatz_01C24.png {"dauerMs":125}
2026-09-11 15:14:24 [info] Erstellt: lagerplatz_01C25.png {"dauerMs":124}
2026-09-11 15:14:24 [info] Erstellt: lagerplatz_01C26.png {"dauerMs":133}
2026-09-11 15:14:25 [info] Erstellt: lagerplatz_01C27.png {"dauerMs":122}
2026-09-11 15:14:25 [info] Erstellt: lagerplatz_01C28.png {"dauerMs":133}
2026-09-11 15:14:25 [info] Erstellt: lagerplatz_01C29.png {"dauerMs":135}
2026-09-11 15:14:25 [info] Erstellt: lagerplatz_01C30.png {"dauerMs":126}
2026-09-11 15:14:25 [info] Erstellt: lagerplatz_01C31.png {"dauerMs":137}
2026-09-11 15:14:25 [info] Erstellt: lagerplatz_01C32.png {"dauerMs":151}
2026-09-11 15:14:25 [info] Erstellt: lagerplatz_01C33.png {"dauerMs":124}
2026-09-11 15:14:25 [info] Fertig. 77 erstellt, 0 uebersprungen. {"gesamtDauerMs":10662}

Fertig. Protokoll gespeichert unter: C:\Lager\lager-barcode-generator\logs\lauf_20260911_151347.log

Was moechtest du als Naechstes tun?
  (1) Skalieren     - Schilder auf eine Zielhoehe (mm) skalieren
  (2) Pruefen       - Barcode scannen und Inhalt verifizieren
  (3) Konvertieren  - Bilder normalisieren (Transparenz entfernen, sRGB, 8-Bit-PNG)
  (0) Fertig / Verlassen


2026-09-11 15:14:37 [info] Log-Datei: C:\Lager\lager-barcode-generator\log\pruefen_20260911_151437_203.log
2026-09-11 15:14:37 [info] 77 Datei(en) im Ordner C:\Lager\lager-barcode-generator\output werden gepr├╝ft.
Datei                 Erwartet   Dekodiert   Status  Hinweis
--------------------------------------------------------------------------------
lagerplatz_01A01.png  01A01      01A01       OK
lagerplatz_01A02.png  01A02      01A02       OK
lagerplatz_01A03.png  01A03      01A03       OK
lagerplatz_01A04.png  01A04      01A04       OK
lagerplatz_01A05.png  01A05      01A05       OK
lagerplatz_01A06.png  01A06      01A06       OK
lagerplatz_01A07.png  01A07      01A07       OK
lagerplatz_01A08.png  01A08      01A08       OK
lagerplatz_01A09.png  01A09      01A09       OK
lagerplatz_01A10.png  01A10      01A10       OK
lagerplatz_01A11.png  01A11      01A11       OK
lagerplatz_01A12.png  01A12      01A12       OK
lagerplatz_01A13.png  01A13      01A13       OK
lagerplatz_01A14.png  01A14      01A14       OK
lagerplatz_01A15.png  01A15      01A15       OK
lagerplatz_01A16.png  01A16      01A16       OK
lagerplatz_01A17.png  01A17      01A17       OK
lagerplatz_01A18.png  01A18      01A18       OK
lagerplatz_01A19.png  01A19      01A19       OK
lagerplatz_01A20.png  01A20      01A20       OK
lagerplatz_01A21.png  01A21      01A21       OK
lagerplatz_01A22.png  01A22      01A22       OK
lagerplatz_01B01.png  01B01      01B01       OK
lagerplatz_01B02.png  01B02      01B02       OK
lagerplatz_01B03.png  01B03      01B03       OK
lagerplatz_01B04.png  01B04      01B04       OK
lagerplatz_01B05.png  01B05      01B05       OK
lagerplatz_01B06.png  01B06      01B06       OK
lagerplatz_01B07.png  01B07      01B07       OK
lagerplatz_01B08.png  01B08      01B08       OK
lagerplatz_01B09.png  01B09      01B09       OK
lagerplatz_01B10.png  01B10      01B10       OK
lagerplatz_01B11.png  01B11      01B11       OK
lagerplatz_01B12.png  01B12      01B12       OK
lagerplatz_01B13.png  01B13      01B13       OK
lagerplatz_01B14.png  01B14      01B14       OK
lagerplatz_01B15.png  01B15      01B15       OK
lagerplatz_01B16.png  01B16      01B16       OK
lagerplatz_01B17.png  01B17      01B17       OK
lagerplatz_01B18.png  01B18      01B18       OK
lagerplatz_01B19.png  01B19      01B19       OK
lagerplatz_01B20.png  01B20      01B20       OK
lagerplatz_01B21.png  01B21      01B21       OK
lagerplatz_01B22.png  01B22      01B22       OK
lagerplatz_01C01.png  01C01      01C01       OK
lagerplatz_01C02.png  01C02      01C02       OK
lagerplatz_01C03.png  01C03      01C03       OK
lagerplatz_01C04.png  01C04      01C04       OK
lagerplatz_01C05.png  01C05      01C05       OK
lagerplatz_01C06.png  01C06      01C06       OK
lagerplatz_01C07.png  01C07      01C07       OK
lagerplatz_01C08.png  01C08      01C08       OK
lagerplatz_01C09.png  01C09      01C09       OK
lagerplatz_01C10.png  01C10      01C10       OK
lagerplatz_01C11.png  01C11      01C11       OK
lagerplatz_01C12.png  01C12      01C12       OK
lagerplatz_01C13.png  01C13      01C13       OK
lagerplatz_01C14.png  01C14      01C14       OK
lagerplatz_01C15.png  01C15      01C15       OK
lagerplatz_01C16.png  01C16      01C16       OK
lagerplatz_01C17.png  01C17      01C17       OK
lagerplatz_01C18.png  01C18      01C18       OK
lagerplatz_01C19.png  01C19      01C19       OK
lagerplatz_01C20.png  01C20      01C20       OK
lagerplatz_01C21.png  01C21      01C21       OK
lagerplatz_01C22.png  01C22      01C22       OK
lagerplatz_01C23.png  01C23      01C23       OK
lagerplatz_01C24.png  01C24      01C24       OK
lagerplatz_01C25.png  01C25      01C25       OK
lagerplatz_01C26.png  01C26      01C26       OK
lagerplatz_01C27.png  01C27      01C27       OK
lagerplatz_01C28.png  01C28      01C28       OK
lagerplatz_01C29.png  01C29      01C29       OK
lagerplatz_01C30.png  01C30      01C30       OK
lagerplatz_01C31.png  01C31      01C31       OK
lagerplatz_01C32.png  01C32      01C32       OK
lagerplatz_01C33.png  01C33      01C33       OK
2026-09-11 15:14:43 [info] lagerplatz_01A01.png: OK (dekodiert "01A01")
2026-09-11 15:14:43 [info] lagerplatz_01A02.png: OK (dekodiert "01A02")
2026-09-11 15:14:43 [info] lagerplatz_01A03.png: OK (dekodiert "01A03")
2026-09-11 15:14:43 [info] lagerplatz_01A04.png: OK (dekodiert "01A04")
2026-09-11 15:14:43 [info] lagerplatz_01A05.png: OK (dekodiert "01A05")
2026-09-11 15:14:43 [info] lagerplatz_01A06.png: OK (dekodiert "01A06")
2026-09-11 15:14:43 [info] lagerplatz_01A07.png: OK (dekodiert "01A07")
2026-09-11 15:14:43 [info] lagerplatz_01A08.png: OK (dekodiert "01A08")
2026-09-11 15:14:43 [info] lagerplatz_01A09.png: OK (dekodiert "01A09")
2026-09-11 15:14:43 [info] lagerplatz_01A10.png: OK (dekodiert "01A10")
2026-09-11 15:14:43 [info] lagerplatz_01A11.png: OK (dekodiert "01A11")
2026-09-11 15:14:43 [info] lagerplatz_01A12.png: OK (dekodiert "01A12")
2026-09-11 15:14:43 [info] lagerplatz_01A13.png: OK (dekodiert "01A13")
2026-09-11 15:14:43 [info] lagerplatz_01A14.png: OK (dekodiert "01A14")
2026-09-11 15:14:43 [info] lagerplatz_01A15.png: OK (dekodiert "01A15")
2026-09-11 15:14:43 [info] lagerplatz_01A16.png: OK (dekodiert "01A16")
2026-09-11 15:14:43 [info] lagerplatz_01A17.png: OK (dekodiert "01A17")
2026-09-11 15:14:43 [info] lagerplatz_01A18.png: OK (dekodiert "01A18")
2026-09-11 15:14:43 [info] lagerplatz_01A19.png: OK (dekodiert "01A19")
2026-09-11 15:14:43 [info] lagerplatz_01A20.png: OK (dekodiert "01A20")
2026-09-11 15:14:43 [info] lagerplatz_01A21.png: OK (dekodiert "01A21")
2026-09-11 15:14:43 [info] lagerplatz_01A22.png: OK (dekodiert "01A22")
2026-09-11 15:14:43 [info] lagerplatz_01B01.png: OK (dekodiert "01B01")
2026-09-11 15:14:43 [info] lagerplatz_01B02.png: OK (dekodiert "01B02")
2026-09-11 15:14:43 [info] lagerplatz_01B03.png: OK (dekodiert "01B03")
2026-09-11 15:14:43 [info] lagerplatz_01B04.png: OK (dekodiert "01B04")
2026-09-11 15:14:43 [info] lagerplatz_01B05.png: OK (dekodiert "01B05")
2026-09-11 15:14:43 [info] lagerplatz_01B06.png: OK (dekodiert "01B06")
2026-09-11 15:14:43 [info] lagerplatz_01B07.png: OK (dekodiert "01B07")
2026-09-11 15:14:43 [info] lagerplatz_01B08.png: OK (dekodiert "01B08")
2026-09-11 15:14:43 [info] lagerplatz_01B09.png: OK (dekodiert "01B09")
2026-09-11 15:14:43 [info] lagerplatz_01B10.png: OK (dekodiert "01B10")
2026-09-11 15:14:43 [info] lagerplatz_01B11.png: OK (dekodiert "01B11")
2026-09-11 15:14:43 [info] lagerplatz_01B12.png: OK (dekodiert "01B12")
2026-09-11 15:14:43 [info] lagerplatz_01B13.png: OK (dekodiert "01B13")
2026-09-11 15:14:43 [info] lagerplatz_01B14.png: OK (dekodiert "01B14")
2026-09-11 15:14:43 [info] lagerplatz_01B15.png: OK (dekodiert "01B15")
2026-09-11 15:14:43 [info] lagerplatz_01B16.png: OK (dekodiert "01B16")
2026-09-11 15:14:43 [info] lagerplatz_01B17.png: OK (dekodiert "01B17")
2026-09-11 15:14:43 [info] lagerplatz_01B18.png: OK (dekodiert "01B18")
2026-09-11 15:14:43 [info] lagerplatz_01B19.png: OK (dekodiert "01B19")
2026-09-11 15:14:43 [info] lagerplatz_01B20.png: OK (dekodiert "01B20")
2026-09-11 15:14:43 [info] lagerplatz_01B21.png: OK (dekodiert "01B21")
2026-09-11 15:14:43 [info] lagerplatz_01B22.png: OK (dekodiert "01B22")
2026-09-11 15:14:43 [info] lagerplatz_01C01.png: OK (dekodiert "01C01")
2026-09-11 15:14:43 [info] lagerplatz_01C02.png: OK (dekodiert "01C02")
2026-09-11 15:14:43 [info] lagerplatz_01C03.png: OK (dekodiert "01C03")
2026-09-11 15:14:43 [info] lagerplatz_01C04.png: OK (dekodiert "01C04")
2026-09-11 15:14:43 [info] lagerplatz_01C05.png: OK (dekodiert "01C05")
2026-09-11 15:14:43 [info] lagerplatz_01C06.png: OK (dekodiert "01C06")
2026-09-11 15:14:43 [info] lagerplatz_01C07.png: OK (dekodiert "01C07")
2026-09-11 15:14:43 [info] lagerplatz_01C08.png: OK (dekodiert "01C08")
2026-09-11 15:14:43 [info] lagerplatz_01C09.png: OK (dekodiert "01C09")
2026-09-11 15:14:43 [info] lagerplatz_01C10.png: OK (dekodiert "01C10")
2026-09-11 15:14:43 [info] lagerplatz_01C11.png: OK (dekodiert "01C11")
2026-09-11 15:14:43 [info] lagerplatz_01C12.png: OK (dekodiert "01C12")
2026-09-11 15:14:43 [info] lagerplatz_01C13.png: OK (dekodiert "01C13")
2026-09-11 15:14:43 [info] lagerplatz_01C14.png: OK (dekodiert "01C14")
2026-09-11 15:14:43 [info] lagerplatz_01C15.png: OK (dekodiert "01C15")
2026-09-11 15:14:43 [info] lagerplatz_01C16.png: OK (dekodiert "01C16")
2026-09-11 15:14:43 [info] lagerplatz_01C17.png: OK (dekodiert "01C17")
2026-09-11 15:14:43 [info] lagerplatz_01C18.png: OK (dekodiert "01C18")
2026-09-11 15:14:43 [info] lagerplatz_01C19.png: OK (dekodiert "01C19")
2026-09-11 15:14:43 [info] lagerplatz_01C20.png: OK (dekodiert "01C20")
2026-09-11 15:14:43 [info] lagerplatz_01C21.png: OK (dekodiert "01C21")
2026-09-11 15:14:43 [info] lagerplatz_01C22.png: OK (dekodiert "01C22")
2026-09-11 15:14:43 [info] lagerplatz_01C23.png: OK (dekodiert "01C23")
2026-09-11 15:14:43 [info] lagerplatz_01C24.png: OK (dekodiert "01C24")
2026-09-11 15:14:43 [info] lagerplatz_01C25.png: OK (dekodiert "01C25")
2026-09-11 15:14:43 [info] lagerplatz_01C26.png: OK (dekodiert "01C26")
2026-09-11 15:14:43 [info] lagerplatz_01C27.png: OK (dekodiert "01C27")
2026-09-11 15:14:43 [info] lagerplatz_01C28.png: OK (dekodiert "01C28")
2026-09-11 15:14:43 [info] lagerplatz_01C29.png: OK (dekodiert "01C29")
2026-09-11 15:14:43 [info] lagerplatz_01C30.png: OK (dekodiert "01C30")
2026-09-11 15:14:43 [info] lagerplatz_01C31.png: OK (dekodiert "01C31")
2026-09-11 15:14:43 [info] lagerplatz_01C32.png: OK (dekodiert "01C32")
2026-09-11 15:14:43 [info] lagerplatz_01C33.png: OK (dekodiert "01C33")

Vollst├ñndigkeitspr├╝fung gegen C:\Lager\lager-barcode-generator\mv01.txt: alle 77 Eintr├ñge korrekt lesbar vorhanden.
2026-09-11 15:14:43 [info] Vollst├ñndigkeitspr├╝fung: alle 77 Eintr├ñge korrekt lesbar vorhanden.

77 von 77 Schildern korrekt gepr├╝ft.
2026-09-11 15:14:43 [info] Fertig. 77 von 77 Schildern korrekt gepr├╝ft. {"gesamtDauerMs":6489}

Was moechtest du als Naechstes tun?
  (1) Skalieren     - Schilder auf eine Zielhoehe (mm) skalieren
  (2) Pruefen       - Barcode scannen und Inhalt verifizieren
  (3) Konvertieren  - Bilder normalisieren (Transparenz entfernen, sRGB, 8-Bit-PNG)
  (0) Fertig / Verlassen



Was moechtest du als Naechstes tun?
  (1) Skalieren     - Schilder auf eine Zielhoehe (mm) skalieren
  (2) Pruefen       - Barcode scannen und Inhalt verifizieren
  (3) Konvertieren  - Bilder normalisieren (Transparenz entfernen, sRGB, 8-Bit-PNG)
  (0) Fertig / Verlassen


2026-09-11 15:15:28 [info] Log-Datei: C:\Lager\lager-barcode-generator\log\skalieren_20260911_151528_023.log
2026-09-11 15:15:28 [info] Zielh├Âhe: 30 mm @ 300 DPI = 354 px
2026-09-11 15:15:28 [info] 77 Datei(en) werden verarbeitet.
2026-09-11 15:15:28 [error] Fehler bei lagerplatz_01A01.png: UNKNOWN: unknown error, open 'C:\Lager\lager-barcode-generator\output\skaliert\lagerplatz_01A01.png'
2026-09-11 15:15:28 [info] Skaliert: lagerplatz_01A02.png  2362x856 -> 977x354 px (41.4% der Originalgr├Â├ƒe)
2026-09-11 15:15:28 [warn] "lagerplatz_01A02.png" wird auf unter 50% der Originalgr├Â├ƒe verkleinert. Die Barcode-Balken werden entsprechend d├╝nner ÔÇö vor dem vollst├ñndigen Lauf unbedingt mit einem echten Scanner testen (siehe README, Abschnitt "Produktionspr├╝fung").
2026-09-11 15:15:28 [info] Skaliert: lagerplatz_01A03.png  2362x856 -> 977x354 px (41.4% der Originalgr├Â├ƒe)
2026-09-11 15:15:28 [warn] "lagerplatz_01A03.png" wird auf unter 50% der Originalgr├Â├ƒe verkleinert. Die Barcode-Balken werden entsprechend d├╝nner ÔÇö vor dem vollst├ñndigen Lauf unbedingt mit einem echten Scanner testen (siehe README, Abschnitt "Produktionspr├╝fung").
2026-09-11 15:15:28 [info] Skaliert: lagerplatz_01A04.png  2362x856 -> 977x354 px (41.4% der Originalgr├Â├ƒe)
2026-09-11 15:15:28 [warn] "lagerplatz_01A04.png" wird auf unter 50% der Originalgr├Â├ƒe verkleinert. Die Barcode-Balken werden entsprechend d├╝nner ÔÇö vor dem vollst├ñndigen Lauf unbedingt mit einem echten Scanner testen (siehe README, Abschnitt "Produktionspr├╝fung").
2026-09-11 15:15:28 [info] Skaliert: lagerplatz_01A05.png  2362x856 -> 977x354 px (41.4% der Originalgr├Â├ƒe)
2026-09-11 15:15:28 [warn] "lagerplatz_01A05.png" wird auf unter 50% der Originalgr├Â├ƒe verkleinert. Die Barcode-Balken werden entsprechend d├╝nner ÔÇö vor dem vollst├ñndigen Lauf unbedingt mit einem echten Scanner testen (siehe README, Abschnitt "Produktionspr├╝fung").
2026-09-11 15:15:28 [info] Skaliert: lagerplatz_01A06.png  2362x856 -> 977x354 px (41.4% der Originalgr├Â├ƒe)
2026-09-11 15:15:28 [warn] "lagerplatz_01A06.png" wird auf unter 50% der Originalgr├Â├ƒe verkleinert. Die Barcode-Balken werden entsprechend d├╝nner ÔÇö vor dem vollst├ñndigen Lauf unbedingt mit einem echten Scanner testen (siehe README, Abschnitt "Produktionspr├╝fung").
2026-09-11 15:15:28 [info] Skaliert: lagerplatz_01A07.png  2362x856 -> 977x354 px (41.4% der Originalgr├Â├ƒe)
2026-09-11 15:15:28 [warn] "lagerplatz_01A07.png" wird auf unter 50% der Originalgr├Â├ƒe verkleinert. Die Barcode-Balken werden entsprechend d├╝nner ÔÇö vor dem vollst├ñndigen Lauf unbedingt mit einem echten Scanner testen (siehe README, Abschnitt "Produktionspr├╝fung").
2026-09-11 15:15:28 [info] Skaliert: lagerplatz_01A08.png  2362x856 -> 977x354 px (41.4% der Originalgr├Â├ƒe)
2026-09-11 15:15:28 [warn] "lagerplatz_01A08.png" wird auf unter 50% der Originalgr├Â├ƒe verkleinert. Die Barcode-Balken werden entsprechend d├╝nner ÔÇö vor dem vollst├ñndigen Lauf unbedingt mit einem echten Scanner testen (siehe README, Abschnitt "Produktionspr├╝fung").
2026-09-11 15:15:28 [info] Skaliert: lagerplatz_01A09.png  2362x856 -> 977x354 px (41.4% der Originalgr├Â├ƒe)
2026-09-11 15:15:28 [warn] "lagerplatz_01A09.png" wird auf unter 50% der Originalgr├Â├ƒe verkleinert. Die Barcode-Balken werden entsprechend d├╝nner ÔÇö vor dem vollst├ñndigen Lauf unbedingt mit einem echten Scanner testen (siehe README, Abschnitt "Produktionspr├╝fung").
2026-09-11 15:15:28 [info] Skaliert: lagerplatz_01A10.png  2362x856 -> 977x354 px (41.4% der Originalgr├Â├ƒe)
2026-09-11 15:15:28 [warn] "lagerplatz_01A10.png" wird auf unter 50% der Originalgr├Â├ƒe verkleinert. Die Barcode-Balken werden entsprechend d├╝nner ÔÇö vor dem vollst├ñndigen Lauf unbedingt mit einem echten Scanner testen (siehe README, Abschnitt "Produktionspr├╝fung").
2026-09-11 15:15:28 [info] Skaliert: lagerplatz_01A11.png  2362x856 -> 977x354 px (41.4% der Originalgr├Â├ƒe)
2026-09-11 15:15:28 [warn] "lagerplatz_01A11.png" wird auf unter 50% der Originalgr├Â├ƒe verkleinert. Die Barcode-Balken werden entsprechend d├╝nner ÔÇö vor dem vollst├ñndigen Lauf unbedingt mit einem echten Scanner testen (siehe README, Abschnitt "Produktionspr├╝fung").
2026-09-11 15:15:29 [info] Skaliert: lagerplatz_01A12.png  2362x856 -> 977x354 px (41.4% der Originalgr├Â├ƒe)
2026-09-11 15:15:29 [warn] "lagerplatz_01A12.png" wird auf unter 50% der Originalgr├Â├ƒe verkleinert. Die Barcode-Balken werden entsprechend d├╝nner ÔÇö vor dem vollst├ñndigen Lauf unbedingt mit einem echten Scanner testen (siehe README, Abschnitt "Produktionspr├╝fung").
2026-09-11 15:15:29 [info] Skaliert: lagerplatz_01A13.png  2362x856 -> 977x354 px (41.4% der Originalgr├Â├ƒe)
2026-09-11 15:15:29 [warn] "lagerplatz_01A13.png" wird auf unter 50% der Originalgr├Â├ƒe verkleinert. Die Barcode-Balken werden entsprechend d├╝nner ÔÇö vor dem vollst├ñndigen Lauf unbedingt mit einem echten Scanner testen (siehe README, Abschnitt "Produktionspr├╝fung").
2026-09-11 15:15:29 [info] Skaliert: lagerplatz_01A14.png  2362x856 -> 977x354 px (41.4% der Originalgr├Â├ƒe)
2026-09-11 15:15:29 [warn] "lagerplatz_01A14.png" wird auf unter 50% der Originalgr├Â├ƒe verkleinert. Die Barcode-Balken werden entsprechend d├╝nner ÔÇö vor dem vollst├ñndigen Lauf unbedingt mit einem echten Scanner testen (siehe README, Abschnitt "Produktionspr├╝fung").
2026-09-11 15:15:29 [info] Skaliert: lagerplatz_01A15.png  2362x856 -> 977x354 px (41.4% der Originalgr├Â├ƒe)
2026-09-11 15:15:29 [warn] "lagerplatz_01A15.png" wird auf unter 50% der Originalgr├Â├ƒe verkleinert. Die Barcode-Balken werden entsprechend d├╝nner ÔÇö vor dem vollst├ñndigen Lauf unbedingt mit einem echten Scanner testen (siehe README, Abschnitt "Produktionspr├╝fung").
2026-09-11 15:15:29 [info] Skaliert: lagerplatz_01A16.png  2362x856 -> 977x354 px (41.4% der Originalgr├Â├ƒe)
2026-09-11 15:15:29 [warn] "lagerplatz_01A16.png" wird auf unter 50% der Originalgr├Â├ƒe verkleinert. Die Barcode-Balken werden entsprechend d├╝nner ÔÇö vor dem vollst├ñndigen Lauf unbedingt mit einem echten Scanner testen (siehe README, Abschnitt "Produktionspr├╝fung").
2026-09-11 15:15:29 [info] Skaliert: lagerplatz_01A17.png  2362x856 -> 977x354 px (41.4% der Originalgr├Â├ƒe)
2026-09-11 15:15:29 [warn] "lagerplatz_01A17.png" wird auf unter 50% der Originalgr├Â├ƒe verkleinert. Die Barcode-Balken werden entsprechend d├╝nner ÔÇö vor dem vollst├ñndigen Lauf unbedingt mit einem echten Scanner testen (siehe README, Abschnitt "Produktionspr├╝fung").
2026-09-11 15:15:29 [info] Skaliert: lagerplatz_01A18.png  2362x856 -> 977x354 px (41.4% der Originalgr├Â├ƒe)
2026-09-11 15:15:29 [warn] "lagerplatz_01A18.png" wird auf unter 50% der Originalgr├Â├ƒe verkleinert. Die Barcode-Balken werden entsprechend d├╝nner ÔÇö vor dem vollst├ñndigen Lauf unbedingt mit einem echten Scanner testen (siehe README, Abschnitt "Produktionspr├╝fung").
2026-09-11 15:15:29 [info] Skaliert: lagerplatz_01A19.png  2362x856 -> 977x354 px (41.4% der Originalgr├Â├ƒe)
2026-09-11 15:15:29 [warn] "lagerplatz_01A19.png" wird auf unter 50% der Originalgr├Â├ƒe verkleinert. Die Barcode-Balken werden entsprechend d├╝nner ÔÇö vor dem vollst├ñndigen Lauf unbedingt mit einem echten Scanner testen (siehe README, Abschnitt "Produktionspr├╝fung").
2026-09-11 15:15:29 [info] Skaliert: lagerplatz_01A20.png  2362x856 -> 977x354 px (41.4% der Originalgr├Â├ƒe)
2026-09-11 15:15:29 [warn] "lagerplatz_01A20.png" wird auf unter 50% der Originalgr├Â├ƒe verkleinert. Die Barcode-Balken werden entsprechend d├╝nner ÔÇö vor dem vollst├ñndigen Lauf unbedingt mit einem echten Scanner testen (siehe README, Abschnitt "Produktionspr├╝fung").
2026-09-11 15:15:29 [info] Skaliert: lagerplatz_01A21.png  2362x856 -> 977x354 px (41.4% der Originalgr├Â├ƒe)
2026-09-11 15:15:29 [warn] "lagerplatz_01A21.png" wird auf unter 50% der Originalgr├Â├ƒe verkleinert. Die Barcode-Balken werden entsprechend d├╝nner ÔÇö vor dem vollst├ñndigen Lauf unbedingt mit einem echten Scanner testen (siehe README, Abschnitt "Produktionspr├╝fung").
2026-09-11 15:15:30 [info] Skaliert: lagerplatz_01A22.png  2362x856 -> 977x354 px (41.4% der Originalgr├Â├ƒe)
2026-09-11 15:15:30 [warn] "lagerplatz_01A22.png" wird auf unter 50% der Originalgr├Â├ƒe verkleinert. Die Barcode-Balken werden entsprechend d├╝nner ÔÇö vor dem vollst├ñndigen Lauf unbedingt mit einem echten Scanner testen (siehe README, Abschnitt "Produktionspr├╝fung").
2026-09-11 15:15:30 [info] Skaliert: lagerplatz_01B01.png  2362x856 -> 977x354 px (41.4% der Originalgr├Â├ƒe)
2026-09-11 15:15:30 [warn] "lagerplatz_01B01.png" wird auf unter 50% der Originalgr├Â├ƒe verkleinert. Die Barcode-Balken werden entsprechend d├╝nner ÔÇö vor dem vollst├ñndigen Lauf unbedingt mit einem echten Scanner testen (siehe README, Abschnitt "Produktionspr├╝fung").
2026-09-11 15:15:30 [info] Skaliert: lagerplatz_01B02.png  2362x856 -> 977x354 px (41.4% der Originalgr├Â├ƒe)
2026-09-11 15:15:30 [warn] "lagerplatz_01B02.png" wird auf unter 50% der Originalgr├Â├ƒe verkleinert. Die Barcode-Balken werden entsprechend d├╝nner ÔÇö vor dem vollst├ñndigen Lauf unbedingt mit einem echten Scanner testen (siehe README, Abschnitt "Produktionspr├╝fung").
2026-09-11 15:15:30 [info] Skaliert: lagerplatz_01B03.png  2362x856 -> 977x354 px (41.4% der Originalgr├Â├ƒe)
2026-09-11 15:15:30 [warn] "lagerplatz_01B03.png" wird auf unter 50% der Originalgr├Â├ƒe verkleinert. Die Barcode-Balken werden entsprechend d├╝nner ÔÇö vor dem vollst├ñndigen Lauf unbedingt mit einem echten Scanner testen (siehe README, Abschnitt "Produktionspr├╝fung").
2026-09-11 15:15:30 [info] Skaliert: lagerplatz_01B04.png  2362x856 -> 977x354 px (41.4% der Originalgr├Â├ƒe)
2026-09-11 15:15:30 [warn] "lagerplatz_01B04.png" wird auf unter 50% der Originalgr├Â├ƒe verkleinert. Die Barcode-Balken werden entsprechend d├╝nner ÔÇö vor dem vollst├ñndigen Lauf unbedingt mit einem echten Scanner testen (siehe README, Abschnitt "Produktionspr├╝fung").
2026-09-11 15:15:30 [info] Skaliert: lagerplatz_01B05.png  2362x856 -> 977x354 px (41.4% der Originalgr├Â├ƒe)
2026-09-11 15:15:30 [warn] "lagerplatz_01B05.png" wird auf unter 50% der Originalgr├Â├ƒe verkleinert. Die Barcode-Balken werden entsprechend d├╝nner ÔÇö vor dem vollst├ñndigen Lauf unbedingt mit einem echten Scanner testen (siehe README, Abschnitt "Produktionspr├╝fung").
2026-09-11 15:15:30 [info] Skaliert: lagerplatz_01B06.png  2362x856 -> 977x354 px (41.4% der Originalgr├Â├ƒe)
2026-09-11 15:15:30 [warn] "lagerplatz_01B06.png" wird auf unter 50% der Originalgr├Â├ƒe verkleinert. Die Barcode-Balken werden entsprechend d├╝nner ÔÇö vor dem vollst├ñndigen Lauf unbedingt mit einem echten Scanner testen (siehe README, Abschnitt "Produktionspr├╝fung").
2026-09-11 15:15:30 [info] Skaliert: lagerplatz_01B07.png  2362x856 -> 977x354 px (41.4% der Originalgr├Â├ƒe)
2026-09-11 15:15:30 [warn] "lagerplatz_01B07.png" wird auf unter 50% der Originalgr├Â├ƒe verkleinert. Die Barcode-Balken werden entsprechend d├╝nner ÔÇö vor dem vollst├ñndigen Lauf unbedingt mit einem echten Scanner testen (siehe README, Abschnitt "Produktionspr├╝fung").
2026-09-11 15:15:30 [info] Skaliert: lagerplatz_01B08.png  2362x856 -> 977x354 px (41.4% der Originalgr├Â├ƒe)
2026-09-11 15:15:30 [warn] "lagerplatz_01B08.png" wird auf unter 50% der Originalgr├Â├ƒe verkleinert. Die Barcode-Balken werden entsprechend d├╝nner ÔÇö vor dem vollst├ñndigen Lauf unbedingt mit einem echten Scanner testen (siehe README, Abschnitt "Produktionspr├╝fung").
2026-09-11 15:15:30 [info] Skaliert: lagerplatz_01B09.png  2362x856 -> 977x354 px (41.4% der Originalgr├Â├ƒe)
2026-09-11 15:15:30 [warn] "lagerplatz_01B09.png" wird auf unter 50% der Originalgr├Â├ƒe verkleinert. Die Barcode-Balken werden entsprechend d├╝nner ÔÇö vor dem vollst├ñndigen Lauf unbedingt mit einem echten Scanner testen (siehe README, Abschnitt "Produktionspr├╝fung").
2026-09-11 15:15:30 [info] Skaliert: lagerplatz_01B10.png  2362x856 -> 977x354 px (41.4% der Originalgr├Â├ƒe)
2026-09-11 15:15:30 [warn] "lagerplatz_01B10.png" wird auf unter 50% der Originalgr├Â├ƒe verkleinert. Die Barcode-Balken werden entsprechend d├╝nner ÔÇö vor dem vollst├ñndigen Lauf unbedingt mit einem echten Scanner testen (siehe README, Abschnitt "Produktionspr├╝fung").
2026-09-11 15:15:31 [info] Skaliert: lagerplatz_01B11.png  2362x856 -> 977x354 px (41.4% der Originalgr├Â├ƒe)
2026-09-11 15:15:31 [warn] "lagerplatz_01B11.png" wird auf unter 50% der Originalgr├Â├ƒe verkleinert. Die Barcode-Balken werden entsprechend d├╝nner ÔÇö vor dem vollst├ñndigen Lauf unbedingt mit einem echten Scanner testen (siehe README, Abschnitt "Produktionspr├╝fung").
2026-09-11 15:15:31 [info] Skaliert: lagerplatz_01B12.png  2362x856 -> 977x354 px (41.4% der Originalgr├Â├ƒe)
2026-09-11 15:15:31 [warn] "lagerplatz_01B12.png" wird auf unter 50% der Originalgr├Â├ƒe verkleinert. Die Barcode-Balken werden entsprechend d├╝nner ÔÇö vor dem vollst├ñndigen Lauf unbedingt mit einem echten Scanner testen (siehe README, Abschnitt "Produktionspr├╝fung").
2026-09-11 15:15:31 [info] Skaliert: lagerplatz_01B13.png  2362x856 -> 977x354 px (41.4% der Originalgr├Â├ƒe)
2026-09-11 15:15:31 [warn] "lagerplatz_01B13.png" wird auf unter 50% der Originalgr├Â├ƒe verkleinert. Die Barcode-Balken werden entsprechend d├╝nner ÔÇö vor dem vollst├ñndigen Lauf unbedingt mit einem echten Scanner testen (siehe README, Abschnitt "Produktionspr├╝fung").
2026-09-11 15:15:31 [info] Skaliert: lagerplatz_01B14.png  2362x856 -> 977x354 px (41.4% der Originalgr├Â├ƒe)
2026-09-11 15:15:31 [warn] "lagerplatz_01B14.png" wird auf unter 50% der Originalgr├Â├ƒe verkleinert. Die Barcode-Balken werden entsprechend d├╝nner ÔÇö vor dem vollst├ñndigen Lauf unbedingt mit einem echten Scanner testen (siehe README, Abschnitt "Produktionspr├╝fung").
2026-09-11 15:15:31 [info] Skaliert: lagerplatz_01B15.png  2362x856 -> 977x354 px (41.4% der Originalgr├Â├ƒe)
2026-09-11 15:15:31 [warn] "lagerplatz_01B15.png" wird auf unter 50% der Originalgr├Â├ƒe verkleinert. Die Barcode-Balken werden entsprechend d├╝nner ÔÇö vor dem vollst├ñndigen Lauf unbedingt mit einem echten Scanner testen (siehe README, Abschnitt "Produktionspr├╝fung").
2026-09-11 15:15:31 [info] Skaliert: lagerplatz_01B16.png  2362x856 -> 977x354 px (41.4% der Originalgr├Â├ƒe)
2026-09-11 15:15:31 [warn] "lagerplatz_01B16.png" wird auf unter 50% der Originalgr├Â├ƒe verkleinert. Die Barcode-Balken werden entsprechend d├╝nner ÔÇö vor dem vollst├ñndigen Lauf unbedingt mit einem echten Scanner testen (siehe README, Abschnitt "Produktionspr├╝fung").
2026-09-11 15:15:31 [info] Skaliert: lagerplatz_01B17.png  2362x856 -> 977x354 px (41.4% der Originalgr├Â├ƒe)
2026-09-11 15:15:31 [warn] "lagerplatz_01B17.png" wird auf unter 50% der Originalgr├Â├ƒe verkleinert. Die Barcode-Balken werden entsprechend d├╝nner ÔÇö vor dem vollst├ñndigen Lauf unbedingt mit einem echten Scanner testen (siehe README, Abschnitt "Produktionspr├╝fung").
2026-09-11 15:15:31 [info] Skaliert: lagerplatz_01B18.png  2362x856 -> 977x354 px (41.4% der Originalgr├Â├ƒe)
2026-09-11 15:15:31 [warn] "lagerplatz_01B18.png" wird auf unter 50% der Originalgr├Â├ƒe verkleinert. Die Barcode-Balken werden entsprechend d├╝nner ÔÇö vor dem vollst├ñndigen Lauf unbedingt mit einem echten Scanner testen (siehe README, Abschnitt "Produktionspr├╝fung").
2026-09-11 15:15:31 [info] Skaliert: lagerplatz_01B19.png  2362x856 -> 977x354 px (41.4% der Originalgr├Â├ƒe)
2026-09-11 15:15:31 [warn] "lagerplatz_01B19.png" wird auf unter 50% der Originalgr├Â├ƒe verkleinert. Die Barcode-Balken werden entsprechend d├╝nner ÔÇö vor dem vollst├ñndigen Lauf unbedingt mit einem echten Scanner testen (siehe README, Abschnitt "Produktionspr├╝fung").
2026-09-11 15:15:31 [info] Skaliert: lagerplatz_01B20.png  2362x856 -> 977x354 px (41.4% der Originalgr├Â├ƒe)
2026-09-11 15:15:31 [warn] "lagerplatz_01B20.png" wird auf unter 50% der Originalgr├Â├ƒe verkleinert. Die Barcode-Balken werden entsprechend d├╝nner ÔÇö vor dem vollst├ñndigen Lauf unbedingt mit einem echten Scanner testen (siehe README, Abschnitt "Produktionspr├╝fung").
2026-09-11 15:15:31 [info] Skaliert: lagerplatz_01B21.png  2362x856 -> 977x354 px (41.4% der Originalgr├Â├ƒe)
2026-09-11 15:15:31 [warn] "lagerplatz_01B21.png" wird auf unter 50% der Originalgr├Â├ƒe verkleinert. Die Barcode-Balken werden entsprechend d├╝nner ÔÇö vor dem vollst├ñndigen Lauf unbedingt mit einem echten Scanner testen (siehe README, Abschnitt "Produktionspr├╝fung").
2026-09-11 15:15:31 [info] Skaliert: lagerplatz_01B22.png  2362x856 -> 977x354 px (41.4% der Originalgr├Â├ƒe)
2026-09-11 15:15:31 [warn] "lagerplatz_01B22.png" wird auf unter 50% der Originalgr├Â├ƒe verkleinert. Die Barcode-Balken werden entsprechend d├╝nner ÔÇö vor dem vollst├ñndigen Lauf unbedingt mit einem echten Scanner testen (siehe README, Abschnitt "Produktionspr├╝fung").
2026-09-11 15:15:31 [info] Skaliert: lagerplatz_01C01.png  2362x856 -> 977x354 px (41.4% der Originalgr├Â├ƒe)
2026-09-11 15:15:31 [warn] "lagerplatz_01C01.png" wird auf unter 50% der Originalgr├Â├ƒe verkleinert. Die Barcode-Balken werden entsprechend d├╝nner ÔÇö vor dem vollst├ñndigen Lauf unbedingt mit einem echten Scanner testen (siehe README, Abschnitt "Produktionspr├╝fung").
2026-09-11 15:15:31 [info] Skaliert: lagerplatz_01C02.png  2362x856 -> 977x354 px (41.4% der Originalgr├Â├ƒe)
2026-09-11 15:15:31 [warn] "lagerplatz_01C02.png" wird auf unter 50% der Originalgr├Â├ƒe verkleinert. Die Barcode-Balken werden entsprechend d├╝nner ÔÇö vor dem vollst├ñndigen Lauf unbedingt mit einem echten Scanner testen (siehe README, Abschnitt "Produktionspr├╝fung").
2026-09-11 15:15:31 [info] Skaliert: lagerplatz_01C03.png  2362x856 -> 977x354 px (41.4% der Originalgr├Â├ƒe)
2026-09-11 15:15:31 [warn] "lagerplatz_01C03.png" wird auf unter 50% der Originalgr├Â├ƒe verkleinert. Die Barcode-Balken werden entsprechend d├╝nner ÔÇö vor dem vollst├ñndigen Lauf unbedingt mit einem echten Scanner testen (siehe README, Abschnitt "Produktionspr├╝fung").
2026-09-11 15:15:31 [info] Skaliert: lagerplatz_01C04.png  2362x856 -> 977x354 px (41.4% der Originalgr├Â├ƒe)
2026-09-11 15:15:31 [warn] "lagerplatz_01C04.png" wird auf unter 50% der Originalgr├Â├ƒe verkleinert. Die Barcode-Balken werden entsprechend d├╝nner ÔÇö vor dem vollst├ñndigen Lauf unbedingt mit einem echten Scanner testen (siehe README, Abschnitt "Produktionspr├╝fung").
2026-09-11 15:15:32 [info] Skaliert: lagerplatz_01C05.png  2362x856 -> 977x354 px (41.4% der Originalgr├Â├ƒe)
2026-09-11 15:15:32 [warn] "lagerplatz_01C05.png" wird auf unter 50% der Originalgr├Â├ƒe verkleinert. Die Barcode-Balken werden entsprechend d├╝nner ÔÇö vor dem vollst├ñndigen Lauf unbedingt mit einem echten Scanner testen (siehe README, Abschnitt "Produktionspr├╝fung").
2026-09-11 15:15:32 [info] Skaliert: lagerplatz_01C06.png  2362x856 -> 977x354 px (41.4% der Originalgr├Â├ƒe)
2026-09-11 15:15:32 [warn] "lagerplatz_01C06.png" wird auf unter 50% der Originalgr├Â├ƒe verkleinert. Die Barcode-Balken werden entsprechend d├╝nner ÔÇö vor dem vollst├ñndigen Lauf unbedingt mit einem echten Scanner testen (siehe README, Abschnitt "Produktionspr├╝fung").
2026-09-11 15:15:32 [info] Skaliert: lagerplatz_01C07.png  2362x856 -> 977x354 px (41.4% der Originalgr├Â├ƒe)
2026-09-11 15:15:32 [warn] "lagerplatz_01C07.png" wird auf unter 50% der Originalgr├Â├ƒe verkleinert. Die Barcode-Balken werden entsprechend d├╝nner ÔÇö vor dem vollst├ñndigen Lauf unbedingt mit einem echten Scanner testen (siehe README, Abschnitt "Produktionspr├╝fung").
2026-09-11 15:15:32 [info] Skaliert: lagerplatz_01C08.png  2362x856 -> 977x354 px (41.4% der Originalgr├Â├ƒe)
2026-09-11 15:15:32 [warn] "lagerplatz_01C08.png" wird auf unter 50% der Originalgr├Â├ƒe verkleinert. Die Barcode-Balken werden entsprechend d├╝nner ÔÇö vor dem vollst├ñndigen Lauf unbedingt mit einem echten Scanner testen (siehe README, Abschnitt "Produktionspr├╝fung").
2026-09-11 15:15:32 [info] Skaliert: lagerplatz_01C09.png  2362x856 -> 977x354 px (41.4% der Originalgr├Â├ƒe)
2026-09-11 15:15:32 [warn] "lagerplatz_01C09.png" wird auf unter 50% der Originalgr├Â├ƒe verkleinert. Die Barcode-Balken werden entsprechend d├╝nner ÔÇö vor dem vollst├ñndigen Lauf unbedingt mit einem echten Scanner testen (siehe README, Abschnitt "Produktionspr├╝fung").
2026-09-11 15:15:32 [info] Skaliert: lagerplatz_01C10.png  2362x856 -> 977x354 px (41.4% der Originalgr├Â├ƒe)
2026-09-11 15:15:32 [warn] "lagerplatz_01C10.png" wird auf unter 50% der Originalgr├Â├ƒe verkleinert. Die Barcode-Balken werden entsprechend d├╝nner ÔÇö vor dem vollst├ñndigen Lauf unbedingt mit einem echten Scanner testen (siehe README, Abschnitt "Produktionspr├╝fung").
2026-09-11 15:15:32 [info] Skaliert: lagerplatz_01C11.png  2362x856 -> 977x354 px (41.4% der Originalgr├Â├ƒe)
2026-09-11 15:15:32 [warn] "lagerplatz_01C11.png" wird auf unter 50% der Originalgr├Â├ƒe verkleinert. Die Barcode-Balken werden entsprechend d├╝nner ÔÇö vor dem vollst├ñndigen Lauf unbedingt mit einem echten Scanner testen (siehe README, Abschnitt "Produktionspr├╝fung").
2026-09-11 15:15:32 [info] Skaliert: lagerplatz_01C12.png  2362x856 -> 977x354 px (41.4% der Originalgr├Â├ƒe)
2026-09-11 15:15:32 [warn] "lagerplatz_01C12.png" wird auf unter 50% der Originalgr├Â├ƒe verkleinert. Die Barcode-Balken werden entsprechend d├╝nner ÔÇö vor dem vollst├ñndigen Lauf unbedingt mit einem echten Scanner testen (siehe README, Abschnitt "Produktionspr├╝fung").
2026-09-11 15:15:32 [info] Skaliert: lagerplatz_01C13.png  2362x856 -> 977x354 px (41.4% der Originalgr├Â├ƒe)
2026-09-11 15:15:32 [warn] "lagerplatz_01C13.png" wird auf unter 50% der Originalgr├Â├ƒe verkleinert. Die Barcode-Balken werden entsprechend d├╝nner ÔÇö vor dem vollst├ñndigen Lauf unbedingt mit einem echten Scanner testen (siehe README, Abschnitt "Produktionspr├╝fung").
2026-09-11 15:15:32 [info] Skaliert: lagerplatz_01C14.png  2362x856 -> 977x354 px (41.4% der Originalgr├Â├ƒe)
2026-09-11 15:15:32 [warn] "lagerplatz_01C14.png" wird auf unter 50% der Originalgr├Â├ƒe verkleinert. Die Barcode-Balken werden entsprechend d├╝nner ÔÇö vor dem vollst├ñndigen Lauf unbedingt mit einem echten Scanner testen (siehe README, Abschnitt "Produktionspr├╝fung").
2026-09-11 15:15:32 [info] Skaliert: lagerplatz_01C15.png  2362x856 -> 977x354 px (41.4% der Originalgr├Â├ƒe)
2026-09-11 15:15:32 [warn] "lagerplatz_01C15.png" wird auf unter 50% der Originalgr├Â├ƒe verkleinert. Die Barcode-Balken werden entsprechend d├╝nner ÔÇö vor dem vollst├ñndigen Lauf unbedingt mit einem echten Scanner testen (siehe README, Abschnitt "Produktionspr├╝fung").
2026-09-11 15:15:32 [info] Skaliert: lagerplatz_01C16.png  2362x856 -> 977x354 px (41.4% der Originalgr├Â├ƒe)
2026-09-11 15:15:32 [warn] "lagerplatz_01C16.png" wird auf unter 50% der Originalgr├Â├ƒe verkleinert. Die Barcode-Balken werden entsprechend d├╝nner ÔÇö vor dem vollst├ñndigen Lauf unbedingt mit einem echten Scanner testen (siehe README, Abschnitt "Produktionspr├╝fung").
2026-09-11 15:15:32 [info] Skaliert: lagerplatz_01C17.png  2362x856 -> 977x354 px (41.4% der Originalgr├Â├ƒe)
2026-09-11 15:15:32 [warn] "lagerplatz_01C17.png" wird auf unter 50% der Originalgr├Â├ƒe verkleinert. Die Barcode-Balken werden entsprechend d├╝nner ÔÇö vor dem vollst├ñndigen Lauf unbedingt mit einem echten Scanner testen (siehe README, Abschnitt "Produktionspr├╝fung").
2026-09-11 15:15:32 [info] Skaliert: lagerplatz_01C18.png  2362x856 -> 977x354 px (41.4% der Originalgr├Â├ƒe)
2026-09-11 15:15:32 [warn] "lagerplatz_01C18.png" wird auf unter 50% der Originalgr├Â├ƒe verkleinert. Die Barcode-Balken werden entsprechend d├╝nner ÔÇö vor dem vollst├ñndigen Lauf unbedingt mit einem echten Scanner testen (siehe README, Abschnitt "Produktionspr├╝fung").
2026-09-11 15:15:33 [info] Skaliert: lagerplatz_01C19.png  2362x856 -> 977x354 px (41.4% der Originalgr├Â├ƒe)
2026-09-11 15:15:33 [warn] "lagerplatz_01C19.png" wird auf unter 50% der Originalgr├Â├ƒe verkleinert. Die Barcode-Balken werden entsprechend d├╝nner ÔÇö vor dem vollst├ñndigen Lauf unbedingt mit einem echten Scanner testen (siehe README, Abschnitt "Produktionspr├╝fung").
2026-09-11 15:15:33 [info] Skaliert: lagerplatz_01C20.png  2362x856 -> 977x354 px (41.4% der Originalgr├Â├ƒe)
2026-09-11 15:15:33 [warn] "lagerplatz_01C20.png" wird auf unter 50% der Originalgr├Â├ƒe verkleinert. Die Barcode-Balken werden entsprechend d├╝nner ÔÇö vor dem vollst├ñndigen Lauf unbedingt mit einem echten Scanner testen (siehe README, Abschnitt "Produktionspr├╝fung").
2026-09-11 15:15:33 [info] Skaliert: lagerplatz_01C21.png  2362x856 -> 977x354 px (41.4% der Originalgr├Â├ƒe)
2026-09-11 15:15:33 [warn] "lagerplatz_01C21.png" wird auf unter 50% der Originalgr├Â├ƒe verkleinert. Die Barcode-Balken werden entsprechend d├╝nner ÔÇö vor dem vollst├ñndigen Lauf unbedingt mit einem echten Scanner testen (siehe README, Abschnitt "Produktionspr├╝fung").
2026-09-11 15:15:33 [info] Skaliert: lagerplatz_01C22.png  2362x856 -> 977x354 px (41.4% der Originalgr├Â├ƒe)
2026-09-11 15:15:33 [warn] "lagerplatz_01C22.png" wird auf unter 50% der Originalgr├Â├ƒe verkleinert. Die Barcode-Balken werden entsprechend d├╝nner ÔÇö vor dem vollst├ñndigen Lauf unbedingt mit einem echten Scanner testen (siehe README, Abschnitt "Produktionspr├╝fung").
2026-09-11 15:15:33 [info] Skaliert: lagerplatz_01C23.png  2362x856 -> 977x354 px (41.4% der Originalgr├Â├ƒe)
2026-09-11 15:15:33 [warn] "lagerplatz_01C23.png" wird auf unter 50% der Originalgr├Â├ƒe verkleinert. Die Barcode-Balken werden entsprechend d├╝nner ÔÇö vor dem vollst├ñndigen Lauf unbedingt mit einem echten Scanner testen (siehe README, Abschnitt "Produktionspr├╝fung").
2026-09-11 15:15:33 [info] Skaliert: lagerplatz_01C24.png  2362x856 -> 977x354 px (41.4% der Originalgr├Â├ƒe)
2026-09-11 15:15:33 [warn] "lagerplatz_01C24.png" wird auf unter 50% der Originalgr├Â├ƒe verkleinert. Die Barcode-Balken werden entsprechend d├╝nner ÔÇö vor dem vollst├ñndigen Lauf unbedingt mit einem echten Scanner testen (siehe README, Abschnitt "Produktionspr├╝fung").
2026-09-11 15:15:33 [info] Skaliert: lagerplatz_01C25.png  2362x856 -> 977x354 px (41.4% der Originalgr├Â├ƒe)
2026-09-11 15:15:33 [warn] "lagerplatz_01C25.png" wird auf unter 50% der Originalgr├Â├ƒe verkleinert. Die Barcode-Balken werden entsprechend d├╝nner ÔÇö vor dem vollst├ñndigen Lauf unbedingt mit einem echten Scanner testen (siehe README, Abschnitt "Produktionspr├╝fung").
2026-09-11 15:15:33 [info] Skaliert: lagerplatz_01C26.png  2362x856 -> 977x354 px (41.4% der Originalgr├Â├ƒe)
2026-09-11 15:15:33 [warn] "lagerplatz_01C26.png" wird auf unter 50% der Originalgr├Â├ƒe verkleinert. Die Barcode-Balken werden entsprechend d├╝nner ÔÇö vor dem vollst├ñndigen Lauf unbedingt mit einem echten Scanner testen (siehe README, Abschnitt "Produktionspr├╝fung").
2026-09-11 15:15:33 [info] Skaliert: lagerplatz_01C27.png  2362x856 -> 977x354 px (41.4% der Originalgr├Â├ƒe)
2026-09-11 15:15:33 [warn] "lagerplatz_01C27.png" wird auf unter 50% der Originalgr├Â├ƒe verkleinert. Die Barcode-Balken werden entsprechend d├╝nner ÔÇö vor dem vollst├ñndigen Lauf unbedingt mit einem echten Scanner testen (siehe README, Abschnitt "Produktionspr├╝fung").
2026-09-11 15:15:33 [info] Skaliert: lagerplatz_01C28.png  2362x856 -> 977x354 px (41.4% der Originalgr├Â├ƒe)
2026-09-11 15:15:33 [warn] "lagerplatz_01C28.png" wird auf unter 50% der Originalgr├Â├ƒe verkleinert. Die Barcode-Balken werden entsprechend d├╝nner ÔÇö vor dem vollst├ñndigen Lauf unbedingt mit einem echten Scanner testen (siehe README, Abschnitt "Produktionspr├╝fung").
2026-09-11 15:15:33 [info] Skaliert: lagerplatz_01C29.png  2362x856 -> 977x354 px (41.4% der Originalgr├Â├ƒe)
2026-09-11 15:15:33 [warn] "lagerplatz_01C29.png" wird auf unter 50% der Originalgr├Â├ƒe verkleinert. Die Barcode-Balken werden entsprechend d├╝nner ÔÇö vor dem vollst├ñndigen Lauf unbedingt mit einem echten Scanner testen (siehe README, Abschnitt "Produktionspr├╝fung").
2026-09-11 15:15:33 [info] Skaliert: lagerplatz_01C30.png  2362x856 -> 977x354 px (41.4% der Originalgr├Â├ƒe)
2026-09-11 15:15:33 [warn] "lagerplatz_01C30.png" wird auf unter 50% der Originalgr├Â├ƒe verkleinert. Die Barcode-Balken werden entsprechend d├╝nner ÔÇö vor dem vollst├ñndigen Lauf unbedingt mit einem echten Scanner testen (siehe README, Abschnitt "Produktionspr├╝fung").
2026-09-11 15:15:33 [info] Skaliert: lagerplatz_01C31.png  2362x856 -> 977x354 px (41.4% der Originalgr├Â├ƒe)
2026-09-11 15:15:33 [warn] "lagerplatz_01C31.png" wird auf unter 50% der Originalgr├Â├ƒe verkleinert. Die Barcode-Balken werden entsprechend d├╝nner ÔÇö vor dem vollst├ñndigen Lauf unbedingt mit einem echten Scanner testen (siehe README, Abschnitt "Produktionspr├╝fung").
2026-09-11 15:15:33 [info] Skaliert: lagerplatz_01C32.png  2362x856 -> 977x354 px (41.4% der Originalgr├Â├ƒe)
2026-09-11 15:15:33 [warn] "lagerplatz_01C32.png" wird auf unter 50% der Originalgr├Â├ƒe verkleinert. Die Barcode-Balken werden entsprechend d├╝nner ÔÇö vor dem vollst├ñndigen Lauf unbedingt mit einem echten Scanner testen (siehe README, Abschnitt "Produktionspr├╝fung").
2026-09-11 15:15:33 [info] Skaliert: lagerplatz_01C33.png  2362x856 -> 977x354 px (41.4% der Originalgr├Â├ƒe)
2026-09-11 15:15:33 [warn] "lagerplatz_01C33.png" wird auf unter 50% der Originalgr├Â├ƒe verkleinert. Die Barcode-Balken werden entsprechend d├╝nner ÔÇö vor dem vollst├ñndigen Lauf unbedingt mit einem echten Scanner testen (siehe README, Abschnitt "Produktionspr├╝fung").
2026-09-11 15:15:33 [info] Fertig. 76 skaliert, 0 ├╝bersprungen, 76 mit Gr├Â├ƒenwarnung. {"gesamtDauerMs":5938}

Was moechtest du als Naechstes tun?
  (1) Skalieren     - Schilder auf eine Zielhoehe (mm) skalieren
  (2) Pruefen       - Barcode scannen und Inhalt verifizieren
  (3) Konvertieren  - Bilder normalisieren (Transparenz entfernen, sRGB, 8-Bit-PNG)
  (0) Fertig / Verlassen


2026-09-11 15:15:52 [info] Log-Datei: C:\Lager\lager-barcode-generator\log\pruefen_20260911_151552_172.log
2026-09-11 15:15:52 [info] 77 Datei(en) im Ordner C:\Lager\lager-barcode-generator\output werden gepr├╝ft.
Datei                 Erwartet   Dekodiert   Status  Hinweis
--------------------------------------------------------------------------------
lagerplatz_01A01.png  01A01      01A01       OK
lagerplatz_01A02.png  01A02      01A02       OK
lagerplatz_01A03.png  01A03      01A03       OK
lagerplatz_01A04.png  01A04      01A04       OK
lagerplatz_01A05.png  01A05      01A05       OK
lagerplatz_01A06.png  01A06      01A06       OK
lagerplatz_01A07.png  01A07      01A07       OK
lagerplatz_01A08.png  01A08      01A08       OK
lagerplatz_01A09.png  01A09      01A09       OK
lagerplatz_01A10.png  01A10      01A10       OK
lagerplatz_01A11.png  01A11      01A11       OK
lagerplatz_01A12.png  01A12      01A12       OK
lagerplatz_01A13.png  01A13      01A13       OK
lagerplatz_01A14.png  01A14      01A14       OK
lagerplatz_01A15.png  01A15      01A15       OK
lagerplatz_01A16.png  01A16      01A16       OK
lagerplatz_01A17.png  01A17      01A17       OK
lagerplatz_01A18.png  01A18      01A18       OK
lagerplatz_01A19.png  01A19      01A19       OK
lagerplatz_01A20.png  01A20      01A20       OK
lagerplatz_01A21.png  01A21      01A21       OK
lagerplatz_01A22.png  01A22      01A22       OK
lagerplatz_01B01.png  01B01      01B01       OK
lagerplatz_01B02.png  01B02      01B02       OK
lagerplatz_01B03.png  01B03      01B03       OK
lagerplatz_01B04.png  01B04      01B04       OK
lagerplatz_01B05.png  01B05      01B05       OK
lagerplatz_01B06.png  01B06      01B06       OK
lagerplatz_01B07.png  01B07      01B07       OK
lagerplatz_01B08.png  01B08      01B08       OK
lagerplatz_01B09.png  01B09      01B09       OK
lagerplatz_01B10.png  01B10      01B10       OK
lagerplatz_01B11.png  01B11      01B11       OK
lagerplatz_01B12.png  01B12      01B12       OK
lagerplatz_01B13.png  01B13      01B13       OK
lagerplatz_01B14.png  01B14      01B14       OK
lagerplatz_01B15.png  01B15      01B15       OK
lagerplatz_01B16.png  01B16      01B16       OK
lagerplatz_01B17.png  01B17      01B17       OK
lagerplatz_01B18.png  01B18      01B18       OK
lagerplatz_01B19.png  01B19      01B19       OK
lagerplatz_01B20.png  01B20      01B20       OK
lagerplatz_01B21.png  01B21      01B21       OK
lagerplatz_01B22.png  01B22      01B22       OK
lagerplatz_01C01.png  01C01      01C01       OK
lagerplatz_01C02.png  01C02      01C02       OK
lagerplatz_01C03.png  01C03      01C03       OK
lagerplatz_01C04.png  01C04      01C04       OK
lagerplatz_01C05.png  01C05      01C05       OK
lagerplatz_01C06.png  01C06      01C06       OK
lagerplatz_01C07.png  01C07      01C07       OK
lagerplatz_01C08.png  01C08      01C08       OK
lagerplatz_01C09.png  01C09      01C09       OK
lagerplatz_01C10.png  01C10      01C10       OK
lagerplatz_01C11.png  01C11      01C11       OK
lagerplatz_01C12.png  01C12      01C12       OK
lagerplatz_01C13.png  01C13      01C13       OK
lagerplatz_01C14.png  01C14      01C14       OK
lagerplatz_01C15.png  01C15      01C15       OK
lagerplatz_01C16.png  01C16      01C16       OK
lagerplatz_01C17.png  01C17      01C17       OK
lagerplatz_01C18.png  01C18      01C18       OK
lagerplatz_01C19.png  01C19      01C19       OK
lagerplatz_01C20.png  01C20      01C20       OK
lagerplatz_01C21.png  01C21      01C21       OK
lagerplatz_01C22.png  01C22      01C22       OK
lagerplatz_01C23.png  01C23      01C23       OK
lagerplatz_01C24.png  01C24      01C24       OK
lagerplatz_01C25.png  01C25      01C25       OK
lagerplatz_01C26.png  01C26      01C26       OK
lagerplatz_01C27.png  01C27      01C27       OK
lagerplatz_01C28.png  01C28      01C28       OK
lagerplatz_01C29.png  01C29      01C29       OK
lagerplatz_01C30.png  01C30      01C30       OK
lagerplatz_01C31.png  01C31      01C31       OK
lagerplatz_01C32.png  01C32      01C32       OK
lagerplatz_01C33.png  01C33      01C33       OK
2026-09-11 15:15:59 [info] lagerplatz_01A01.png: OK (dekodiert "01A01")
2026-09-11 15:15:59 [info] lagerplatz_01A02.png: OK (dekodiert "01A02")
2026-09-11 15:15:59 [info] lagerplatz_01A03.png: OK (dekodiert "01A03")
2026-09-11 15:15:59 [info] lagerplatz_01A04.png: OK (dekodiert "01A04")
2026-09-11 15:15:59 [info] lagerplatz_01A05.png: OK (dekodiert "01A05")
2026-09-11 15:15:59 [info] lagerplatz_01A06.png: OK (dekodiert "01A06")
2026-09-11 15:15:59 [info] lagerplatz_01A07.png: OK (dekodiert "01A07")
2026-09-11 15:15:59 [info] lagerplatz_01A08.png: OK (dekodiert "01A08")
2026-09-11 15:15:59 [info] lagerplatz_01A09.png: OK (dekodiert "01A09")
2026-09-11 15:15:59 [info] lagerplatz_01A10.png: OK (dekodiert "01A10")
2026-09-11 15:15:59 [info] lagerplatz_01A11.png: OK (dekodiert "01A11")
2026-09-11 15:15:59 [info] lagerplatz_01A12.png: OK (dekodiert "01A12")
2026-09-11 15:15:59 [info] lagerplatz_01A13.png: OK (dekodiert "01A13")
2026-09-11 15:15:59 [info] lagerplatz_01A14.png: OK (dekodiert "01A14")
2026-09-11 15:15:59 [info] lagerplatz_01A15.png: OK (dekodiert "01A15")
2026-09-11 15:15:59 [info] lagerplatz_01A16.png: OK (dekodiert "01A16")
2026-09-11 15:15:59 [info] lagerplatz_01A17.png: OK (dekodiert "01A17")
2026-09-11 15:15:59 [info] lagerplatz_01A18.png: OK (dekodiert "01A18")
2026-09-11 15:15:59 [info] lagerplatz_01A19.png: OK (dekodiert "01A19")
2026-09-11 15:15:59 [info] lagerplatz_01A20.png: OK (dekodiert "01A20")
2026-09-11 15:15:59 [info] lagerplatz_01A21.png: OK (dekodiert "01A21")
2026-09-11 15:15:59 [info] lagerplatz_01A22.png: OK (dekodiert "01A22")
2026-09-11 15:15:59 [info] lagerplatz_01B01.png: OK (dekodiert "01B01")
2026-09-11 15:15:59 [info] lagerplatz_01B02.png: OK (dekodiert "01B02")
2026-09-11 15:15:59 [info] lagerplatz_01B03.png: OK (dekodiert "01B03")
2026-09-11 15:15:59 [info] lagerplatz_01B04.png: OK (dekodiert "01B04")
2026-09-11 15:15:59 [info] lagerplatz_01B05.png: OK (dekodiert "01B05")
2026-09-11 15:15:59 [info] lagerplatz_01B06.png: OK (dekodiert "01B06")
2026-09-11 15:15:59 [info] lagerplatz_01B07.png: OK (dekodiert "01B07")
2026-09-11 15:15:59 [info] lagerplatz_01B08.png: OK (dekodiert "01B08")
2026-09-11 15:15:59 [info] lagerplatz_01B09.png: OK (dekodiert "01B09")
2026-09-11 15:15:59 [info] lagerplatz_01B10.png: OK (dekodiert "01B10")
2026-09-11 15:15:59 [info] lagerplatz_01B11.png: OK (dekodiert "01B11")
2026-09-11 15:15:59 [info] lagerplatz_01B12.png: OK (dekodiert "01B12")
2026-09-11 15:15:59 [info] lagerplatz_01B13.png: OK (dekodiert "01B13")
2026-09-11 15:15:59 [info] lagerplatz_01B14.png: OK (dekodiert "01B14")
2026-09-11 15:15:59 [info] lagerplatz_01B15.png: OK (dekodiert "01B15")
2026-09-11 15:15:59 [info] lagerplatz_01B16.png: OK (dekodiert "01B16")
2026-09-11 15:15:59 [info] lagerplatz_01B17.png: OK (dekodiert "01B17")
2026-09-11 15:15:59 [info] lagerplatz_01B18.png: OK (dekodiert "01B18")
2026-09-11 15:15:59 [info] lagerplatz_01B19.png: OK (dekodiert "01B19")
2026-09-11 15:15:59 [info] lagerplatz_01B20.png: OK (dekodiert "01B20")
2026-09-11 15:15:59 [info] lagerplatz_01B21.png: OK (dekodiert "01B21")
2026-09-11 15:15:59 [info] lagerplatz_01B22.png: OK (dekodiert "01B22")
2026-09-11 15:15:59 [info] lagerplatz_01C01.png: OK (dekodiert "01C01")
2026-09-11 15:15:59 [info] lagerplatz_01C02.png: OK (dekodiert "01C02")
2026-09-11 15:15:59 [info] lagerplatz_01C03.png: OK (dekodiert "01C03")
2026-09-11 15:15:59 [info] lagerplatz_01C04.png: OK (dekodiert "01C04")
2026-09-11 15:15:59 [info] lagerplatz_01C05.png: OK (dekodiert "01C05")
2026-09-11 15:15:59 [info] lagerplatz_01C06.png: OK (dekodiert "01C06")
2026-09-11 15:15:59 [info] lagerplatz_01C07.png: OK (dekodiert "01C07")
2026-09-11 15:15:59 [info] lagerplatz_01C08.png: OK (dekodiert "01C08")
2026-09-11 15:15:59 [info] lagerplatz_01C09.png: OK (dekodiert "01C09")
2026-09-11 15:15:59 [info] lagerplatz_01C10.png: OK (dekodiert "01C10")
2026-09-11 15:15:59 [info] lagerplatz_01C11.png: OK (dekodiert "01C11")
2026-09-11 15:15:59 [info] lagerplatz_01C12.png: OK (dekodiert "01C12")
2026-09-11 15:15:59 [info] lagerplatz_01C13.png: OK (dekodiert "01C13")
2026-09-11 15:15:59 [info] lagerplatz_01C14.png: OK (dekodiert "01C14")
2026-09-11 15:15:59 [info] lagerplatz_01C15.png: OK (dekodiert "01C15")
2026-09-11 15:15:59 [info] lagerplatz_01C16.png: OK (dekodiert "01C16")
2026-09-11 15:15:59 [info] lagerplatz_01C17.png: OK (dekodiert "01C17")
2026-09-11 15:15:59 [info] lagerplatz_01C18.png: OK (dekodiert "01C18")
2026-09-11 15:15:59 [info] lagerplatz_01C19.png: OK (dekodiert "01C19")
2026-09-11 15:15:59 [info] lagerplatz_01C20.png: OK (dekodiert "01C20")
2026-09-11 15:15:59 [info] lagerplatz_01C21.png: OK (dekodiert "01C21")
2026-09-11 15:15:59 [info] lagerplatz_01C22.png: OK (dekodiert "01C22")
2026-09-11 15:15:59 [info] lagerplatz_01C23.png: OK (dekodiert "01C23")
2026-09-11 15:15:59 [info] lagerplatz_01C24.png: OK (dekodiert "01C24")
2026-09-11 15:15:59 [info] lagerplatz_01C25.png: OK (dekodiert "01C25")
2026-09-11 15:15:59 [info] lagerplatz_01C26.png: OK (dekodiert "01C26")
2026-09-11 15:15:59 [info] lagerplatz_01C27.png: OK (dekodiert "01C27")
2026-09-11 15:15:59 [info] lagerplatz_01C28.png: OK (dekodiert "01C28")
2026-09-11 15:15:59 [info] lagerplatz_01C29.png: OK (dekodiert "01C29")
2026-09-11 15:15:59 [info] lagerplatz_01C30.png: OK (dekodiert "01C30")
2026-09-11 15:15:59 [info] lagerplatz_01C31.png: OK (dekodiert "01C31")
2026-09-11 15:15:59 [info] lagerplatz_01C32.png: OK (dekodiert "01C32")
2026-09-11 15:15:59 [info] lagerplatz_01C33.png: OK (dekodiert "01C33")

Vollst├ñndigkeitspr├╝fung gegen C:\Lager\lager-barcode-generator\mv01.txt: alle 77 Eintr├ñge korrekt lesbar vorhanden.
2026-09-11 15:15:59 [info] Vollst├ñndigkeitspr├╝fung: alle 77 Eintr├ñge korrekt lesbar vorhanden.

77 von 77 Schildern korrekt gepr├╝ft.
2026-09-11 15:15:59 [info] Fertig. 77 von 77 Schildern korrekt gepr├╝ft. {"gesamtDauerMs":6901}

Was moechtest du als Naechstes tun?
  (1) Skalieren     - Schilder auf eine Zielhoehe (mm) skalieren
  (2) Pruefen       - Barcode scannen und Inhalt verifizieren
  (3) Konvertieren  - Bilder normalisieren (Transparenz entfernen, sRGB, 8-Bit-PNG)
  (0) Fertig / Verlassen



**********************
PowerShell transcript end
End time: 20260911151605
**********************
