**********************
Beginn des PowerShell-Transkripts
Startzeit: 20260914064105
Benutzername: MAXHAMBI\Max Hambi
RunAs-Benutzer: MAXHAMBI\Max Hambi
Konfigurationsname: 
Computer: MAXHAMBI (Microsoft Windows NT 10.0.26200.0)
Hostanwendung: C:\Program Files\PowerShell\7\pwsh.dll -NoProfile -ExecutionPolicy Bypass -Command Import-Module 'c:\Users\Max Hambi\.vscode\extensions\ms-vscode.powershell-2025.4.0\modules\PowerShellEditorServices\PowerShellEditorServices.psd1'; Start-EditorServices -HostName 'Visual Studio Code Host' -HostProfileId 'Microsoft.VSCode' -HostVersion '2025.4.0' -BundledModulesPath 'c:\Users\Max Hambi\.vscode\extensions\ms-vscode.powershell-2025.4.0\modules' -EnableConsoleRepl -StartupBanner "PowerShell Extension v2025.4.0
Copyright (c) Microsoft Corporation.

https://aka.ms/vscode-powershell
Type 'help' to get help.
" -LogLevel 'Warning' -LogPath 'c:\Users\Max Hambi\AppData\Roaming\Code\logs\20260914T051853\window1\exthost\ms-vscode.powershell' -SessionDetailsPath 'c:\Users\Max Hambi\AppData\Roaming\Code\User\globalStorage\ms-vscode.powershell\sessions\PSES-VSCode-20716-829502.json' -FeatureFlags @() 
Prozess-ID: 22828
PSVersion: 7.6.6
PSEdition: Core
GitCommitId: 7.6.6
OS: Microsoft Windows 10.0.26200
Platform: Win32NT
PSCompatibleVersions: 1.0, 2.0, 3.0, 4.0, 5.0, 5.1, 6.0, 7.0
PSRemotingProtocolVersion: 2.4
SerializationVersion: 1.1.0.1
WSManStackVersion: 3.0
**********************
2026-09-14 06:41:05 [info] Log-Datei: C:\Lager\lager-barcode-generator\log\barcode_20260914_064105_537.log
2026-09-14 06:41:05 [info] 68 Eintraege gefunden.
2026-09-14 06:41:05 [info] Vorlage: .\Templates\MV-A.png
2026-09-14 06:41:05 [info] Ausgabe: .\output\03-04-A\
2026-09-14 06:41:05 [info] Erstellt: 03A01.png {"dauerMs":305}
2026-09-14 06:41:06 [info] Erstellt: 03A02.png {"dauerMs":298}
2026-09-14 06:41:06 [info] Erstellt: 03A03.png {"dauerMs":291}
2026-09-14 06:41:06 [info] Erstellt: 03A04.png {"dauerMs":298}
2026-09-14 06:41:07 [info] Erstellt: 03A05.png {"dauerMs":288}
2026-09-14 06:41:07 [info] Erstellt: 03A06.png {"dauerMs":280}
2026-09-14 06:41:07 [info] Erstellt: 03A07.png {"dauerMs":340}
2026-09-14 06:41:07 [info] Erstellt: 03A08.png {"dauerMs":260}
2026-09-14 06:41:08 [info] Erstellt: 03A09.png {"dauerMs":267}
2026-09-14 06:41:08 [info] Erstellt: 03A10.png {"dauerMs":257}
2026-09-14 06:41:08 [info] Erstellt: 03A11.png {"dauerMs":253}
2026-09-14 06:41:08 [info] Erstellt: 03A12.png {"dauerMs":256}
2026-09-14 06:41:09 [info] Erstellt: 03A13.png {"dauerMs":250}
2026-09-14 06:41:09 [info] Erstellt: 03A14.png {"dauerMs":273}
2026-09-14 06:41:09 [info] Erstellt: 03A15.png {"dauerMs":239}
2026-09-14 06:41:09 [info] Erstellt: 03A16.png {"dauerMs":261}
2026-09-14 06:41:10 [info] Erstellt: 03A17.png {"dauerMs":258}
2026-09-14 06:41:10 [info] Erstellt: 03A18.png {"dauerMs":251}
2026-09-14 06:41:10 [info] Erstellt: 03A19.png {"dauerMs":240}
2026-09-14 06:41:11 [info] Erstellt: 03A20.png {"dauerMs":285}
2026-09-14 06:41:11 [info] Erstellt: 03A21.png {"dauerMs":246}
2026-09-14 06:41:11 [info] Erstellt: 03A22.png {"dauerMs":248}
2026-09-14 06:41:11 [info] Erstellt: 03A23.png {"dauerMs":256}
2026-09-14 06:41:12 [info] Erstellt: 03A24.png {"dauerMs":329}
2026-09-14 06:41:12 [info] Erstellt: 03A25.png {"dauerMs":252}
2026-09-14 06:41:12 [info] Erstellt: 03A26.png {"dauerMs":259}
2026-09-14 06:41:12 [info] Erstellt: 03A27.png {"dauerMs":243}
2026-09-14 06:41:13 [info] Erstellt: 03A28.png {"dauerMs":260}
2026-09-14 06:41:13 [info] Erstellt: 03A29.png {"dauerMs":255}
2026-09-14 06:41:13 [info] Erstellt: 03A30.png {"dauerMs":260}
2026-09-14 06:41:13 [info] Erstellt: 03A31.png {"dauerMs":253}
2026-09-14 06:41:14 [info] Erstellt: 03A32.png {"dauerMs":258}
2026-09-14 06:41:14 [info] Erstellt: 03A33.png {"dauerMs":250}
2026-09-14 06:41:14 [info] Erstellt: 03A34.png {"dauerMs":231}
2026-09-14 06:41:14 [info] Erstellt: 04A01.png {"dauerMs":243}
2026-09-14 06:41:15 [info] Erstellt: 04A02.png {"dauerMs":254}
2026-09-14 06:41:15 [info] Erstellt: 04A03.png {"dauerMs":286}
2026-09-14 06:41:15 [info] Erstellt: 04A04.png {"dauerMs":257}
2026-09-14 06:41:15 [info] Erstellt: 04A05.png {"dauerMs":250}
2026-09-14 06:41:16 [info] Erstellt: 04A06.png {"dauerMs":319}
2026-09-14 06:41:16 [info] Erstellt: 04A07.png {"dauerMs":242}
2026-09-14 06:41:16 [info] Erstellt: 04A08.png {"dauerMs":257}
2026-09-14 06:41:16 [info] Erstellt: 04A09.png {"dauerMs":254}
2026-09-14 06:41:17 [info] Erstellt: 04A10.png {"dauerMs":248}
2026-09-14 06:41:17 [info] Erstellt: 04A11.png {"dauerMs":259}
2026-09-14 06:41:17 [info] Erstellt: 04A12.png {"dauerMs":254}
2026-09-14 06:41:18 [info] Erstellt: 04A13.png {"dauerMs":251}
2026-09-14 06:41:18 [info] Erstellt: 04A14.png {"dauerMs":270}
2026-09-14 06:41:18 [info] Erstellt: 04A15.png {"dauerMs":244}
2026-09-14 06:41:18 [info] Erstellt: 04A16.png {"dauerMs":248}
2026-09-14 06:41:19 [info] Erstellt: 04A17.png {"dauerMs":246}
2026-09-14 06:41:19 [info] Erstellt: 04A18.png {"dauerMs":258}
2026-09-14 06:41:19 [info] Erstellt: 04A19.png {"dauerMs":259}
2026-09-14 06:41:19 [info] Erstellt: 04A20.png {"dauerMs":254}
2026-09-14 06:41:20 [info] Erstellt: 04A21.png {"dauerMs":324}
2026-09-14 06:41:20 [info] Erstellt: 04A22.png {"dauerMs":268}
2026-09-14 06:41:20 [info] Erstellt: 04A23.png {"dauerMs":250}
2026-09-14 06:41:20 [info] Erstellt: 04A24.png {"dauerMs":242}
2026-09-14 06:41:21 [info] Erstellt: 04A25.png {"dauerMs":277}
2026-09-14 06:41:21 [info] Erstellt: 04A26.png {"dauerMs":252}
2026-09-14 06:41:21 [info] Erstellt: 04A27.png {"dauerMs":262}
2026-09-14 06:41:21 [info] Erstellt: 04A28.png {"dauerMs":286}
2026-09-14 06:41:22 [info] Erstellt: 04A29.png {"dauerMs":258}
2026-09-14 06:41:22 [info] Erstellt: 04A30.png {"dauerMs":256}
2026-09-14 06:41:22 [info] Erstellt: 04A31.png {"dauerMs":254}
2026-09-14 06:41:22 [info] Erstellt: 04A32.png {"dauerMs":245}
2026-09-14 06:41:23 [info] Erstellt: 04A33.png {"dauerMs":249}
2026-09-14 06:41:23 [info] Erstellt: 04A34.png {"dauerMs":259}
2026-09-14 06:41:23 [info] Fertig. 68 erstellt, 0 uebersprungen. {"gesamtDauerMs":17944}
**********************
Ende des PowerShell-Transkripts
Endzeit: 20260914064123
**********************
