**********************
PowerShell transcript start
Start time: 20260911153122
Username: MAXHAMBI\Max Hambi
RunAs User: MAXHAMBI\Max Hambi
Configuration Name: 
Machine: MAXHAMBI (Microsoft Windows NT 10.0.26200.0)
Host Application: C:\Program Files\PowerShell\7\pwsh.dll
Process ID: 18556
PSVersion: 7.6.5
PSEdition: Core
GitCommitId: 7.6.5
OS: Microsoft Windows 10.0.26200
Platform: Win32NT
PSCompatibleVersions: 1.0, 2.0, 3.0, 4.0, 5.0, 5.1, 6.0, 7.0
PSRemotingProtocolVersion: 2.4
SerializationVersion: 1.1.0.1
WSManStackVersion: 3.0
**********************
   ______          __    ______   ____     ________  _ __        __ 
  / ____/___  ____/ /__ <  /__ \ ( __ )   / ____/ /_(_) /_____  / /_
 / /   / __ \/ __  / _ \/ /__/ // __  |  / __/ / __/ / //_/ _ \/ __/
/ /___/ /_/ / /_/ /  __/ // __// /_/ /  / /___/ /_/ / ,< /  __/ /_  
\____/\____/\__,_/\___/_//____/\____/  /_____/\__/_/_/|_|\___/\__/  
   ______  __  ___              __  __                __    _       
  / ____ \/  |/  /___ __  __   / / / /___ _____ ___  / /_  (_)      
 / / __ `/ /|_/ / __ `/ |/_/  / /_/ / __ `/ __ `__ \/ __ \/ /       
/ / /_/ / /  / / /_/ />  <   / __  / /_/ / / / / / / /_/ / /        
\ \__,_/_/  /_/\__,_/_/|_|  /_/ /_/\__,_/_/ /_/ /_/_.___/_/         
 \____/


Starte Verarbeitung ...
  Eintraege     : C:\Lager\lager-barcode-generator\mv03.txt
  Vorlage       : C:\Lager\lager-barcode-generator\Templates\MV-ABC.png
  Ausgabe       : C:\Lager\lager-barcode-generator\output
  Ueberschreiben: True

2026-09-11 15:31:53 [info] Log-Datei: C:\Lager\lager-barcode-generator\log\barcode_20260911_153153_521.log
2026-09-11 15:31:53 [info] 77 Eintraege gefunden.
2026-09-11 15:31:53 [info] Vorlage: C:\Lager\lager-barcode-generator\Templates\MV-ABC.png
2026-09-11 15:31:53 [info] Ausgabe: C:\Lager\lager-barcode-generator\output
2026-09-11 15:31:53 [info] Erstellt: lagerplatz_03A01.png {"dauerMs":140}
2026-09-11 15:31:53 [info] Erstellt: lagerplatz_03A02.png {"dauerMs":133}
2026-09-11 15:31:53 [info] Erstellt: lagerplatz_03A03.png {"dauerMs":138}
2026-09-11 15:31:54 [info] Erstellt: lagerplatz_03A04.png {"dauerMs":139}
2026-09-11 15:31:54 [info] Erstellt: lagerplatz_03A05.png {"dauerMs":133}
2026-09-11 15:31:54 [info] Erstellt: lagerplatz_03A06.png {"dauerMs":128}
2026-09-11 15:31:54 [info] Erstellt: lagerplatz_03A07.png {"dauerMs":130}
2026-09-11 15:31:54 [info] Erstellt: lagerplatz_03A08.png {"dauerMs":140}
2026-09-11 15:31:54 [info] Erstellt: lagerplatz_03A09.png {"dauerMs":141}
2026-09-11 15:31:54 [info] Erstellt: lagerplatz_03A10.png {"dauerMs":125}
2026-09-11 15:31:54 [info] Erstellt: lagerplatz_03A11.png {"dauerMs":114}
2026-09-11 15:31:55 [info] Erstellt: lagerplatz_03A12.png {"dauerMs":117}
2026-09-11 15:31:55 [info] Erstellt: lagerplatz_03A13.png {"dauerMs":112}
2026-09-11 15:31:55 [info] Erstellt: lagerplatz_03A14.png {"dauerMs":150}
2026-09-11 15:31:55 [info] Erstellt: lagerplatz_03A15.png {"dauerMs":115}
2026-09-11 15:31:55 [info] Erstellt: lagerplatz_03A16.png {"dauerMs":125}
2026-09-11 15:31:55 [info] Erstellt: lagerplatz_03A17.png {"dauerMs":112}
2026-09-11 15:31:55 [info] Erstellt: lagerplatz_03A18.png {"dauerMs":100}
2026-09-11 15:31:55 [info] Erstellt: lagerplatz_03A19.png {"dauerMs":103}
2026-09-11 15:31:56 [info] Erstellt: lagerplatz_03A20.png {"dauerMs":112}
2026-09-11 15:31:56 [info] Erstellt: lagerplatz_03A21.png {"dauerMs":107}
2026-09-11 15:31:56 [info] Erstellt: lagerplatz_03A22.png {"dauerMs":109}
2026-09-11 15:31:56 [info] Erstellt: lagerplatz_03B01.png {"dauerMs":104}
2026-09-11 15:31:56 [info] Erstellt: lagerplatz_03B02.png {"dauerMs":109}
2026-09-11 15:31:56 [info] Erstellt: lagerplatz_03B03.png {"dauerMs":105}
2026-09-11 15:31:56 [info] Erstellt: lagerplatz_03B04.png {"dauerMs":116}
2026-09-11 15:31:56 [info] Erstellt: lagerplatz_03B05.png {"dauerMs":108}
2026-09-11 15:31:56 [info] Erstellt: lagerplatz_03B06.png {"dauerMs":113}
2026-09-11 15:31:57 [info] Erstellt: lagerplatz_03B07.png {"dauerMs":103}
2026-09-11 15:31:57 [info] Erstellt: lagerplatz_03B08.png {"dauerMs":101}
2026-09-11 15:31:57 [info] Erstellt: lagerplatz_03B09.png {"dauerMs":106}
2026-09-11 15:31:57 [info] Erstellt: lagerplatz_03B10.png {"dauerMs":109}
2026-09-11 15:31:57 [info] Erstellt: lagerplatz_03B11.png {"dauerMs":103}
2026-09-11 15:31:57 [info] Erstellt: lagerplatz_03B12.png {"dauerMs":110}
2026-09-11 15:31:57 [info] Erstellt: lagerplatz_03B13.png {"dauerMs":105}
2026-09-11 15:31:57 [info] Erstellt: lagerplatz_03B14.png {"dauerMs":143}
2026-09-11 15:31:57 [info] Erstellt: lagerplatz_03B15.png {"dauerMs":178}
2026-09-11 15:31:58 [info] Erstellt: lagerplatz_03B16.png {"dauerMs":135}
2026-09-11 15:31:58 [info] Erstellt: lagerplatz_03B17.png {"dauerMs":141}
2026-09-11 15:31:58 [info] Erstellt: lagerplatz_03B18.png {"dauerMs":113}
2026-09-11 15:31:58 [info] Erstellt: lagerplatz_03B19.png {"dauerMs":102}
2026-09-11 15:31:58 [info] Erstellt: lagerplatz_03B20.png {"dauerMs":115}
2026-09-11 15:31:58 [info] Erstellt: lagerplatz_03B21.png {"dauerMs":147}
2026-09-11 15:31:58 [info] Erstellt: lagerplatz_03B22.png {"dauerMs":138}
2026-09-11 15:31:59 [info] Erstellt: lagerplatz_03C01.png {"dauerMs":122}
2026-09-11 15:31:59 [info] Erstellt: lagerplatz_03C02.png {"dauerMs":126}
2026-09-11 15:31:59 [info] Erstellt: lagerplatz_03C03.png {"dauerMs":127}
2026-09-11 15:31:59 [info] Erstellt: lagerplatz_03C04.png {"dauerMs":113}
2026-09-11 15:31:59 [info] Erstellt: lagerplatz_03C05.png {"dauerMs":110}
2026-09-11 15:31:59 [info] Erstellt: lagerplatz_03C06.png {"dauerMs":106}
2026-09-11 15:31:59 [info] Erstellt: lagerplatz_03C07.png {"dauerMs":105}
2026-09-11 15:31:59 [info] Erstellt: lagerplatz_03C08.png {"dauerMs":107}
2026-09-11 15:31:59 [info] Erstellt: lagerplatz_03C09.png {"dauerMs":103}
2026-09-11 15:32:00 [info] Erstellt: lagerplatz_03C10.png {"dauerMs":106}
2026-09-11 15:32:00 [info] Erstellt: lagerplatz_03C11.png {"dauerMs":114}
2026-09-11 15:32:00 [info] Erstellt: lagerplatz_03C12.png {"dauerMs":105}
2026-09-11 15:32:00 [info] Erstellt: lagerplatz_03C13.png {"dauerMs":100}
2026-09-11 15:32:00 [info] Erstellt: lagerplatz_03C14.png {"dauerMs":109}
2026-09-11 15:32:00 [info] Erstellt: lagerplatz_03C15.png {"dauerMs":102}
2026-09-11 15:32:00 [info] Erstellt: lagerplatz_03C16.png {"dauerMs":116}
2026-09-11 15:32:00 [info] Erstellt: lagerplatz_03C17.png {"dauerMs":133}
2026-09-11 15:32:01 [info] Erstellt: lagerplatz_03C18.png {"dauerMs":212}
2026-09-11 15:32:01 [info] Erstellt: lagerplatz_03C19.png {"dauerMs":189}
2026-09-11 15:32:01 [info] Erstellt: lagerplatz_03C20.png {"dauerMs":140}
2026-09-11 15:32:01 [info] Erstellt: lagerplatz_03C21.png {"dauerMs":111}
2026-09-11 15:32:01 [info] Erstellt: lagerplatz_03C22.png {"dauerMs":109}
2026-09-11 15:32:01 [info] Erstellt: lagerplatz_03C23.png {"dauerMs":114}
2026-09-11 15:32:01 [info] Erstellt: lagerplatz_03C24.png {"dauerMs":137}
2026-09-11 15:32:01 [info] Erstellt: lagerplatz_03C25.png {"dauerMs":122}
2026-09-11 15:32:02 [info] Erstellt: lagerplatz_03C26.png {"dauerMs":130}
2026-09-11 15:32:02 [info] Erstellt: lagerplatz_03C27.png {"dauerMs":129}
2026-09-11 15:32:02 [info] Erstellt: lagerplatz_03C28.png {"dauerMs":129}
2026-09-11 15:32:02 [info] Erstellt: lagerplatz_03C29.png {"dauerMs":108}
2026-09-11 15:32:02 [info] Erstellt: lagerplatz_03C30.png {"dauerMs":110}
2026-09-11 15:32:02 [info] Erstellt: lagerplatz_03C31.png {"dauerMs":105}
2026-09-11 15:32:02 [info] Erstellt: lagerplatz_03C32.png {"dauerMs":108}
2026-09-11 15:32:02 [info] Erstellt: lagerplatz_03C33.png {"dauerMs":108}
2026-09-11 15:32:02 [info] Fertig. 77 erstellt, 0 uebersprungen. {"gesamtDauerMs":9347}

Fertig. Protokoll gespeichert unter: C:\Lager\lager-barcode-generator\logs\lauf_20260911_153122.log

Was moechtest du als Naechstes tun?
  (1) Skalieren     - Schilder auf eine Zielhoehe (mm) skalieren
  (2) Pruefen       - Barcode scannen und Inhalt verifizieren
  (3) Konvertieren  - Bilder normalisieren (Transparenz entfernen, sRGB, 8-Bit-PNG)
  (0) Fertig / Verlassen


2026-09-11 15:32:20 [info] Log-Datei: C:\Lager\lager-barcode-generator\log\skalieren_20260911_153220_574.log
2026-09-11 15:32:20 [info] Zielh├Âhe: 30 mm @ 300 DPI = 354 px
2026-09-11 15:32:20 [info] 77 Datei(en) werden verarbeitet.
2026-09-11 15:32:20 [info] Skaliert: lagerplatz_03A01.png  2362x856 -> 977x354 px (41.4% der Originalgr├Â├ƒe)
2026-09-11 15:32:20 [warn] "lagerplatz_03A01.png" wird auf unter 50% der Originalgr├Â├ƒe verkleinert. Die Barcode-Balken werden entsprechend d├╝nner ÔÇö vor dem vollst├ñndigen Lauf unbedingt mit einem echten Scanner testen (siehe README, Abschnitt "Produktionspr├╝fung").
2026-09-11 15:32:20 [info] Skaliert: lagerplatz_03A02.png  2362x856 -> 977x354 px (41.4% der Originalgr├Â├ƒe)
2026-09-11 15:32:20 [warn] "lagerplatz_03A02.png" wird auf unter 50% der Originalgr├Â├ƒe verkleinert. Die Barcode-Balken werden entsprechend d├╝nner ÔÇö vor dem vollst├ñndigen Lauf unbedingt mit einem echten Scanner testen (siehe README, Abschnitt "Produktionspr├╝fung").
2026-09-11 15:32:20 [info] Skaliert: lagerplatz_03A03.png  2362x856 -> 977x354 px (41.4% der Originalgr├Â├ƒe)
2026-09-11 15:32:20 [warn] "lagerplatz_03A03.png" wird auf unter 50% der Originalgr├Â├ƒe verkleinert. Die Barcode-Balken werden entsprechend d├╝nner ÔÇö vor dem vollst├ñndigen Lauf unbedingt mit einem echten Scanner testen (siehe README, Abschnitt "Produktionspr├╝fung").
2026-09-11 15:32:20 [info] Skaliert: lagerplatz_03A04.png  2362x856 -> 977x354 px (41.4% der Originalgr├Â├ƒe)
2026-09-11 15:32:20 [warn] "lagerplatz_03A04.png" wird auf unter 50% der Originalgr├Â├ƒe verkleinert. Die Barcode-Balken werden entsprechend d├╝nner ÔÇö vor dem vollst├ñndigen Lauf unbedingt mit einem echten Scanner testen (siehe README, Abschnitt "Produktionspr├╝fung").
2026-09-11 15:32:20 [info] Skaliert: lagerplatz_03A05.png  2362x856 -> 977x354 px (41.4% der Originalgr├Â├ƒe)
2026-09-11 15:32:20 [warn] "lagerplatz_03A05.png" wird auf unter 50% der Originalgr├Â├ƒe verkleinert. Die Barcode-Balken werden entsprechend d├╝nner ÔÇö vor dem vollst├ñndigen Lauf unbedingt mit einem echten Scanner testen (siehe README, Abschnitt "Produktionspr├╝fung").
2026-09-11 15:32:20 [info] Skaliert: lagerplatz_03A06.png  2362x856 -> 977x354 px (41.4% der Originalgr├Â├ƒe)
2026-09-11 15:32:20 [warn] "lagerplatz_03A06.png" wird auf unter 50% der Originalgr├Â├ƒe verkleinert. Die Barcode-Balken werden entsprechend d├╝nner ÔÇö vor dem vollst├ñndigen Lauf unbedingt mit einem echten Scanner testen (siehe README, Abschnitt "Produktionspr├╝fung").
2026-09-11 15:32:21 [info] Skaliert: lagerplatz_03A07.png  2362x856 -> 977x354 px (41.4% der Originalgr├Â├ƒe)
2026-09-11 15:32:21 [warn] "lagerplatz_03A07.png" wird auf unter 50% der Originalgr├Â├ƒe verkleinert. Die Barcode-Balken werden entsprechend d├╝nner ÔÇö vor dem vollst├ñndigen Lauf unbedingt mit einem echten Scanner testen (siehe README, Abschnitt "Produktionspr├╝fung").
2026-09-11 15:32:21 [info] Skaliert: lagerplatz_03A08.png  2362x856 -> 977x354 px (41.4% der Originalgr├Â├ƒe)
2026-09-11 15:32:21 [warn] "lagerplatz_03A08.png" wird auf unter 50% der Originalgr├Â├ƒe verkleinert. Die Barcode-Balken werden entsprechend d├╝nner ÔÇö vor dem vollst├ñndigen Lauf unbedingt mit einem echten Scanner testen (siehe README, Abschnitt "Produktionspr├╝fung").
2026-09-11 15:32:21 [info] Skaliert: lagerplatz_03A09.png  2362x856 -> 977x354 px (41.4% der Originalgr├Â├ƒe)
2026-09-11 15:32:21 [warn] "lagerplatz_03A09.png" wird auf unter 50% der Originalgr├Â├ƒe verkleinert. Die Barcode-Balken werden entsprechend d├╝nner ÔÇö vor dem vollst├ñndigen Lauf unbedingt mit einem echten Scanner testen (siehe README, Abschnitt "Produktionspr├╝fung").
2026-09-11 15:32:21 [info] Skaliert: lagerplatz_03A10.png  2362x856 -> 977x354 px (41.4% der Originalgr├Â├ƒe)
2026-09-11 15:32:21 [warn] "lagerplatz_03A10.png" wird auf unter 50% der Originalgr├Â├ƒe verkleinert. Die Barcode-Balken werden entsprechend d├╝nner ÔÇö vor dem vollst├ñndigen Lauf unbedingt mit einem echten Scanner testen (siehe README, Abschnitt "Produktionspr├╝fung").
2026-09-11 15:32:21 [info] Skaliert: lagerplatz_03A11.png  2362x856 -> 977x354 px (41.4% der Originalgr├Â├ƒe)
2026-09-11 15:32:21 [warn] "lagerplatz_03A11.png" wird auf unter 50% der Originalgr├Â├ƒe verkleinert. Die Barcode-Balken werden entsprechend d├╝nner ÔÇö vor dem vollst├ñndigen Lauf unbedingt mit einem echten Scanner testen (siehe README, Abschnitt "Produktionspr├╝fung").
2026-09-11 15:32:21 [info] Skaliert: lagerplatz_03A12.png  2362x856 -> 977x354 px (41.4% der Originalgr├Â├ƒe)
2026-09-11 15:32:21 [warn] "lagerplatz_03A12.png" wird auf unter 50% der Originalgr├Â├ƒe verkleinert. Die Barcode-Balken werden entsprechend d├╝nner ÔÇö vor dem vollst├ñndigen Lauf unbedingt mit einem echten Scanner testen (siehe README, Abschnitt "Produktionspr├╝fung").
2026-09-11 15:32:21 [info] Skaliert: lagerplatz_03A13.png  2362x856 -> 977x354 px (41.4% der Originalgr├Â├ƒe)
2026-09-11 15:32:21 [warn] "lagerplatz_03A13.png" wird auf unter 50% der Originalgr├Â├ƒe verkleinert. Die Barcode-Balken werden entsprechend d├╝nner ÔÇö vor dem vollst├ñndigen Lauf unbedingt mit einem echten Scanner testen (siehe README, Abschnitt "Produktionspr├╝fung").
2026-09-11 15:32:21 [info] Skaliert: lagerplatz_03A14.png  2362x856 -> 977x354 px (41.4% der Originalgr├Â├ƒe)
2026-09-11 15:32:21 [warn] "lagerplatz_03A14.png" wird auf unter 50% der Originalgr├Â├ƒe verkleinert. Die Barcode-Balken werden entsprechend d├╝nner ÔÇö vor dem vollst├ñndigen Lauf unbedingt mit einem echten Scanner testen (siehe README, Abschnitt "Produktionspr├╝fung").
2026-09-11 15:32:21 [info] Skaliert: lagerplatz_03A15.png  2362x856 -> 977x354 px (41.4% der Originalgr├Â├ƒe)
2026-09-11 15:32:21 [warn] "lagerplatz_03A15.png" wird auf unter 50% der Originalgr├Â├ƒe verkleinert. Die Barcode-Balken werden entsprechend d├╝nner ÔÇö vor dem vollst├ñndigen Lauf unbedingt mit einem echten Scanner testen (siehe README, Abschnitt "Produktionspr├╝fung").
2026-09-11 15:32:21 [info] Skaliert: lagerplatz_03A16.png  2362x856 -> 977x354 px (41.4% der Originalgr├Â├ƒe)
2026-09-11 15:32:21 [warn] "lagerplatz_03A16.png" wird auf unter 50% der Originalgr├Â├ƒe verkleinert. Die Barcode-Balken werden entsprechend d├╝nner ÔÇö vor dem vollst├ñndigen Lauf unbedingt mit einem echten Scanner testen (siehe README, Abschnitt "Produktionspr├╝fung").
2026-09-11 15:32:21 [info] Skaliert: lagerplatz_03A17.png  2362x856 -> 977x354 px (41.4% der Originalgr├Â├ƒe)
2026-09-11 15:32:21 [warn] "lagerplatz_03A17.png" wird auf unter 50% der Originalgr├Â├ƒe verkleinert. Die Barcode-Balken werden entsprechend d├╝nner ÔÇö vor dem vollst├ñndigen Lauf unbedingt mit einem echten Scanner testen (siehe README, Abschnitt "Produktionspr├╝fung").
2026-09-11 15:32:21 [info] Skaliert: lagerplatz_03A18.png  2362x856 -> 977x354 px (41.4% der Originalgr├Â├ƒe)
2026-09-11 15:32:21 [warn] "lagerplatz_03A18.png" wird auf unter 50% der Originalgr├Â├ƒe verkleinert. Die Barcode-Balken werden entsprechend d├╝nner ÔÇö vor dem vollst├ñndigen Lauf unbedingt mit einem echten Scanner testen (siehe README, Abschnitt "Produktionspr├╝fung").
2026-09-11 15:32:21 [info] Skaliert: lagerplatz_03A19.png  2362x856 -> 977x354 px (41.4% der Originalgr├Â├ƒe)
2026-09-11 15:32:21 [warn] "lagerplatz_03A19.png" wird auf unter 50% der Originalgr├Â├ƒe verkleinert. Die Barcode-Balken werden entsprechend d├╝nner ÔÇö vor dem vollst├ñndigen Lauf unbedingt mit einem echten Scanner testen (siehe README, Abschnitt "Produktionspr├╝fung").
2026-09-11 15:32:21 [info] Skaliert: lagerplatz_03A20.png  2362x856 -> 977x354 px (41.4% der Originalgr├Â├ƒe)
2026-09-11 15:32:21 [warn] "lagerplatz_03A20.png" wird auf unter 50% der Originalgr├Â├ƒe verkleinert. Die Barcode-Balken werden entsprechend d├╝nner ÔÇö vor dem vollst├ñndigen Lauf unbedingt mit einem echten Scanner testen (siehe README, Abschnitt "Produktionspr├╝fung").
2026-09-11 15:32:22 [info] Skaliert: lagerplatz_03A21.png  2362x856 -> 977x354 px (41.4% der Originalgr├Â├ƒe)
2026-09-11 15:32:22 [warn] "lagerplatz_03A21.png" wird auf unter 50% der Originalgr├Â├ƒe verkleinert. Die Barcode-Balken werden entsprechend d├╝nner ÔÇö vor dem vollst├ñndigen Lauf unbedingt mit einem echten Scanner testen (siehe README, Abschnitt "Produktionspr├╝fung").
2026-09-11 15:32:22 [info] Skaliert: lagerplatz_03A22.png  2362x856 -> 977x354 px (41.4% der Originalgr├Â├ƒe)
2026-09-11 15:32:22 [warn] "lagerplatz_03A22.png" wird auf unter 50% der Originalgr├Â├ƒe verkleinert. Die Barcode-Balken werden entsprechend d├╝nner ÔÇö vor dem vollst├ñndigen Lauf unbedingt mit einem echten Scanner testen (siehe README, Abschnitt "Produktionspr├╝fung").
2026-09-11 15:32:22 [info] Skaliert: lagerplatz_03B01.png  2362x856 -> 977x354 px (41.4% der Originalgr├Â├ƒe)
2026-09-11 15:32:22 [warn] "lagerplatz_03B01.png" wird auf unter 50% der Originalgr├Â├ƒe verkleinert. Die Barcode-Balken werden entsprechend d├╝nner ÔÇö vor dem vollst├ñndigen Lauf unbedingt mit einem echten Scanner testen (siehe README, Abschnitt "Produktionspr├╝fung").
2026-09-11 15:32:22 [info] Skaliert: lagerplatz_03B02.png  2362x856 -> 977x354 px (41.4% der Originalgr├Â├ƒe)
2026-09-11 15:32:22 [warn] "lagerplatz_03B02.png" wird auf unter 50% der Originalgr├Â├ƒe verkleinert. Die Barcode-Balken werden entsprechend d├╝nner ÔÇö vor dem vollst├ñndigen Lauf unbedingt mit einem echten Scanner testen (siehe README, Abschnitt "Produktionspr├╝fung").
2026-09-11 15:32:22 [info] Skaliert: lagerplatz_03B03.png  2362x856 -> 977x354 px (41.4% der Originalgr├Â├ƒe)
2026-09-11 15:32:22 [warn] "lagerplatz_03B03.png" wird auf unter 50% der Originalgr├Â├ƒe verkleinert. Die Barcode-Balken werden entsprechend d├╝nner ÔÇö vor dem vollst├ñndigen Lauf unbedingt mit einem echten Scanner testen (siehe README, Abschnitt "Produktionspr├╝fung").
2026-09-11 15:32:22 [info] Skaliert: lagerplatz_03B04.png  2362x856 -> 977x354 px (41.4% der Originalgr├Â├ƒe)
2026-09-11 15:32:22 [warn] "lagerplatz_03B04.png" wird auf unter 50% der Originalgr├Â├ƒe verkleinert. Die Barcode-Balken werden entsprechend d├╝nner ÔÇö vor dem vollst├ñndigen Lauf unbedingt mit einem echten Scanner testen (siehe README, Abschnitt "Produktionspr├╝fung").
2026-09-11 15:32:22 [info] Skaliert: lagerplatz_03B05.png  2362x856 -> 977x354 px (41.4% der Originalgr├Â├ƒe)
2026-09-11 15:32:22 [warn] "lagerplatz_03B05.png" wird auf unter 50% der Originalgr├Â├ƒe verkleinert. Die Barcode-Balken werden entsprechend d├╝nner ÔÇö vor dem vollst├ñndigen Lauf unbedingt mit einem echten Scanner testen (siehe README, Abschnitt "Produktionspr├╝fung").
2026-09-11 15:32:22 [info] Skaliert: lagerplatz_03B06.png  2362x856 -> 977x354 px (41.4% der Originalgr├Â├ƒe)
2026-09-11 15:32:22 [warn] "lagerplatz_03B06.png" wird auf unter 50% der Originalgr├Â├ƒe verkleinert. Die Barcode-Balken werden entsprechend d├╝nner ÔÇö vor dem vollst├ñndigen Lauf unbedingt mit einem echten Scanner testen (siehe README, Abschnitt "Produktionspr├╝fung").
2026-09-11 15:32:22 [info] Skaliert: lagerplatz_03B07.png  2362x856 -> 977x354 px (41.4% der Originalgr├Â├ƒe)
2026-09-11 15:32:22 [warn] "lagerplatz_03B07.png" wird auf unter 50% der Originalgr├Â├ƒe verkleinert. Die Barcode-Balken werden entsprechend d├╝nner ÔÇö vor dem vollst├ñndigen Lauf unbedingt mit einem echten Scanner testen (siehe README, Abschnitt "Produktionspr├╝fung").
2026-09-11 15:32:22 [info] Skaliert: lagerplatz_03B08.png  2362x856 -> 977x354 px (41.4% der Originalgr├Â├ƒe)
2026-09-11 15:32:22 [warn] "lagerplatz_03B08.png" wird auf unter 50% der Originalgr├Â├ƒe verkleinert. Die Barcode-Balken werden entsprechend d├╝nner ÔÇö vor dem vollst├ñndigen Lauf unbedingt mit einem echten Scanner testen (siehe README, Abschnitt "Produktionspr├╝fung").
2026-09-11 15:32:22 [info] Skaliert: lagerplatz_03B09.png  2362x856 -> 977x354 px (41.4% der Originalgr├Â├ƒe)
2026-09-11 15:32:22 [warn] "lagerplatz_03B09.png" wird auf unter 50% der Originalgr├Â├ƒe verkleinert. Die Barcode-Balken werden entsprechend d├╝nner ÔÇö vor dem vollst├ñndigen Lauf unbedingt mit einem echten Scanner testen (siehe README, Abschnitt "Produktionspr├╝fung").
2026-09-11 15:32:22 [info] Skaliert: lagerplatz_03B10.png  2362x856 -> 977x354 px (41.4% der Originalgr├Â├ƒe)
2026-09-11 15:32:22 [warn] "lagerplatz_03B10.png" wird auf unter 50% der Originalgr├Â├ƒe verkleinert. Die Barcode-Balken werden entsprechend d├╝nner ÔÇö vor dem vollst├ñndigen Lauf unbedingt mit einem echten Scanner testen (siehe README, Abschnitt "Produktionspr├╝fung").
2026-09-11 15:32:22 [info] Skaliert: lagerplatz_03B11.png  2362x856 -> 977x354 px (41.4% der Originalgr├Â├ƒe)
2026-09-11 15:32:22 [warn] "lagerplatz_03B11.png" wird auf unter 50% der Originalgr├Â├ƒe verkleinert. Die Barcode-Balken werden entsprechend d├╝nner ÔÇö vor dem vollst├ñndigen Lauf unbedingt mit einem echten Scanner testen (siehe README, Abschnitt "Produktionspr├╝fung").
2026-09-11 15:32:22 [info] Skaliert: lagerplatz_03B12.png  2362x856 -> 977x354 px (41.4% der Originalgr├Â├ƒe)
2026-09-11 15:32:22 [warn] "lagerplatz_03B12.png" wird auf unter 50% der Originalgr├Â├ƒe verkleinert. Die Barcode-Balken werden entsprechend d├╝nner ÔÇö vor dem vollst├ñndigen Lauf unbedingt mit einem echten Scanner testen (siehe README, Abschnitt "Produktionspr├╝fung").
2026-09-11 15:32:22 [info] Skaliert: lagerplatz_03B13.png  2362x856 -> 977x354 px (41.4% der Originalgr├Â├ƒe)
2026-09-11 15:32:22 [warn] "lagerplatz_03B13.png" wird auf unter 50% der Originalgr├Â├ƒe verkleinert. Die Barcode-Balken werden entsprechend d├╝nner ÔÇö vor dem vollst├ñndigen Lauf unbedingt mit einem echten Scanner testen (siehe README, Abschnitt "Produktionspr├╝fung").
2026-09-11 15:32:22 [info] Skaliert: lagerplatz_03B14.png  2362x856 -> 977x354 px (41.4% der Originalgr├Â├ƒe)
2026-09-11 15:32:22 [warn] "lagerplatz_03B14.png" wird auf unter 50% der Originalgr├Â├ƒe verkleinert. Die Barcode-Balken werden entsprechend d├╝nner ÔÇö vor dem vollst├ñndigen Lauf unbedingt mit einem echten Scanner testen (siehe README, Abschnitt "Produktionspr├╝fung").
2026-09-11 15:32:23 [info] Skaliert: lagerplatz_03B15.png  2362x856 -> 977x354 px (41.4% der Originalgr├Â├ƒe)
2026-09-11 15:32:23 [warn] "lagerplatz_03B15.png" wird auf unter 50% der Originalgr├Â├ƒe verkleinert. Die Barcode-Balken werden entsprechend d├╝nner ÔÇö vor dem vollst├ñndigen Lauf unbedingt mit einem echten Scanner testen (siehe README, Abschnitt "Produktionspr├╝fung").
2026-09-11 15:32:23 [info] Skaliert: lagerplatz_03B16.png  2362x856 -> 977x354 px (41.4% der Originalgr├Â├ƒe)
2026-09-11 15:32:23 [warn] "lagerplatz_03B16.png" wird auf unter 50% der Originalgr├Â├ƒe verkleinert. Die Barcode-Balken werden entsprechend d├╝nner ÔÇö vor dem vollst├ñndigen Lauf unbedingt mit einem echten Scanner testen (siehe README, Abschnitt "Produktionspr├╝fung").
2026-09-11 15:32:23 [info] Skaliert: lagerplatz_03B17.png  2362x856 -> 977x354 px (41.4% der Originalgr├Â├ƒe)
2026-09-11 15:32:23 [warn] "lagerplatz_03B17.png" wird auf unter 50% der Originalgr├Â├ƒe verkleinert. Die Barcode-Balken werden entsprechend d├╝nner ÔÇö vor dem vollst├ñndigen Lauf unbedingt mit einem echten Scanner testen (siehe README, Abschnitt "Produktionspr├╝fung").
2026-09-11 15:32:23 [info] Skaliert: lagerplatz_03B18.png  2362x856 -> 977x354 px (41.4% der Originalgr├Â├ƒe)
2026-09-11 15:32:23 [warn] "lagerplatz_03B18.png" wird auf unter 50% der Originalgr├Â├ƒe verkleinert. Die Barcode-Balken werden entsprechend d├╝nner ÔÇö vor dem vollst├ñndigen Lauf unbedingt mit einem echten Scanner testen (siehe README, Abschnitt "Produktionspr├╝fung").
2026-09-11 15:32:23 [info] Skaliert: lagerplatz_03B19.png  2362x856 -> 977x354 px (41.4% der Originalgr├Â├ƒe)
2026-09-11 15:32:23 [warn] "lagerplatz_03B19.png" wird auf unter 50% der Originalgr├Â├ƒe verkleinert. Die Barcode-Balken werden entsprechend d├╝nner ÔÇö vor dem vollst├ñndigen Lauf unbedingt mit einem echten Scanner testen (siehe README, Abschnitt "Produktionspr├╝fung").
2026-09-11 15:32:23 [info] Skaliert: lagerplatz_03B20.png  2362x856 -> 977x354 px (41.4% der Originalgr├Â├ƒe)
2026-09-11 15:32:23 [warn] "lagerplatz_03B20.png" wird auf unter 50% der Originalgr├Â├ƒe verkleinert. Die Barcode-Balken werden entsprechend d├╝nner ÔÇö vor dem vollst├ñndigen Lauf unbedingt mit einem echten Scanner testen (siehe README, Abschnitt "Produktionspr├╝fung").
2026-09-11 15:32:23 [info] Skaliert: lagerplatz_03B21.png  2362x856 -> 977x354 px (41.4% der Originalgr├Â├ƒe)
2026-09-11 15:32:23 [warn] "lagerplatz_03B21.png" wird auf unter 50% der Originalgr├Â├ƒe verkleinert. Die Barcode-Balken werden entsprechend d├╝nner ÔÇö vor dem vollst├ñndigen Lauf unbedingt mit einem echten Scanner testen (siehe README, Abschnitt "Produktionspr├╝fung").
2026-09-11 15:32:23 [info] Skaliert: lagerplatz_03B22.png  2362x856 -> 977x354 px (41.4% der Originalgr├Â├ƒe)
2026-09-11 15:32:23 [warn] "lagerplatz_03B22.png" wird auf unter 50% der Originalgr├Â├ƒe verkleinert. Die Barcode-Balken werden entsprechend d├╝nner ÔÇö vor dem vollst├ñndigen Lauf unbedingt mit einem echten Scanner testen (siehe README, Abschnitt "Produktionspr├╝fung").
2026-09-11 15:32:23 [info] Skaliert: lagerplatz_03C01.png  2362x856 -> 977x354 px (41.4% der Originalgr├Â├ƒe)
2026-09-11 15:32:23 [warn] "lagerplatz_03C01.png" wird auf unter 50% der Originalgr├Â├ƒe verkleinert. Die Barcode-Balken werden entsprechend d├╝nner ÔÇö vor dem vollst├ñndigen Lauf unbedingt mit einem echten Scanner testen (siehe README, Abschnitt "Produktionspr├╝fung").
2026-09-11 15:32:23 [info] Skaliert: lagerplatz_03C02.png  2362x856 -> 977x354 px (41.4% der Originalgr├Â├ƒe)
2026-09-11 15:32:23 [warn] "lagerplatz_03C02.png" wird auf unter 50% der Originalgr├Â├ƒe verkleinert. Die Barcode-Balken werden entsprechend d├╝nner ÔÇö vor dem vollst├ñndigen Lauf unbedingt mit einem echten Scanner testen (siehe README, Abschnitt "Produktionspr├╝fung").
2026-09-11 15:32:23 [info] Skaliert: lagerplatz_03C03.png  2362x856 -> 977x354 px (41.4% der Originalgr├Â├ƒe)
2026-09-11 15:32:23 [warn] "lagerplatz_03C03.png" wird auf unter 50% der Originalgr├Â├ƒe verkleinert. Die Barcode-Balken werden entsprechend d├╝nner ÔÇö vor dem vollst├ñndigen Lauf unbedingt mit einem echten Scanner testen (siehe README, Abschnitt "Produktionspr├╝fung").
2026-09-11 15:32:23 [info] Skaliert: lagerplatz_03C04.png  2362x856 -> 977x354 px (41.4% der Originalgr├Â├ƒe)
2026-09-11 15:32:23 [warn] "lagerplatz_03C04.png" wird auf unter 50% der Originalgr├Â├ƒe verkleinert. Die Barcode-Balken werden entsprechend d├╝nner ÔÇö vor dem vollst├ñndigen Lauf unbedingt mit einem echten Scanner testen (siehe README, Abschnitt "Produktionspr├╝fung").
2026-09-11 15:32:23 [info] Skaliert: lagerplatz_03C05.png  2362x856 -> 977x354 px (41.4% der Originalgr├Â├ƒe)
2026-09-11 15:32:23 [warn] "lagerplatz_03C05.png" wird auf unter 50% der Originalgr├Â├ƒe verkleinert. Die Barcode-Balken werden entsprechend d├╝nner ÔÇö vor dem vollst├ñndigen Lauf unbedingt mit einem echten Scanner testen (siehe README, Abschnitt "Produktionspr├╝fung").
2026-09-11 15:32:23 [info] Skaliert: lagerplatz_03C06.png  2362x856 -> 977x354 px (41.4% der Originalgr├Â├ƒe)
2026-09-11 15:32:23 [warn] "lagerplatz_03C06.png" wird auf unter 50% der Originalgr├Â├ƒe verkleinert. Die Barcode-Balken werden entsprechend d├╝nner ÔÇö vor dem vollst├ñndigen Lauf unbedingt mit einem echten Scanner testen (siehe README, Abschnitt "Produktionspr├╝fung").
2026-09-11 15:32:23 [info] Skaliert: lagerplatz_03C07.png  2362x856 -> 977x354 px (41.4% der Originalgr├Â├ƒe)
2026-09-11 15:32:23 [warn] "lagerplatz_03C07.png" wird auf unter 50% der Originalgr├Â├ƒe verkleinert. Die Barcode-Balken werden entsprechend d├╝nner ÔÇö vor dem vollst├ñndigen Lauf unbedingt mit einem echten Scanner testen (siehe README, Abschnitt "Produktionspr├╝fung").
2026-09-11 15:32:23 [info] Skaliert: lagerplatz_03C08.png  2362x856 -> 977x354 px (41.4% der Originalgr├Â├ƒe)
2026-09-11 15:32:23 [warn] "lagerplatz_03C08.png" wird auf unter 50% der Originalgr├Â├ƒe verkleinert. Die Barcode-Balken werden entsprechend d├╝nner ÔÇö vor dem vollst├ñndigen Lauf unbedingt mit einem echten Scanner testen (siehe README, Abschnitt "Produktionspr├╝fung").
2026-09-11 15:32:23 [info] Skaliert: lagerplatz_03C09.png  2362x856 -> 977x354 px (41.4% der Originalgr├Â├ƒe)
2026-09-11 15:32:23 [warn] "lagerplatz_03C09.png" wird auf unter 50% der Originalgr├Â├ƒe verkleinert. Die Barcode-Balken werden entsprechend d├╝nner ÔÇö vor dem vollst├ñndigen Lauf unbedingt mit einem echten Scanner testen (siehe README, Abschnitt "Produktionspr├╝fung").
2026-09-11 15:32:23 [info] Skaliert: lagerplatz_03C10.png  2362x856 -> 977x354 px (41.4% der Originalgr├Â├ƒe)
2026-09-11 15:32:23 [warn] "lagerplatz_03C10.png" wird auf unter 50% der Originalgr├Â├ƒe verkleinert. Die Barcode-Balken werden entsprechend d├╝nner ÔÇö vor dem vollst├ñndigen Lauf unbedingt mit einem echten Scanner testen (siehe README, Abschnitt "Produktionspr├╝fung").
2026-09-11 15:32:23 [info] Skaliert: lagerplatz_03C11.png  2362x856 -> 977x354 px (41.4% der Originalgr├Â├ƒe)
2026-09-11 15:32:23 [warn] "lagerplatz_03C11.png" wird auf unter 50% der Originalgr├Â├ƒe verkleinert. Die Barcode-Balken werden entsprechend d├╝nner ÔÇö vor dem vollst├ñndigen Lauf unbedingt mit einem echten Scanner testen (siehe README, Abschnitt "Produktionspr├╝fung").
2026-09-11 15:32:23 [info] Skaliert: lagerplatz_03C12.png  2362x856 -> 977x354 px (41.4% der Originalgr├Â├ƒe)
2026-09-11 15:32:23 [warn] "lagerplatz_03C12.png" wird auf unter 50% der Originalgr├Â├ƒe verkleinert. Die Barcode-Balken werden entsprechend d├╝nner ÔÇö vor dem vollst├ñndigen Lauf unbedingt mit einem echten Scanner testen (siehe README, Abschnitt "Produktionspr├╝fung").
2026-09-11 15:32:24 [info] Skaliert: lagerplatz_03C13.png  2362x856 -> 977x354 px (41.4% der Originalgr├Â├ƒe)
2026-09-11 15:32:24 [warn] "lagerplatz_03C13.png" wird auf unter 50% der Originalgr├Â├ƒe verkleinert. Die Barcode-Balken werden entsprechend d├╝nner ÔÇö vor dem vollst├ñndigen Lauf unbedingt mit einem echten Scanner testen (siehe README, Abschnitt "Produktionspr├╝fung").
2026-09-11 15:32:24 [info] Skaliert: lagerplatz_03C14.png  2362x856 -> 977x354 px (41.4% der Originalgr├Â├ƒe)
2026-09-11 15:32:24 [warn] "lagerplatz_03C14.png" wird auf unter 50% der Originalgr├Â├ƒe verkleinert. Die Barcode-Balken werden entsprechend d├╝nner ÔÇö vor dem vollst├ñndigen Lauf unbedingt mit einem echten Scanner testen (siehe README, Abschnitt "Produktionspr├╝fung").
2026-09-11 15:32:24 [info] Skaliert: lagerplatz_03C15.png  2362x856 -> 977x354 px (41.4% der Originalgr├Â├ƒe)
2026-09-11 15:32:24 [warn] "lagerplatz_03C15.png" wird auf unter 50% der Originalgr├Â├ƒe verkleinert. Die Barcode-Balken werden entsprechend d├╝nner ÔÇö vor dem vollst├ñndigen Lauf unbedingt mit einem echten Scanner testen (siehe README, Abschnitt "Produktionspr├╝fung").
2026-09-11 15:32:24 [info] Skaliert: lagerplatz_03C16.png  2362x856 -> 977x354 px (41.4% der Originalgr├Â├ƒe)
2026-09-11 15:32:24 [warn] "lagerplatz_03C16.png" wird auf unter 50% der Originalgr├Â├ƒe verkleinert. Die Barcode-Balken werden entsprechend d├╝nner ÔÇö vor dem vollst├ñndigen Lauf unbedingt mit einem echten Scanner testen (siehe README, Abschnitt "Produktionspr├╝fung").
2026-09-11 15:32:24 [info] Skaliert: lagerplatz_03C17.png  2362x856 -> 977x354 px (41.4% der Originalgr├Â├ƒe)
2026-09-11 15:32:24 [warn] "lagerplatz_03C17.png" wird auf unter 50% der Originalgr├Â├ƒe verkleinert. Die Barcode-Balken werden entsprechend d├╝nner ÔÇö vor dem vollst├ñndigen Lauf unbedingt mit einem echten Scanner testen (siehe README, Abschnitt "Produktionspr├╝fung").
2026-09-11 15:32:24 [info] Skaliert: lagerplatz_03C18.png  2362x856 -> 977x354 px (41.4% der Originalgr├Â├ƒe)
2026-09-11 15:32:24 [warn] "lagerplatz_03C18.png" wird auf unter 50% der Originalgr├Â├ƒe verkleinert. Die Barcode-Balken werden entsprechend d├╝nner ÔÇö vor dem vollst├ñndigen Lauf unbedingt mit einem echten Scanner testen (siehe README, Abschnitt "Produktionspr├╝fung").
2026-09-11 15:32:24 [info] Skaliert: lagerplatz_03C19.png  2362x856 -> 977x354 px (41.4% der Originalgr├Â├ƒe)
2026-09-11 15:32:24 [warn] "lagerplatz_03C19.png" wird auf unter 50% der Originalgr├Â├ƒe verkleinert. Die Barcode-Balken werden entsprechend d├╝nner ÔÇö vor dem vollst├ñndigen Lauf unbedingt mit einem echten Scanner testen (siehe README, Abschnitt "Produktionspr├╝fung").
2026-09-11 15:32:24 [info] Skaliert: lagerplatz_03C20.png  2362x856 -> 977x354 px (41.4% der Originalgr├Â├ƒe)
2026-09-11 15:32:24 [warn] "lagerplatz_03C20.png" wird auf unter 50% der Originalgr├Â├ƒe verkleinert. Die Barcode-Balken werden entsprechend d├╝nner ÔÇö vor dem vollst├ñndigen Lauf unbedingt mit einem echten Scanner testen (siehe README, Abschnitt "Produktionspr├╝fung").
2026-09-11 15:32:24 [info] Skaliert: lagerplatz_03C21.png  2362x856 -> 977x354 px (41.4% der Originalgr├Â├ƒe)
2026-09-11 15:32:24 [warn] "lagerplatz_03C21.png" wird auf unter 50% der Originalgr├Â├ƒe verkleinert. Die Barcode-Balken werden entsprechend d├╝nner ÔÇö vor dem vollst├ñndigen Lauf unbedingt mit einem echten Scanner testen (siehe README, Abschnitt "Produktionspr├╝fung").
2026-09-11 15:32:24 [info] Skaliert: lagerplatz_03C22.png  2362x856 -> 977x354 px (41.4% der Originalgr├Â├ƒe)
2026-09-11 15:32:24 [warn] "lagerplatz_03C22.png" wird auf unter 50% der Originalgr├Â├ƒe verkleinert. Die Barcode-Balken werden entsprechend d├╝nner ÔÇö vor dem vollst├ñndigen Lauf unbedingt mit einem echten Scanner testen (siehe README, Abschnitt "Produktionspr├╝fung").
2026-09-11 15:32:24 [info] Skaliert: lagerplatz_03C23.png  2362x856 -> 977x354 px (41.4% der Originalgr├Â├ƒe)
2026-09-11 15:32:24 [warn] "lagerplatz_03C23.png" wird auf unter 50% der Originalgr├Â├ƒe verkleinert. Die Barcode-Balken werden entsprechend d├╝nner ÔÇö vor dem vollst├ñndigen Lauf unbedingt mit einem echten Scanner testen (siehe README, Abschnitt "Produktionspr├╝fung").
2026-09-11 15:32:24 [info] Skaliert: lagerplatz_03C24.png  2362x856 -> 977x354 px (41.4% der Originalgr├Â├ƒe)
2026-09-11 15:32:24 [warn] "lagerplatz_03C24.png" wird auf unter 50% der Originalgr├Â├ƒe verkleinert. Die Barcode-Balken werden entsprechend d├╝nner ÔÇö vor dem vollst├ñndigen Lauf unbedingt mit einem echten Scanner testen (siehe README, Abschnitt "Produktionspr├╝fung").
2026-09-11 15:32:24 [info] Skaliert: lagerplatz_03C25.png  2362x856 -> 977x354 px (41.4% der Originalgr├Â├ƒe)
2026-09-11 15:32:24 [warn] "lagerplatz_03C25.png" wird auf unter 50% der Originalgr├Â├ƒe verkleinert. Die Barcode-Balken werden entsprechend d├╝nner ÔÇö vor dem vollst├ñndigen Lauf unbedingt mit einem echten Scanner testen (siehe README, Abschnitt "Produktionspr├╝fung").
2026-09-11 15:32:24 [info] Skaliert: lagerplatz_03C26.png  2362x856 -> 977x354 px (41.4% der Originalgr├Â├ƒe)
2026-09-11 15:32:24 [warn] "lagerplatz_03C26.png" wird auf unter 50% der Originalgr├Â├ƒe verkleinert. Die Barcode-Balken werden entsprechend d├╝nner ÔÇö vor dem vollst├ñndigen Lauf unbedingt mit einem echten Scanner testen (siehe README, Abschnitt "Produktionspr├╝fung").
2026-09-11 15:32:24 [info] Skaliert: lagerplatz_03C27.png  2362x856 -> 977x354 px (41.4% der Originalgr├Â├ƒe)
2026-09-11 15:32:24 [warn] "lagerplatz_03C27.png" wird auf unter 50% der Originalgr├Â├ƒe verkleinert. Die Barcode-Balken werden entsprechend d├╝nner ÔÇö vor dem vollst├ñndigen Lauf unbedingt mit einem echten Scanner testen (siehe README, Abschnitt "Produktionspr├╝fung").
2026-09-11 15:32:24 [info] Skaliert: lagerplatz_03C28.png  2362x856 -> 977x354 px (41.4% der Originalgr├Â├ƒe)
2026-09-11 15:32:24 [warn] "lagerplatz_03C28.png" wird auf unter 50% der Originalgr├Â├ƒe verkleinert. Die Barcode-Balken werden entsprechend d├╝nner ÔÇö vor dem vollst├ñndigen Lauf unbedingt mit einem echten Scanner testen (siehe README, Abschnitt "Produktionspr├╝fung").
2026-09-11 15:32:24 [info] Skaliert: lagerplatz_03C29.png  2362x856 -> 977x354 px (41.4% der Originalgr├Â├ƒe)
2026-09-11 15:32:24 [warn] "lagerplatz_03C29.png" wird auf unter 50% der Originalgr├Â├ƒe verkleinert. Die Barcode-Balken werden entsprechend d├╝nner ÔÇö vor dem vollst├ñndigen Lauf unbedingt mit einem echten Scanner testen (siehe README, Abschnitt "Produktionspr├╝fung").
2026-09-11 15:32:24 [info] Skaliert: lagerplatz_03C30.png  2362x856 -> 977x354 px (41.4% der Originalgr├Â├ƒe)
2026-09-11 15:32:24 [warn] "lagerplatz_03C30.png" wird auf unter 50% der Originalgr├Â├ƒe verkleinert. Die Barcode-Balken werden entsprechend d├╝nner ÔÇö vor dem vollst├ñndigen Lauf unbedingt mit einem echten Scanner testen (siehe README, Abschnitt "Produktionspr├╝fung").
2026-09-11 15:32:24 [info] Skaliert: lagerplatz_03C31.png  2362x856 -> 977x354 px (41.4% der Originalgr├Â├ƒe)
2026-09-11 15:32:24 [warn] "lagerplatz_03C31.png" wird auf unter 50% der Originalgr├Â├ƒe verkleinert. Die Barcode-Balken werden entsprechend d├╝nner ÔÇö vor dem vollst├ñndigen Lauf unbedingt mit einem echten Scanner testen (siehe README, Abschnitt "Produktionspr├╝fung").
2026-09-11 15:32:24 [info] Skaliert: lagerplatz_03C32.png  2362x856 -> 977x354 px (41.4% der Originalgr├Â├ƒe)
2026-09-11 15:32:24 [warn] "lagerplatz_03C32.png" wird auf unter 50% der Originalgr├Â├ƒe verkleinert. Die Barcode-Balken werden entsprechend d├╝nner ÔÇö vor dem vollst├ñndigen Lauf unbedingt mit einem echten Scanner testen (siehe README, Abschnitt "Produktionspr├╝fung").
2026-09-11 15:32:25 [info] Skaliert: lagerplatz_03C33.png  2362x856 -> 977x354 px (41.4% der Originalgr├Â├ƒe)
2026-09-11 15:32:25 [warn] "lagerplatz_03C33.png" wird auf unter 50% der Originalgr├Â├ƒe verkleinert. Die Barcode-Balken werden entsprechend d├╝nner ÔÇö vor dem vollst├ñndigen Lauf unbedingt mit einem echten Scanner testen (siehe README, Abschnitt "Produktionspr├╝fung").
2026-09-11 15:32:25 [info] Fertig. 77 skaliert, 0 ├╝bersprungen, 77 mit Gr├Â├ƒenwarnung. {"gesamtDauerMs":4461}

Was moechtest du als Naechstes tun?
  (1) Skalieren     - Schilder auf eine Zielhoehe (mm) skalieren
  (2) Pruefen       - Barcode scannen und Inhalt verifizieren
  (3) Konvertieren  - Bilder normalisieren (Transparenz entfernen, sRGB, 8-Bit-PNG)
  (0) Fertig / Verlassen



**********************
PowerShell transcript end
End time: 20260911153242
**********************
