**********************
PowerShell transcript start
Start time: 20260911153955
Username: MAXHAMBI\Max Hambi
RunAs User: MAXHAMBI\Max Hambi
Configuration Name: 
Machine: MAXHAMBI (Microsoft Windows NT 10.0.26200.0)
Host Application: C:\Program Files\PowerShell\7\pwsh.dll
Process ID: 21464
PSVersion: 7.6.5
PSEdition: Core
GitCommitId: 7.6.5
OS: Microsoft Windows 10.0.26200
Platform: Win32NT
PSCompatibleVersions: 1.0, 2.0, 3.0, 4.0, 5.0, 5.1, 6.0, 7.0
PSRemotingProtocolVersion: 2.4
SerializationVersion: 1.1.0.1
WSManStackVersion: 3.0
**********************
   ______          __    ______   ____     ________  _ __        __ 
  / ____/___  ____/ /__ <  /__ \ ( __ )   / ____/ /_(_) /_____  / /_
 / /   / __ \/ __  / _ \/ /__/ // __  |  / __/ / __/ / //_/ _ \/ __/
/ /___/ /_/ / /_/ /  __/ // __// /_/ /  / /___/ /_/ / ,< /  __/ /_  
\____/\____/\__,_/\___/_//____/\____/  /_____/\__/_/_/|_|\___/\__/  
   ______  __  ___              __  __                __    _       
  / ____ \/  |/  /___ __  __   / / / /___ _____ ___  / /_  (_)      
 / / __ `/ /|_/ / __ `/ |/_/  / /_/ / __ `/ __ `__ \/ __ \/ /       
/ / /_/ / /  / / /_/ />  <   / __  / /_/ / / / / / / /_/ / /        
\ \__,_/_/  /_/\__,_/_/|_|  /_/ /_/\__,_/_/ /_/ /_/_.___/_/         
 \____/


Starte Verarbeitung ...
  Eintraege     : C:\Lager\lager-barcode-generator\mv06.txt
  Vorlage       : C:\Lager\lager-barcode-generator\Templates\MV-ABC.png
  Ausgabe       : C:\Lager\lager-barcode-generator\output
  Ueberschreiben: True

2026-09-11 15:40:27 [info] Log-Datei: C:\Lager\lager-barcode-generator\log\barcode_20260911_154027_491.log
2026-09-11 15:40:27 [info] 77 Eintraege gefunden.
2026-09-11 15:40:27 [info] Vorlage: C:\Lager\lager-barcode-generator\Templates\MV-ABC.png
2026-09-11 15:40:27 [info] Ausgabe: C:\Lager\lager-barcode-generator\output
2026-09-11 15:40:27 [info] Erstellt: lagerplatz_06A01.png {"dauerMs":150}
2026-09-11 15:40:27 [info] Erstellt: lagerplatz_06A02.png {"dauerMs":140}
2026-09-11 15:40:27 [info] Erstellt: lagerplatz_06A03.png {"dauerMs":133}
2026-09-11 15:40:28 [info] Erstellt: lagerplatz_06A04.png {"dauerMs":129}
2026-09-11 15:40:28 [info] Erstellt: lagerplatz_06A05.png {"dauerMs":129}
2026-09-11 15:40:28 [info] Erstellt: lagerplatz_06A06.png {"dauerMs":128}
2026-09-11 15:40:28 [info] Erstellt: lagerplatz_06A07.png {"dauerMs":126}
2026-09-11 15:40:28 [info] Erstellt: lagerplatz_06A08.png {"dauerMs":134}
2026-09-11 15:40:28 [info] Erstellt: lagerplatz_06A09.png {"dauerMs":139}
2026-09-11 15:40:28 [info] Erstellt: lagerplatz_06A10.png {"dauerMs":120}
2026-09-11 15:40:28 [info] Erstellt: lagerplatz_06A11.png {"dauerMs":109}
2026-09-11 15:40:29 [info] Erstellt: lagerplatz_06A12.png {"dauerMs":109}
2026-09-11 15:40:29 [info] Erstellt: lagerplatz_06A13.png {"dauerMs":112}
2026-09-11 15:40:29 [info] Erstellt: lagerplatz_06A14.png {"dauerMs":145}
2026-09-11 15:40:29 [info] Erstellt: lagerplatz_06A15.png {"dauerMs":120}
2026-09-11 15:40:29 [info] Erstellt: lagerplatz_06A16.png {"dauerMs":130}
2026-09-11 15:40:29 [info] Erstellt: lagerplatz_06A17.png {"dauerMs":109}
2026-09-11 15:40:29 [info] Erstellt: lagerplatz_06A18.png {"dauerMs":110}
2026-09-11 15:40:29 [info] Erstellt: lagerplatz_06A19.png {"dauerMs":115}
2026-09-11 15:40:30 [info] Erstellt: lagerplatz_06A20.png {"dauerMs":104}
2026-09-11 15:40:30 [info] Erstellt: lagerplatz_06A21.png {"dauerMs":109}
2026-09-11 15:40:30 [info] Erstellt: lagerplatz_06A22.png {"dauerMs":105}
2026-09-11 15:40:30 [info] Erstellt: lagerplatz_06B01.png {"dauerMs":110}
2026-09-11 15:40:30 [info] Erstellt: lagerplatz_06B02.png {"dauerMs":104}
2026-09-11 15:40:30 [info] Erstellt: lagerplatz_06B03.png {"dauerMs":104}
2026-09-11 15:40:30 [info] Erstellt: lagerplatz_06B04.png {"dauerMs":114}
2026-09-11 15:40:30 [info] Erstellt: lagerplatz_06B05.png {"dauerMs":114}
2026-09-11 15:40:30 [info] Erstellt: lagerplatz_06B06.png {"dauerMs":105}
2026-09-11 15:40:30 [info] Erstellt: lagerplatz_06B07.png {"dauerMs":104}
2026-09-11 15:40:31 [info] Erstellt: lagerplatz_06B08.png {"dauerMs":103}
2026-09-11 15:40:31 [info] Erstellt: lagerplatz_06B09.png {"dauerMs":101}
2026-09-11 15:40:31 [info] Erstellt: lagerplatz_06B10.png {"dauerMs":116}
2026-09-11 15:40:31 [info] Erstellt: lagerplatz_06B11.png {"dauerMs":98}
2026-09-11 15:40:31 [info] Erstellt: lagerplatz_06B12.png {"dauerMs":104}
2026-09-11 15:40:31 [info] Erstellt: lagerplatz_06B13.png {"dauerMs":102}
2026-09-11 15:40:31 [info] Erstellt: lagerplatz_06B14.png {"dauerMs":132}
2026-09-11 15:40:31 [info] Erstellt: lagerplatz_06B15.png {"dauerMs":193}
2026-09-11 15:40:32 [info] Erstellt: lagerplatz_06B16.png {"dauerMs":141}
2026-09-11 15:40:32 [info] Erstellt: lagerplatz_06B17.png {"dauerMs":136}
2026-09-11 15:40:32 [info] Erstellt: lagerplatz_06B18.png {"dauerMs":109}
2026-09-11 15:40:32 [info] Erstellt: lagerplatz_06B19.png {"dauerMs":110}
2026-09-11 15:40:32 [info] Erstellt: lagerplatz_06B20.png {"dauerMs":103}
2026-09-11 15:40:32 [info] Erstellt: lagerplatz_06B21.png {"dauerMs":150}
2026-09-11 15:40:32 [info] Erstellt: lagerplatz_06B22.png {"dauerMs":130}
2026-09-11 15:40:32 [info] Erstellt: lagerplatz_06C01.png {"dauerMs":116}
2026-09-11 15:40:33 [info] Erstellt: lagerplatz_06C02.png {"dauerMs":119}
2026-09-11 15:40:33 [info] Erstellt: lagerplatz_06C03.png {"dauerMs":120}
2026-09-11 15:40:33 [info] Erstellt: lagerplatz_06C04.png {"dauerMs":122}
2026-09-11 15:40:33 [info] Erstellt: lagerplatz_06C05.png {"dauerMs":103}
2026-09-11 15:40:33 [info] Erstellt: lagerplatz_06C06.png {"dauerMs":118}
2026-09-11 15:40:33 [info] Erstellt: lagerplatz_06C07.png {"dauerMs":102}
2026-09-11 15:40:33 [info] Erstellt: lagerplatz_06C08.png {"dauerMs":107}
2026-09-11 15:40:33 [info] Erstellt: lagerplatz_06C09.png {"dauerMs":104}
2026-09-11 15:40:33 [info] Erstellt: lagerplatz_06C10.png {"dauerMs":108}
2026-09-11 15:40:34 [info] Erstellt: lagerplatz_06C11.png {"dauerMs":101}
2026-09-11 15:40:34 [info] Erstellt: lagerplatz_06C12.png {"dauerMs":100}
2026-09-11 15:40:34 [info] Erstellt: lagerplatz_06C13.png {"dauerMs":105}
2026-09-11 15:40:34 [info] Erstellt: lagerplatz_06C14.png {"dauerMs":101}
2026-09-11 15:40:34 [info] Erstellt: lagerplatz_06C15.png {"dauerMs":99}
2026-09-11 15:40:34 [info] Erstellt: lagerplatz_06C16.png {"dauerMs":109}
2026-09-11 15:40:34 [info] Erstellt: lagerplatz_06C17.png {"dauerMs":112}
2026-09-11 15:40:34 [info] Erstellt: lagerplatz_06C18.png {"dauerMs":159}
2026-09-11 15:40:35 [info] Erstellt: lagerplatz_06C19.png {"dauerMs":214}
2026-09-11 15:40:35 [info] Erstellt: lagerplatz_06C20.png {"dauerMs":170}
2026-09-11 15:40:35 [info] Erstellt: lagerplatz_06C21.png {"dauerMs":114}
2026-09-11 15:40:35 [info] Erstellt: lagerplatz_06C22.png {"dauerMs":143}
2026-09-11 15:40:35 [info] Erstellt: lagerplatz_06C23.png {"dauerMs":99}
2026-09-11 15:40:35 [info] Erstellt: lagerplatz_06C24.png {"dauerMs":131}
2026-09-11 15:40:35 [info] Erstellt: lagerplatz_06C25.png {"dauerMs":131}
2026-09-11 15:40:36 [info] Erstellt: lagerplatz_06C26.png {"dauerMs":130}
2026-09-11 15:40:36 [info] Erstellt: lagerplatz_06C27.png {"dauerMs":139}
2026-09-11 15:40:36 [info] Erstellt: lagerplatz_06C28.png {"dauerMs":138}
2026-09-11 15:40:36 [info] Erstellt: lagerplatz_06C29.png {"dauerMs":109}
2026-09-11 15:40:36 [info] Erstellt: lagerplatz_06C30.png {"dauerMs":105}
2026-09-11 15:40:36 [info] Erstellt: lagerplatz_06C31.png {"dauerMs":106}
2026-09-11 15:40:36 [info] Erstellt: lagerplatz_06C32.png {"dauerMs":103}
2026-09-11 15:40:36 [info] Erstellt: lagerplatz_06C33.png {"dauerMs":103}
2026-09-11 15:40:36 [info] Fertig. 77 erstellt, 0 uebersprungen. {"gesamtDauerMs":9307}

Fertig. Protokoll gespeichert unter: C:\Lager\lager-barcode-generator\logs\lauf_20260911_153955.log

Was moechtest du als Naechstes tun?
  (1) Skalieren     - Schilder auf eine Zielhoehe (mm) skalieren
  (2) Pruefen       - Barcode scannen und Inhalt verifizieren
  (3) Konvertieren  - Bilder normalisieren (Transparenz entfernen, sRGB, 8-Bit-PNG)
  (0) Fertig / Verlassen


2026-09-11 15:40:57 [info] Log-Datei: C:\Lager\lager-barcode-generator\log\skalieren_20260911_154057_474.log
2026-09-11 15:40:57 [info] Zielh├Âhe: 30 mm @ 300 DPI = 354 px
2026-09-11 15:40:57 [info] 77 Datei(en) werden verarbeitet.
2026-09-11 15:40:57 [info] Skaliert: lagerplatz_06A01.png  2362x856 -> 977x354 px (41.4% der Originalgr├Â├ƒe)
2026-09-11 15:40:57 [warn] "lagerplatz_06A01.png" wird auf unter 50% der Originalgr├Â├ƒe verkleinert. Die Barcode-Balken werden entsprechend d├╝nner ÔÇö vor dem vollst├ñndigen Lauf unbedingt mit einem echten Scanner testen (siehe README, Abschnitt "Produktionspr├╝fung").
2026-09-11 15:40:57 [info] Skaliert: lagerplatz_06A02.png  2362x856 -> 977x354 px (41.4% der Originalgr├Â├ƒe)
2026-09-11 15:40:57 [warn] "lagerplatz_06A02.png" wird auf unter 50% der Originalgr├Â├ƒe verkleinert. Die Barcode-Balken werden entsprechend d├╝nner ÔÇö vor dem vollst├ñndigen Lauf unbedingt mit einem echten Scanner testen (siehe README, Abschnitt "Produktionspr├╝fung").
2026-09-11 15:40:57 [info] Skaliert: lagerplatz_06A03.png  2362x856 -> 977x354 px (41.4% der Originalgr├Â├ƒe)
2026-09-11 15:40:57 [warn] "lagerplatz_06A03.png" wird auf unter 50% der Originalgr├Â├ƒe verkleinert. Die Barcode-Balken werden entsprechend d├╝nner ÔÇö vor dem vollst├ñndigen Lauf unbedingt mit einem echten Scanner testen (siehe README, Abschnitt "Produktionspr├╝fung").
2026-09-11 15:40:57 [info] Skaliert: lagerplatz_06A04.png  2362x856 -> 977x354 px (41.4% der Originalgr├Â├ƒe)
2026-09-11 15:40:57 [warn] "lagerplatz_06A04.png" wird auf unter 50% der Originalgr├Â├ƒe verkleinert. Die Barcode-Balken werden entsprechend d├╝nner ÔÇö vor dem vollst├ñndigen Lauf unbedingt mit einem echten Scanner testen (siehe README, Abschnitt "Produktionspr├╝fung").
2026-09-11 15:40:57 [info] Skaliert: lagerplatz_06A05.png  2362x856 -> 977x354 px (41.4% der Originalgr├Â├ƒe)
2026-09-11 15:40:57 [warn] "lagerplatz_06A05.png" wird auf unter 50% der Originalgr├Â├ƒe verkleinert. Die Barcode-Balken werden entsprechend d├╝nner ÔÇö vor dem vollst├ñndigen Lauf unbedingt mit einem echten Scanner testen (siehe README, Abschnitt "Produktionspr├╝fung").
2026-09-11 15:40:57 [info] Skaliert: lagerplatz_06A06.png  2362x856 -> 977x354 px (41.4% der Originalgr├Â├ƒe)
2026-09-11 15:40:57 [warn] "lagerplatz_06A06.png" wird auf unter 50% der Originalgr├Â├ƒe verkleinert. Die Barcode-Balken werden entsprechend d├╝nner ÔÇö vor dem vollst├ñndigen Lauf unbedingt mit einem echten Scanner testen (siehe README, Abschnitt "Produktionspr├╝fung").
2026-09-11 15:40:57 [info] Skaliert: lagerplatz_06A07.png  2362x856 -> 977x354 px (41.4% der Originalgr├Â├ƒe)
2026-09-11 15:40:57 [warn] "lagerplatz_06A07.png" wird auf unter 50% der Originalgr├Â├ƒe verkleinert. Die Barcode-Balken werden entsprechend d├╝nner ÔÇö vor dem vollst├ñndigen Lauf unbedingt mit einem echten Scanner testen (siehe README, Abschnitt "Produktionspr├╝fung").
2026-09-11 15:40:58 [info] Skaliert: lagerplatz_06A08.png  2362x856 -> 977x354 px (41.4% der Originalgr├Â├ƒe)
2026-09-11 15:40:58 [warn] "lagerplatz_06A08.png" wird auf unter 50% der Originalgr├Â├ƒe verkleinert. Die Barcode-Balken werden entsprechend d├╝nner ÔÇö vor dem vollst├ñndigen Lauf unbedingt mit einem echten Scanner testen (siehe README, Abschnitt "Produktionspr├╝fung").
2026-09-11 15:40:58 [info] Skaliert: lagerplatz_06A09.png  2362x856 -> 977x354 px (41.4% der Originalgr├Â├ƒe)
2026-09-11 15:40:58 [warn] "lagerplatz_06A09.png" wird auf unter 50% der Originalgr├Â├ƒe verkleinert. Die Barcode-Balken werden entsprechend d├╝nner ÔÇö vor dem vollst├ñndigen Lauf unbedingt mit einem echten Scanner testen (siehe README, Abschnitt "Produktionspr├╝fung").
2026-09-11 15:40:58 [info] Skaliert: lagerplatz_06A10.png  2362x856 -> 977x354 px (41.4% der Originalgr├Â├ƒe)
2026-09-11 15:40:58 [warn] "lagerplatz_06A10.png" wird auf unter 50% der Originalgr├Â├ƒe verkleinert. Die Barcode-Balken werden entsprechend d├╝nner ÔÇö vor dem vollst├ñndigen Lauf unbedingt mit einem echten Scanner testen (siehe README, Abschnitt "Produktionspr├╝fung").
2026-09-11 15:40:58 [info] Skaliert: lagerplatz_06A11.png  2362x856 -> 977x354 px (41.4% der Originalgr├Â├ƒe)
2026-09-11 15:40:58 [warn] "lagerplatz_06A11.png" wird auf unter 50% der Originalgr├Â├ƒe verkleinert. Die Barcode-Balken werden entsprechend d├╝nner ÔÇö vor dem vollst├ñndigen Lauf unbedingt mit einem echten Scanner testen (siehe README, Abschnitt "Produktionspr├╝fung").
2026-09-11 15:40:58 [info] Skaliert: lagerplatz_06A12.png  2362x856 -> 977x354 px (41.4% der Originalgr├Â├ƒe)
2026-09-11 15:40:58 [warn] "lagerplatz_06A12.png" wird auf unter 50% der Originalgr├Â├ƒe verkleinert. Die Barcode-Balken werden entsprechend d├╝nner ÔÇö vor dem vollst├ñndigen Lauf unbedingt mit einem echten Scanner testen (siehe README, Abschnitt "Produktionspr├╝fung").
2026-09-11 15:40:58 [info] Skaliert: lagerplatz_06A13.png  2362x856 -> 977x354 px (41.4% der Originalgr├Â├ƒe)
2026-09-11 15:40:58 [warn] "lagerplatz_06A13.png" wird auf unter 50% der Originalgr├Â├ƒe verkleinert. Die Barcode-Balken werden entsprechend d├╝nner ÔÇö vor dem vollst├ñndigen Lauf unbedingt mit einem echten Scanner testen (siehe README, Abschnitt "Produktionspr├╝fung").
2026-09-11 15:40:58 [info] Skaliert: lagerplatz_06A14.png  2362x856 -> 977x354 px (41.4% der Originalgr├Â├ƒe)
2026-09-11 15:40:58 [warn] "lagerplatz_06A14.png" wird auf unter 50% der Originalgr├Â├ƒe verkleinert. Die Barcode-Balken werden entsprechend d├╝nner ÔÇö vor dem vollst├ñndigen Lauf unbedingt mit einem echten Scanner testen (siehe README, Abschnitt "Produktionspr├╝fung").
2026-09-11 15:40:58 [info] Skaliert: lagerplatz_06A15.png  2362x856 -> 977x354 px (41.4% der Originalgr├Â├ƒe)
2026-09-11 15:40:58 [warn] "lagerplatz_06A15.png" wird auf unter 50% der Originalgr├Â├ƒe verkleinert. Die Barcode-Balken werden entsprechend d├╝nner ÔÇö vor dem vollst├ñndigen Lauf unbedingt mit einem echten Scanner testen (siehe README, Abschnitt "Produktionspr├╝fung").
2026-09-11 15:40:58 [info] Skaliert: lagerplatz_06A16.png  2362x856 -> 977x354 px (41.4% der Originalgr├Â├ƒe)
2026-09-11 15:40:58 [warn] "lagerplatz_06A16.png" wird auf unter 50% der Originalgr├Â├ƒe verkleinert. Die Barcode-Balken werden entsprechend d├╝nner ÔÇö vor dem vollst├ñndigen Lauf unbedingt mit einem echten Scanner testen (siehe README, Abschnitt "Produktionspr├╝fung").
2026-09-11 15:40:58 [info] Skaliert: lagerplatz_06A17.png  2362x856 -> 977x354 px (41.4% der Originalgr├Â├ƒe)
2026-09-11 15:40:58 [warn] "lagerplatz_06A17.png" wird auf unter 50% der Originalgr├Â├ƒe verkleinert. Die Barcode-Balken werden entsprechend d├╝nner ÔÇö vor dem vollst├ñndigen Lauf unbedingt mit einem echten Scanner testen (siehe README, Abschnitt "Produktionspr├╝fung").
2026-09-11 15:40:58 [info] Skaliert: lagerplatz_06A18.png  2362x856 -> 977x354 px (41.4% der Originalgr├Â├ƒe)
2026-09-11 15:40:58 [warn] "lagerplatz_06A18.png" wird auf unter 50% der Originalgr├Â├ƒe verkleinert. Die Barcode-Balken werden entsprechend d├╝nner ÔÇö vor dem vollst├ñndigen Lauf unbedingt mit einem echten Scanner testen (siehe README, Abschnitt "Produktionspr├╝fung").
2026-09-11 15:40:58 [info] Skaliert: lagerplatz_06A19.png  2362x856 -> 977x354 px (41.4% der Originalgr├Â├ƒe)
2026-09-11 15:40:58 [warn] "lagerplatz_06A19.png" wird auf unter 50% der Originalgr├Â├ƒe verkleinert. Die Barcode-Balken werden entsprechend d├╝nner ÔÇö vor dem vollst├ñndigen Lauf unbedingt mit einem echten Scanner testen (siehe README, Abschnitt "Produktionspr├╝fung").
2026-09-11 15:40:58 [info] Skaliert: lagerplatz_06A20.png  2362x856 -> 977x354 px (41.4% der Originalgr├Â├ƒe)
2026-09-11 15:40:58 [warn] "lagerplatz_06A20.png" wird auf unter 50% der Originalgr├Â├ƒe verkleinert. Die Barcode-Balken werden entsprechend d├╝nner ÔÇö vor dem vollst├ñndigen Lauf unbedingt mit einem echten Scanner testen (siehe README, Abschnitt "Produktionspr├╝fung").
2026-09-11 15:40:58 [info] Skaliert: lagerplatz_06A21.png  2362x856 -> 977x354 px (41.4% der Originalgr├Â├ƒe)
2026-09-11 15:40:58 [warn] "lagerplatz_06A21.png" wird auf unter 50% der Originalgr├Â├ƒe verkleinert. Die Barcode-Balken werden entsprechend d├╝nner ÔÇö vor dem vollst├ñndigen Lauf unbedingt mit einem echten Scanner testen (siehe README, Abschnitt "Produktionspr├╝fung").
2026-09-11 15:40:58 [info] Skaliert: lagerplatz_06A22.png  2362x856 -> 977x354 px (41.4% der Originalgr├Â├ƒe)
2026-09-11 15:40:58 [warn] "lagerplatz_06A22.png" wird auf unter 50% der Originalgr├Â├ƒe verkleinert. Die Barcode-Balken werden entsprechend d├╝nner ÔÇö vor dem vollst├ñndigen Lauf unbedingt mit einem echten Scanner testen (siehe README, Abschnitt "Produktionspr├╝fung").
2026-09-11 15:40:58 [info] Skaliert: lagerplatz_06B01.png  2362x856 -> 977x354 px (41.4% der Originalgr├Â├ƒe)
2026-09-11 15:40:58 [warn] "lagerplatz_06B01.png" wird auf unter 50% der Originalgr├Â├ƒe verkleinert. Die Barcode-Balken werden entsprechend d├╝nner ÔÇö vor dem vollst├ñndigen Lauf unbedingt mit einem echten Scanner testen (siehe README, Abschnitt "Produktionspr├╝fung").
2026-09-11 15:40:59 [info] Skaliert: lagerplatz_06B02.png  2362x856 -> 977x354 px (41.4% der Originalgr├Â├ƒe)
2026-09-11 15:40:59 [warn] "lagerplatz_06B02.png" wird auf unter 50% der Originalgr├Â├ƒe verkleinert. Die Barcode-Balken werden entsprechend d├╝nner ÔÇö vor dem vollst├ñndigen Lauf unbedingt mit einem echten Scanner testen (siehe README, Abschnitt "Produktionspr├╝fung").
2026-09-11 15:40:59 [info] Skaliert: lagerplatz_06B03.png  2362x856 -> 977x354 px (41.4% der Originalgr├Â├ƒe)
2026-09-11 15:40:59 [warn] "lagerplatz_06B03.png" wird auf unter 50% der Originalgr├Â├ƒe verkleinert. Die Barcode-Balken werden entsprechend d├╝nner ÔÇö vor dem vollst├ñndigen Lauf unbedingt mit einem echten Scanner testen (siehe README, Abschnitt "Produktionspr├╝fung").
2026-09-11 15:40:59 [info] Skaliert: lagerplatz_06B04.png  2362x856 -> 977x354 px (41.4% der Originalgr├Â├ƒe)
2026-09-11 15:40:59 [warn] "lagerplatz_06B04.png" wird auf unter 50% der Originalgr├Â├ƒe verkleinert. Die Barcode-Balken werden entsprechend d├╝nner ÔÇö vor dem vollst├ñndigen Lauf unbedingt mit einem echten Scanner testen (siehe README, Abschnitt "Produktionspr├╝fung").
2026-09-11 15:40:59 [info] Skaliert: lagerplatz_06B05.png  2362x856 -> 977x354 px (41.4% der Originalgr├Â├ƒe)
2026-09-11 15:40:59 [warn] "lagerplatz_06B05.png" wird auf unter 50% der Originalgr├Â├ƒe verkleinert. Die Barcode-Balken werden entsprechend d├╝nner ÔÇö vor dem vollst├ñndigen Lauf unbedingt mit einem echten Scanner testen (siehe README, Abschnitt "Produktionspr├╝fung").
2026-09-11 15:40:59 [info] Skaliert: lagerplatz_06B06.png  2362x856 -> 977x354 px (41.4% der Originalgr├Â├ƒe)
2026-09-11 15:40:59 [warn] "lagerplatz_06B06.png" wird auf unter 50% der Originalgr├Â├ƒe verkleinert. Die Barcode-Balken werden entsprechend d├╝nner ÔÇö vor dem vollst├ñndigen Lauf unbedingt mit einem echten Scanner testen (siehe README, Abschnitt "Produktionspr├╝fung").
2026-09-11 15:40:59 [info] Skaliert: lagerplatz_06B07.png  2362x856 -> 977x354 px (41.4% der Originalgr├Â├ƒe)
2026-09-11 15:40:59 [warn] "lagerplatz_06B07.png" wird auf unter 50% der Originalgr├Â├ƒe verkleinert. Die Barcode-Balken werden entsprechend d├╝nner ÔÇö vor dem vollst├ñndigen Lauf unbedingt mit einem echten Scanner testen (siehe README, Abschnitt "Produktionspr├╝fung").
2026-09-11 15:40:59 [info] Skaliert: lagerplatz_06B08.png  2362x856 -> 977x354 px (41.4% der Originalgr├Â├ƒe)
2026-09-11 15:40:59 [warn] "lagerplatz_06B08.png" wird auf unter 50% der Originalgr├Â├ƒe verkleinert. Die Barcode-Balken werden entsprechend d├╝nner ÔÇö vor dem vollst├ñndigen Lauf unbedingt mit einem echten Scanner testen (siehe README, Abschnitt "Produktionspr├╝fung").
2026-09-11 15:40:59 [info] Skaliert: lagerplatz_06B09.png  2362x856 -> 977x354 px (41.4% der Originalgr├Â├ƒe)
2026-09-11 15:40:59 [warn] "lagerplatz_06B09.png" wird auf unter 50% der Originalgr├Â├ƒe verkleinert. Die Barcode-Balken werden entsprechend d├╝nner ÔÇö vor dem vollst├ñndigen Lauf unbedingt mit einem echten Scanner testen (siehe README, Abschnitt "Produktionspr├╝fung").
2026-09-11 15:40:59 [info] Skaliert: lagerplatz_06B10.png  2362x856 -> 977x354 px (41.4% der Originalgr├Â├ƒe)
2026-09-11 15:40:59 [warn] "lagerplatz_06B10.png" wird auf unter 50% der Originalgr├Â├ƒe verkleinert. Die Barcode-Balken werden entsprechend d├╝nner ÔÇö vor dem vollst├ñndigen Lauf unbedingt mit einem echten Scanner testen (siehe README, Abschnitt "Produktionspr├╝fung").
2026-09-11 15:40:59 [info] Skaliert: lagerplatz_06B11.png  2362x856 -> 977x354 px (41.4% der Originalgr├Â├ƒe)
2026-09-11 15:40:59 [warn] "lagerplatz_06B11.png" wird auf unter 50% der Originalgr├Â├ƒe verkleinert. Die Barcode-Balken werden entsprechend d├╝nner ÔÇö vor dem vollst├ñndigen Lauf unbedingt mit einem echten Scanner testen (siehe README, Abschnitt "Produktionspr├╝fung").
2026-09-11 15:40:59 [info] Skaliert: lagerplatz_06B12.png  2362x856 -> 977x354 px (41.4% der Originalgr├Â├ƒe)
2026-09-11 15:40:59 [warn] "lagerplatz_06B12.png" wird auf unter 50% der Originalgr├Â├ƒe verkleinert. Die Barcode-Balken werden entsprechend d├╝nner ÔÇö vor dem vollst├ñndigen Lauf unbedingt mit einem echten Scanner testen (siehe README, Abschnitt "Produktionspr├╝fung").
2026-09-11 15:40:59 [info] Skaliert: lagerplatz_06B13.png  2362x856 -> 977x354 px (41.4% der Originalgr├Â├ƒe)
2026-09-11 15:40:59 [warn] "lagerplatz_06B13.png" wird auf unter 50% der Originalgr├Â├ƒe verkleinert. Die Barcode-Balken werden entsprechend d├╝nner ÔÇö vor dem vollst├ñndigen Lauf unbedingt mit einem echten Scanner testen (siehe README, Abschnitt "Produktionspr├╝fung").
2026-09-11 15:40:59 [info] Skaliert: lagerplatz_06B14.png  2362x856 -> 977x354 px (41.4% der Originalgr├Â├ƒe)
2026-09-11 15:40:59 [warn] "lagerplatz_06B14.png" wird auf unter 50% der Originalgr├Â├ƒe verkleinert. Die Barcode-Balken werden entsprechend d├╝nner ÔÇö vor dem vollst├ñndigen Lauf unbedingt mit einem echten Scanner testen (siehe README, Abschnitt "Produktionspr├╝fung").
2026-09-11 15:40:59 [info] Skaliert: lagerplatz_06B15.png  2362x856 -> 977x354 px (41.4% der Originalgr├Â├ƒe)
2026-09-11 15:40:59 [warn] "lagerplatz_06B15.png" wird auf unter 50% der Originalgr├Â├ƒe verkleinert. Die Barcode-Balken werden entsprechend d├╝nner ÔÇö vor dem vollst├ñndigen Lauf unbedingt mit einem echten Scanner testen (siehe README, Abschnitt "Produktionspr├╝fung").
2026-09-11 15:40:59 [info] Skaliert: lagerplatz_06B16.png  2362x856 -> 977x354 px (41.4% der Originalgr├Â├ƒe)
2026-09-11 15:40:59 [warn] "lagerplatz_06B16.png" wird auf unter 50% der Originalgr├Â├ƒe verkleinert. Die Barcode-Balken werden entsprechend d├╝nner ÔÇö vor dem vollst├ñndigen Lauf unbedingt mit einem echten Scanner testen (siehe README, Abschnitt "Produktionspr├╝fung").
2026-09-11 15:40:59 [info] Skaliert: lagerplatz_06B17.png  2362x856 -> 977x354 px (41.4% der Originalgr├Â├ƒe)
2026-09-11 15:40:59 [warn] "lagerplatz_06B17.png" wird auf unter 50% der Originalgr├Â├ƒe verkleinert. Die Barcode-Balken werden entsprechend d├╝nner ÔÇö vor dem vollst├ñndigen Lauf unbedingt mit einem echten Scanner testen (siehe README, Abschnitt "Produktionspr├╝fung").
2026-09-11 15:40:59 [info] Skaliert: lagerplatz_06B18.png  2362x856 -> 977x354 px (41.4% der Originalgr├Â├ƒe)
2026-09-11 15:40:59 [warn] "lagerplatz_06B18.png" wird auf unter 50% der Originalgr├Â├ƒe verkleinert. Die Barcode-Balken werden entsprechend d├╝nner ÔÇö vor dem vollst├ñndigen Lauf unbedingt mit einem echten Scanner testen (siehe README, Abschnitt "Produktionspr├╝fung").
2026-09-11 15:40:59 [info] Skaliert: lagerplatz_06B19.png  2362x856 -> 977x354 px (41.4% der Originalgr├Â├ƒe)
2026-09-11 15:41:00 [warn] "lagerplatz_06B19.png" wird auf unter 50% der Originalgr├Â├ƒe verkleinert. Die Barcode-Balken werden entsprechend d├╝nner ÔÇö vor dem vollst├ñndigen Lauf unbedingt mit einem echten Scanner testen (siehe README, Abschnitt "Produktionspr├╝fung").
2026-09-11 15:41:00 [info] Skaliert: lagerplatz_06B20.png  2362x856 -> 977x354 px (41.4% der Originalgr├Â├ƒe)
2026-09-11 15:41:00 [warn] "lagerplatz_06B20.png" wird auf unter 50% der Originalgr├Â├ƒe verkleinert. Die Barcode-Balken werden entsprechend d├╝nner ÔÇö vor dem vollst├ñndigen Lauf unbedingt mit einem echten Scanner testen (siehe README, Abschnitt "Produktionspr├╝fung").
2026-09-11 15:41:00 [info] Skaliert: lagerplatz_06B21.png  2362x856 -> 977x354 px (41.4% der Originalgr├Â├ƒe)
2026-09-11 15:41:00 [warn] "lagerplatz_06B21.png" wird auf unter 50% der Originalgr├Â├ƒe verkleinert. Die Barcode-Balken werden entsprechend d├╝nner ÔÇö vor dem vollst├ñndigen Lauf unbedingt mit einem echten Scanner testen (siehe README, Abschnitt "Produktionspr├╝fung").
2026-09-11 15:41:00 [info] Skaliert: lagerplatz_06B22.png  2362x856 -> 977x354 px (41.4% der Originalgr├Â├ƒe)
2026-09-11 15:41:00 [warn] "lagerplatz_06B22.png" wird auf unter 50% der Originalgr├Â├ƒe verkleinert. Die Barcode-Balken werden entsprechend d├╝nner ÔÇö vor dem vollst├ñndigen Lauf unbedingt mit einem echten Scanner testen (siehe README, Abschnitt "Produktionspr├╝fung").
2026-09-11 15:41:00 [info] Skaliert: lagerplatz_06C01.png  2362x856 -> 977x354 px (41.4% der Originalgr├Â├ƒe)
2026-09-11 15:41:00 [warn] "lagerplatz_06C01.png" wird auf unter 50% der Originalgr├Â├ƒe verkleinert. Die Barcode-Balken werden entsprechend d├╝nner ÔÇö vor dem vollst├ñndigen Lauf unbedingt mit einem echten Scanner testen (siehe README, Abschnitt "Produktionspr├╝fung").
2026-09-11 15:41:00 [info] Skaliert: lagerplatz_06C02.png  2362x856 -> 977x354 px (41.4% der Originalgr├Â├ƒe)
2026-09-11 15:41:00 [warn] "lagerplatz_06C02.png" wird auf unter 50% der Originalgr├Â├ƒe verkleinert. Die Barcode-Balken werden entsprechend d├╝nner ÔÇö vor dem vollst├ñndigen Lauf unbedingt mit einem echten Scanner testen (siehe README, Abschnitt "Produktionspr├╝fung").
2026-09-11 15:41:00 [info] Skaliert: lagerplatz_06C03.png  2362x856 -> 977x354 px (41.4% der Originalgr├Â├ƒe)
2026-09-11 15:41:00 [warn] "lagerplatz_06C03.png" wird auf unter 50% der Originalgr├Â├ƒe verkleinert. Die Barcode-Balken werden entsprechend d├╝nner ÔÇö vor dem vollst├ñndigen Lauf unbedingt mit einem echten Scanner testen (siehe README, Abschnitt "Produktionspr├╝fung").
2026-09-11 15:41:00 [info] Skaliert: lagerplatz_06C04.png  2362x856 -> 977x354 px (41.4% der Originalgr├Â├ƒe)
2026-09-11 15:41:00 [warn] "lagerplatz_06C04.png" wird auf unter 50% der Originalgr├Â├ƒe verkleinert. Die Barcode-Balken werden entsprechend d├╝nner ÔÇö vor dem vollst├ñndigen Lauf unbedingt mit einem echten Scanner testen (siehe README, Abschnitt "Produktionspr├╝fung").
2026-09-11 15:41:00 [info] Skaliert: lagerplatz_06C05.png  2362x856 -> 977x354 px (41.4% der Originalgr├Â├ƒe)
2026-09-11 15:41:00 [warn] "lagerplatz_06C05.png" wird auf unter 50% der Originalgr├Â├ƒe verkleinert. Die Barcode-Balken werden entsprechend d├╝nner ÔÇö vor dem vollst├ñndigen Lauf unbedingt mit einem echten Scanner testen (siehe README, Abschnitt "Produktionspr├╝fung").
2026-09-11 15:41:00 [info] Skaliert: lagerplatz_06C06.png  2362x856 -> 977x354 px (41.4% der Originalgr├Â├ƒe)
2026-09-11 15:41:00 [warn] "lagerplatz_06C06.png" wird auf unter 50% der Originalgr├Â├ƒe verkleinert. Die Barcode-Balken werden entsprechend d├╝nner ÔÇö vor dem vollst├ñndigen Lauf unbedingt mit einem echten Scanner testen (siehe README, Abschnitt "Produktionspr├╝fung").
2026-09-11 15:41:00 [info] Skaliert: lagerplatz_06C07.png  2362x856 -> 977x354 px (41.4% der Originalgr├Â├ƒe)
2026-09-11 15:41:00 [warn] "lagerplatz_06C07.png" wird auf unter 50% der Originalgr├Â├ƒe verkleinert. Die Barcode-Balken werden entsprechend d├╝nner ÔÇö vor dem vollst├ñndigen Lauf unbedingt mit einem echten Scanner testen (siehe README, Abschnitt "Produktionspr├╝fung").
2026-09-11 15:41:00 [info] Skaliert: lagerplatz_06C08.png  2362x856 -> 977x354 px (41.4% der Originalgr├Â├ƒe)
2026-09-11 15:41:00 [warn] "lagerplatz_06C08.png" wird auf unter 50% der Originalgr├Â├ƒe verkleinert. Die Barcode-Balken werden entsprechend d├╝nner ÔÇö vor dem vollst├ñndigen Lauf unbedingt mit einem echten Scanner testen (siehe README, Abschnitt "Produktionspr├╝fung").
2026-09-11 15:41:00 [info] Skaliert: lagerplatz_06C09.png  2362x856 -> 977x354 px (41.4% der Originalgr├Â├ƒe)
2026-09-11 15:41:00 [warn] "lagerplatz_06C09.png" wird auf unter 50% der Originalgr├Â├ƒe verkleinert. Die Barcode-Balken werden entsprechend d├╝nner ÔÇö vor dem vollst├ñndigen Lauf unbedingt mit einem echten Scanner testen (siehe README, Abschnitt "Produktionspr├╝fung").
2026-09-11 15:41:00 [info] Skaliert: lagerplatz_06C10.png  2362x856 -> 977x354 px (41.4% der Originalgr├Â├ƒe)
2026-09-11 15:41:00 [warn] "lagerplatz_06C10.png" wird auf unter 50% der Originalgr├Â├ƒe verkleinert. Die Barcode-Balken werden entsprechend d├╝nner ÔÇö vor dem vollst├ñndigen Lauf unbedingt mit einem echten Scanner testen (siehe README, Abschnitt "Produktionspr├╝fung").
2026-09-11 15:41:00 [info] Skaliert: lagerplatz_06C11.png  2362x856 -> 977x354 px (41.4% der Originalgr├Â├ƒe)
2026-09-11 15:41:00 [warn] "lagerplatz_06C11.png" wird auf unter 50% der Originalgr├Â├ƒe verkleinert. Die Barcode-Balken werden entsprechend d├╝nner ÔÇö vor dem vollst├ñndigen Lauf unbedingt mit einem echten Scanner testen (siehe README, Abschnitt "Produktionspr├╝fung").
2026-09-11 15:41:00 [info] Skaliert: lagerplatz_06C12.png  2362x856 -> 977x354 px (41.4% der Originalgr├Â├ƒe)
2026-09-11 15:41:00 [warn] "lagerplatz_06C12.png" wird auf unter 50% der Originalgr├Â├ƒe verkleinert. Die Barcode-Balken werden entsprechend d├╝nner ÔÇö vor dem vollst├ñndigen Lauf unbedingt mit einem echten Scanner testen (siehe README, Abschnitt "Produktionspr├╝fung").
2026-09-11 15:41:00 [info] Skaliert: lagerplatz_06C13.png  2362x856 -> 977x354 px (41.4% der Originalgr├Â├ƒe)
2026-09-11 15:41:00 [warn] "lagerplatz_06C13.png" wird auf unter 50% der Originalgr├Â├ƒe verkleinert. Die Barcode-Balken werden entsprechend d├╝nner ÔÇö vor dem vollst├ñndigen Lauf unbedingt mit einem echten Scanner testen (siehe README, Abschnitt "Produktionspr├╝fung").
2026-09-11 15:41:00 [info] Skaliert: lagerplatz_06C14.png  2362x856 -> 977x354 px (41.4% der Originalgr├Â├ƒe)
2026-09-11 15:41:00 [warn] "lagerplatz_06C14.png" wird auf unter 50% der Originalgr├Â├ƒe verkleinert. Die Barcode-Balken werden entsprechend d├╝nner ÔÇö vor dem vollst├ñndigen Lauf unbedingt mit einem echten Scanner testen (siehe README, Abschnitt "Produktionspr├╝fung").
2026-09-11 15:41:00 [info] Skaliert: lagerplatz_06C15.png  2362x856 -> 977x354 px (41.4% der Originalgr├Â├ƒe)
2026-09-11 15:41:00 [warn] "lagerplatz_06C15.png" wird auf unter 50% der Originalgr├Â├ƒe verkleinert. Die Barcode-Balken werden entsprechend d├╝nner ÔÇö vor dem vollst├ñndigen Lauf unbedingt mit einem echten Scanner testen (siehe README, Abschnitt "Produktionspr├╝fung").
2026-09-11 15:41:00 [info] Skaliert: lagerplatz_06C16.png  2362x856 -> 977x354 px (41.4% der Originalgr├Â├ƒe)
2026-09-11 15:41:00 [warn] "lagerplatz_06C16.png" wird auf unter 50% der Originalgr├Â├ƒe verkleinert. Die Barcode-Balken werden entsprechend d├╝nner ÔÇö vor dem vollst├ñndigen Lauf unbedingt mit einem echten Scanner testen (siehe README, Abschnitt "Produktionspr├╝fung").
2026-09-11 15:41:01 [info] Skaliert: lagerplatz_06C17.png  2362x856 -> 977x354 px (41.4% der Originalgr├Â├ƒe)
2026-09-11 15:41:01 [warn] "lagerplatz_06C17.png" wird auf unter 50% der Originalgr├Â├ƒe verkleinert. Die Barcode-Balken werden entsprechend d├╝nner ÔÇö vor dem vollst├ñndigen Lauf unbedingt mit einem echten Scanner testen (siehe README, Abschnitt "Produktionspr├╝fung").
2026-09-11 15:41:01 [info] Skaliert: lagerplatz_06C18.png  2362x856 -> 977x354 px (41.4% der Originalgr├Â├ƒe)
2026-09-11 15:41:01 [warn] "lagerplatz_06C18.png" wird auf unter 50% der Originalgr├Â├ƒe verkleinert. Die Barcode-Balken werden entsprechend d├╝nner ÔÇö vor dem vollst├ñndigen Lauf unbedingt mit einem echten Scanner testen (siehe README, Abschnitt "Produktionspr├╝fung").
2026-09-11 15:41:01 [info] Skaliert: lagerplatz_06C19.png  2362x856 -> 977x354 px (41.4% der Originalgr├Â├ƒe)
2026-09-11 15:41:01 [warn] "lagerplatz_06C19.png" wird auf unter 50% der Originalgr├Â├ƒe verkleinert. Die Barcode-Balken werden entsprechend d├╝nner ÔÇö vor dem vollst├ñndigen Lauf unbedingt mit einem echten Scanner testen (siehe README, Abschnitt "Produktionspr├╝fung").
2026-09-11 15:41:01 [info] Skaliert: lagerplatz_06C20.png  2362x856 -> 977x354 px (41.4% der Originalgr├Â├ƒe)
2026-09-11 15:41:01 [warn] "lagerplatz_06C20.png" wird auf unter 50% der Originalgr├Â├ƒe verkleinert. Die Barcode-Balken werden entsprechend d├╝nner ÔÇö vor dem vollst├ñndigen Lauf unbedingt mit einem echten Scanner testen (siehe README, Abschnitt "Produktionspr├╝fung").
2026-09-11 15:41:01 [info] Skaliert: lagerplatz_06C21.png  2362x856 -> 977x354 px (41.4% der Originalgr├Â├ƒe)
2026-09-11 15:41:01 [warn] "lagerplatz_06C21.png" wird auf unter 50% der Originalgr├Â├ƒe verkleinert. Die Barcode-Balken werden entsprechend d├╝nner ÔÇö vor dem vollst├ñndigen Lauf unbedingt mit einem echten Scanner testen (siehe README, Abschnitt "Produktionspr├╝fung").
2026-09-11 15:41:01 [info] Skaliert: lagerplatz_06C22.png  2362x856 -> 977x354 px (41.4% der Originalgr├Â├ƒe)
2026-09-11 15:41:01 [warn] "lagerplatz_06C22.png" wird auf unter 50% der Originalgr├Â├ƒe verkleinert. Die Barcode-Balken werden entsprechend d├╝nner ÔÇö vor dem vollst├ñndigen Lauf unbedingt mit einem echten Scanner testen (siehe README, Abschnitt "Produktionspr├╝fung").
2026-09-11 15:41:01 [info] Skaliert: lagerplatz_06C23.png  2362x856 -> 977x354 px (41.4% der Originalgr├Â├ƒe)
2026-09-11 15:41:01 [warn] "lagerplatz_06C23.png" wird auf unter 50% der Originalgr├Â├ƒe verkleinert. Die Barcode-Balken werden entsprechend d├╝nner ÔÇö vor dem vollst├ñndigen Lauf unbedingt mit einem echten Scanner testen (siehe README, Abschnitt "Produktionspr├╝fung").
2026-09-11 15:41:01 [info] Skaliert: lagerplatz_06C24.png  2362x856 -> 977x354 px (41.4% der Originalgr├Â├ƒe)
2026-09-11 15:41:01 [warn] "lagerplatz_06C24.png" wird auf unter 50% der Originalgr├Â├ƒe verkleinert. Die Barcode-Balken werden entsprechend d├╝nner ÔÇö vor dem vollst├ñndigen Lauf unbedingt mit einem echten Scanner testen (siehe README, Abschnitt "Produktionspr├╝fung").
2026-09-11 15:41:01 [info] Skaliert: lagerplatz_06C25.png  2362x856 -> 977x354 px (41.4% der Originalgr├Â├ƒe)
2026-09-11 15:41:01 [warn] "lagerplatz_06C25.png" wird auf unter 50% der Originalgr├Â├ƒe verkleinert. Die Barcode-Balken werden entsprechend d├╝nner ÔÇö vor dem vollst├ñndigen Lauf unbedingt mit einem echten Scanner testen (siehe README, Abschnitt "Produktionspr├╝fung").
2026-09-11 15:41:01 [info] Skaliert: lagerplatz_06C26.png  2362x856 -> 977x354 px (41.4% der Originalgr├Â├ƒe)
2026-09-11 15:41:01 [warn] "lagerplatz_06C26.png" wird auf unter 50% der Originalgr├Â├ƒe verkleinert. Die Barcode-Balken werden entsprechend d├╝nner ÔÇö vor dem vollst├ñndigen Lauf unbedingt mit einem echten Scanner testen (siehe README, Abschnitt "Produktionspr├╝fung").
2026-09-11 15:41:01 [info] Skaliert: lagerplatz_06C27.png  2362x856 -> 977x354 px (41.4% der Originalgr├Â├ƒe)
2026-09-11 15:41:01 [warn] "lagerplatz_06C27.png" wird auf unter 50% der Originalgr├Â├ƒe verkleinert. Die Barcode-Balken werden entsprechend d├╝nner ÔÇö vor dem vollst├ñndigen Lauf unbedingt mit einem echten Scanner testen (siehe README, Abschnitt "Produktionspr├╝fung").
2026-09-11 15:41:01 [info] Skaliert: lagerplatz_06C28.png  2362x856 -> 977x354 px (41.4% der Originalgr├Â├ƒe)
2026-09-11 15:41:01 [warn] "lagerplatz_06C28.png" wird auf unter 50% der Originalgr├Â├ƒe verkleinert. Die Barcode-Balken werden entsprechend d├╝nner ÔÇö vor dem vollst├ñndigen Lauf unbedingt mit einem echten Scanner testen (siehe README, Abschnitt "Produktionspr├╝fung").
2026-09-11 15:41:01 [info] Skaliert: lagerplatz_06C29.png  2362x856 -> 977x354 px (41.4% der Originalgr├Â├ƒe)
2026-09-11 15:41:01 [warn] "lagerplatz_06C29.png" wird auf unter 50% der Originalgr├Â├ƒe verkleinert. Die Barcode-Balken werden entsprechend d├╝nner ÔÇö vor dem vollst├ñndigen Lauf unbedingt mit einem echten Scanner testen (siehe README, Abschnitt "Produktionspr├╝fung").
2026-09-11 15:41:01 [info] Skaliert: lagerplatz_06C30.png  2362x856 -> 977x354 px (41.4% der Originalgr├Â├ƒe)
2026-09-11 15:41:01 [warn] "lagerplatz_06C30.png" wird auf unter 50% der Originalgr├Â├ƒe verkleinert. Die Barcode-Balken werden entsprechend d├╝nner ÔÇö vor dem vollst├ñndigen Lauf unbedingt mit einem echten Scanner testen (siehe README, Abschnitt "Produktionspr├╝fung").
2026-09-11 15:41:01 [info] Skaliert: lagerplatz_06C31.png  2362x856 -> 977x354 px (41.4% der Originalgr├Â├ƒe)
2026-09-11 15:41:01 [warn] "lagerplatz_06C31.png" wird auf unter 50% der Originalgr├Â├ƒe verkleinert. Die Barcode-Balken werden entsprechend d├╝nner ÔÇö vor dem vollst├ñndigen Lauf unbedingt mit einem echten Scanner testen (siehe README, Abschnitt "Produktionspr├╝fung").
2026-09-11 15:41:01 [info] Skaliert: lagerplatz_06C32.png  2362x856 -> 977x354 px (41.4% der Originalgr├Â├ƒe)
2026-09-11 15:41:01 [warn] "lagerplatz_06C32.png" wird auf unter 50% der Originalgr├Â├ƒe verkleinert. Die Barcode-Balken werden entsprechend d├╝nner ÔÇö vor dem vollst├ñndigen Lauf unbedingt mit einem echten Scanner testen (siehe README, Abschnitt "Produktionspr├╝fung").
2026-09-11 15:41:01 [info] Skaliert: lagerplatz_06C33.png  2362x856 -> 977x354 px (41.4% der Originalgr├Â├ƒe)
2026-09-11 15:41:01 [warn] "lagerplatz_06C33.png" wird auf unter 50% der Originalgr├Â├ƒe verkleinert. Die Barcode-Balken werden entsprechend d├╝nner ÔÇö vor dem vollst├ñndigen Lauf unbedingt mit einem echten Scanner testen (siehe README, Abschnitt "Produktionspr├╝fung").
2026-09-11 15:41:01 [info] Fertig. 77 skaliert, 0 ├╝bersprungen, 77 mit Gr├Â├ƒenwarnung. {"gesamtDauerMs":4347}

Was moechtest du als Naechstes tun?
  (1) Skalieren     - Schilder auf eine Zielhoehe (mm) skalieren
  (2) Pruefen       - Barcode scannen und Inhalt verifizieren
  (3) Konvertieren  - Bilder normalisieren (Transparenz entfernen, sRGB, 8-Bit-PNG)
  (0) Fertig / Verlassen



**********************
PowerShell transcript end
End time: 20260911154717
**********************
