**********************
PowerShell transcript start
Start time: 20260911153446
Username: MAXHAMBI\Max Hambi
RunAs User: MAXHAMBI\Max Hambi
Configuration Name: 
Machine: MAXHAMBI (Microsoft Windows NT 10.0.26200.0)
Host Application: C:\Program Files\PowerShell\7\pwsh.dll
Process ID: 18556
PSVersion: 7.6.5
PSEdition: Core
GitCommitId: 7.6.5
OS: Microsoft Windows 10.0.26200
Platform: Win32NT
PSCompatibleVersions: 1.0, 2.0, 3.0, 4.0, 5.0, 5.1, 6.0, 7.0
PSRemotingProtocolVersion: 2.4
SerializationVersion: 1.1.0.1
WSManStackVersion: 3.0
**********************
   ______          __    ______   ____     ________  _ __        __ 
  / ____/___  ____/ /__ <  /__ \ ( __ )   / ____/ /_(_) /_____  / /_
 / /   / __ \/ __  / _ \/ /__/ // __  |  / __/ / __/ / //_/ _ \/ __/
/ /___/ /_/ / /_/ /  __/ // __// /_/ /  / /___/ /_/ / ,< /  __/ /_  
\____/\____/\__,_/\___/_//____/\____/  /_____/\__/_/_/|_|\___/\__/  
   ______  __  ___              __  __                __    _       
  / ____ \/  |/  /___ __  __   / / / /___ _____ ___  / /_  (_)      
 / / __ `/ /|_/ / __ `/ |/_/  / /_/ / __ `/ __ `__ \/ __ \/ /       
/ / /_/ / /  / / /_/ />  <   / __  / /_/ / / / / / / /_/ / /        
\ \__,_/_/  /_/\__,_/_/|_|  /_/ /_/\__,_/_/ /_/ /_/_.___/_/         
 \____/


Starte Verarbeitung ...
  Eintraege     : C:\Lager\lager-barcode-generator\mv05.txt
  Vorlage       : C:\Lager\lager-barcode-generator\Templates\MV-ABC.png
  Ausgabe       : C:\Lager\lager-barcode-generator\output
  Ueberschreiben: True

2026-09-11 15:35:18 [info] Log-Datei: C:\Lager\lager-barcode-generator\log\barcode_20260911_153518_202.log
2026-09-11 15:35:18 [info] 77 Eintraege gefunden.
2026-09-11 15:35:18 [info] Vorlage: C:\Lager\lager-barcode-generator\Templates\MV-ABC.png
2026-09-11 15:35:18 [info] Ausgabe: C:\Lager\lager-barcode-generator\output
2026-09-11 15:35:18 [info] Erstellt: lagerplatz_05A01.png {"dauerMs":135}
2026-09-11 15:35:18 [info] Erstellt: lagerplatz_05A02.png {"dauerMs":136}
2026-09-11 15:35:18 [info] Erstellt: lagerplatz_05A03.png {"dauerMs":136}
2026-09-11 15:35:18 [info] Erstellt: lagerplatz_05A04.png {"dauerMs":130}
2026-09-11 15:35:18 [info] Erstellt: lagerplatz_05A05.png {"dauerMs":139}
2026-09-11 15:35:19 [info] Erstellt: lagerplatz_05A06.png {"dauerMs":131}
2026-09-11 15:35:19 [info] Erstellt: lagerplatz_05A07.png {"dauerMs":133}
2026-09-11 15:35:19 [info] Erstellt: lagerplatz_05A08.png {"dauerMs":139}
2026-09-11 15:35:19 [info] Erstellt: lagerplatz_05A09.png {"dauerMs":130}
2026-09-11 15:35:19 [info] Erstellt: lagerplatz_05A10.png {"dauerMs":126}
2026-09-11 15:35:19 [info] Erstellt: lagerplatz_05A11.png {"dauerMs":129}
2026-09-11 15:35:19 [info] Erstellt: lagerplatz_05A12.png {"dauerMs":118}
2026-09-11 15:35:19 [info] Erstellt: lagerplatz_05A13.png {"dauerMs":125}
2026-09-11 15:35:20 [info] Erstellt: lagerplatz_05A14.png {"dauerMs":149}
2026-09-11 15:35:20 [info] Erstellt: lagerplatz_05A15.png {"dauerMs":135}
2026-09-11 15:35:20 [info] Erstellt: lagerplatz_05A16.png {"dauerMs":112}
2026-09-11 15:35:20 [info] Erstellt: lagerplatz_05A17.png {"dauerMs":111}
2026-09-11 15:35:20 [info] Erstellt: lagerplatz_05A18.png {"dauerMs":111}
2026-09-11 15:35:20 [info] Erstellt: lagerplatz_05A19.png {"dauerMs":126}
2026-09-11 15:35:20 [info] Erstellt: lagerplatz_05A20.png {"dauerMs":105}
2026-09-11 15:35:20 [info] Erstellt: lagerplatz_05A21.png {"dauerMs":108}
2026-09-11 15:35:21 [info] Erstellt: lagerplatz_05A22.png {"dauerMs":119}
2026-09-11 15:35:21 [info] Erstellt: lagerplatz_05B01.png {"dauerMs":106}
2026-09-11 15:35:21 [info] Erstellt: lagerplatz_05B02.png {"dauerMs":108}
2026-09-11 15:35:21 [info] Erstellt: lagerplatz_05B03.png {"dauerMs":124}
2026-09-11 15:35:21 [info] Erstellt: lagerplatz_05B04.png {"dauerMs":111}
2026-09-11 15:35:21 [info] Erstellt: lagerplatz_05B05.png {"dauerMs":116}
2026-09-11 15:35:21 [info] Erstellt: lagerplatz_05B06.png {"dauerMs":111}
2026-09-11 15:35:21 [info] Erstellt: lagerplatz_05B07.png {"dauerMs":109}
2026-09-11 15:35:21 [info] Erstellt: lagerplatz_05B08.png {"dauerMs":110}
2026-09-11 15:35:22 [info] Erstellt: lagerplatz_05B09.png {"dauerMs":106}
2026-09-11 15:35:22 [info] Erstellt: lagerplatz_05B10.png {"dauerMs":131}
2026-09-11 15:35:22 [info] Erstellt: lagerplatz_05B11.png {"dauerMs":108}
2026-09-11 15:35:22 [info] Erstellt: lagerplatz_05B12.png {"dauerMs":119}
2026-09-11 15:35:22 [info] Erstellt: lagerplatz_05B13.png {"dauerMs":203}
2026-09-11 15:35:22 [info] Erstellt: lagerplatz_05B14.png {"dauerMs":185}
2026-09-11 15:35:22 [info] Erstellt: lagerplatz_05B15.png {"dauerMs":160}
2026-09-11 15:35:23 [info] Erstellt: lagerplatz_05B16.png {"dauerMs":110}
2026-09-11 15:35:23 [info] Erstellt: lagerplatz_05B17.png {"dauerMs":105}
2026-09-11 15:35:23 [info] Erstellt: lagerplatz_05B18.png {"dauerMs":112}
2026-09-11 15:35:23 [info] Erstellt: lagerplatz_05B19.png {"dauerMs":137}
2026-09-11 15:35:23 [info] Erstellt: lagerplatz_05B20.png {"dauerMs":141}
2026-09-11 15:35:23 [info] Erstellt: lagerplatz_05B21.png {"dauerMs":142}
2026-09-11 15:35:23 [info] Erstellt: lagerplatz_05B22.png {"dauerMs":132}
2026-09-11 15:35:23 [info] Erstellt: lagerplatz_05C01.png {"dauerMs":120}
2026-09-11 15:35:24 [info] Erstellt: lagerplatz_05C02.png {"dauerMs":133}
2026-09-11 15:35:24 [info] Erstellt: lagerplatz_05C03.png {"dauerMs":110}
2026-09-11 15:35:24 [info] Erstellt: lagerplatz_05C04.png {"dauerMs":108}
2026-09-11 15:35:24 [info] Erstellt: lagerplatz_05C05.png {"dauerMs":112}
2026-09-11 15:35:24 [info] Erstellt: lagerplatz_05C06.png {"dauerMs":118}
2026-09-11 15:35:24 [info] Erstellt: lagerplatz_05C07.png {"dauerMs":110}
2026-09-11 15:35:24 [info] Erstellt: lagerplatz_05C08.png {"dauerMs":110}
2026-09-11 15:35:24 [info] Erstellt: lagerplatz_05C09.png {"dauerMs":118}
2026-09-11 15:35:24 [info] Erstellt: lagerplatz_05C10.png {"dauerMs":104}
2026-09-11 15:35:25 [info] Erstellt: lagerplatz_05C11.png {"dauerMs":112}
2026-09-11 15:35:25 [info] Erstellt: lagerplatz_05C12.png {"dauerMs":106}
2026-09-11 15:35:25 [info] Erstellt: lagerplatz_05C13.png {"dauerMs":117}
2026-09-11 15:35:25 [info] Erstellt: lagerplatz_05C14.png {"dauerMs":123}
2026-09-11 15:35:25 [info] Erstellt: lagerplatz_05C15.png {"dauerMs":174}
2026-09-11 15:35:25 [info] Erstellt: lagerplatz_05C16.png {"dauerMs":188}
2026-09-11 15:35:25 [info] Erstellt: lagerplatz_05C17.png {"dauerMs":161}
2026-09-11 15:35:26 [info] Erstellt: lagerplatz_05C18.png {"dauerMs":154}
2026-09-11 15:35:26 [info] Erstellt: lagerplatz_05C19.png {"dauerMs":158}
2026-09-11 15:35:26 [info] Erstellt: lagerplatz_05C20.png {"dauerMs":130}
2026-09-11 15:35:26 [info] Erstellt: lagerplatz_05C21.png {"dauerMs":119}
2026-09-11 15:35:26 [info] Erstellt: lagerplatz_05C22.png {"dauerMs":125}
2026-09-11 15:35:26 [info] Erstellt: lagerplatz_05C23.png {"dauerMs":121}
2026-09-11 15:35:26 [info] Erstellt: lagerplatz_05C24.png {"dauerMs":100}
2026-09-11 15:35:26 [info] Erstellt: lagerplatz_05C25.png {"dauerMs":106}
2026-09-11 15:35:27 [info] Erstellt: lagerplatz_05C26.png {"dauerMs":118}
2026-09-11 15:35:27 [info] Erstellt: lagerplatz_05C27.png {"dauerMs":112}
2026-09-11 15:35:27 [info] Erstellt: lagerplatz_05C28.png {"dauerMs":112}
2026-09-11 15:35:27 [info] Erstellt: lagerplatz_05C29.png {"dauerMs":107}
2026-09-11 15:35:27 [info] Erstellt: lagerplatz_05C30.png {"dauerMs":111}
2026-09-11 15:35:27 [info] Erstellt: lagerplatz_05C31.png {"dauerMs":121}
2026-09-11 15:35:27 [info] Erstellt: lagerplatz_05C32.png {"dauerMs":112}
2026-09-11 15:35:27 [info] Erstellt: lagerplatz_05C33.png {"dauerMs":114}
2026-09-11 15:35:27 [info] Fertig. 77 erstellt, 0 uebersprungen. {"gesamtDauerMs":9687}

Fertig. Protokoll gespeichert unter: C:\Lager\lager-barcode-generator\logs\lauf_20260911_153446.log

Was moechtest du als Naechstes tun?
  (1) Skalieren     - Schilder auf eine Zielhoehe (mm) skalieren
  (2) Pruefen       - Barcode scannen und Inhalt verifizieren
  (3) Konvertieren  - Bilder normalisieren (Transparenz entfernen, sRGB, 8-Bit-PNG)
  (0) Fertig / Verlassen


2026-09-11 15:35:51 [info] Log-Datei: C:\Lager\lager-barcode-generator\log\skalieren_20260911_153551_732.log
2026-09-11 15:35:51 [info] Zielh├Âhe: 30 mm @ 300 DPI = 354 px
2026-09-11 15:35:51 [info] 77 Datei(en) werden verarbeitet.
2026-09-11 15:35:51 [info] Skaliert: lagerplatz_05A01.png  2362x856 -> 977x354 px (41.4% der Originalgr├Â├ƒe)
2026-09-11 15:35:51 [warn] "lagerplatz_05A01.png" wird auf unter 50% der Originalgr├Â├ƒe verkleinert. Die Barcode-Balken werden entsprechend d├╝nner ÔÇö vor dem vollst├ñndigen Lauf unbedingt mit einem echten Scanner testen (siehe README, Abschnitt "Produktionspr├╝fung").
2026-09-11 15:35:51 [info] Skaliert: lagerplatz_05A02.png  2362x856 -> 977x354 px (41.4% der Originalgr├Â├ƒe)
2026-09-11 15:35:51 [warn] "lagerplatz_05A02.png" wird auf unter 50% der Originalgr├Â├ƒe verkleinert. Die Barcode-Balken werden entsprechend d├╝nner ÔÇö vor dem vollst├ñndigen Lauf unbedingt mit einem echten Scanner testen (siehe README, Abschnitt "Produktionspr├╝fung").
2026-09-11 15:35:51 [info] Skaliert: lagerplatz_05A03.png  2362x856 -> 977x354 px (41.4% der Originalgr├Â├ƒe)
2026-09-11 15:35:51 [warn] "lagerplatz_05A03.png" wird auf unter 50% der Originalgr├Â├ƒe verkleinert. Die Barcode-Balken werden entsprechend d├╝nner ÔÇö vor dem vollst├ñndigen Lauf unbedingt mit einem echten Scanner testen (siehe README, Abschnitt "Produktionspr├╝fung").
2026-09-11 15:35:52 [info] Skaliert: lagerplatz_05A04.png  2362x856 -> 977x354 px (41.4% der Originalgr├Â├ƒe)
2026-09-11 15:35:52 [warn] "lagerplatz_05A04.png" wird auf unter 50% der Originalgr├Â├ƒe verkleinert. Die Barcode-Balken werden entsprechend d├╝nner ÔÇö vor dem vollst├ñndigen Lauf unbedingt mit einem echten Scanner testen (siehe README, Abschnitt "Produktionspr├╝fung").
2026-09-11 15:35:52 [info] Skaliert: lagerplatz_05A05.png  2362x856 -> 977x354 px (41.4% der Originalgr├Â├ƒe)
2026-09-11 15:35:52 [warn] "lagerplatz_05A05.png" wird auf unter 50% der Originalgr├Â├ƒe verkleinert. Die Barcode-Balken werden entsprechend d├╝nner ÔÇö vor dem vollst├ñndigen Lauf unbedingt mit einem echten Scanner testen (siehe README, Abschnitt "Produktionspr├╝fung").
2026-09-11 15:35:52 [info] Skaliert: lagerplatz_05A06.png  2362x856 -> 977x354 px (41.4% der Originalgr├Â├ƒe)
2026-09-11 15:35:52 [warn] "lagerplatz_05A06.png" wird auf unter 50% der Originalgr├Â├ƒe verkleinert. Die Barcode-Balken werden entsprechend d├╝nner ÔÇö vor dem vollst├ñndigen Lauf unbedingt mit einem echten Scanner testen (siehe README, Abschnitt "Produktionspr├╝fung").
2026-09-11 15:35:52 [info] Skaliert: lagerplatz_05A07.png  2362x856 -> 977x354 px (41.4% der Originalgr├Â├ƒe)
2026-09-11 15:35:52 [warn] "lagerplatz_05A07.png" wird auf unter 50% der Originalgr├Â├ƒe verkleinert. Die Barcode-Balken werden entsprechend d├╝nner ÔÇö vor dem vollst├ñndigen Lauf unbedingt mit einem echten Scanner testen (siehe README, Abschnitt "Produktionspr├╝fung").
2026-09-11 15:35:52 [info] Skaliert: lagerplatz_05A08.png  2362x856 -> 977x354 px (41.4% der Originalgr├Â├ƒe)
2026-09-11 15:35:52 [warn] "lagerplatz_05A08.png" wird auf unter 50% der Originalgr├Â├ƒe verkleinert. Die Barcode-Balken werden entsprechend d├╝nner ÔÇö vor dem vollst├ñndigen Lauf unbedingt mit einem echten Scanner testen (siehe README, Abschnitt "Produktionspr├╝fung").
2026-09-11 15:35:52 [info] Skaliert: lagerplatz_05A09.png  2362x856 -> 977x354 px (41.4% der Originalgr├Â├ƒe)
2026-09-11 15:35:52 [warn] "lagerplatz_05A09.png" wird auf unter 50% der Originalgr├Â├ƒe verkleinert. Die Barcode-Balken werden entsprechend d├╝nner ÔÇö vor dem vollst├ñndigen Lauf unbedingt mit einem echten Scanner testen (siehe README, Abschnitt "Produktionspr├╝fung").
2026-09-11 15:35:52 [info] Skaliert: lagerplatz_05A10.png  2362x856 -> 977x354 px (41.4% der Originalgr├Â├ƒe)
2026-09-11 15:35:52 [warn] "lagerplatz_05A10.png" wird auf unter 50% der Originalgr├Â├ƒe verkleinert. Die Barcode-Balken werden entsprechend d├╝nner ÔÇö vor dem vollst├ñndigen Lauf unbedingt mit einem echten Scanner testen (siehe README, Abschnitt "Produktionspr├╝fung").
2026-09-11 15:35:52 [info] Skaliert: lagerplatz_05A11.png  2362x856 -> 977x354 px (41.4% der Originalgr├Â├ƒe)
2026-09-11 15:35:52 [warn] "lagerplatz_05A11.png" wird auf unter 50% der Originalgr├Â├ƒe verkleinert. Die Barcode-Balken werden entsprechend d├╝nner ÔÇö vor dem vollst├ñndigen Lauf unbedingt mit einem echten Scanner testen (siehe README, Abschnitt "Produktionspr├╝fung").
2026-09-11 15:35:52 [info] Skaliert: lagerplatz_05A12.png  2362x856 -> 977x354 px (41.4% der Originalgr├Â├ƒe)
2026-09-11 15:35:52 [warn] "lagerplatz_05A12.png" wird auf unter 50% der Originalgr├Â├ƒe verkleinert. Die Barcode-Balken werden entsprechend d├╝nner ÔÇö vor dem vollst├ñndigen Lauf unbedingt mit einem echten Scanner testen (siehe README, Abschnitt "Produktionspr├╝fung").
2026-09-11 15:35:52 [info] Skaliert: lagerplatz_05A13.png  2362x856 -> 977x354 px (41.4% der Originalgr├Â├ƒe)
2026-09-11 15:35:52 [warn] "lagerplatz_05A13.png" wird auf unter 50% der Originalgr├Â├ƒe verkleinert. Die Barcode-Balken werden entsprechend d├╝nner ÔÇö vor dem vollst├ñndigen Lauf unbedingt mit einem echten Scanner testen (siehe README, Abschnitt "Produktionspr├╝fung").
2026-09-11 15:35:52 [info] Skaliert: lagerplatz_05A14.png  2362x856 -> 977x354 px (41.4% der Originalgr├Â├ƒe)
2026-09-11 15:35:52 [warn] "lagerplatz_05A14.png" wird auf unter 50% der Originalgr├Â├ƒe verkleinert. Die Barcode-Balken werden entsprechend d├╝nner ÔÇö vor dem vollst├ñndigen Lauf unbedingt mit einem echten Scanner testen (siehe README, Abschnitt "Produktionspr├╝fung").
2026-09-11 15:35:52 [info] Skaliert: lagerplatz_05A15.png  2362x856 -> 977x354 px (41.4% der Originalgr├Â├ƒe)
2026-09-11 15:35:52 [warn] "lagerplatz_05A15.png" wird auf unter 50% der Originalgr├Â├ƒe verkleinert. Die Barcode-Balken werden entsprechend d├╝nner ÔÇö vor dem vollst├ñndigen Lauf unbedingt mit einem echten Scanner testen (siehe README, Abschnitt "Produktionspr├╝fung").
2026-09-11 15:35:52 [info] Skaliert: lagerplatz_05A16.png  2362x856 -> 977x354 px (41.4% der Originalgr├Â├ƒe)
2026-09-11 15:35:52 [warn] "lagerplatz_05A16.png" wird auf unter 50% der Originalgr├Â├ƒe verkleinert. Die Barcode-Balken werden entsprechend d├╝nner ÔÇö vor dem vollst├ñndigen Lauf unbedingt mit einem echten Scanner testen (siehe README, Abschnitt "Produktionspr├╝fung").
2026-09-11 15:35:52 [info] Skaliert: lagerplatz_05A17.png  2362x856 -> 977x354 px (41.4% der Originalgr├Â├ƒe)
2026-09-11 15:35:52 [warn] "lagerplatz_05A17.png" wird auf unter 50% der Originalgr├Â├ƒe verkleinert. Die Barcode-Balken werden entsprechend d├╝nner ÔÇö vor dem vollst├ñndigen Lauf unbedingt mit einem echten Scanner testen (siehe README, Abschnitt "Produktionspr├╝fung").
2026-09-11 15:35:53 [info] Skaliert: lagerplatz_05A18.png  2362x856 -> 977x354 px (41.4% der Originalgr├Â├ƒe)
2026-09-11 15:35:53 [warn] "lagerplatz_05A18.png" wird auf unter 50% der Originalgr├Â├ƒe verkleinert. Die Barcode-Balken werden entsprechend d├╝nner ÔÇö vor dem vollst├ñndigen Lauf unbedingt mit einem echten Scanner testen (siehe README, Abschnitt "Produktionspr├╝fung").
2026-09-11 15:35:53 [info] Skaliert: lagerplatz_05A19.png  2362x856 -> 977x354 px (41.4% der Originalgr├Â├ƒe)
2026-09-11 15:35:53 [warn] "lagerplatz_05A19.png" wird auf unter 50% der Originalgr├Â├ƒe verkleinert. Die Barcode-Balken werden entsprechend d├╝nner ÔÇö vor dem vollst├ñndigen Lauf unbedingt mit einem echten Scanner testen (siehe README, Abschnitt "Produktionspr├╝fung").
2026-09-11 15:35:53 [info] Skaliert: lagerplatz_05A20.png  2362x856 -> 977x354 px (41.4% der Originalgr├Â├ƒe)
2026-09-11 15:35:53 [warn] "lagerplatz_05A20.png" wird auf unter 50% der Originalgr├Â├ƒe verkleinert. Die Barcode-Balken werden entsprechend d├╝nner ÔÇö vor dem vollst├ñndigen Lauf unbedingt mit einem echten Scanner testen (siehe README, Abschnitt "Produktionspr├╝fung").
2026-09-11 15:35:53 [info] Skaliert: lagerplatz_05A21.png  2362x856 -> 977x354 px (41.4% der Originalgr├Â├ƒe)
2026-09-11 15:35:53 [warn] "lagerplatz_05A21.png" wird auf unter 50% der Originalgr├Â├ƒe verkleinert. Die Barcode-Balken werden entsprechend d├╝nner ÔÇö vor dem vollst├ñndigen Lauf unbedingt mit einem echten Scanner testen (siehe README, Abschnitt "Produktionspr├╝fung").
2026-09-11 15:35:53 [info] Skaliert: lagerplatz_05A22.png  2362x856 -> 977x354 px (41.4% der Originalgr├Â├ƒe)
2026-09-11 15:35:53 [warn] "lagerplatz_05A22.png" wird auf unter 50% der Originalgr├Â├ƒe verkleinert. Die Barcode-Balken werden entsprechend d├╝nner ÔÇö vor dem vollst├ñndigen Lauf unbedingt mit einem echten Scanner testen (siehe README, Abschnitt "Produktionspr├╝fung").
2026-09-11 15:35:53 [info] Skaliert: lagerplatz_05B01.png  2362x856 -> 977x354 px (41.4% der Originalgr├Â├ƒe)
2026-09-11 15:35:53 [warn] "lagerplatz_05B01.png" wird auf unter 50% der Originalgr├Â├ƒe verkleinert. Die Barcode-Balken werden entsprechend d├╝nner ÔÇö vor dem vollst├ñndigen Lauf unbedingt mit einem echten Scanner testen (siehe README, Abschnitt "Produktionspr├╝fung").
2026-09-11 15:35:53 [info] Skaliert: lagerplatz_05B02.png  2362x856 -> 977x354 px (41.4% der Originalgr├Â├ƒe)
2026-09-11 15:35:53 [warn] "lagerplatz_05B02.png" wird auf unter 50% der Originalgr├Â├ƒe verkleinert. Die Barcode-Balken werden entsprechend d├╝nner ÔÇö vor dem vollst├ñndigen Lauf unbedingt mit einem echten Scanner testen (siehe README, Abschnitt "Produktionspr├╝fung").
2026-09-11 15:35:53 [info] Skaliert: lagerplatz_05B03.png  2362x856 -> 977x354 px (41.4% der Originalgr├Â├ƒe)
2026-09-11 15:35:53 [warn] "lagerplatz_05B03.png" wird auf unter 50% der Originalgr├Â├ƒe verkleinert. Die Barcode-Balken werden entsprechend d├╝nner ÔÇö vor dem vollst├ñndigen Lauf unbedingt mit einem echten Scanner testen (siehe README, Abschnitt "Produktionspr├╝fung").
2026-09-11 15:35:53 [info] Skaliert: lagerplatz_05B04.png  2362x856 -> 977x354 px (41.4% der Originalgr├Â├ƒe)
2026-09-11 15:35:53 [warn] "lagerplatz_05B04.png" wird auf unter 50% der Originalgr├Â├ƒe verkleinert. Die Barcode-Balken werden entsprechend d├╝nner ÔÇö vor dem vollst├ñndigen Lauf unbedingt mit einem echten Scanner testen (siehe README, Abschnitt "Produktionspr├╝fung").
2026-09-11 15:35:53 [info] Skaliert: lagerplatz_05B05.png  2362x856 -> 977x354 px (41.4% der Originalgr├Â├ƒe)
2026-09-11 15:35:53 [warn] "lagerplatz_05B05.png" wird auf unter 50% der Originalgr├Â├ƒe verkleinert. Die Barcode-Balken werden entsprechend d├╝nner ÔÇö vor dem vollst├ñndigen Lauf unbedingt mit einem echten Scanner testen (siehe README, Abschnitt "Produktionspr├╝fung").
2026-09-11 15:35:53 [info] Skaliert: lagerplatz_05B06.png  2362x856 -> 977x354 px (41.4% der Originalgr├Â├ƒe)
2026-09-11 15:35:53 [warn] "lagerplatz_05B06.png" wird auf unter 50% der Originalgr├Â├ƒe verkleinert. Die Barcode-Balken werden entsprechend d├╝nner ÔÇö vor dem vollst├ñndigen Lauf unbedingt mit einem echten Scanner testen (siehe README, Abschnitt "Produktionspr├╝fung").
2026-09-11 15:35:53 [info] Skaliert: lagerplatz_05B07.png  2362x856 -> 977x354 px (41.4% der Originalgr├Â├ƒe)
2026-09-11 15:35:53 [warn] "lagerplatz_05B07.png" wird auf unter 50% der Originalgr├Â├ƒe verkleinert. Die Barcode-Balken werden entsprechend d├╝nner ÔÇö vor dem vollst├ñndigen Lauf unbedingt mit einem echten Scanner testen (siehe README, Abschnitt "Produktionspr├╝fung").
2026-09-11 15:35:53 [info] Skaliert: lagerplatz_05B08.png  2362x856 -> 977x354 px (41.4% der Originalgr├Â├ƒe)
2026-09-11 15:35:53 [warn] "lagerplatz_05B08.png" wird auf unter 50% der Originalgr├Â├ƒe verkleinert. Die Barcode-Balken werden entsprechend d├╝nner ÔÇö vor dem vollst├ñndigen Lauf unbedingt mit einem echten Scanner testen (siehe README, Abschnitt "Produktionspr├╝fung").
2026-09-11 15:35:53 [info] Skaliert: lagerplatz_05B09.png  2362x856 -> 977x354 px (41.4% der Originalgr├Â├ƒe)
2026-09-11 15:35:53 [warn] "lagerplatz_05B09.png" wird auf unter 50% der Originalgr├Â├ƒe verkleinert. Die Barcode-Balken werden entsprechend d├╝nner ÔÇö vor dem vollst├ñndigen Lauf unbedingt mit einem echten Scanner testen (siehe README, Abschnitt "Produktionspr├╝fung").
2026-09-11 15:35:53 [info] Skaliert: lagerplatz_05B10.png  2362x856 -> 977x354 px (41.4% der Originalgr├Â├ƒe)
2026-09-11 15:35:53 [warn] "lagerplatz_05B10.png" wird auf unter 50% der Originalgr├Â├ƒe verkleinert. Die Barcode-Balken werden entsprechend d├╝nner ÔÇö vor dem vollst├ñndigen Lauf unbedingt mit einem echten Scanner testen (siehe README, Abschnitt "Produktionspr├╝fung").
2026-09-11 15:35:53 [info] Skaliert: lagerplatz_05B11.png  2362x856 -> 977x354 px (41.4% der Originalgr├Â├ƒe)
2026-09-11 15:35:53 [warn] "lagerplatz_05B11.png" wird auf unter 50% der Originalgr├Â├ƒe verkleinert. Die Barcode-Balken werden entsprechend d├╝nner ÔÇö vor dem vollst├ñndigen Lauf unbedingt mit einem echten Scanner testen (siehe README, Abschnitt "Produktionspr├╝fung").
2026-09-11 15:35:53 [info] Skaliert: lagerplatz_05B12.png  2362x856 -> 977x354 px (41.4% der Originalgr├Â├ƒe)
2026-09-11 15:35:53 [warn] "lagerplatz_05B12.png" wird auf unter 50% der Originalgr├Â├ƒe verkleinert. Die Barcode-Balken werden entsprechend d├╝nner ÔÇö vor dem vollst├ñndigen Lauf unbedingt mit einem echten Scanner testen (siehe README, Abschnitt "Produktionspr├╝fung").
2026-09-11 15:35:54 [info] Skaliert: lagerplatz_05B13.png  2362x856 -> 977x354 px (41.4% der Originalgr├Â├ƒe)
2026-09-11 15:35:54 [warn] "lagerplatz_05B13.png" wird auf unter 50% der Originalgr├Â├ƒe verkleinert. Die Barcode-Balken werden entsprechend d├╝nner ÔÇö vor dem vollst├ñndigen Lauf unbedingt mit einem echten Scanner testen (siehe README, Abschnitt "Produktionspr├╝fung").
2026-09-11 15:35:54 [info] Skaliert: lagerplatz_05B14.png  2362x856 -> 977x354 px (41.4% der Originalgr├Â├ƒe)
2026-09-11 15:35:54 [warn] "lagerplatz_05B14.png" wird auf unter 50% der Originalgr├Â├ƒe verkleinert. Die Barcode-Balken werden entsprechend d├╝nner ÔÇö vor dem vollst├ñndigen Lauf unbedingt mit einem echten Scanner testen (siehe README, Abschnitt "Produktionspr├╝fung").
2026-09-11 15:35:54 [info] Skaliert: lagerplatz_05B15.png  2362x856 -> 977x354 px (41.4% der Originalgr├Â├ƒe)
2026-09-11 15:35:54 [warn] "lagerplatz_05B15.png" wird auf unter 50% der Originalgr├Â├ƒe verkleinert. Die Barcode-Balken werden entsprechend d├╝nner ÔÇö vor dem vollst├ñndigen Lauf unbedingt mit einem echten Scanner testen (siehe README, Abschnitt "Produktionspr├╝fung").
2026-09-11 15:35:54 [info] Skaliert: lagerplatz_05B16.png  2362x856 -> 977x354 px (41.4% der Originalgr├Â├ƒe)
2026-09-11 15:35:54 [warn] "lagerplatz_05B16.png" wird auf unter 50% der Originalgr├Â├ƒe verkleinert. Die Barcode-Balken werden entsprechend d├╝nner ÔÇö vor dem vollst├ñndigen Lauf unbedingt mit einem echten Scanner testen (siehe README, Abschnitt "Produktionspr├╝fung").
2026-09-11 15:35:54 [info] Skaliert: lagerplatz_05B17.png  2362x856 -> 977x354 px (41.4% der Originalgr├Â├ƒe)
2026-09-11 15:35:54 [warn] "lagerplatz_05B17.png" wird auf unter 50% der Originalgr├Â├ƒe verkleinert. Die Barcode-Balken werden entsprechend d├╝nner ÔÇö vor dem vollst├ñndigen Lauf unbedingt mit einem echten Scanner testen (siehe README, Abschnitt "Produktionspr├╝fung").
2026-09-11 15:35:54 [info] Skaliert: lagerplatz_05B18.png  2362x856 -> 977x354 px (41.4% der Originalgr├Â├ƒe)
2026-09-11 15:35:54 [warn] "lagerplatz_05B18.png" wird auf unter 50% der Originalgr├Â├ƒe verkleinert. Die Barcode-Balken werden entsprechend d├╝nner ÔÇö vor dem vollst├ñndigen Lauf unbedingt mit einem echten Scanner testen (siehe README, Abschnitt "Produktionspr├╝fung").
2026-09-11 15:35:54 [info] Skaliert: lagerplatz_05B19.png  2362x856 -> 977x354 px (41.4% der Originalgr├Â├ƒe)
2026-09-11 15:35:54 [warn] "lagerplatz_05B19.png" wird auf unter 50% der Originalgr├Â├ƒe verkleinert. Die Barcode-Balken werden entsprechend d├╝nner ÔÇö vor dem vollst├ñndigen Lauf unbedingt mit einem echten Scanner testen (siehe README, Abschnitt "Produktionspr├╝fung").
2026-09-11 15:35:54 [info] Skaliert: lagerplatz_05B20.png  2362x856 -> 977x354 px (41.4% der Originalgr├Â├ƒe)
2026-09-11 15:35:54 [warn] "lagerplatz_05B20.png" wird auf unter 50% der Originalgr├Â├ƒe verkleinert. Die Barcode-Balken werden entsprechend d├╝nner ÔÇö vor dem vollst├ñndigen Lauf unbedingt mit einem echten Scanner testen (siehe README, Abschnitt "Produktionspr├╝fung").
2026-09-11 15:35:54 [info] Skaliert: lagerplatz_05B21.png  2362x856 -> 977x354 px (41.4% der Originalgr├Â├ƒe)
2026-09-11 15:35:54 [warn] "lagerplatz_05B21.png" wird auf unter 50% der Originalgr├Â├ƒe verkleinert. Die Barcode-Balken werden entsprechend d├╝nner ÔÇö vor dem vollst├ñndigen Lauf unbedingt mit einem echten Scanner testen (siehe README, Abschnitt "Produktionspr├╝fung").
2026-09-11 15:35:54 [info] Skaliert: lagerplatz_05B22.png  2362x856 -> 977x354 px (41.4% der Originalgr├Â├ƒe)
2026-09-11 15:35:54 [warn] "lagerplatz_05B22.png" wird auf unter 50% der Originalgr├Â├ƒe verkleinert. Die Barcode-Balken werden entsprechend d├╝nner ÔÇö vor dem vollst├ñndigen Lauf unbedingt mit einem echten Scanner testen (siehe README, Abschnitt "Produktionspr├╝fung").
2026-09-11 15:35:54 [info] Skaliert: lagerplatz_05C01.png  2362x856 -> 977x354 px (41.4% der Originalgr├Â├ƒe)
2026-09-11 15:35:54 [warn] "lagerplatz_05C01.png" wird auf unter 50% der Originalgr├Â├ƒe verkleinert. Die Barcode-Balken werden entsprechend d├╝nner ÔÇö vor dem vollst├ñndigen Lauf unbedingt mit einem echten Scanner testen (siehe README, Abschnitt "Produktionspr├╝fung").
2026-09-11 15:35:54 [info] Skaliert: lagerplatz_05C02.png  2362x856 -> 977x354 px (41.4% der Originalgr├Â├ƒe)
2026-09-11 15:35:54 [warn] "lagerplatz_05C02.png" wird auf unter 50% der Originalgr├Â├ƒe verkleinert. Die Barcode-Balken werden entsprechend d├╝nner ÔÇö vor dem vollst├ñndigen Lauf unbedingt mit einem echten Scanner testen (siehe README, Abschnitt "Produktionspr├╝fung").
2026-09-11 15:35:54 [info] Skaliert: lagerplatz_05C03.png  2362x856 -> 977x354 px (41.4% der Originalgr├Â├ƒe)
2026-09-11 15:35:54 [warn] "lagerplatz_05C03.png" wird auf unter 50% der Originalgr├Â├ƒe verkleinert. Die Barcode-Balken werden entsprechend d├╝nner ÔÇö vor dem vollst├ñndigen Lauf unbedingt mit einem echten Scanner testen (siehe README, Abschnitt "Produktionspr├╝fung").
2026-09-11 15:35:54 [info] Skaliert: lagerplatz_05C04.png  2362x856 -> 977x354 px (41.4% der Originalgr├Â├ƒe)
2026-09-11 15:35:54 [warn] "lagerplatz_05C04.png" wird auf unter 50% der Originalgr├Â├ƒe verkleinert. Die Barcode-Balken werden entsprechend d├╝nner ÔÇö vor dem vollst├ñndigen Lauf unbedingt mit einem echten Scanner testen (siehe README, Abschnitt "Produktionspr├╝fung").
2026-09-11 15:35:54 [info] Skaliert: lagerplatz_05C05.png  2362x856 -> 977x354 px (41.4% der Originalgr├Â├ƒe)
2026-09-11 15:35:54 [warn] "lagerplatz_05C05.png" wird auf unter 50% der Originalgr├Â├ƒe verkleinert. Die Barcode-Balken werden entsprechend d├╝nner ÔÇö vor dem vollst├ñndigen Lauf unbedingt mit einem echten Scanner testen (siehe README, Abschnitt "Produktionspr├╝fung").
2026-09-11 15:35:54 [info] Skaliert: lagerplatz_05C06.png  2362x856 -> 977x354 px (41.4% der Originalgr├Â├ƒe)
2026-09-11 15:35:54 [warn] "lagerplatz_05C06.png" wird auf unter 50% der Originalgr├Â├ƒe verkleinert. Die Barcode-Balken werden entsprechend d├╝nner ÔÇö vor dem vollst├ñndigen Lauf unbedingt mit einem echten Scanner testen (siehe README, Abschnitt "Produktionspr├╝fung").
2026-09-11 15:35:54 [info] Skaliert: lagerplatz_05C07.png  2362x856 -> 977x354 px (41.4% der Originalgr├Â├ƒe)
2026-09-11 15:35:54 [warn] "lagerplatz_05C07.png" wird auf unter 50% der Originalgr├Â├ƒe verkleinert. Die Barcode-Balken werden entsprechend d├╝nner ÔÇö vor dem vollst├ñndigen Lauf unbedingt mit einem echten Scanner testen (siehe README, Abschnitt "Produktionspr├╝fung").
2026-09-11 15:35:54 [info] Skaliert: lagerplatz_05C08.png  2362x856 -> 977x354 px (41.4% der Originalgr├Â├ƒe)
2026-09-11 15:35:54 [warn] "lagerplatz_05C08.png" wird auf unter 50% der Originalgr├Â├ƒe verkleinert. Die Barcode-Balken werden entsprechend d├╝nner ÔÇö vor dem vollst├ñndigen Lauf unbedingt mit einem echten Scanner testen (siehe README, Abschnitt "Produktionspr├╝fung").
2026-09-11 15:35:55 [info] Skaliert: lagerplatz_05C09.png  2362x856 -> 977x354 px (41.4% der Originalgr├Â├ƒe)
2026-09-11 15:35:55 [warn] "lagerplatz_05C09.png" wird auf unter 50% der Originalgr├Â├ƒe verkleinert. Die Barcode-Balken werden entsprechend d├╝nner ÔÇö vor dem vollst├ñndigen Lauf unbedingt mit einem echten Scanner testen (siehe README, Abschnitt "Produktionspr├╝fung").
2026-09-11 15:35:55 [info] Skaliert: lagerplatz_05C10.png  2362x856 -> 977x354 px (41.4% der Originalgr├Â├ƒe)
2026-09-11 15:35:55 [warn] "lagerplatz_05C10.png" wird auf unter 50% der Originalgr├Â├ƒe verkleinert. Die Barcode-Balken werden entsprechend d├╝nner ÔÇö vor dem vollst├ñndigen Lauf unbedingt mit einem echten Scanner testen (siehe README, Abschnitt "Produktionspr├╝fung").
2026-09-11 15:35:55 [info] Skaliert: lagerplatz_05C11.png  2362x856 -> 977x354 px (41.4% der Originalgr├Â├ƒe)
2026-09-11 15:35:55 [warn] "lagerplatz_05C11.png" wird auf unter 50% der Originalgr├Â├ƒe verkleinert. Die Barcode-Balken werden entsprechend d├╝nner ÔÇö vor dem vollst├ñndigen Lauf unbedingt mit einem echten Scanner testen (siehe README, Abschnitt "Produktionspr├╝fung").
2026-09-11 15:35:55 [info] Skaliert: lagerplatz_05C12.png  2362x856 -> 977x354 px (41.4% der Originalgr├Â├ƒe)
2026-09-11 15:35:55 [warn] "lagerplatz_05C12.png" wird auf unter 50% der Originalgr├Â├ƒe verkleinert. Die Barcode-Balken werden entsprechend d├╝nner ÔÇö vor dem vollst├ñndigen Lauf unbedingt mit einem echten Scanner testen (siehe README, Abschnitt "Produktionspr├╝fung").
2026-09-11 15:35:55 [info] Skaliert: lagerplatz_05C13.png  2362x856 -> 977x354 px (41.4% der Originalgr├Â├ƒe)
2026-09-11 15:35:55 [warn] "lagerplatz_05C13.png" wird auf unter 50% der Originalgr├Â├ƒe verkleinert. Die Barcode-Balken werden entsprechend d├╝nner ÔÇö vor dem vollst├ñndigen Lauf unbedingt mit einem echten Scanner testen (siehe README, Abschnitt "Produktionspr├╝fung").
2026-09-11 15:35:55 [info] Skaliert: lagerplatz_05C14.png  2362x856 -> 977x354 px (41.4% der Originalgr├Â├ƒe)
2026-09-11 15:35:55 [warn] "lagerplatz_05C14.png" wird auf unter 50% der Originalgr├Â├ƒe verkleinert. Die Barcode-Balken werden entsprechend d├╝nner ÔÇö vor dem vollst├ñndigen Lauf unbedingt mit einem echten Scanner testen (siehe README, Abschnitt "Produktionspr├╝fung").
2026-09-11 15:35:55 [info] Skaliert: lagerplatz_05C15.png  2362x856 -> 977x354 px (41.4% der Originalgr├Â├ƒe)
2026-09-11 15:35:55 [warn] "lagerplatz_05C15.png" wird auf unter 50% der Originalgr├Â├ƒe verkleinert. Die Barcode-Balken werden entsprechend d├╝nner ÔÇö vor dem vollst├ñndigen Lauf unbedingt mit einem echten Scanner testen (siehe README, Abschnitt "Produktionspr├╝fung").
2026-09-11 15:35:55 [info] Skaliert: lagerplatz_05C16.png  2362x856 -> 977x354 px (41.4% der Originalgr├Â├ƒe)
2026-09-11 15:35:55 [warn] "lagerplatz_05C16.png" wird auf unter 50% der Originalgr├Â├ƒe verkleinert. Die Barcode-Balken werden entsprechend d├╝nner ÔÇö vor dem vollst├ñndigen Lauf unbedingt mit einem echten Scanner testen (siehe README, Abschnitt "Produktionspr├╝fung").
2026-09-11 15:35:55 [info] Skaliert: lagerplatz_05C17.png  2362x856 -> 977x354 px (41.4% der Originalgr├Â├ƒe)
2026-09-11 15:35:55 [warn] "lagerplatz_05C17.png" wird auf unter 50% der Originalgr├Â├ƒe verkleinert. Die Barcode-Balken werden entsprechend d├╝nner ÔÇö vor dem vollst├ñndigen Lauf unbedingt mit einem echten Scanner testen (siehe README, Abschnitt "Produktionspr├╝fung").
2026-09-11 15:35:55 [info] Skaliert: lagerplatz_05C18.png  2362x856 -> 977x354 px (41.4% der Originalgr├Â├ƒe)
2026-09-11 15:35:55 [warn] "lagerplatz_05C18.png" wird auf unter 50% der Originalgr├Â├ƒe verkleinert. Die Barcode-Balken werden entsprechend d├╝nner ÔÇö vor dem vollst├ñndigen Lauf unbedingt mit einem echten Scanner testen (siehe README, Abschnitt "Produktionspr├╝fung").
2026-09-11 15:35:55 [info] Skaliert: lagerplatz_05C19.png  2362x856 -> 977x354 px (41.4% der Originalgr├Â├ƒe)
2026-09-11 15:35:55 [warn] "lagerplatz_05C19.png" wird auf unter 50% der Originalgr├Â├ƒe verkleinert. Die Barcode-Balken werden entsprechend d├╝nner ÔÇö vor dem vollst├ñndigen Lauf unbedingt mit einem echten Scanner testen (siehe README, Abschnitt "Produktionspr├╝fung").
2026-09-11 15:35:55 [info] Skaliert: lagerplatz_05C20.png  2362x856 -> 977x354 px (41.4% der Originalgr├Â├ƒe)
2026-09-11 15:35:55 [warn] "lagerplatz_05C20.png" wird auf unter 50% der Originalgr├Â├ƒe verkleinert. Die Barcode-Balken werden entsprechend d├╝nner ÔÇö vor dem vollst├ñndigen Lauf unbedingt mit einem echten Scanner testen (siehe README, Abschnitt "Produktionspr├╝fung").
2026-09-11 15:35:55 [info] Skaliert: lagerplatz_05C21.png  2362x856 -> 977x354 px (41.4% der Originalgr├Â├ƒe)
2026-09-11 15:35:55 [warn] "lagerplatz_05C21.png" wird auf unter 50% der Originalgr├Â├ƒe verkleinert. Die Barcode-Balken werden entsprechend d├╝nner ÔÇö vor dem vollst├ñndigen Lauf unbedingt mit einem echten Scanner testen (siehe README, Abschnitt "Produktionspr├╝fung").
2026-09-11 15:35:55 [info] Skaliert: lagerplatz_05C22.png  2362x856 -> 977x354 px (41.4% der Originalgr├Â├ƒe)
2026-09-11 15:35:55 [warn] "lagerplatz_05C22.png" wird auf unter 50% der Originalgr├Â├ƒe verkleinert. Die Barcode-Balken werden entsprechend d├╝nner ÔÇö vor dem vollst├ñndigen Lauf unbedingt mit einem echten Scanner testen (siehe README, Abschnitt "Produktionspr├╝fung").
2026-09-11 15:35:55 [info] Skaliert: lagerplatz_05C23.png  2362x856 -> 977x354 px (41.4% der Originalgr├Â├ƒe)
2026-09-11 15:35:55 [warn] "lagerplatz_05C23.png" wird auf unter 50% der Originalgr├Â├ƒe verkleinert. Die Barcode-Balken werden entsprechend d├╝nner ÔÇö vor dem vollst├ñndigen Lauf unbedingt mit einem echten Scanner testen (siehe README, Abschnitt "Produktionspr├╝fung").
2026-09-11 15:35:55 [info] Skaliert: lagerplatz_05C24.png  2362x856 -> 977x354 px (41.4% der Originalgr├Â├ƒe)
2026-09-11 15:35:55 [warn] "lagerplatz_05C24.png" wird auf unter 50% der Originalgr├Â├ƒe verkleinert. Die Barcode-Balken werden entsprechend d├╝nner ÔÇö vor dem vollst├ñndigen Lauf unbedingt mit einem echten Scanner testen (siehe README, Abschnitt "Produktionspr├╝fung").
2026-09-11 15:35:55 [info] Skaliert: lagerplatz_05C25.png  2362x856 -> 977x354 px (41.4% der Originalgr├Â├ƒe)
2026-09-11 15:35:55 [warn] "lagerplatz_05C25.png" wird auf unter 50% der Originalgr├Â├ƒe verkleinert. Die Barcode-Balken werden entsprechend d├╝nner ÔÇö vor dem vollst├ñndigen Lauf unbedingt mit einem echten Scanner testen (siehe README, Abschnitt "Produktionspr├╝fung").
2026-09-11 15:35:55 [info] Skaliert: lagerplatz_05C26.png  2362x856 -> 977x354 px (41.4% der Originalgr├Â├ƒe)
2026-09-11 15:35:55 [warn] "lagerplatz_05C26.png" wird auf unter 50% der Originalgr├Â├ƒe verkleinert. Die Barcode-Balken werden entsprechend d├╝nner ÔÇö vor dem vollst├ñndigen Lauf unbedingt mit einem echten Scanner testen (siehe README, Abschnitt "Produktionspr├╝fung").
2026-09-11 15:35:55 [info] Skaliert: lagerplatz_05C27.png  2362x856 -> 977x354 px (41.4% der Originalgr├Â├ƒe)
2026-09-11 15:35:55 [warn] "lagerplatz_05C27.png" wird auf unter 50% der Originalgr├Â├ƒe verkleinert. Die Barcode-Balken werden entsprechend d├╝nner ÔÇö vor dem vollst├ñndigen Lauf unbedingt mit einem echten Scanner testen (siehe README, Abschnitt "Produktionspr├╝fung").
2026-09-11 15:35:55 [info] Skaliert: lagerplatz_05C28.png  2362x856 -> 977x354 px (41.4% der Originalgr├Â├ƒe)
2026-09-11 15:35:55 [warn] "lagerplatz_05C28.png" wird auf unter 50% der Originalgr├Â├ƒe verkleinert. Die Barcode-Balken werden entsprechend d├╝nner ÔÇö vor dem vollst├ñndigen Lauf unbedingt mit einem echten Scanner testen (siehe README, Abschnitt "Produktionspr├╝fung").
2026-09-11 15:35:56 [info] Skaliert: lagerplatz_05C29.png  2362x856 -> 977x354 px (41.4% der Originalgr├Â├ƒe)
2026-09-11 15:35:56 [warn] "lagerplatz_05C29.png" wird auf unter 50% der Originalgr├Â├ƒe verkleinert. Die Barcode-Balken werden entsprechend d├╝nner ÔÇö vor dem vollst├ñndigen Lauf unbedingt mit einem echten Scanner testen (siehe README, Abschnitt "Produktionspr├╝fung").
2026-09-11 15:35:56 [info] Skaliert: lagerplatz_05C30.png  2362x856 -> 977x354 px (41.4% der Originalgr├Â├ƒe)
2026-09-11 15:35:56 [warn] "lagerplatz_05C30.png" wird auf unter 50% der Originalgr├Â├ƒe verkleinert. Die Barcode-Balken werden entsprechend d├╝nner ÔÇö vor dem vollst├ñndigen Lauf unbedingt mit einem echten Scanner testen (siehe README, Abschnitt "Produktionspr├╝fung").
2026-09-11 15:35:56 [info] Skaliert: lagerplatz_05C31.png  2362x856 -> 977x354 px (41.4% der Originalgr├Â├ƒe)
2026-09-11 15:35:56 [warn] "lagerplatz_05C31.png" wird auf unter 50% der Originalgr├Â├ƒe verkleinert. Die Barcode-Balken werden entsprechend d├╝nner ÔÇö vor dem vollst├ñndigen Lauf unbedingt mit einem echten Scanner testen (siehe README, Abschnitt "Produktionspr├╝fung").
2026-09-11 15:35:56 [info] Skaliert: lagerplatz_05C32.png  2362x856 -> 977x354 px (41.4% der Originalgr├Â├ƒe)
2026-09-11 15:35:56 [warn] "lagerplatz_05C32.png" wird auf unter 50% der Originalgr├Â├ƒe verkleinert. Die Barcode-Balken werden entsprechend d├╝nner ÔÇö vor dem vollst├ñndigen Lauf unbedingt mit einem echten Scanner testen (siehe README, Abschnitt "Produktionspr├╝fung").
2026-09-11 15:35:56 [info] Skaliert: lagerplatz_05C33.png  2362x856 -> 977x354 px (41.4% der Originalgr├Â├ƒe)
2026-09-11 15:35:56 [warn] "lagerplatz_05C33.png" wird auf unter 50% der Originalgr├Â├ƒe verkleinert. Die Barcode-Balken werden entsprechend d├╝nner ÔÇö vor dem vollst├ñndigen Lauf unbedingt mit einem echten Scanner testen (siehe README, Abschnitt "Produktionspr├╝fung").
2026-09-11 15:35:56 [info] Fertig. 77 skaliert, 0 ├╝bersprungen, 77 mit Gr├Â├ƒenwarnung. {"gesamtDauerMs":4498}

Was moechtest du als Naechstes tun?
  (1) Skalieren     - Schilder auf eine Zielhoehe (mm) skalieren
  (2) Pruefen       - Barcode scannen und Inhalt verifizieren
  (3) Konvertieren  - Bilder normalisieren (Transparenz entfernen, sRGB, 8-Bit-PNG)
  (0) Fertig / Verlassen



**********************
PowerShell transcript end
End time: 20260911153608
**********************
