**********************
PowerShell transcript start
Start time: 20260911153314
Username: MAXHAMBI\Max Hambi
RunAs User: MAXHAMBI\Max Hambi
Configuration Name: 
Machine: MAXHAMBI (Microsoft Windows NT 10.0.26200.0)
Host Application: C:\Program Files\PowerShell\7\pwsh.dll
Process ID: 18556
PSVersion: 7.6.5
PSEdition: Core
GitCommitId: 7.6.5
OS: Microsoft Windows 10.0.26200
Platform: Win32NT
PSCompatibleVersions: 1.0, 2.0, 3.0, 4.0, 5.0, 5.1, 6.0, 7.0
PSRemotingProtocolVersion: 2.4
SerializationVersion: 1.1.0.1
WSManStackVersion: 3.0
**********************
   ______          __    ______   ____     ________  _ __        __ 
  / ____/___  ____/ /__ <  /__ \ ( __ )   / ____/ /_(_) /_____  / /_
 / /   / __ \/ __  / _ \/ /__/ // __  |  / __/ / __/ / //_/ _ \/ __/
/ /___/ /_/ / /_/ /  __/ // __// /_/ /  / /___/ /_/ / ,< /  __/ /_  
\____/\____/\__,_/\___/_//____/\____/  /_____/\__/_/_/|_|\___/\__/  
   ______  __  ___              __  __                __    _       
  / ____ \/  |/  /___ __  __   / / / /___ _____ ___  / /_  (_)      
 / / __ `/ /|_/ / __ `/ |/_/  / /_/ / __ `/ __ `__ \/ __ \/ /       
/ / /_/ / /  / / /_/ />  <   / __  / /_/ / / / / / / /_/ / /        
\ \__,_/_/  /_/\__,_/_/|_|  /_/ /_/\__,_/_/ /_/ /_/_.___/_/         
 \____/


Starte Verarbeitung ...
  Eintraege     : C:\Lager\lager-barcode-generator\mv04.txt
  Vorlage       : C:\Lager\lager-barcode-generator\Templates\MV-ABC.png
  Ausgabe       : C:\Lager\lager-barcode-generator\output
  Ueberschreiben: True

2026-09-11 15:33:42 [info] Log-Datei: C:\Lager\lager-barcode-generator\log\barcode_20260911_153342_085.log
2026-09-11 15:33:42 [info] 77 Eintraege gefunden.
2026-09-11 15:33:42 [info] Vorlage: C:\Lager\lager-barcode-generator\Templates\MV-ABC.png
2026-09-11 15:33:42 [info] Ausgabe: C:\Lager\lager-barcode-generator\output
2026-09-11 15:33:42 [info] Erstellt: lagerplatz_04A01.png {"dauerMs":145}
2026-09-11 15:33:42 [info] Erstellt: lagerplatz_04A02.png {"dauerMs":128}
2026-09-11 15:33:42 [info] Erstellt: lagerplatz_04A03.png {"dauerMs":143}
2026-09-11 15:33:42 [info] Erstellt: lagerplatz_04A04.png {"dauerMs":137}
2026-09-11 15:33:42 [info] Erstellt: lagerplatz_04A05.png {"dauerMs":137}
2026-09-11 15:33:42 [info] Erstellt: lagerplatz_04A06.png {"dauerMs":142}
2026-09-11 15:33:43 [info] Erstellt: lagerplatz_04A07.png {"dauerMs":139}
2026-09-11 15:33:43 [info] Erstellt: lagerplatz_04A08.png {"dauerMs":128}
2026-09-11 15:33:43 [info] Erstellt: lagerplatz_04A09.png {"dauerMs":130}
2026-09-11 15:33:43 [info] Erstellt: lagerplatz_04A10.png {"dauerMs":138}
2026-09-11 15:33:43 [info] Erstellt: lagerplatz_04A11.png {"dauerMs":133}
2026-09-11 15:33:43 [info] Erstellt: lagerplatz_04A12.png {"dauerMs":110}
2026-09-11 15:33:43 [info] Erstellt: lagerplatz_04A13.png {"dauerMs":132}
2026-09-11 15:33:43 [info] Erstellt: lagerplatz_04A14.png {"dauerMs":138}
2026-09-11 15:33:44 [info] Erstellt: lagerplatz_04A15.png {"dauerMs":126}
2026-09-11 15:33:44 [info] Erstellt: lagerplatz_04A16.png {"dauerMs":117}
2026-09-11 15:33:44 [info] Erstellt: lagerplatz_04A17.png {"dauerMs":115}
2026-09-11 15:33:44 [info] Erstellt: lagerplatz_04A18.png {"dauerMs":113}
2026-09-11 15:33:44 [info] Erstellt: lagerplatz_04A19.png {"dauerMs":112}
2026-09-11 15:33:44 [info] Erstellt: lagerplatz_04A20.png {"dauerMs":112}
2026-09-11 15:33:44 [info] Erstellt: lagerplatz_04A21.png {"dauerMs":110}
2026-09-11 15:33:44 [info] Erstellt: lagerplatz_04A22.png {"dauerMs":104}
2026-09-11 15:33:45 [info] Erstellt: lagerplatz_04B01.png {"dauerMs":104}
2026-09-11 15:33:45 [info] Erstellt: lagerplatz_04B02.png {"dauerMs":112}
2026-09-11 15:33:45 [info] Erstellt: lagerplatz_04B03.png {"dauerMs":107}
2026-09-11 15:33:45 [info] Erstellt: lagerplatz_04B04.png {"dauerMs":116}
2026-09-11 15:33:45 [info] Erstellt: lagerplatz_04B05.png {"dauerMs":110}
2026-09-11 15:33:45 [info] Erstellt: lagerplatz_04B06.png {"dauerMs":109}
2026-09-11 15:33:45 [info] Erstellt: lagerplatz_04B07.png {"dauerMs":119}
2026-09-11 15:33:45 [info] Erstellt: lagerplatz_04B08.png {"dauerMs":107}
2026-09-11 15:33:45 [info] Erstellt: lagerplatz_04B09.png {"dauerMs":117}
2026-09-11 15:33:46 [info] Erstellt: lagerplatz_04B10.png {"dauerMs":121}
2026-09-11 15:33:46 [info] Erstellt: lagerplatz_04B11.png {"dauerMs":107}
2026-09-11 15:33:46 [info] Erstellt: lagerplatz_04B12.png {"dauerMs":108}
2026-09-11 15:33:46 [info] Erstellt: lagerplatz_04B13.png {"dauerMs":144}
2026-09-11 15:33:46 [info] Erstellt: lagerplatz_04B14.png {"dauerMs":177}
2026-09-11 15:33:46 [info] Erstellt: lagerplatz_04B15.png {"dauerMs":149}
2026-09-11 15:33:46 [info] Erstellt: lagerplatz_04B16.png {"dauerMs":145}
2026-09-11 15:33:46 [info] Erstellt: lagerplatz_04B17.png {"dauerMs":110}
2026-09-11 15:33:47 [info] Erstellt: lagerplatz_04B18.png {"dauerMs":105}
2026-09-11 15:33:47 [info] Erstellt: lagerplatz_04B19.png {"dauerMs":133}
2026-09-11 15:33:47 [info] Erstellt: lagerplatz_04B20.png {"dauerMs":132}
2026-09-11 15:33:47 [info] Erstellt: lagerplatz_04B21.png {"dauerMs":136}
2026-09-11 15:33:47 [info] Erstellt: lagerplatz_04B22.png {"dauerMs":124}
2026-09-11 15:33:47 [info] Erstellt: lagerplatz_04C01.png {"dauerMs":130}
2026-09-11 15:33:47 [info] Erstellt: lagerplatz_04C02.png {"dauerMs":133}
2026-09-11 15:33:47 [info] Erstellt: lagerplatz_04C03.png {"dauerMs":111}
2026-09-11 15:33:48 [info] Erstellt: lagerplatz_04C04.png {"dauerMs":103}
2026-09-11 15:33:48 [info] Erstellt: lagerplatz_04C05.png {"dauerMs":117}
2026-09-11 15:33:48 [info] Erstellt: lagerplatz_04C06.png {"dauerMs":112}
2026-09-11 15:33:48 [info] Erstellt: lagerplatz_04C07.png {"dauerMs":113}
2026-09-11 15:33:48 [info] Erstellt: lagerplatz_04C08.png {"dauerMs":116}
2026-09-11 15:33:48 [info] Erstellt: lagerplatz_04C09.png {"dauerMs":107}
2026-09-11 15:33:48 [info] Erstellt: lagerplatz_04C10.png {"dauerMs":113}
2026-09-11 15:33:48 [info] Erstellt: lagerplatz_04C11.png {"dauerMs":123}
2026-09-11 15:33:48 [info] Erstellt: lagerplatz_04C12.png {"dauerMs":102}
2026-09-11 15:33:49 [info] Erstellt: lagerplatz_04C13.png {"dauerMs":112}
2026-09-11 15:33:49 [info] Erstellt: lagerplatz_04C14.png {"dauerMs":104}
2026-09-11 15:33:49 [info] Erstellt: lagerplatz_04C15.png {"dauerMs":121}
2026-09-11 15:33:49 [info] Erstellt: lagerplatz_04C16.png {"dauerMs":183}
2026-09-11 15:33:49 [info] Erstellt: lagerplatz_04C17.png {"dauerMs":163}
2026-09-11 15:33:49 [info] Erstellt: lagerplatz_04C18.png {"dauerMs":142}
2026-09-11 15:33:49 [info] Erstellt: lagerplatz_04C19.png {"dauerMs":161}
2026-09-11 15:33:50 [info] Erstellt: lagerplatz_04C20.png {"dauerMs":143}
2026-09-11 15:33:50 [info] Erstellt: lagerplatz_04C21.png {"dauerMs":151}
2026-09-11 15:33:50 [info] Erstellt: lagerplatz_04C22.png {"dauerMs":131}
2026-09-11 15:33:50 [info] Erstellt: lagerplatz_04C23.png {"dauerMs":125}
2026-09-11 15:33:50 [info] Erstellt: lagerplatz_04C24.png {"dauerMs":101}
2026-09-11 15:33:50 [info] Erstellt: lagerplatz_04C25.png {"dauerMs":105}
2026-09-11 15:33:50 [info] Erstellt: lagerplatz_04C26.png {"dauerMs":107}
2026-09-11 15:33:50 [info] Erstellt: lagerplatz_04C27.png {"dauerMs":114}
2026-09-11 15:33:51 [info] Erstellt: lagerplatz_04C28.png {"dauerMs":113}
2026-09-11 15:33:51 [info] Erstellt: lagerplatz_04C29.png {"dauerMs":106}
2026-09-11 15:33:51 [info] Erstellt: lagerplatz_04C30.png {"dauerMs":108}
2026-09-11 15:33:51 [info] Erstellt: lagerplatz_04C31.png {"dauerMs":106}
2026-09-11 15:33:51 [info] Erstellt: lagerplatz_04C32.png {"dauerMs":105}
2026-09-11 15:33:51 [info] Erstellt: lagerplatz_04C33.png {"dauerMs":105}
2026-09-11 15:33:51 [info] Fertig. 77 erstellt, 0 uebersprungen. {"gesamtDauerMs":9518}

Fertig. Protokoll gespeichert unter: C:\Lager\lager-barcode-generator\logs\lauf_20260911_153314.log

Was moechtest du als Naechstes tun?
  (1) Skalieren     - Schilder auf eine Zielhoehe (mm) skalieren
  (2) Pruefen       - Barcode scannen und Inhalt verifizieren
  (3) Konvertieren  - Bilder normalisieren (Transparenz entfernen, sRGB, 8-Bit-PNG)
  (0) Fertig / Verlassen


2026-09-11 15:34:08 [info] Log-Datei: C:\Lager\lager-barcode-generator\log\skalieren_20260911_153408_304.log
2026-09-11 15:34:08 [info] Zielh├Âhe: 30 mm @ 300 DPI = 354 px
2026-09-11 15:34:08 [info] 77 Datei(en) werden verarbeitet.
2026-09-11 15:34:08 [info] Skaliert: lagerplatz_04A01.png  2362x856 -> 977x354 px (41.4% der Originalgr├Â├ƒe)
2026-09-11 15:34:08 [warn] "lagerplatz_04A01.png" wird auf unter 50% der Originalgr├Â├ƒe verkleinert. Die Barcode-Balken werden entsprechend d├╝nner ÔÇö vor dem vollst├ñndigen Lauf unbedingt mit einem echten Scanner testen (siehe README, Abschnitt "Produktionspr├╝fung").
2026-09-11 15:34:08 [info] Skaliert: lagerplatz_04A02.png  2362x856 -> 977x354 px (41.4% der Originalgr├Â├ƒe)
2026-09-11 15:34:08 [warn] "lagerplatz_04A02.png" wird auf unter 50% der Originalgr├Â├ƒe verkleinert. Die Barcode-Balken werden entsprechend d├╝nner ÔÇö vor dem vollst├ñndigen Lauf unbedingt mit einem echten Scanner testen (siehe README, Abschnitt "Produktionspr├╝fung").
2026-09-11 15:34:08 [info] Skaliert: lagerplatz_04A03.png  2362x856 -> 977x354 px (41.4% der Originalgr├Â├ƒe)
2026-09-11 15:34:08 [warn] "lagerplatz_04A03.png" wird auf unter 50% der Originalgr├Â├ƒe verkleinert. Die Barcode-Balken werden entsprechend d├╝nner ÔÇö vor dem vollst├ñndigen Lauf unbedingt mit einem echten Scanner testen (siehe README, Abschnitt "Produktionspr├╝fung").
2026-09-11 15:34:08 [info] Skaliert: lagerplatz_04A04.png  2362x856 -> 977x354 px (41.4% der Originalgr├Â├ƒe)
2026-09-11 15:34:08 [warn] "lagerplatz_04A04.png" wird auf unter 50% der Originalgr├Â├ƒe verkleinert. Die Barcode-Balken werden entsprechend d├╝nner ÔÇö vor dem vollst├ñndigen Lauf unbedingt mit einem echten Scanner testen (siehe README, Abschnitt "Produktionspr├╝fung").
2026-09-11 15:34:08 [info] Skaliert: lagerplatz_04A05.png  2362x856 -> 977x354 px (41.4% der Originalgr├Â├ƒe)
2026-09-11 15:34:08 [warn] "lagerplatz_04A05.png" wird auf unter 50% der Originalgr├Â├ƒe verkleinert. Die Barcode-Balken werden entsprechend d├╝nner ÔÇö vor dem vollst├ñndigen Lauf unbedingt mit einem echten Scanner testen (siehe README, Abschnitt "Produktionspr├╝fung").
2026-09-11 15:34:08 [info] Skaliert: lagerplatz_04A06.png  2362x856 -> 977x354 px (41.4% der Originalgr├Â├ƒe)
2026-09-11 15:34:08 [warn] "lagerplatz_04A06.png" wird auf unter 50% der Originalgr├Â├ƒe verkleinert. Die Barcode-Balken werden entsprechend d├╝nner ÔÇö vor dem vollst├ñndigen Lauf unbedingt mit einem echten Scanner testen (siehe README, Abschnitt "Produktionspr├╝fung").
2026-09-11 15:34:08 [info] Skaliert: lagerplatz_04A07.png  2362x856 -> 977x354 px (41.4% der Originalgr├Â├ƒe)
2026-09-11 15:34:08 [warn] "lagerplatz_04A07.png" wird auf unter 50% der Originalgr├Â├ƒe verkleinert. Die Barcode-Balken werden entsprechend d├╝nner ÔÇö vor dem vollst├ñndigen Lauf unbedingt mit einem echten Scanner testen (siehe README, Abschnitt "Produktionspr├╝fung").
2026-09-11 15:34:08 [info] Skaliert: lagerplatz_04A08.png  2362x856 -> 977x354 px (41.4% der Originalgr├Â├ƒe)
2026-09-11 15:34:08 [warn] "lagerplatz_04A08.png" wird auf unter 50% der Originalgr├Â├ƒe verkleinert. Die Barcode-Balken werden entsprechend d├╝nner ÔÇö vor dem vollst├ñndigen Lauf unbedingt mit einem echten Scanner testen (siehe README, Abschnitt "Produktionspr├╝fung").
2026-09-11 15:34:08 [info] Skaliert: lagerplatz_04A09.png  2362x856 -> 977x354 px (41.4% der Originalgr├Â├ƒe)
2026-09-11 15:34:08 [warn] "lagerplatz_04A09.png" wird auf unter 50% der Originalgr├Â├ƒe verkleinert. Die Barcode-Balken werden entsprechend d├╝nner ÔÇö vor dem vollst├ñndigen Lauf unbedingt mit einem echten Scanner testen (siehe README, Abschnitt "Produktionspr├╝fung").
2026-09-11 15:34:08 [info] Skaliert: lagerplatz_04A10.png  2362x856 -> 977x354 px (41.4% der Originalgr├Â├ƒe)
2026-09-11 15:34:08 [warn] "lagerplatz_04A10.png" wird auf unter 50% der Originalgr├Â├ƒe verkleinert. Die Barcode-Balken werden entsprechend d├╝nner ÔÇö vor dem vollst├ñndigen Lauf unbedingt mit einem echten Scanner testen (siehe README, Abschnitt "Produktionspr├╝fung").
2026-09-11 15:34:09 [info] Skaliert: lagerplatz_04A11.png  2362x856 -> 977x354 px (41.4% der Originalgr├Â├ƒe)
2026-09-11 15:34:09 [warn] "lagerplatz_04A11.png" wird auf unter 50% der Originalgr├Â├ƒe verkleinert. Die Barcode-Balken werden entsprechend d├╝nner ÔÇö vor dem vollst├ñndigen Lauf unbedingt mit einem echten Scanner testen (siehe README, Abschnitt "Produktionspr├╝fung").
2026-09-11 15:34:09 [info] Skaliert: lagerplatz_04A12.png  2362x856 -> 977x354 px (41.4% der Originalgr├Â├ƒe)
2026-09-11 15:34:09 [warn] "lagerplatz_04A12.png" wird auf unter 50% der Originalgr├Â├ƒe verkleinert. Die Barcode-Balken werden entsprechend d├╝nner ÔÇö vor dem vollst├ñndigen Lauf unbedingt mit einem echten Scanner testen (siehe README, Abschnitt "Produktionspr├╝fung").
2026-09-11 15:34:09 [info] Skaliert: lagerplatz_04A13.png  2362x856 -> 977x354 px (41.4% der Originalgr├Â├ƒe)
2026-09-11 15:34:09 [warn] "lagerplatz_04A13.png" wird auf unter 50% der Originalgr├Â├ƒe verkleinert. Die Barcode-Balken werden entsprechend d├╝nner ÔÇö vor dem vollst├ñndigen Lauf unbedingt mit einem echten Scanner testen (siehe README, Abschnitt "Produktionspr├╝fung").
2026-09-11 15:34:09 [info] Skaliert: lagerplatz_04A14.png  2362x856 -> 977x354 px (41.4% der Originalgr├Â├ƒe)
2026-09-11 15:34:09 [warn] "lagerplatz_04A14.png" wird auf unter 50% der Originalgr├Â├ƒe verkleinert. Die Barcode-Balken werden entsprechend d├╝nner ÔÇö vor dem vollst├ñndigen Lauf unbedingt mit einem echten Scanner testen (siehe README, Abschnitt "Produktionspr├╝fung").
2026-09-11 15:34:09 [info] Skaliert: lagerplatz_04A15.png  2362x856 -> 977x354 px (41.4% der Originalgr├Â├ƒe)
2026-09-11 15:34:09 [warn] "lagerplatz_04A15.png" wird auf unter 50% der Originalgr├Â├ƒe verkleinert. Die Barcode-Balken werden entsprechend d├╝nner ÔÇö vor dem vollst├ñndigen Lauf unbedingt mit einem echten Scanner testen (siehe README, Abschnitt "Produktionspr├╝fung").
2026-09-11 15:34:09 [info] Skaliert: lagerplatz_04A16.png  2362x856 -> 977x354 px (41.4% der Originalgr├Â├ƒe)
2026-09-11 15:34:09 [warn] "lagerplatz_04A16.png" wird auf unter 50% der Originalgr├Â├ƒe verkleinert. Die Barcode-Balken werden entsprechend d├╝nner ÔÇö vor dem vollst├ñndigen Lauf unbedingt mit einem echten Scanner testen (siehe README, Abschnitt "Produktionspr├╝fung").
2026-09-11 15:34:09 [info] Skaliert: lagerplatz_04A17.png  2362x856 -> 977x354 px (41.4% der Originalgr├Â├ƒe)
2026-09-11 15:34:09 [warn] "lagerplatz_04A17.png" wird auf unter 50% der Originalgr├Â├ƒe verkleinert. Die Barcode-Balken werden entsprechend d├╝nner ÔÇö vor dem vollst├ñndigen Lauf unbedingt mit einem echten Scanner testen (siehe README, Abschnitt "Produktionspr├╝fung").
2026-09-11 15:34:09 [info] Skaliert: lagerplatz_04A18.png  2362x856 -> 977x354 px (41.4% der Originalgr├Â├ƒe)
2026-09-11 15:34:09 [warn] "lagerplatz_04A18.png" wird auf unter 50% der Originalgr├Â├ƒe verkleinert. Die Barcode-Balken werden entsprechend d├╝nner ÔÇö vor dem vollst├ñndigen Lauf unbedingt mit einem echten Scanner testen (siehe README, Abschnitt "Produktionspr├╝fung").
2026-09-11 15:34:09 [info] Skaliert: lagerplatz_04A19.png  2362x856 -> 977x354 px (41.4% der Originalgr├Â├ƒe)
2026-09-11 15:34:09 [warn] "lagerplatz_04A19.png" wird auf unter 50% der Originalgr├Â├ƒe verkleinert. Die Barcode-Balken werden entsprechend d├╝nner ÔÇö vor dem vollst├ñndigen Lauf unbedingt mit einem echten Scanner testen (siehe README, Abschnitt "Produktionspr├╝fung").
2026-09-11 15:34:09 [info] Skaliert: lagerplatz_04A20.png  2362x856 -> 977x354 px (41.4% der Originalgr├Â├ƒe)
2026-09-11 15:34:09 [warn] "lagerplatz_04A20.png" wird auf unter 50% der Originalgr├Â├ƒe verkleinert. Die Barcode-Balken werden entsprechend d├╝nner ÔÇö vor dem vollst├ñndigen Lauf unbedingt mit einem echten Scanner testen (siehe README, Abschnitt "Produktionspr├╝fung").
2026-09-11 15:34:09 [info] Skaliert: lagerplatz_04A21.png  2362x856 -> 977x354 px (41.4% der Originalgr├Â├ƒe)
2026-09-11 15:34:09 [warn] "lagerplatz_04A21.png" wird auf unter 50% der Originalgr├Â├ƒe verkleinert. Die Barcode-Balken werden entsprechend d├╝nner ÔÇö vor dem vollst├ñndigen Lauf unbedingt mit einem echten Scanner testen (siehe README, Abschnitt "Produktionspr├╝fung").
2026-09-11 15:34:09 [info] Skaliert: lagerplatz_04A22.png  2362x856 -> 977x354 px (41.4% der Originalgr├Â├ƒe)
2026-09-11 15:34:09 [warn] "lagerplatz_04A22.png" wird auf unter 50% der Originalgr├Â├ƒe verkleinert. Die Barcode-Balken werden entsprechend d├╝nner ÔÇö vor dem vollst├ñndigen Lauf unbedingt mit einem echten Scanner testen (siehe README, Abschnitt "Produktionspr├╝fung").
2026-09-11 15:34:09 [info] Skaliert: lagerplatz_04B01.png  2362x856 -> 977x354 px (41.4% der Originalgr├Â├ƒe)
2026-09-11 15:34:09 [warn] "lagerplatz_04B01.png" wird auf unter 50% der Originalgr├Â├ƒe verkleinert. Die Barcode-Balken werden entsprechend d├╝nner ÔÇö vor dem vollst├ñndigen Lauf unbedingt mit einem echten Scanner testen (siehe README, Abschnitt "Produktionspr├╝fung").
2026-09-11 15:34:09 [info] Skaliert: lagerplatz_04B02.png  2362x856 -> 977x354 px (41.4% der Originalgr├Â├ƒe)
2026-09-11 15:34:09 [warn] "lagerplatz_04B02.png" wird auf unter 50% der Originalgr├Â├ƒe verkleinert. Die Barcode-Balken werden entsprechend d├╝nner ÔÇö vor dem vollst├ñndigen Lauf unbedingt mit einem echten Scanner testen (siehe README, Abschnitt "Produktionspr├╝fung").
2026-09-11 15:34:09 [info] Skaliert: lagerplatz_04B03.png  2362x856 -> 977x354 px (41.4% der Originalgr├Â├ƒe)
2026-09-11 15:34:09 [warn] "lagerplatz_04B03.png" wird auf unter 50% der Originalgr├Â├ƒe verkleinert. Die Barcode-Balken werden entsprechend d├╝nner ÔÇö vor dem vollst├ñndigen Lauf unbedingt mit einem echten Scanner testen (siehe README, Abschnitt "Produktionspr├╝fung").
2026-09-11 15:34:10 [info] Skaliert: lagerplatz_04B04.png  2362x856 -> 977x354 px (41.4% der Originalgr├Â├ƒe)
2026-09-11 15:34:10 [warn] "lagerplatz_04B04.png" wird auf unter 50% der Originalgr├Â├ƒe verkleinert. Die Barcode-Balken werden entsprechend d├╝nner ÔÇö vor dem vollst├ñndigen Lauf unbedingt mit einem echten Scanner testen (siehe README, Abschnitt "Produktionspr├╝fung").
2026-09-11 15:34:10 [info] Skaliert: lagerplatz_04B05.png  2362x856 -> 977x354 px (41.4% der Originalgr├Â├ƒe)
2026-09-11 15:34:10 [warn] "lagerplatz_04B05.png" wird auf unter 50% der Originalgr├Â├ƒe verkleinert. Die Barcode-Balken werden entsprechend d├╝nner ÔÇö vor dem vollst├ñndigen Lauf unbedingt mit einem echten Scanner testen (siehe README, Abschnitt "Produktionspr├╝fung").
2026-09-11 15:34:10 [info] Skaliert: lagerplatz_04B06.png  2362x856 -> 977x354 px (41.4% der Originalgr├Â├ƒe)
2026-09-11 15:34:10 [warn] "lagerplatz_04B06.png" wird auf unter 50% der Originalgr├Â├ƒe verkleinert. Die Barcode-Balken werden entsprechend d├╝nner ÔÇö vor dem vollst├ñndigen Lauf unbedingt mit einem echten Scanner testen (siehe README, Abschnitt "Produktionspr├╝fung").
2026-09-11 15:34:10 [info] Skaliert: lagerplatz_04B07.png  2362x856 -> 977x354 px (41.4% der Originalgr├Â├ƒe)
2026-09-11 15:34:10 [warn] "lagerplatz_04B07.png" wird auf unter 50% der Originalgr├Â├ƒe verkleinert. Die Barcode-Balken werden entsprechend d├╝nner ÔÇö vor dem vollst├ñndigen Lauf unbedingt mit einem echten Scanner testen (siehe README, Abschnitt "Produktionspr├╝fung").
2026-09-11 15:34:10 [info] Skaliert: lagerplatz_04B08.png  2362x856 -> 977x354 px (41.4% der Originalgr├Â├ƒe)
2026-09-11 15:34:10 [warn] "lagerplatz_04B08.png" wird auf unter 50% der Originalgr├Â├ƒe verkleinert. Die Barcode-Balken werden entsprechend d├╝nner ÔÇö vor dem vollst├ñndigen Lauf unbedingt mit einem echten Scanner testen (siehe README, Abschnitt "Produktionspr├╝fung").
2026-09-11 15:34:10 [info] Skaliert: lagerplatz_04B09.png  2362x856 -> 977x354 px (41.4% der Originalgr├Â├ƒe)
2026-09-11 15:34:10 [warn] "lagerplatz_04B09.png" wird auf unter 50% der Originalgr├Â├ƒe verkleinert. Die Barcode-Balken werden entsprechend d├╝nner ÔÇö vor dem vollst├ñndigen Lauf unbedingt mit einem echten Scanner testen (siehe README, Abschnitt "Produktionspr├╝fung").
2026-09-11 15:34:10 [info] Skaliert: lagerplatz_04B10.png  2362x856 -> 977x354 px (41.4% der Originalgr├Â├ƒe)
2026-09-11 15:34:10 [warn] "lagerplatz_04B10.png" wird auf unter 50% der Originalgr├Â├ƒe verkleinert. Die Barcode-Balken werden entsprechend d├╝nner ÔÇö vor dem vollst├ñndigen Lauf unbedingt mit einem echten Scanner testen (siehe README, Abschnitt "Produktionspr├╝fung").
2026-09-11 15:34:10 [info] Skaliert: lagerplatz_04B11.png  2362x856 -> 977x354 px (41.4% der Originalgr├Â├ƒe)
2026-09-11 15:34:10 [warn] "lagerplatz_04B11.png" wird auf unter 50% der Originalgr├Â├ƒe verkleinert. Die Barcode-Balken werden entsprechend d├╝nner ÔÇö vor dem vollst├ñndigen Lauf unbedingt mit einem echten Scanner testen (siehe README, Abschnitt "Produktionspr├╝fung").
2026-09-11 15:34:10 [info] Skaliert: lagerplatz_04B12.png  2362x856 -> 977x354 px (41.4% der Originalgr├Â├ƒe)
2026-09-11 15:34:10 [warn] "lagerplatz_04B12.png" wird auf unter 50% der Originalgr├Â├ƒe verkleinert. Die Barcode-Balken werden entsprechend d├╝nner ÔÇö vor dem vollst├ñndigen Lauf unbedingt mit einem echten Scanner testen (siehe README, Abschnitt "Produktionspr├╝fung").
2026-09-11 15:34:10 [info] Skaliert: lagerplatz_04B13.png  2362x856 -> 977x354 px (41.4% der Originalgr├Â├ƒe)
2026-09-11 15:34:10 [warn] "lagerplatz_04B13.png" wird auf unter 50% der Originalgr├Â├ƒe verkleinert. Die Barcode-Balken werden entsprechend d├╝nner ÔÇö vor dem vollst├ñndigen Lauf unbedingt mit einem echten Scanner testen (siehe README, Abschnitt "Produktionspr├╝fung").
2026-09-11 15:34:10 [info] Skaliert: lagerplatz_04B14.png  2362x856 -> 977x354 px (41.4% der Originalgr├Â├ƒe)
2026-09-11 15:34:10 [warn] "lagerplatz_04B14.png" wird auf unter 50% der Originalgr├Â├ƒe verkleinert. Die Barcode-Balken werden entsprechend d├╝nner ÔÇö vor dem vollst├ñndigen Lauf unbedingt mit einem echten Scanner testen (siehe README, Abschnitt "Produktionspr├╝fung").
2026-09-11 15:34:10 [info] Skaliert: lagerplatz_04B15.png  2362x856 -> 977x354 px (41.4% der Originalgr├Â├ƒe)
2026-09-11 15:34:10 [warn] "lagerplatz_04B15.png" wird auf unter 50% der Originalgr├Â├ƒe verkleinert. Die Barcode-Balken werden entsprechend d├╝nner ÔÇö vor dem vollst├ñndigen Lauf unbedingt mit einem echten Scanner testen (siehe README, Abschnitt "Produktionspr├╝fung").
2026-09-11 15:34:10 [info] Skaliert: lagerplatz_04B16.png  2362x856 -> 977x354 px (41.4% der Originalgr├Â├ƒe)
2026-09-11 15:34:10 [warn] "lagerplatz_04B16.png" wird auf unter 50% der Originalgr├Â├ƒe verkleinert. Die Barcode-Balken werden entsprechend d├╝nner ÔÇö vor dem vollst├ñndigen Lauf unbedingt mit einem echten Scanner testen (siehe README, Abschnitt "Produktionspr├╝fung").
2026-09-11 15:34:10 [info] Skaliert: lagerplatz_04B17.png  2362x856 -> 977x354 px (41.4% der Originalgr├Â├ƒe)
2026-09-11 15:34:10 [warn] "lagerplatz_04B17.png" wird auf unter 50% der Originalgr├Â├ƒe verkleinert. Die Barcode-Balken werden entsprechend d├╝nner ÔÇö vor dem vollst├ñndigen Lauf unbedingt mit einem echten Scanner testen (siehe README, Abschnitt "Produktionspr├╝fung").
2026-09-11 15:34:10 [info] Skaliert: lagerplatz_04B18.png  2362x856 -> 977x354 px (41.4% der Originalgr├Â├ƒe)
2026-09-11 15:34:10 [warn] "lagerplatz_04B18.png" wird auf unter 50% der Originalgr├Â├ƒe verkleinert. Die Barcode-Balken werden entsprechend d├╝nner ÔÇö vor dem vollst├ñndigen Lauf unbedingt mit einem echten Scanner testen (siehe README, Abschnitt "Produktionspr├╝fung").
2026-09-11 15:34:10 [info] Skaliert: lagerplatz_04B19.png  2362x856 -> 977x354 px (41.4% der Originalgr├Â├ƒe)
2026-09-11 15:34:10 [warn] "lagerplatz_04B19.png" wird auf unter 50% der Originalgr├Â├ƒe verkleinert. Die Barcode-Balken werden entsprechend d├╝nner ÔÇö vor dem vollst├ñndigen Lauf unbedingt mit einem echten Scanner testen (siehe README, Abschnitt "Produktionspr├╝fung").
2026-09-11 15:34:10 [info] Skaliert: lagerplatz_04B20.png  2362x856 -> 977x354 px (41.4% der Originalgr├Â├ƒe)
2026-09-11 15:34:10 [warn] "lagerplatz_04B20.png" wird auf unter 50% der Originalgr├Â├ƒe verkleinert. Die Barcode-Balken werden entsprechend d├╝nner ÔÇö vor dem vollst├ñndigen Lauf unbedingt mit einem echten Scanner testen (siehe README, Abschnitt "Produktionspr├╝fung").
2026-09-11 15:34:10 [info] Skaliert: lagerplatz_04B21.png  2362x856 -> 977x354 px (41.4% der Originalgr├Â├ƒe)
2026-09-11 15:34:10 [warn] "lagerplatz_04B21.png" wird auf unter 50% der Originalgr├Â├ƒe verkleinert. Die Barcode-Balken werden entsprechend d├╝nner ÔÇö vor dem vollst├ñndigen Lauf unbedingt mit einem echten Scanner testen (siehe README, Abschnitt "Produktionspr├╝fung").
2026-09-11 15:34:11 [info] Skaliert: lagerplatz_04B22.png  2362x856 -> 977x354 px (41.4% der Originalgr├Â├ƒe)
2026-09-11 15:34:11 [warn] "lagerplatz_04B22.png" wird auf unter 50% der Originalgr├Â├ƒe verkleinert. Die Barcode-Balken werden entsprechend d├╝nner ÔÇö vor dem vollst├ñndigen Lauf unbedingt mit einem echten Scanner testen (siehe README, Abschnitt "Produktionspr├╝fung").
2026-09-11 15:34:11 [info] Skaliert: lagerplatz_04C01.png  2362x856 -> 977x354 px (41.4% der Originalgr├Â├ƒe)
2026-09-11 15:34:11 [warn] "lagerplatz_04C01.png" wird auf unter 50% der Originalgr├Â├ƒe verkleinert. Die Barcode-Balken werden entsprechend d├╝nner ÔÇö vor dem vollst├ñndigen Lauf unbedingt mit einem echten Scanner testen (siehe README, Abschnitt "Produktionspr├╝fung").
2026-09-11 15:34:11 [info] Skaliert: lagerplatz_04C02.png  2362x856 -> 977x354 px (41.4% der Originalgr├Â├ƒe)
2026-09-11 15:34:11 [warn] "lagerplatz_04C02.png" wird auf unter 50% der Originalgr├Â├ƒe verkleinert. Die Barcode-Balken werden entsprechend d├╝nner ÔÇö vor dem vollst├ñndigen Lauf unbedingt mit einem echten Scanner testen (siehe README, Abschnitt "Produktionspr├╝fung").
2026-09-11 15:34:11 [info] Skaliert: lagerplatz_04C03.png  2362x856 -> 977x354 px (41.4% der Originalgr├Â├ƒe)
2026-09-11 15:34:11 [warn] "lagerplatz_04C03.png" wird auf unter 50% der Originalgr├Â├ƒe verkleinert. Die Barcode-Balken werden entsprechend d├╝nner ÔÇö vor dem vollst├ñndigen Lauf unbedingt mit einem echten Scanner testen (siehe README, Abschnitt "Produktionspr├╝fung").
2026-09-11 15:34:11 [info] Skaliert: lagerplatz_04C04.png  2362x856 -> 977x354 px (41.4% der Originalgr├Â├ƒe)
2026-09-11 15:34:11 [warn] "lagerplatz_04C04.png" wird auf unter 50% der Originalgr├Â├ƒe verkleinert. Die Barcode-Balken werden entsprechend d├╝nner ÔÇö vor dem vollst├ñndigen Lauf unbedingt mit einem echten Scanner testen (siehe README, Abschnitt "Produktionspr├╝fung").
2026-09-11 15:34:11 [info] Skaliert: lagerplatz_04C05.png  2362x856 -> 977x354 px (41.4% der Originalgr├Â├ƒe)
2026-09-11 15:34:11 [warn] "lagerplatz_04C05.png" wird auf unter 50% der Originalgr├Â├ƒe verkleinert. Die Barcode-Balken werden entsprechend d├╝nner ÔÇö vor dem vollst├ñndigen Lauf unbedingt mit einem echten Scanner testen (siehe README, Abschnitt "Produktionspr├╝fung").
2026-09-11 15:34:11 [info] Skaliert: lagerplatz_04C06.png  2362x856 -> 977x354 px (41.4% der Originalgr├Â├ƒe)
2026-09-11 15:34:11 [warn] "lagerplatz_04C06.png" wird auf unter 50% der Originalgr├Â├ƒe verkleinert. Die Barcode-Balken werden entsprechend d├╝nner ÔÇö vor dem vollst├ñndigen Lauf unbedingt mit einem echten Scanner testen (siehe README, Abschnitt "Produktionspr├╝fung").
2026-09-11 15:34:11 [info] Skaliert: lagerplatz_04C07.png  2362x856 -> 977x354 px (41.4% der Originalgr├Â├ƒe)
2026-09-11 15:34:11 [warn] "lagerplatz_04C07.png" wird auf unter 50% der Originalgr├Â├ƒe verkleinert. Die Barcode-Balken werden entsprechend d├╝nner ÔÇö vor dem vollst├ñndigen Lauf unbedingt mit einem echten Scanner testen (siehe README, Abschnitt "Produktionspr├╝fung").
2026-09-11 15:34:11 [info] Skaliert: lagerplatz_04C08.png  2362x856 -> 977x354 px (41.4% der Originalgr├Â├ƒe)
2026-09-11 15:34:11 [warn] "lagerplatz_04C08.png" wird auf unter 50% der Originalgr├Â├ƒe verkleinert. Die Barcode-Balken werden entsprechend d├╝nner ÔÇö vor dem vollst├ñndigen Lauf unbedingt mit einem echten Scanner testen (siehe README, Abschnitt "Produktionspr├╝fung").
2026-09-11 15:34:11 [info] Skaliert: lagerplatz_04C09.png  2362x856 -> 977x354 px (41.4% der Originalgr├Â├ƒe)
2026-09-11 15:34:11 [warn] "lagerplatz_04C09.png" wird auf unter 50% der Originalgr├Â├ƒe verkleinert. Die Barcode-Balken werden entsprechend d├╝nner ÔÇö vor dem vollst├ñndigen Lauf unbedingt mit einem echten Scanner testen (siehe README, Abschnitt "Produktionspr├╝fung").
2026-09-11 15:34:11 [info] Skaliert: lagerplatz_04C10.png  2362x856 -> 977x354 px (41.4% der Originalgr├Â├ƒe)
2026-09-11 15:34:11 [warn] "lagerplatz_04C10.png" wird auf unter 50% der Originalgr├Â├ƒe verkleinert. Die Barcode-Balken werden entsprechend d├╝nner ÔÇö vor dem vollst├ñndigen Lauf unbedingt mit einem echten Scanner testen (siehe README, Abschnitt "Produktionspr├╝fung").
2026-09-11 15:34:11 [info] Skaliert: lagerplatz_04C11.png  2362x856 -> 977x354 px (41.4% der Originalgr├Â├ƒe)
2026-09-11 15:34:11 [warn] "lagerplatz_04C11.png" wird auf unter 50% der Originalgr├Â├ƒe verkleinert. Die Barcode-Balken werden entsprechend d├╝nner ÔÇö vor dem vollst├ñndigen Lauf unbedingt mit einem echten Scanner testen (siehe README, Abschnitt "Produktionspr├╝fung").
2026-09-11 15:34:11 [info] Skaliert: lagerplatz_04C12.png  2362x856 -> 977x354 px (41.4% der Originalgr├Â├ƒe)
2026-09-11 15:34:11 [warn] "lagerplatz_04C12.png" wird auf unter 50% der Originalgr├Â├ƒe verkleinert. Die Barcode-Balken werden entsprechend d├╝nner ÔÇö vor dem vollst├ñndigen Lauf unbedingt mit einem echten Scanner testen (siehe README, Abschnitt "Produktionspr├╝fung").
2026-09-11 15:34:11 [info] Skaliert: lagerplatz_04C13.png  2362x856 -> 977x354 px (41.4% der Originalgr├Â├ƒe)
2026-09-11 15:34:11 [warn] "lagerplatz_04C13.png" wird auf unter 50% der Originalgr├Â├ƒe verkleinert. Die Barcode-Balken werden entsprechend d├╝nner ÔÇö vor dem vollst├ñndigen Lauf unbedingt mit einem echten Scanner testen (siehe README, Abschnitt "Produktionspr├╝fung").
2026-09-11 15:34:11 [info] Skaliert: lagerplatz_04C14.png  2362x856 -> 977x354 px (41.4% der Originalgr├Â├ƒe)
2026-09-11 15:34:11 [warn] "lagerplatz_04C14.png" wird auf unter 50% der Originalgr├Â├ƒe verkleinert. Die Barcode-Balken werden entsprechend d├╝nner ÔÇö vor dem vollst├ñndigen Lauf unbedingt mit einem echten Scanner testen (siehe README, Abschnitt "Produktionspr├╝fung").
2026-09-11 15:34:11 [info] Skaliert: lagerplatz_04C15.png  2362x856 -> 977x354 px (41.4% der Originalgr├Â├ƒe)
2026-09-11 15:34:11 [warn] "lagerplatz_04C15.png" wird auf unter 50% der Originalgr├Â├ƒe verkleinert. Die Barcode-Balken werden entsprechend d├╝nner ÔÇö vor dem vollst├ñndigen Lauf unbedingt mit einem echten Scanner testen (siehe README, Abschnitt "Produktionspr├╝fung").
2026-09-11 15:34:11 [info] Skaliert: lagerplatz_04C16.png  2362x856 -> 977x354 px (41.4% der Originalgr├Â├ƒe)
2026-09-11 15:34:11 [warn] "lagerplatz_04C16.png" wird auf unter 50% der Originalgr├Â├ƒe verkleinert. Die Barcode-Balken werden entsprechend d├╝nner ÔÇö vor dem vollst├ñndigen Lauf unbedingt mit einem echten Scanner testen (siehe README, Abschnitt "Produktionspr├╝fung").
2026-09-11 15:34:11 [info] Skaliert: lagerplatz_04C17.png  2362x856 -> 977x354 px (41.4% der Originalgr├Â├ƒe)
2026-09-11 15:34:11 [warn] "lagerplatz_04C17.png" wird auf unter 50% der Originalgr├Â├ƒe verkleinert. Die Barcode-Balken werden entsprechend d├╝nner ÔÇö vor dem vollst├ñndigen Lauf unbedingt mit einem echten Scanner testen (siehe README, Abschnitt "Produktionspr├╝fung").
2026-09-11 15:34:11 [info] Skaliert: lagerplatz_04C18.png  2362x856 -> 977x354 px (41.4% der Originalgr├Â├ƒe)
2026-09-11 15:34:11 [warn] "lagerplatz_04C18.png" wird auf unter 50% der Originalgr├Â├ƒe verkleinert. Die Barcode-Balken werden entsprechend d├╝nner ÔÇö vor dem vollst├ñndigen Lauf unbedingt mit einem echten Scanner testen (siehe README, Abschnitt "Produktionspr├╝fung").
2026-09-11 15:34:12 [info] Skaliert: lagerplatz_04C19.png  2362x856 -> 977x354 px (41.4% der Originalgr├Â├ƒe)
2026-09-11 15:34:12 [warn] "lagerplatz_04C19.png" wird auf unter 50% der Originalgr├Â├ƒe verkleinert. Die Barcode-Balken werden entsprechend d├╝nner ÔÇö vor dem vollst├ñndigen Lauf unbedingt mit einem echten Scanner testen (siehe README, Abschnitt "Produktionspr├╝fung").
2026-09-11 15:34:12 [info] Skaliert: lagerplatz_04C20.png  2362x856 -> 977x354 px (41.4% der Originalgr├Â├ƒe)
2026-09-11 15:34:12 [warn] "lagerplatz_04C20.png" wird auf unter 50% der Originalgr├Â├ƒe verkleinert. Die Barcode-Balken werden entsprechend d├╝nner ÔÇö vor dem vollst├ñndigen Lauf unbedingt mit einem echten Scanner testen (siehe README, Abschnitt "Produktionspr├╝fung").
2026-09-11 15:34:12 [info] Skaliert: lagerplatz_04C21.png  2362x856 -> 977x354 px (41.4% der Originalgr├Â├ƒe)
2026-09-11 15:34:12 [warn] "lagerplatz_04C21.png" wird auf unter 50% der Originalgr├Â├ƒe verkleinert. Die Barcode-Balken werden entsprechend d├╝nner ÔÇö vor dem vollst├ñndigen Lauf unbedingt mit einem echten Scanner testen (siehe README, Abschnitt "Produktionspr├╝fung").
2026-09-11 15:34:12 [info] Skaliert: lagerplatz_04C22.png  2362x856 -> 977x354 px (41.4% der Originalgr├Â├ƒe)
2026-09-11 15:34:12 [warn] "lagerplatz_04C22.png" wird auf unter 50% der Originalgr├Â├ƒe verkleinert. Die Barcode-Balken werden entsprechend d├╝nner ÔÇö vor dem vollst├ñndigen Lauf unbedingt mit einem echten Scanner testen (siehe README, Abschnitt "Produktionspr├╝fung").
2026-09-11 15:34:12 [info] Skaliert: lagerplatz_04C23.png  2362x856 -> 977x354 px (41.4% der Originalgr├Â├ƒe)
2026-09-11 15:34:12 [warn] "lagerplatz_04C23.png" wird auf unter 50% der Originalgr├Â├ƒe verkleinert. Die Barcode-Balken werden entsprechend d├╝nner ÔÇö vor dem vollst├ñndigen Lauf unbedingt mit einem echten Scanner testen (siehe README, Abschnitt "Produktionspr├╝fung").
2026-09-11 15:34:12 [info] Skaliert: lagerplatz_04C24.png  2362x856 -> 977x354 px (41.4% der Originalgr├Â├ƒe)
2026-09-11 15:34:12 [warn] "lagerplatz_04C24.png" wird auf unter 50% der Originalgr├Â├ƒe verkleinert. Die Barcode-Balken werden entsprechend d├╝nner ÔÇö vor dem vollst├ñndigen Lauf unbedingt mit einem echten Scanner testen (siehe README, Abschnitt "Produktionspr├╝fung").
2026-09-11 15:34:12 [info] Skaliert: lagerplatz_04C25.png  2362x856 -> 977x354 px (41.4% der Originalgr├Â├ƒe)
2026-09-11 15:34:12 [warn] "lagerplatz_04C25.png" wird auf unter 50% der Originalgr├Â├ƒe verkleinert. Die Barcode-Balken werden entsprechend d├╝nner ÔÇö vor dem vollst├ñndigen Lauf unbedingt mit einem echten Scanner testen (siehe README, Abschnitt "Produktionspr├╝fung").
2026-09-11 15:34:12 [info] Skaliert: lagerplatz_04C26.png  2362x856 -> 977x354 px (41.4% der Originalgr├Â├ƒe)
2026-09-11 15:34:12 [warn] "lagerplatz_04C26.png" wird auf unter 50% der Originalgr├Â├ƒe verkleinert. Die Barcode-Balken werden entsprechend d├╝nner ÔÇö vor dem vollst├ñndigen Lauf unbedingt mit einem echten Scanner testen (siehe README, Abschnitt "Produktionspr├╝fung").
2026-09-11 15:34:12 [info] Skaliert: lagerplatz_04C27.png  2362x856 -> 977x354 px (41.4% der Originalgr├Â├ƒe)
2026-09-11 15:34:12 [warn] "lagerplatz_04C27.png" wird auf unter 50% der Originalgr├Â├ƒe verkleinert. Die Barcode-Balken werden entsprechend d├╝nner ÔÇö vor dem vollst├ñndigen Lauf unbedingt mit einem echten Scanner testen (siehe README, Abschnitt "Produktionspr├╝fung").
2026-09-11 15:34:12 [info] Skaliert: lagerplatz_04C28.png  2362x856 -> 977x354 px (41.4% der Originalgr├Â├ƒe)
2026-09-11 15:34:12 [warn] "lagerplatz_04C28.png" wird auf unter 50% der Originalgr├Â├ƒe verkleinert. Die Barcode-Balken werden entsprechend d├╝nner ÔÇö vor dem vollst├ñndigen Lauf unbedingt mit einem echten Scanner testen (siehe README, Abschnitt "Produktionspr├╝fung").
2026-09-11 15:34:12 [info] Skaliert: lagerplatz_04C29.png  2362x856 -> 977x354 px (41.4% der Originalgr├Â├ƒe)
2026-09-11 15:34:12 [warn] "lagerplatz_04C29.png" wird auf unter 50% der Originalgr├Â├ƒe verkleinert. Die Barcode-Balken werden entsprechend d├╝nner ÔÇö vor dem vollst├ñndigen Lauf unbedingt mit einem echten Scanner testen (siehe README, Abschnitt "Produktionspr├╝fung").
2026-09-11 15:34:12 [info] Skaliert: lagerplatz_04C30.png  2362x856 -> 977x354 px (41.4% der Originalgr├Â├ƒe)
2026-09-11 15:34:12 [warn] "lagerplatz_04C30.png" wird auf unter 50% der Originalgr├Â├ƒe verkleinert. Die Barcode-Balken werden entsprechend d├╝nner ÔÇö vor dem vollst├ñndigen Lauf unbedingt mit einem echten Scanner testen (siehe README, Abschnitt "Produktionspr├╝fung").
2026-09-11 15:34:12 [info] Skaliert: lagerplatz_04C31.png  2362x856 -> 977x354 px (41.4% der Originalgr├Â├ƒe)
2026-09-11 15:34:12 [warn] "lagerplatz_04C31.png" wird auf unter 50% der Originalgr├Â├ƒe verkleinert. Die Barcode-Balken werden entsprechend d├╝nner ÔÇö vor dem vollst├ñndigen Lauf unbedingt mit einem echten Scanner testen (siehe README, Abschnitt "Produktionspr├╝fung").
2026-09-11 15:34:12 [info] Skaliert: lagerplatz_04C32.png  2362x856 -> 977x354 px (41.4% der Originalgr├Â├ƒe)
2026-09-11 15:34:12 [warn] "lagerplatz_04C32.png" wird auf unter 50% der Originalgr├Â├ƒe verkleinert. Die Barcode-Balken werden entsprechend d├╝nner ÔÇö vor dem vollst├ñndigen Lauf unbedingt mit einem echten Scanner testen (siehe README, Abschnitt "Produktionspr├╝fung").
2026-09-11 15:34:12 [info] Skaliert: lagerplatz_04C33.png  2362x856 -> 977x354 px (41.4% der Originalgr├Â├ƒe)
2026-09-11 15:34:12 [warn] "lagerplatz_04C33.png" wird auf unter 50% der Originalgr├Â├ƒe verkleinert. Die Barcode-Balken werden entsprechend d├╝nner ÔÇö vor dem vollst├ñndigen Lauf unbedingt mit einem echten Scanner testen (siehe README, Abschnitt "Produktionspr├╝fung").
2026-09-11 15:34:12 [info] Fertig. 77 skaliert, 0 ├╝bersprungen, 77 mit Gr├Â├ƒenwarnung. {"gesamtDauerMs":4444}

Was moechtest du als Naechstes tun?
  (1) Skalieren     - Schilder auf eine Zielhoehe (mm) skalieren
  (2) Pruefen       - Barcode scannen und Inhalt verifizieren
  (3) Konvertieren  - Bilder normalisieren (Transparenz entfernen, sRGB, 8-Bit-PNG)
  (0) Fertig / Verlassen



**********************
PowerShell transcript end
End time: 20260911153418
**********************
