**********************
PowerShell transcript start
Start time: 20260911152332
Username: MAXHAMBI\Max Hambi
RunAs User: MAXHAMBI\Max Hambi
Configuration Name: 
Machine: MAXHAMBI (Microsoft Windows NT 10.0.26200.0)
Host Application: C:\Program Files\PowerShell\7\pwsh.dll
Process ID: 18556
PSVersion: 7.6.5
PSEdition: Core
GitCommitId: 7.6.5
OS: Microsoft Windows 10.0.26200
Platform: Win32NT
PSCompatibleVersions: 1.0, 2.0, 3.0, 4.0, 5.0, 5.1, 6.0, 7.0
PSRemotingProtocolVersion: 2.4
SerializationVersion: 1.1.0.1
WSManStackVersion: 3.0
**********************
   ______          __    ______   ____     ________  _ __        __ 
  / ____/___  ____/ /__ <  /__ \ ( __ )   / ____/ /_(_) /_____  / /_
 / /   / __ \/ __  / _ \/ /__/ // __  |  / __/ / __/ / //_/ _ \/ __/
/ /___/ /_/ / /_/ /  __/ // __// /_/ /  / /___/ /_/ / ,< /  __/ /_  
\____/\____/\__,_/\___/_//____/\____/  /_____/\__/_/_/|_|\___/\__/  
   ______  __  ___              __  __                __    _       
  / ____ \/  |/  /___ __  __   / / / /___ _____ ___  / /_  (_)      
 / / __ `/ /|_/ / __ `/ |/_/  / /_/ / __ `/ __ `__ \/ __ \/ /       
/ / /_/ / /  / / /_/ />  <   / __  / /_/ / / / / / / /_/ / /        
\ \__,_/_/  /_/\__,_/_/|_|  /_/ /_/\__,_/_/ /_/ /_/_.___/_/         
 \____/


Starte Verarbeitung ...
  Eintraege     : C:\Lager\lager-barcode-generator\mv02.txt
  Vorlage       : C:\Lager\lager-barcode-generator\Templates\MV-ABC.png
  Ausgabe       : C:\Lager\lager-barcode-generator\output
  Ueberschreiben: True

2026-09-11 15:24:09 [info] Log-Datei: C:\Lager\lager-barcode-generator\log\barcode_20260911_152409_183.log
2026-09-11 15:24:09 [info] 77 Eintraege gefunden.
2026-09-11 15:24:09 [info] Vorlage: C:\Lager\lager-barcode-generator\Templates\MV-ABC.png
2026-09-11 15:24:09 [info] Ausgabe: C:\Lager\lager-barcode-generator\output
2026-09-11 15:24:09 [info] Erstellt: lagerplatz_02A01.png {"dauerMs":133}
2026-09-11 15:24:09 [info] Erstellt: lagerplatz_02A02.png {"dauerMs":127}
2026-09-11 15:24:09 [info] Erstellt: lagerplatz_02A03.png {"dauerMs":136}
2026-09-11 15:24:09 [info] Erstellt: lagerplatz_02A04.png {"dauerMs":127}
2026-09-11 15:24:09 [info] Erstellt: lagerplatz_02A05.png {"dauerMs":129}
2026-09-11 15:24:09 [info] Erstellt: lagerplatz_02A06.png {"dauerMs":131}
2026-09-11 15:24:10 [info] Erstellt: lagerplatz_02A07.png {"dauerMs":130}
2026-09-11 15:24:10 [info] Erstellt: lagerplatz_02A08.png {"dauerMs":129}
2026-09-11 15:24:10 [info] Erstellt: lagerplatz_02A09.png {"dauerMs":128}
2026-09-11 15:24:10 [info] Erstellt: lagerplatz_02A10.png {"dauerMs":118}
2026-09-11 15:24:10 [info] Erstellt: lagerplatz_02A11.png {"dauerMs":123}
2026-09-11 15:24:10 [info] Erstellt: lagerplatz_02A12.png {"dauerMs":104}
2026-09-11 15:24:10 [info] Erstellt: lagerplatz_02A13.png {"dauerMs":114}
2026-09-11 15:24:10 [info] Erstellt: lagerplatz_02A14.png {"dauerMs":128}
2026-09-11 15:24:11 [info] Erstellt: lagerplatz_02A15.png {"dauerMs":126}
2026-09-11 15:24:11 [info] Erstellt: lagerplatz_02A16.png {"dauerMs":127}
2026-09-11 15:24:11 [info] Erstellt: lagerplatz_02A17.png {"dauerMs":108}
2026-09-11 15:24:11 [info] Erstellt: lagerplatz_02A18.png {"dauerMs":103}
2026-09-11 15:24:11 [info] Erstellt: lagerplatz_02A19.png {"dauerMs":106}
2026-09-11 15:24:11 [info] Erstellt: lagerplatz_02A20.png {"dauerMs":107}
2026-09-11 15:24:11 [info] Erstellt: lagerplatz_02A21.png {"dauerMs":112}
2026-09-11 15:24:11 [info] Erstellt: lagerplatz_02A22.png {"dauerMs":104}
2026-09-11 15:24:11 [info] Erstellt: lagerplatz_02B01.png {"dauerMs":107}
2026-09-11 15:24:12 [info] Erstellt: lagerplatz_02B02.png {"dauerMs":104}
2026-09-11 15:24:12 [info] Erstellt: lagerplatz_02B03.png {"dauerMs":107}
2026-09-11 15:24:12 [info] Erstellt: lagerplatz_02B04.png {"dauerMs":111}
2026-09-11 15:24:12 [info] Erstellt: lagerplatz_02B05.png {"dauerMs":102}
2026-09-11 15:24:12 [info] Erstellt: lagerplatz_02B06.png {"dauerMs":101}
2026-09-11 15:24:12 [info] Erstellt: lagerplatz_02B07.png {"dauerMs":110}
2026-09-11 15:24:12 [info] Erstellt: lagerplatz_02B08.png {"dauerMs":113}
2026-09-11 15:24:12 [info] Erstellt: lagerplatz_02B09.png {"dauerMs":101}
2026-09-11 15:24:12 [info] Erstellt: lagerplatz_02B10.png {"dauerMs":102}
2026-09-11 15:24:13 [info] Erstellt: lagerplatz_02B11.png {"dauerMs":100}
2026-09-11 15:24:13 [info] Erstellt: lagerplatz_02B12.png {"dauerMs":102}
2026-09-11 15:24:13 [info] Erstellt: lagerplatz_02B13.png {"dauerMs":109}
2026-09-11 15:24:13 [info] Erstellt: lagerplatz_02B14.png {"dauerMs":98}
2026-09-11 15:24:13 [info] Erstellt: lagerplatz_02B15.png {"dauerMs":152}
2026-09-11 15:24:13 [info] Erstellt: lagerplatz_02B16.png {"dauerMs":162}
2026-09-11 15:24:13 [info] Erstellt: lagerplatz_02B17.png {"dauerMs":114}
2026-09-11 15:24:13 [info] Erstellt: lagerplatz_02B18.png {"dauerMs":156}
2026-09-11 15:24:14 [info] Erstellt: lagerplatz_02B19.png {"dauerMs":131}
2026-09-11 15:24:14 [info] Erstellt: lagerplatz_02B20.png {"dauerMs":129}
2026-09-11 15:24:14 [info] Erstellt: lagerplatz_02B21.png {"dauerMs":167}
2026-09-11 15:24:14 [info] Erstellt: lagerplatz_02B22.png {"dauerMs":136}
2026-09-11 15:24:14 [info] Erstellt: lagerplatz_02C01.png {"dauerMs":130}
2026-09-11 15:24:14 [info] Erstellt: lagerplatz_02C02.png {"dauerMs":121}
2026-09-11 15:24:14 [info] Erstellt: lagerplatz_02C03.png {"dauerMs":119}
2026-09-11 15:24:14 [info] Erstellt: lagerplatz_02C04.png {"dauerMs":117}
2026-09-11 15:24:15 [info] Erstellt: lagerplatz_02C05.png {"dauerMs":110}
2026-09-11 15:24:15 [info] Erstellt: lagerplatz_02C06.png {"dauerMs":102}
2026-09-11 15:24:15 [info] Erstellt: lagerplatz_02C07.png {"dauerMs":105}
2026-09-11 15:24:15 [info] Erstellt: lagerplatz_02C08.png {"dauerMs":101}
2026-09-11 15:24:15 [info] Erstellt: lagerplatz_02C09.png {"dauerMs":110}
2026-09-11 15:24:15 [info] Erstellt: lagerplatz_02C10.png {"dauerMs":98}
2026-09-11 15:24:15 [info] Erstellt: lagerplatz_02C11.png {"dauerMs":106}
2026-09-11 15:24:15 [info] Erstellt: lagerplatz_02C12.png {"dauerMs":106}
2026-09-11 15:24:15 [info] Erstellt: lagerplatz_02C13.png {"dauerMs":115}
2026-09-11 15:24:16 [info] Erstellt: lagerplatz_02C14.png {"dauerMs":98}
2026-09-11 15:24:16 [info] Erstellt: lagerplatz_02C15.png {"dauerMs":100}
2026-09-11 15:24:16 [info] Erstellt: lagerplatz_02C16.png {"dauerMs":106}
2026-09-11 15:24:16 [info] Erstellt: lagerplatz_02C17.png {"dauerMs":111}
2026-09-11 15:24:16 [info] Erstellt: lagerplatz_02C18.png {"dauerMs":143}
2026-09-11 15:24:16 [info] Erstellt: lagerplatz_02C19.png {"dauerMs":170}
2026-09-11 15:24:16 [info] Erstellt: lagerplatz_02C20.png {"dauerMs":126}
2026-09-11 15:24:16 [info] Erstellt: lagerplatz_02C21.png {"dauerMs":167}
2026-09-11 15:24:17 [info] Erstellt: lagerplatz_02C22.png {"dauerMs":141}
2026-09-11 15:24:17 [info] Erstellt: lagerplatz_02C23.png {"dauerMs":147}
2026-09-11 15:24:17 [info] Erstellt: lagerplatz_02C24.png {"dauerMs":168}
2026-09-11 15:24:17 [info] Erstellt: lagerplatz_02C25.png {"dauerMs":146}
2026-09-11 15:24:17 [info] Erstellt: lagerplatz_02C26.png {"dauerMs":154}
2026-09-11 15:24:17 [info] Erstellt: lagerplatz_02C27.png {"dauerMs":138}
2026-09-11 15:24:17 [info] Erstellt: lagerplatz_02C28.png {"dauerMs":116}
2026-09-11 15:24:18 [info] Erstellt: lagerplatz_02C29.png {"dauerMs":105}
2026-09-11 15:24:18 [info] Erstellt: lagerplatz_02C30.png {"dauerMs":109}
2026-09-11 15:24:18 [info] Erstellt: lagerplatz_02C31.png {"dauerMs":108}
2026-09-11 15:24:18 [info] Erstellt: lagerplatz_02C32.png {"dauerMs":104}
2026-09-11 15:24:18 [info] Erstellt: lagerplatz_02C33.png {"dauerMs":106}
2026-09-11 15:24:18 [info] Fertig. 77 erstellt, 0 uebersprungen. {"gesamtDauerMs":9335}

Fertig. Protokoll gespeichert unter: C:\Lager\lager-barcode-generator\logs\lauf_20260911_152332.log

Was moechtest du als Naechstes tun?
  (1) Skalieren     - Schilder auf eine Zielhoehe (mm) skalieren
  (2) Pruefen       - Barcode scannen und Inhalt verifizieren
  (3) Konvertieren  - Bilder normalisieren (Transparenz entfernen, sRGB, 8-Bit-PNG)
  (0) Fertig / Verlassen


2026-09-11 15:24:32 [info] Log-Datei: C:\Lager\lager-barcode-generator\log\skalieren_20260911_152432_638.log
2026-09-11 15:24:32 [info] Zielh├Âhe: 30 mm @ 300 DPI = 354 px
2026-09-11 15:24:32 [info] 77 Datei(en) werden verarbeitet.
2026-09-11 15:24:32 [info] Skaliert: lagerplatz_02A01.png  2362x856 -> 977x354 px (41.4% der Originalgr├Â├ƒe)
2026-09-11 15:24:32 [warn] "lagerplatz_02A01.png" wird auf unter 50% der Originalgr├Â├ƒe verkleinert. Die Barcode-Balken werden entsprechend d├╝nner ÔÇö vor dem vollst├ñndigen Lauf unbedingt mit einem echten Scanner testen (siehe README, Abschnitt "Produktionspr├╝fung").
2026-09-11 15:24:32 [info] Skaliert: lagerplatz_02A02.png  2362x856 -> 977x354 px (41.4% der Originalgr├Â├ƒe)
2026-09-11 15:24:32 [warn] "lagerplatz_02A02.png" wird auf unter 50% der Originalgr├Â├ƒe verkleinert. Die Barcode-Balken werden entsprechend d├╝nner ÔÇö vor dem vollst├ñndigen Lauf unbedingt mit einem echten Scanner testen (siehe README, Abschnitt "Produktionspr├╝fung").
2026-09-11 15:24:32 [info] Skaliert: lagerplatz_02A03.png  2362x856 -> 977x354 px (41.4% der Originalgr├Â├ƒe)
2026-09-11 15:24:32 [warn] "lagerplatz_02A03.png" wird auf unter 50% der Originalgr├Â├ƒe verkleinert. Die Barcode-Balken werden entsprechend d├╝nner ÔÇö vor dem vollst├ñndigen Lauf unbedingt mit einem echten Scanner testen (siehe README, Abschnitt "Produktionspr├╝fung").
2026-09-11 15:24:32 [info] Skaliert: lagerplatz_02A04.png  2362x856 -> 977x354 px (41.4% der Originalgr├Â├ƒe)
2026-09-11 15:24:32 [warn] "lagerplatz_02A04.png" wird auf unter 50% der Originalgr├Â├ƒe verkleinert. Die Barcode-Balken werden entsprechend d├╝nner ÔÇö vor dem vollst├ñndigen Lauf unbedingt mit einem echten Scanner testen (siehe README, Abschnitt "Produktionspr├╝fung").
2026-09-11 15:24:32 [info] Skaliert: lagerplatz_02A05.png  2362x856 -> 977x354 px (41.4% der Originalgr├Â├ƒe)
2026-09-11 15:24:32 [warn] "lagerplatz_02A05.png" wird auf unter 50% der Originalgr├Â├ƒe verkleinert. Die Barcode-Balken werden entsprechend d├╝nner ÔÇö vor dem vollst├ñndigen Lauf unbedingt mit einem echten Scanner testen (siehe README, Abschnitt "Produktionspr├╝fung").
2026-09-11 15:24:33 [info] Skaliert: lagerplatz_02A06.png  2362x856 -> 977x354 px (41.4% der Originalgr├Â├ƒe)
2026-09-11 15:24:33 [warn] "lagerplatz_02A06.png" wird auf unter 50% der Originalgr├Â├ƒe verkleinert. Die Barcode-Balken werden entsprechend d├╝nner ÔÇö vor dem vollst├ñndigen Lauf unbedingt mit einem echten Scanner testen (siehe README, Abschnitt "Produktionspr├╝fung").
2026-09-11 15:24:33 [info] Skaliert: lagerplatz_02A07.png  2362x856 -> 977x354 px (41.4% der Originalgr├Â├ƒe)
2026-09-11 15:24:33 [warn] "lagerplatz_02A07.png" wird auf unter 50% der Originalgr├Â├ƒe verkleinert. Die Barcode-Balken werden entsprechend d├╝nner ÔÇö vor dem vollst├ñndigen Lauf unbedingt mit einem echten Scanner testen (siehe README, Abschnitt "Produktionspr├╝fung").
2026-09-11 15:24:33 [info] Skaliert: lagerplatz_02A08.png  2362x856 -> 977x354 px (41.4% der Originalgr├Â├ƒe)
2026-09-11 15:24:33 [warn] "lagerplatz_02A08.png" wird auf unter 50% der Originalgr├Â├ƒe verkleinert. Die Barcode-Balken werden entsprechend d├╝nner ÔÇö vor dem vollst├ñndigen Lauf unbedingt mit einem echten Scanner testen (siehe README, Abschnitt "Produktionspr├╝fung").
2026-09-11 15:24:33 [info] Skaliert: lagerplatz_02A09.png  2362x856 -> 977x354 px (41.4% der Originalgr├Â├ƒe)
2026-09-11 15:24:33 [warn] "lagerplatz_02A09.png" wird auf unter 50% der Originalgr├Â├ƒe verkleinert. Die Barcode-Balken werden entsprechend d├╝nner ÔÇö vor dem vollst├ñndigen Lauf unbedingt mit einem echten Scanner testen (siehe README, Abschnitt "Produktionspr├╝fung").
2026-09-11 15:24:33 [info] Skaliert: lagerplatz_02A10.png  2362x856 -> 977x354 px (41.4% der Originalgr├Â├ƒe)
2026-09-11 15:24:33 [warn] "lagerplatz_02A10.png" wird auf unter 50% der Originalgr├Â├ƒe verkleinert. Die Barcode-Balken werden entsprechend d├╝nner ÔÇö vor dem vollst├ñndigen Lauf unbedingt mit einem echten Scanner testen (siehe README, Abschnitt "Produktionspr├╝fung").
2026-09-11 15:24:33 [info] Skaliert: lagerplatz_02A11.png  2362x856 -> 977x354 px (41.4% der Originalgr├Â├ƒe)
2026-09-11 15:24:33 [warn] "lagerplatz_02A11.png" wird auf unter 50% der Originalgr├Â├ƒe verkleinert. Die Barcode-Balken werden entsprechend d├╝nner ÔÇö vor dem vollst├ñndigen Lauf unbedingt mit einem echten Scanner testen (siehe README, Abschnitt "Produktionspr├╝fung").
2026-09-11 15:24:33 [info] Skaliert: lagerplatz_02A12.png  2362x856 -> 977x354 px (41.4% der Originalgr├Â├ƒe)
2026-09-11 15:24:33 [warn] "lagerplatz_02A12.png" wird auf unter 50% der Originalgr├Â├ƒe verkleinert. Die Barcode-Balken werden entsprechend d├╝nner ÔÇö vor dem vollst├ñndigen Lauf unbedingt mit einem echten Scanner testen (siehe README, Abschnitt "Produktionspr├╝fung").
2026-09-11 15:24:33 [info] Skaliert: lagerplatz_02A13.png  2362x856 -> 977x354 px (41.4% der Originalgr├Â├ƒe)
2026-09-11 15:24:33 [warn] "lagerplatz_02A13.png" wird auf unter 50% der Originalgr├Â├ƒe verkleinert. Die Barcode-Balken werden entsprechend d├╝nner ÔÇö vor dem vollst├ñndigen Lauf unbedingt mit einem echten Scanner testen (siehe README, Abschnitt "Produktionspr├╝fung").
2026-09-11 15:24:33 [info] Skaliert: lagerplatz_02A14.png  2362x856 -> 977x354 px (41.4% der Originalgr├Â├ƒe)
2026-09-11 15:24:33 [warn] "lagerplatz_02A14.png" wird auf unter 50% der Originalgr├Â├ƒe verkleinert. Die Barcode-Balken werden entsprechend d├╝nner ÔÇö vor dem vollst├ñndigen Lauf unbedingt mit einem echten Scanner testen (siehe README, Abschnitt "Produktionspr├╝fung").
2026-09-11 15:24:33 [info] Skaliert: lagerplatz_02A15.png  2362x856 -> 977x354 px (41.4% der Originalgr├Â├ƒe)
2026-09-11 15:24:33 [warn] "lagerplatz_02A15.png" wird auf unter 50% der Originalgr├Â├ƒe verkleinert. Die Barcode-Balken werden entsprechend d├╝nner ÔÇö vor dem vollst├ñndigen Lauf unbedingt mit einem echten Scanner testen (siehe README, Abschnitt "Produktionspr├╝fung").
2026-09-11 15:24:33 [info] Skaliert: lagerplatz_02A16.png  2362x856 -> 977x354 px (41.4% der Originalgr├Â├ƒe)
2026-09-11 15:24:33 [warn] "lagerplatz_02A16.png" wird auf unter 50% der Originalgr├Â├ƒe verkleinert. Die Barcode-Balken werden entsprechend d├╝nner ÔÇö vor dem vollst├ñndigen Lauf unbedingt mit einem echten Scanner testen (siehe README, Abschnitt "Produktionspr├╝fung").
2026-09-11 15:24:33 [info] Skaliert: lagerplatz_02A17.png  2362x856 -> 977x354 px (41.4% der Originalgr├Â├ƒe)
2026-09-11 15:24:33 [warn] "lagerplatz_02A17.png" wird auf unter 50% der Originalgr├Â├ƒe verkleinert. Die Barcode-Balken werden entsprechend d├╝nner ÔÇö vor dem vollst├ñndigen Lauf unbedingt mit einem echten Scanner testen (siehe README, Abschnitt "Produktionspr├╝fung").
2026-09-11 15:24:33 [info] Skaliert: lagerplatz_02A18.png  2362x856 -> 977x354 px (41.4% der Originalgr├Â├ƒe)
2026-09-11 15:24:33 [warn] "lagerplatz_02A18.png" wird auf unter 50% der Originalgr├Â├ƒe verkleinert. Die Barcode-Balken werden entsprechend d├╝nner ÔÇö vor dem vollst├ñndigen Lauf unbedingt mit einem echten Scanner testen (siehe README, Abschnitt "Produktionspr├╝fung").
2026-09-11 15:24:33 [info] Skaliert: lagerplatz_02A19.png  2362x856 -> 977x354 px (41.4% der Originalgr├Â├ƒe)
2026-09-11 15:24:33 [warn] "lagerplatz_02A19.png" wird auf unter 50% der Originalgr├Â├ƒe verkleinert. Die Barcode-Balken werden entsprechend d├╝nner ÔÇö vor dem vollst├ñndigen Lauf unbedingt mit einem echten Scanner testen (siehe README, Abschnitt "Produktionspr├╝fung").
2026-09-11 15:24:33 [info] Skaliert: lagerplatz_02A20.png  2362x856 -> 977x354 px (41.4% der Originalgr├Â├ƒe)
2026-09-11 15:24:33 [warn] "lagerplatz_02A20.png" wird auf unter 50% der Originalgr├Â├ƒe verkleinert. Die Barcode-Balken werden entsprechend d├╝nner ÔÇö vor dem vollst├ñndigen Lauf unbedingt mit einem echten Scanner testen (siehe README, Abschnitt "Produktionspr├╝fung").
2026-09-11 15:24:34 [info] Skaliert: lagerplatz_02A21.png  2362x856 -> 977x354 px (41.4% der Originalgr├Â├ƒe)
2026-09-11 15:24:34 [warn] "lagerplatz_02A21.png" wird auf unter 50% der Originalgr├Â├ƒe verkleinert. Die Barcode-Balken werden entsprechend d├╝nner ÔÇö vor dem vollst├ñndigen Lauf unbedingt mit einem echten Scanner testen (siehe README, Abschnitt "Produktionspr├╝fung").
2026-09-11 15:24:34 [info] Skaliert: lagerplatz_02A22.png  2362x856 -> 977x354 px (41.4% der Originalgr├Â├ƒe)
2026-09-11 15:24:34 [warn] "lagerplatz_02A22.png" wird auf unter 50% der Originalgr├Â├ƒe verkleinert. Die Barcode-Balken werden entsprechend d├╝nner ÔÇö vor dem vollst├ñndigen Lauf unbedingt mit einem echten Scanner testen (siehe README, Abschnitt "Produktionspr├╝fung").
2026-09-11 15:24:34 [info] Skaliert: lagerplatz_02B01.png  2362x856 -> 977x354 px (41.4% der Originalgr├Â├ƒe)
2026-09-11 15:24:34 [warn] "lagerplatz_02B01.png" wird auf unter 50% der Originalgr├Â├ƒe verkleinert. Die Barcode-Balken werden entsprechend d├╝nner ÔÇö vor dem vollst├ñndigen Lauf unbedingt mit einem echten Scanner testen (siehe README, Abschnitt "Produktionspr├╝fung").
2026-09-11 15:24:34 [info] Skaliert: lagerplatz_02B02.png  2362x856 -> 977x354 px (41.4% der Originalgr├Â├ƒe)
2026-09-11 15:24:34 [warn] "lagerplatz_02B02.png" wird auf unter 50% der Originalgr├Â├ƒe verkleinert. Die Barcode-Balken werden entsprechend d├╝nner ÔÇö vor dem vollst├ñndigen Lauf unbedingt mit einem echten Scanner testen (siehe README, Abschnitt "Produktionspr├╝fung").
2026-09-11 15:24:34 [info] Skaliert: lagerplatz_02B03.png  2362x856 -> 977x354 px (41.4% der Originalgr├Â├ƒe)
2026-09-11 15:24:34 [warn] "lagerplatz_02B03.png" wird auf unter 50% der Originalgr├Â├ƒe verkleinert. Die Barcode-Balken werden entsprechend d├╝nner ÔÇö vor dem vollst├ñndigen Lauf unbedingt mit einem echten Scanner testen (siehe README, Abschnitt "Produktionspr├╝fung").
2026-09-11 15:24:34 [info] Skaliert: lagerplatz_02B04.png  2362x856 -> 977x354 px (41.4% der Originalgr├Â├ƒe)
2026-09-11 15:24:34 [warn] "lagerplatz_02B04.png" wird auf unter 50% der Originalgr├Â├ƒe verkleinert. Die Barcode-Balken werden entsprechend d├╝nner ÔÇö vor dem vollst├ñndigen Lauf unbedingt mit einem echten Scanner testen (siehe README, Abschnitt "Produktionspr├╝fung").
2026-09-11 15:24:34 [info] Skaliert: lagerplatz_02B05.png  2362x856 -> 977x354 px (41.4% der Originalgr├Â├ƒe)
2026-09-11 15:24:34 [warn] "lagerplatz_02B05.png" wird auf unter 50% der Originalgr├Â├ƒe verkleinert. Die Barcode-Balken werden entsprechend d├╝nner ÔÇö vor dem vollst├ñndigen Lauf unbedingt mit einem echten Scanner testen (siehe README, Abschnitt "Produktionspr├╝fung").
2026-09-11 15:24:34 [info] Skaliert: lagerplatz_02B06.png  2362x856 -> 977x354 px (41.4% der Originalgr├Â├ƒe)
2026-09-11 15:24:34 [warn] "lagerplatz_02B06.png" wird auf unter 50% der Originalgr├Â├ƒe verkleinert. Die Barcode-Balken werden entsprechend d├╝nner ÔÇö vor dem vollst├ñndigen Lauf unbedingt mit einem echten Scanner testen (siehe README, Abschnitt "Produktionspr├╝fung").
2026-09-11 15:24:34 [info] Skaliert: lagerplatz_02B07.png  2362x856 -> 977x354 px (41.4% der Originalgr├Â├ƒe)
2026-09-11 15:24:34 [warn] "lagerplatz_02B07.png" wird auf unter 50% der Originalgr├Â├ƒe verkleinert. Die Barcode-Balken werden entsprechend d├╝nner ÔÇö vor dem vollst├ñndigen Lauf unbedingt mit einem echten Scanner testen (siehe README, Abschnitt "Produktionspr├╝fung").
2026-09-11 15:24:34 [info] Skaliert: lagerplatz_02B08.png  2362x856 -> 977x354 px (41.4% der Originalgr├Â├ƒe)
2026-09-11 15:24:34 [warn] "lagerplatz_02B08.png" wird auf unter 50% der Originalgr├Â├ƒe verkleinert. Die Barcode-Balken werden entsprechend d├╝nner ÔÇö vor dem vollst├ñndigen Lauf unbedingt mit einem echten Scanner testen (siehe README, Abschnitt "Produktionspr├╝fung").
2026-09-11 15:24:34 [info] Skaliert: lagerplatz_02B09.png  2362x856 -> 977x354 px (41.4% der Originalgr├Â├ƒe)
2026-09-11 15:24:34 [warn] "lagerplatz_02B09.png" wird auf unter 50% der Originalgr├Â├ƒe verkleinert. Die Barcode-Balken werden entsprechend d├╝nner ÔÇö vor dem vollst├ñndigen Lauf unbedingt mit einem echten Scanner testen (siehe README, Abschnitt "Produktionspr├╝fung").
2026-09-11 15:24:34 [info] Skaliert: lagerplatz_02B10.png  2362x856 -> 977x354 px (41.4% der Originalgr├Â├ƒe)
2026-09-11 15:24:34 [warn] "lagerplatz_02B10.png" wird auf unter 50% der Originalgr├Â├ƒe verkleinert. Die Barcode-Balken werden entsprechend d├╝nner ÔÇö vor dem vollst├ñndigen Lauf unbedingt mit einem echten Scanner testen (siehe README, Abschnitt "Produktionspr├╝fung").
2026-09-11 15:24:34 [info] Skaliert: lagerplatz_02B11.png  2362x856 -> 977x354 px (41.4% der Originalgr├Â├ƒe)
2026-09-11 15:24:34 [warn] "lagerplatz_02B11.png" wird auf unter 50% der Originalgr├Â├ƒe verkleinert. Die Barcode-Balken werden entsprechend d├╝nner ÔÇö vor dem vollst├ñndigen Lauf unbedingt mit einem echten Scanner testen (siehe README, Abschnitt "Produktionspr├╝fung").
2026-09-11 15:24:34 [info] Skaliert: lagerplatz_02B12.png  2362x856 -> 977x354 px (41.4% der Originalgr├Â├ƒe)
2026-09-11 15:24:34 [warn] "lagerplatz_02B12.png" wird auf unter 50% der Originalgr├Â├ƒe verkleinert. Die Barcode-Balken werden entsprechend d├╝nner ÔÇö vor dem vollst├ñndigen Lauf unbedingt mit einem echten Scanner testen (siehe README, Abschnitt "Produktionspr├╝fung").
2026-09-11 15:24:34 [info] Skaliert: lagerplatz_02B13.png  2362x856 -> 977x354 px (41.4% der Originalgr├Â├ƒe)
2026-09-11 15:24:34 [warn] "lagerplatz_02B13.png" wird auf unter 50% der Originalgr├Â├ƒe verkleinert. Die Barcode-Balken werden entsprechend d├╝nner ÔÇö vor dem vollst├ñndigen Lauf unbedingt mit einem echten Scanner testen (siehe README, Abschnitt "Produktionspr├╝fung").
2026-09-11 15:24:34 [info] Skaliert: lagerplatz_02B14.png  2362x856 -> 977x354 px (41.4% der Originalgr├Â├ƒe)
2026-09-11 15:24:34 [warn] "lagerplatz_02B14.png" wird auf unter 50% der Originalgr├Â├ƒe verkleinert. Die Barcode-Balken werden entsprechend d├╝nner ÔÇö vor dem vollst├ñndigen Lauf unbedingt mit einem echten Scanner testen (siehe README, Abschnitt "Produktionspr├╝fung").
2026-09-11 15:24:34 [info] Skaliert: lagerplatz_02B15.png  2362x856 -> 977x354 px (41.4% der Originalgr├Â├ƒe)
2026-09-11 15:24:34 [warn] "lagerplatz_02B15.png" wird auf unter 50% der Originalgr├Â├ƒe verkleinert. Die Barcode-Balken werden entsprechend d├╝nner ÔÇö vor dem vollst├ñndigen Lauf unbedingt mit einem echten Scanner testen (siehe README, Abschnitt "Produktionspr├╝fung").
2026-09-11 15:24:34 [info] Skaliert: lagerplatz_02B16.png  2362x856 -> 977x354 px (41.4% der Originalgr├Â├ƒe)
2026-09-11 15:24:34 [warn] "lagerplatz_02B16.png" wird auf unter 50% der Originalgr├Â├ƒe verkleinert. Die Barcode-Balken werden entsprechend d├╝nner ÔÇö vor dem vollst├ñndigen Lauf unbedingt mit einem echten Scanner testen (siehe README, Abschnitt "Produktionspr├╝fung").
2026-09-11 15:24:35 [info] Skaliert: lagerplatz_02B17.png  2362x856 -> 977x354 px (41.4% der Originalgr├Â├ƒe)
2026-09-11 15:24:35 [warn] "lagerplatz_02B17.png" wird auf unter 50% der Originalgr├Â├ƒe verkleinert. Die Barcode-Balken werden entsprechend d├╝nner ÔÇö vor dem vollst├ñndigen Lauf unbedingt mit einem echten Scanner testen (siehe README, Abschnitt "Produktionspr├╝fung").
2026-09-11 15:24:35 [info] Skaliert: lagerplatz_02B18.png  2362x856 -> 977x354 px (41.4% der Originalgr├Â├ƒe)
2026-09-11 15:24:35 [warn] "lagerplatz_02B18.png" wird auf unter 50% der Originalgr├Â├ƒe verkleinert. Die Barcode-Balken werden entsprechend d├╝nner ÔÇö vor dem vollst├ñndigen Lauf unbedingt mit einem echten Scanner testen (siehe README, Abschnitt "Produktionspr├╝fung").
2026-09-11 15:24:35 [info] Skaliert: lagerplatz_02B19.png  2362x856 -> 977x354 px (41.4% der Originalgr├Â├ƒe)
2026-09-11 15:24:35 [warn] "lagerplatz_02B19.png" wird auf unter 50% der Originalgr├Â├ƒe verkleinert. Die Barcode-Balken werden entsprechend d├╝nner ÔÇö vor dem vollst├ñndigen Lauf unbedingt mit einem echten Scanner testen (siehe README, Abschnitt "Produktionspr├╝fung").
2026-09-11 15:24:35 [info] Skaliert: lagerplatz_02B20.png  2362x856 -> 977x354 px (41.4% der Originalgr├Â├ƒe)
2026-09-11 15:24:35 [warn] "lagerplatz_02B20.png" wird auf unter 50% der Originalgr├Â├ƒe verkleinert. Die Barcode-Balken werden entsprechend d├╝nner ÔÇö vor dem vollst├ñndigen Lauf unbedingt mit einem echten Scanner testen (siehe README, Abschnitt "Produktionspr├╝fung").
2026-09-11 15:24:35 [info] Skaliert: lagerplatz_02B21.png  2362x856 -> 977x354 px (41.4% der Originalgr├Â├ƒe)
2026-09-11 15:24:35 [warn] "lagerplatz_02B21.png" wird auf unter 50% der Originalgr├Â├ƒe verkleinert. Die Barcode-Balken werden entsprechend d├╝nner ÔÇö vor dem vollst├ñndigen Lauf unbedingt mit einem echten Scanner testen (siehe README, Abschnitt "Produktionspr├╝fung").
2026-09-11 15:24:35 [info] Skaliert: lagerplatz_02B22.png  2362x856 -> 977x354 px (41.4% der Originalgr├Â├ƒe)
2026-09-11 15:24:35 [warn] "lagerplatz_02B22.png" wird auf unter 50% der Originalgr├Â├ƒe verkleinert. Die Barcode-Balken werden entsprechend d├╝nner ÔÇö vor dem vollst├ñndigen Lauf unbedingt mit einem echten Scanner testen (siehe README, Abschnitt "Produktionspr├╝fung").
2026-09-11 15:24:35 [info] Skaliert: lagerplatz_02C01.png  2362x856 -> 977x354 px (41.4% der Originalgr├Â├ƒe)
2026-09-11 15:24:35 [warn] "lagerplatz_02C01.png" wird auf unter 50% der Originalgr├Â├ƒe verkleinert. Die Barcode-Balken werden entsprechend d├╝nner ÔÇö vor dem vollst├ñndigen Lauf unbedingt mit einem echten Scanner testen (siehe README, Abschnitt "Produktionspr├╝fung").
2026-09-11 15:24:35 [info] Skaliert: lagerplatz_02C02.png  2362x856 -> 977x354 px (41.4% der Originalgr├Â├ƒe)
2026-09-11 15:24:35 [warn] "lagerplatz_02C02.png" wird auf unter 50% der Originalgr├Â├ƒe verkleinert. Die Barcode-Balken werden entsprechend d├╝nner ÔÇö vor dem vollst├ñndigen Lauf unbedingt mit einem echten Scanner testen (siehe README, Abschnitt "Produktionspr├╝fung").
2026-09-11 15:24:35 [info] Skaliert: lagerplatz_02C03.png  2362x856 -> 977x354 px (41.4% der Originalgr├Â├ƒe)
2026-09-11 15:24:35 [warn] "lagerplatz_02C03.png" wird auf unter 50% der Originalgr├Â├ƒe verkleinert. Die Barcode-Balken werden entsprechend d├╝nner ÔÇö vor dem vollst├ñndigen Lauf unbedingt mit einem echten Scanner testen (siehe README, Abschnitt "Produktionspr├╝fung").
2026-09-11 15:24:35 [info] Skaliert: lagerplatz_02C04.png  2362x856 -> 977x354 px (41.4% der Originalgr├Â├ƒe)
2026-09-11 15:24:35 [warn] "lagerplatz_02C04.png" wird auf unter 50% der Originalgr├Â├ƒe verkleinert. Die Barcode-Balken werden entsprechend d├╝nner ÔÇö vor dem vollst├ñndigen Lauf unbedingt mit einem echten Scanner testen (siehe README, Abschnitt "Produktionspr├╝fung").
2026-09-11 15:24:35 [info] Skaliert: lagerplatz_02C05.png  2362x856 -> 977x354 px (41.4% der Originalgr├Â├ƒe)
2026-09-11 15:24:35 [warn] "lagerplatz_02C05.png" wird auf unter 50% der Originalgr├Â├ƒe verkleinert. Die Barcode-Balken werden entsprechend d├╝nner ÔÇö vor dem vollst├ñndigen Lauf unbedingt mit einem echten Scanner testen (siehe README, Abschnitt "Produktionspr├╝fung").
2026-09-11 15:24:35 [info] Skaliert: lagerplatz_02C06.png  2362x856 -> 977x354 px (41.4% der Originalgr├Â├ƒe)
2026-09-11 15:24:35 [warn] "lagerplatz_02C06.png" wird auf unter 50% der Originalgr├Â├ƒe verkleinert. Die Barcode-Balken werden entsprechend d├╝nner ÔÇö vor dem vollst├ñndigen Lauf unbedingt mit einem echten Scanner testen (siehe README, Abschnitt "Produktionspr├╝fung").
2026-09-11 15:24:35 [info] Skaliert: lagerplatz_02C07.png  2362x856 -> 977x354 px (41.4% der Originalgr├Â├ƒe)
2026-09-11 15:24:35 [warn] "lagerplatz_02C07.png" wird auf unter 50% der Originalgr├Â├ƒe verkleinert. Die Barcode-Balken werden entsprechend d├╝nner ÔÇö vor dem vollst├ñndigen Lauf unbedingt mit einem echten Scanner testen (siehe README, Abschnitt "Produktionspr├╝fung").
2026-09-11 15:24:35 [info] Skaliert: lagerplatz_02C08.png  2362x856 -> 977x354 px (41.4% der Originalgr├Â├ƒe)
2026-09-11 15:24:35 [warn] "lagerplatz_02C08.png" wird auf unter 50% der Originalgr├Â├ƒe verkleinert. Die Barcode-Balken werden entsprechend d├╝nner ÔÇö vor dem vollst├ñndigen Lauf unbedingt mit einem echten Scanner testen (siehe README, Abschnitt "Produktionspr├╝fung").
2026-09-11 15:24:35 [info] Skaliert: lagerplatz_02C09.png  2362x856 -> 977x354 px (41.4% der Originalgr├Â├ƒe)
2026-09-11 15:24:35 [warn] "lagerplatz_02C09.png" wird auf unter 50% der Originalgr├Â├ƒe verkleinert. Die Barcode-Balken werden entsprechend d├╝nner ÔÇö vor dem vollst├ñndigen Lauf unbedingt mit einem echten Scanner testen (siehe README, Abschnitt "Produktionspr├╝fung").
2026-09-11 15:24:35 [info] Skaliert: lagerplatz_02C10.png  2362x856 -> 977x354 px (41.4% der Originalgr├Â├ƒe)
2026-09-11 15:24:35 [warn] "lagerplatz_02C10.png" wird auf unter 50% der Originalgr├Â├ƒe verkleinert. Die Barcode-Balken werden entsprechend d├╝nner ÔÇö vor dem vollst├ñndigen Lauf unbedingt mit einem echten Scanner testen (siehe README, Abschnitt "Produktionspr├╝fung").
2026-09-11 15:24:35 [info] Skaliert: lagerplatz_02C11.png  2362x856 -> 977x354 px (41.4% der Originalgr├Â├ƒe)
2026-09-11 15:24:35 [warn] "lagerplatz_02C11.png" wird auf unter 50% der Originalgr├Â├ƒe verkleinert. Die Barcode-Balken werden entsprechend d├╝nner ÔÇö vor dem vollst├ñndigen Lauf unbedingt mit einem echten Scanner testen (siehe README, Abschnitt "Produktionspr├╝fung").
2026-09-11 15:24:35 [info] Skaliert: lagerplatz_02C12.png  2362x856 -> 977x354 px (41.4% der Originalgr├Â├ƒe)
2026-09-11 15:24:35 [warn] "lagerplatz_02C12.png" wird auf unter 50% der Originalgr├Â├ƒe verkleinert. Die Barcode-Balken werden entsprechend d├╝nner ÔÇö vor dem vollst├ñndigen Lauf unbedingt mit einem echten Scanner testen (siehe README, Abschnitt "Produktionspr├╝fung").
2026-09-11 15:24:35 [info] Skaliert: lagerplatz_02C13.png  2362x856 -> 977x354 px (41.4% der Originalgr├Â├ƒe)
2026-09-11 15:24:35 [warn] "lagerplatz_02C13.png" wird auf unter 50% der Originalgr├Â├ƒe verkleinert. Die Barcode-Balken werden entsprechend d├╝nner ÔÇö vor dem vollst├ñndigen Lauf unbedingt mit einem echten Scanner testen (siehe README, Abschnitt "Produktionspr├╝fung").
2026-09-11 15:24:36 [info] Skaliert: lagerplatz_02C14.png  2362x856 -> 977x354 px (41.4% der Originalgr├Â├ƒe)
2026-09-11 15:24:36 [warn] "lagerplatz_02C14.png" wird auf unter 50% der Originalgr├Â├ƒe verkleinert. Die Barcode-Balken werden entsprechend d├╝nner ÔÇö vor dem vollst├ñndigen Lauf unbedingt mit einem echten Scanner testen (siehe README, Abschnitt "Produktionspr├╝fung").
2026-09-11 15:24:36 [info] Skaliert: lagerplatz_02C15.png  2362x856 -> 977x354 px (41.4% der Originalgr├Â├ƒe)
2026-09-11 15:24:36 [warn] "lagerplatz_02C15.png" wird auf unter 50% der Originalgr├Â├ƒe verkleinert. Die Barcode-Balken werden entsprechend d├╝nner ÔÇö vor dem vollst├ñndigen Lauf unbedingt mit einem echten Scanner testen (siehe README, Abschnitt "Produktionspr├╝fung").
2026-09-11 15:24:36 [info] Skaliert: lagerplatz_02C16.png  2362x856 -> 977x354 px (41.4% der Originalgr├Â├ƒe)
2026-09-11 15:24:36 [warn] "lagerplatz_02C16.png" wird auf unter 50% der Originalgr├Â├ƒe verkleinert. Die Barcode-Balken werden entsprechend d├╝nner ÔÇö vor dem vollst├ñndigen Lauf unbedingt mit einem echten Scanner testen (siehe README, Abschnitt "Produktionspr├╝fung").
2026-09-11 15:24:36 [info] Skaliert: lagerplatz_02C17.png  2362x856 -> 977x354 px (41.4% der Originalgr├Â├ƒe)
2026-09-11 15:24:36 [warn] "lagerplatz_02C17.png" wird auf unter 50% der Originalgr├Â├ƒe verkleinert. Die Barcode-Balken werden entsprechend d├╝nner ÔÇö vor dem vollst├ñndigen Lauf unbedingt mit einem echten Scanner testen (siehe README, Abschnitt "Produktionspr├╝fung").
2026-09-11 15:24:36 [info] Skaliert: lagerplatz_02C18.png  2362x856 -> 977x354 px (41.4% der Originalgr├Â├ƒe)
2026-09-11 15:24:36 [warn] "lagerplatz_02C18.png" wird auf unter 50% der Originalgr├Â├ƒe verkleinert. Die Barcode-Balken werden entsprechend d├╝nner ÔÇö vor dem vollst├ñndigen Lauf unbedingt mit einem echten Scanner testen (siehe README, Abschnitt "Produktionspr├╝fung").
2026-09-11 15:24:36 [info] Skaliert: lagerplatz_02C19.png  2362x856 -> 977x354 px (41.4% der Originalgr├Â├ƒe)
2026-09-11 15:24:36 [warn] "lagerplatz_02C19.png" wird auf unter 50% der Originalgr├Â├ƒe verkleinert. Die Barcode-Balken werden entsprechend d├╝nner ÔÇö vor dem vollst├ñndigen Lauf unbedingt mit einem echten Scanner testen (siehe README, Abschnitt "Produktionspr├╝fung").
2026-09-11 15:24:36 [info] Skaliert: lagerplatz_02C20.png  2362x856 -> 977x354 px (41.4% der Originalgr├Â├ƒe)
2026-09-11 15:24:36 [warn] "lagerplatz_02C20.png" wird auf unter 50% der Originalgr├Â├ƒe verkleinert. Die Barcode-Balken werden entsprechend d├╝nner ÔÇö vor dem vollst├ñndigen Lauf unbedingt mit einem echten Scanner testen (siehe README, Abschnitt "Produktionspr├╝fung").
2026-09-11 15:24:36 [info] Skaliert: lagerplatz_02C21.png  2362x856 -> 977x354 px (41.4% der Originalgr├Â├ƒe)
2026-09-11 15:24:36 [warn] "lagerplatz_02C21.png" wird auf unter 50% der Originalgr├Â├ƒe verkleinert. Die Barcode-Balken werden entsprechend d├╝nner ÔÇö vor dem vollst├ñndigen Lauf unbedingt mit einem echten Scanner testen (siehe README, Abschnitt "Produktionspr├╝fung").
2026-09-11 15:24:36 [info] Skaliert: lagerplatz_02C22.png  2362x856 -> 977x354 px (41.4% der Originalgr├Â├ƒe)
2026-09-11 15:24:36 [warn] "lagerplatz_02C22.png" wird auf unter 50% der Originalgr├Â├ƒe verkleinert. Die Barcode-Balken werden entsprechend d├╝nner ÔÇö vor dem vollst├ñndigen Lauf unbedingt mit einem echten Scanner testen (siehe README, Abschnitt "Produktionspr├╝fung").
2026-09-11 15:24:36 [info] Skaliert: lagerplatz_02C23.png  2362x856 -> 977x354 px (41.4% der Originalgr├Â├ƒe)
2026-09-11 15:24:36 [warn] "lagerplatz_02C23.png" wird auf unter 50% der Originalgr├Â├ƒe verkleinert. Die Barcode-Balken werden entsprechend d├╝nner ÔÇö vor dem vollst├ñndigen Lauf unbedingt mit einem echten Scanner testen (siehe README, Abschnitt "Produktionspr├╝fung").
2026-09-11 15:24:36 [info] Skaliert: lagerplatz_02C24.png  2362x856 -> 977x354 px (41.4% der Originalgr├Â├ƒe)
2026-09-11 15:24:36 [warn] "lagerplatz_02C24.png" wird auf unter 50% der Originalgr├Â├ƒe verkleinert. Die Barcode-Balken werden entsprechend d├╝nner ÔÇö vor dem vollst├ñndigen Lauf unbedingt mit einem echten Scanner testen (siehe README, Abschnitt "Produktionspr├╝fung").
2026-09-11 15:24:36 [info] Skaliert: lagerplatz_02C25.png  2362x856 -> 977x354 px (41.4% der Originalgr├Â├ƒe)
2026-09-11 15:24:36 [warn] "lagerplatz_02C25.png" wird auf unter 50% der Originalgr├Â├ƒe verkleinert. Die Barcode-Balken werden entsprechend d├╝nner ÔÇö vor dem vollst├ñndigen Lauf unbedingt mit einem echten Scanner testen (siehe README, Abschnitt "Produktionspr├╝fung").
2026-09-11 15:24:36 [info] Skaliert: lagerplatz_02C26.png  2362x856 -> 977x354 px (41.4% der Originalgr├Â├ƒe)
2026-09-11 15:24:36 [warn] "lagerplatz_02C26.png" wird auf unter 50% der Originalgr├Â├ƒe verkleinert. Die Barcode-Balken werden entsprechend d├╝nner ÔÇö vor dem vollst├ñndigen Lauf unbedingt mit einem echten Scanner testen (siehe README, Abschnitt "Produktionspr├╝fung").
2026-09-11 15:24:36 [info] Skaliert: lagerplatz_02C27.png  2362x856 -> 977x354 px (41.4% der Originalgr├Â├ƒe)
2026-09-11 15:24:36 [warn] "lagerplatz_02C27.png" wird auf unter 50% der Originalgr├Â├ƒe verkleinert. Die Barcode-Balken werden entsprechend d├╝nner ÔÇö vor dem vollst├ñndigen Lauf unbedingt mit einem echten Scanner testen (siehe README, Abschnitt "Produktionspr├╝fung").
2026-09-11 15:24:36 [info] Skaliert: lagerplatz_02C28.png  2362x856 -> 977x354 px (41.4% der Originalgr├Â├ƒe)
2026-09-11 15:24:36 [warn] "lagerplatz_02C28.png" wird auf unter 50% der Originalgr├Â├ƒe verkleinert. Die Barcode-Balken werden entsprechend d├╝nner ÔÇö vor dem vollst├ñndigen Lauf unbedingt mit einem echten Scanner testen (siehe README, Abschnitt "Produktionspr├╝fung").
2026-09-11 15:24:36 [info] Skaliert: lagerplatz_02C29.png  2362x856 -> 977x354 px (41.4% der Originalgr├Â├ƒe)
2026-09-11 15:24:36 [warn] "lagerplatz_02C29.png" wird auf unter 50% der Originalgr├Â├ƒe verkleinert. Die Barcode-Balken werden entsprechend d├╝nner ÔÇö vor dem vollst├ñndigen Lauf unbedingt mit einem echten Scanner testen (siehe README, Abschnitt "Produktionspr├╝fung").
2026-09-11 15:24:36 [info] Skaliert: lagerplatz_02C30.png  2362x856 -> 977x354 px (41.4% der Originalgr├Â├ƒe)
2026-09-11 15:24:36 [warn] "lagerplatz_02C30.png" wird auf unter 50% der Originalgr├Â├ƒe verkleinert. Die Barcode-Balken werden entsprechend d├╝nner ÔÇö vor dem vollst├ñndigen Lauf unbedingt mit einem echten Scanner testen (siehe README, Abschnitt "Produktionspr├╝fung").
2026-09-11 15:24:36 [info] Skaliert: lagerplatz_02C31.png  2362x856 -> 977x354 px (41.4% der Originalgr├Â├ƒe)
2026-09-11 15:24:36 [warn] "lagerplatz_02C31.png" wird auf unter 50% der Originalgr├Â├ƒe verkleinert. Die Barcode-Balken werden entsprechend d├╝nner ÔÇö vor dem vollst├ñndigen Lauf unbedingt mit einem echten Scanner testen (siehe README, Abschnitt "Produktionspr├╝fung").
2026-09-11 15:24:36 [info] Skaliert: lagerplatz_02C32.png  2362x856 -> 977x354 px (41.4% der Originalgr├Â├ƒe)
2026-09-11 15:24:36 [warn] "lagerplatz_02C32.png" wird auf unter 50% der Originalgr├Â├ƒe verkleinert. Die Barcode-Balken werden entsprechend d├╝nner ÔÇö vor dem vollst├ñndigen Lauf unbedingt mit einem echten Scanner testen (siehe README, Abschnitt "Produktionspr├╝fung").
2026-09-11 15:24:36 [info] Skaliert: lagerplatz_02C33.png  2362x856 -> 977x354 px (41.4% der Originalgr├Â├ƒe)
2026-09-11 15:24:36 [warn] "lagerplatz_02C33.png" wird auf unter 50% der Originalgr├Â├ƒe verkleinert. Die Barcode-Balken werden entsprechend d├╝nner ÔÇö vor dem vollst├ñndigen Lauf unbedingt mit einem echten Scanner testen (siehe README, Abschnitt "Produktionspr├╝fung").
2026-09-11 15:24:36 [info] Fertig. 77 skaliert, 0 ├╝bersprungen, 77 mit Gr├Â├ƒenwarnung. {"gesamtDauerMs":4326}

Was moechtest du als Naechstes tun?
  (1) Skalieren     - Schilder auf eine Zielhoehe (mm) skalieren
  (2) Pruefen       - Barcode scannen und Inhalt verifizieren
  (3) Konvertieren  - Bilder normalisieren (Transparenz entfernen, sRGB, 8-Bit-PNG)
  (0) Fertig / Verlassen



**********************
PowerShell transcript end
End time: 20260911153118
**********************
